
Predictions were generated on 31-Aug-2026 at 20:15:31 using OpenFAST, compiled as a 64-bit application using single precision at commit v3.5.3-dirty
 linked with  NWTC Subroutine Library; ElastoDyn; InflowWind; AeroDyn; ServoDyn

Description from the FAST input file: FAST          Certification - Test #26: NREL 5.0 MW Baseline Wind Turbine (Onshore)

Time	YawPzn	YawVzn	RotSpeed	GenSpeed	Azimuth	BlPitch1	RootMyc1	RootMyc2	RootMyc3	RootMxc1	RootMxc2	RootMxc3	OoPDefl1	OoPDefl2	OoPDefl3	IPDefl1	IPDefl2	IPDefl3	TipDxc1	TipDyc1	BlPitchC1	BlPitchC2	BlPitchC3	GenPwr	GenTq
(s)	(deg)	(deg/s)	(rpm)	(rpm)	(deg)	(deg)	(kN-m)	(kN-m)	(kN-m)	(kN-m)	(kN-m)	(kN-m)	(m)	(m)	(m)	(m)	(m)	(m)	(m)	(m)	(deg)	(deg)	(deg)	(kW)	(kN-m)
    0.0000	 0.000E+00	 0.000E+00	 9.000E+00	 8.730E+02	 0.000E+00	 0.000E+00	 6.194E+01	 7.651E+01	 1.354E+02	 6.583E+00	 8.279E+02	-8.350E+02	 1.197E-16	 2.474E-16	-1.417E-16	 3.897E-32	-7.227E-16	 4.026E-16	 1.197E-16	 3.897E-32	 0.000E+00	 0.000E+00	 0.000E+00	 1.682E+03	 1.949E+01
    0.2500	-2.052E-03	-1.247E-02	 8.872E+00	 8.563E+02	 1.336E+01	 0.000E+00	 3.109E+03	 2.913E+03	 3.120E+03	 1.356E+03	 3.839E+03	-2.713E+03	 1.177E+00	 1.089E+00	 1.087E+00	-3.030E-01	-6.497E-01	 2.180E-01	 1.177E+00	-3.030E-01	 0.000E+00	 0.000E+00	 0.000E+00	 1.605E+03	 1.897E+01
    0.5000	-2.976E-03	 8.052E-03	 8.878E+00	 8.721E+02	 2.674E+01	 0.000E+00	 5.560E+03	 5.259E+03	 5.552E+03	 2.051E+03	 4.200E+03	-5.467E+03	 2.958E+00	 3.026E+00	 2.796E+00	-4.776E-01	-8.547E-01	 6.205E-01	 2.958E+00	-4.776E-01	 0.000E+00	 0.000E+00	 0.000E+00	 1.652E+03	 1.916E+01
    0.7500	 1.628E-03	 2.458E-02	 8.789E+00	 8.442E+02	 3.999E+01	 0.000E+00	 6.578E+03	 6.753E+03	 6.306E+03	 3.372E+03	 9.056E+02	-2.182E+03	 3.767E+00	 3.524E+00	 3.435E+00	-7.556E-01	-3.546E-01	-1.917E-02	 3.767E+00	-7.556E-01	 0.000E+00	 0.000E+00	 0.000E+00	 1.551E+03	 1.859E+01
    1.0000	 3.732E-03	-9.393E-03	 8.920E+00	 8.783E+02	 5.331E+01	 0.000E+00	 6.515E+03	 5.519E+03	 6.066E+03	 3.334E+03	-8.253E+02	-7.888E+02	 3.819E+00	 3.221E+00	 3.487E+00	-7.173E-01	-5.541E-02	-2.560E-01	 3.819E+00	-7.173E-01	 0.000E+00	 0.000E+00	 0.000E+00	 1.618E+03	 1.864E+01
    1.2500	-1.462E-03	-1.700E-02	 8.857E+00	 8.522E+02	 6.667E+01	 0.000E+00	 6.016E+03	 5.074E+03	 5.974E+03	 3.600E+03	 1.262E+03	-3.401E+03	 3.526E+00	 2.718E+00	 3.291E+00	-7.143E-01	-4.151E-01	 2.510E-01	 3.526E+00	-7.143E-01	 0.000E+00	 0.000E+00	 0.000E+00	 1.574E+03	 1.868E+01
    1.5000	-1.629E-03	 1.834E-02	 8.951E+00	 8.762E+02	 8.003E+01	 0.000E+00	 5.649E+03	 4.850E+03	 5.639E+03	 4.620E+03	 5.958E+02	-2.950E+03	 3.306E+00	 2.656E+00	 3.157E+00	-8.779E-01	-3.466E-01	 2.033E-01	 3.306E+00	-8.779E-01	 0.000E+00	 0.000E+00	 0.000E+00	 1.612E+03	 1.862E+01
    1.7500	 4.073E-03	 1.777E-02	 8.909E+00	 8.620E+02	 9.347E+01	 0.000E+00	 5.713E+03	 5.218E+03	 5.672E+03	 4.177E+03	-3.362E+03	 2.909E+02	 3.254E+00	 2.667E+00	 3.194E+00	-7.718E-01	 3.426E-01	-3.186E-01	 3.254E+00	-7.718E-01	 0.000E+00	 0.000E+00	 0.000E+00	 1.614E+03	 1.894E+01
    2.0000	 3.132E-03	-2.008E-02	 8.940E+00	 8.678E+02	 1.068E+02	 0.000E+00	 5.687E+03	 5.031E+03	 5.880E+03	 3.908E+03	-2.640E+03	 1.176E+03	 3.240E+00	 2.712E+00	 3.365E+00	-7.514E-01	 1.636E-01	-4.779E-01	 3.240E+00	-7.514E-01	 0.000E+00	 0.000E+00	 0.000E+00	 1.605E+03	 1.871E+01
    2.2500	-1.336E-03	-8.559E-03	 8.957E+00	 8.721E+02	 1.203E+02	 0.000E+00	 5.578E+03	 5.295E+03	 6.140E+03	 3.311E+03	-1.045E+03	-1.068E+03	 3.154E+00	 2.820E+00	 3.447E+00	-6.335E-01	-1.301E-01	-2.248E-02	 3.154E+00	-6.335E-01	 0.000E+00	 0.000E+00	 0.000E+00	 1.645E+03	 1.908E+01
    2.5000	-1.475E-03	 6.170E-03	 8.935E+00	 8.621E+02	 1.337E+02	 0.000E+00	 5.400E+03	 5.510E+03	 5.902E+03	 3.605E+03	-2.499E+03	 1.120E+03	 3.053E+00	 2.984E+00	 3.418E+00	-7.199E-01	 7.934E-02	-3.832E-01	 3.053E+00	-7.199E-01	 0.000E+00	 0.000E+00	 0.000E+00	 1.611E+03	 1.890E+01
    2.7500	 6.631E-04	 7.404E-03	 8.993E+00	 8.783E+02	 1.472E+02	 0.000E+00	 5.418E+03	 5.662E+03	 5.902E+03	 2.393E+03	-4.782E+03	 3.953E+03	 2.988E+00	 3.019E+00	 3.429E+00	-5.211E-01	 4.896E-01	-8.416E-01	 2.988E+00	-5.211E-01	 0.000E+00	 0.000E+00	 0.000E+00	 1.663E+03	 1.916E+01
    3.0000	 6.804E-04	-5.017E-03	 8.947E+00	 8.619E+02	 1.606E+02	 0.000E+00	 5.255E+03	 5.511E+03	 6.029E+03	 1.299E+03	-2.655E+03	 3.191E+03	 2.881E+00	 3.040E+00	 3.491E+00	-3.592E-01	 1.117E-01	-6.859E-01	 2.881E+00	-3.592E-01	 0.000E+00	 0.000E+00	 0.000E+00	 1.631E+03	 1.914E+01
    3.2500	 1.220E-04	 1.092E-03	 9.007E+00	 8.789E+02	 1.741E+02	 0.000E+00	 5.083E+03	 5.720E+03	 6.041E+03	 9.154E+02	-9.882E+02	 2.029E+03	 2.758E+00	 3.159E+00	 3.463E+00	-3.230E-01	-1.859E-01	-4.496E-01	 2.758E+00	-3.230E-01	 0.000E+00	 0.000E+00	 0.000E+00	 1.670E+03	 1.922E+01
    3.5000	-4.098E-04	-6.377E-03	 8.969E+00	 8.662E+02	 1.876E+02	 0.000E+00	 5.071E+03	 5.911E+03	 5.829E+03	 2.183E+02	-2.883E+03	 4.186E+03	 2.720E+00	 3.270E+00	 3.391E+00	-2.299E-01	 1.688E-01	-7.984E-01	 2.720E+00	-2.299E-01	 0.000E+00	 0.000E+00	 0.000E+00	 1.658E+03	 1.937E+01
    3.7500	-7.995E-04	 8.610E-03	 9.005E+00	 8.753E+02	 2.010E+02	 0.000E+00	 5.143E+03	 5.865E+03	 5.785E+03	-8.384E+02	-2.765E+03	 5.780E+03	 2.738E+00	 3.263E+00	 3.377E+00	-9.359E-02	 1.690E-01	-1.085E+00	 2.738E+00	-9.359E-02	 0.000E+00	 0.000E+00	 0.000E+00	 1.670E+03	 1.929E+01
    4.0000	 2.978E-03	 1.326E-02	 8.997E+00	 8.726E+02	 2.145E+02	 0.000E+00	 5.174E+03	 5.826E+03	 5.895E+03	-1.975E+03	-7.744E+00	 3.419E+03	 2.742E+00	 3.308E+00	 3.357E+00	 8.503E-02	-2.765E-01	-6.520E-01	 2.742E+00	 8.503E-02	 0.000E+00	 0.000E+00	 0.000E+00	 1.678E+03	 1.946E+01
    4.2500	 2.861E-03	-1.373E-02	 8.999E+00	 8.713E+02	 2.280E+02	 0.000E+00	 5.155E+03	 5.972E+03	 5.719E+03	-1.853E+03	 1.125E+03	 2.885E+03	 2.766E+00	 3.415E+00	 3.248E+00	 2.005E-02	-4.635E-01	-5.654E-01	 2.766E+00	 2.005E-02	 0.000E+00	 0.000E+00	 0.000E+00	 1.671E+03	 1.941E+01
    4.5000	-1.381E-03	-1.397E-02	 9.022E+00	 8.779E+02	 2.415E+02	 0.000E+00	 5.375E+03	 6.095E+03	 5.502E+03	-2.473E+03	-4.133E+02	 4.459E+03	 2.861E+00	 3.455E+00	 3.142E+00	 1.098E-01	-1.433E-01	-8.437E-01	 2.861E+00	 1.098E-01	 0.000E+00	 0.000E+00	 0.000E+00	 1.692E+03	 1.950E+01
    4.7500	-1.891E-03	 1.072E-02	 9.000E+00	 8.695E+02	 2.551E+02	 0.000E+00	 5.517E+03	 5.935E+03	 5.454E+03	-3.093E+03	 1.026E+03	 4.021E+03	 2.964E+00	 3.420E+00	 3.079E+00	 1.919E-01	-3.596E-01	-7.965E-01	 2.964E+00	 1.919E-01	 0.000E+00	 0.000E+00	 0.000E+00	 1.674E+03	 1.948E+01
    5.0000	 1.851E-03	 1.115E-02	 9.036E+00	 8.799E+02	 2.686E+02	 0.000E+00	 5.579E+03	 5.935E+03	 5.461E+03	-3.132E+03	 3.718E+03	 1.229E+03	 3.023E+00	 3.449E+00	 2.990E+00	 1.920E-01	-8.017E-01	-3.240E-01	 3.023E+00	 1.920E-01	 0.000E+00	 0.000E+00	 0.000E+00	 1.698E+03	 1.952E+01
    5.2500	 1.074E-03	-1.535E-02	 9.011E+00	 8.712E+02	 2.821E+02	 0.000E+00	 5.629E+03	 6.067E+03	 5.214E+03	-2.622E+03	 3.406E+03	 9.472E+02	 3.090E+00	 3.508E+00	 2.852E+00	 1.020E-01	-7.198E-01	-2.957E-01	 3.090E+00	 1.020E-01	 0.000E+00	 0.000E+00	 0.000E+00	 1.684E+03	 1.955E+01
    5.5000	-2.015E-03	-2.426E-03	 9.040E+00	 8.790E+02	 2.957E+02	 0.000E+00	 5.800E+03	 6.027E+03	 5.049E+03	-2.428E+03	 2.422E+03	 2.007E+03	 3.186E+00	 3.474E+00	 2.763E+00	 6.945E-02	-5.189E-01	-5.220E-01	 3.186E+00	 6.945E-02	 0.000E+00	 0.000E+00	 0.000E+00	 1.699E+03	 1.955E+01
    5.7500	-1.734E-04	 1.179E-02	 9.028E+00	 8.747E+02	 3.092E+02	 0.000E+00	 5.877E+03	 5.857E+03	 5.161E+03	-2.444E+03	 4.009E+03	 4.520E+01	 3.260E+00	 3.400E+00	 2.756E+00	 9.566E-02	-7.677E-01	-2.102E-01	 3.260E+00	 9.566E-02	 0.000E+00	 0.000E+00	 0.000E+00	 1.696E+03	 1.961E+01
    6.0000	 1.831E-03	 3.452E-03	 9.038E+00	 8.765E+02	 3.228E+02	 0.000E+00	 5.853E+03	 5.830E+03	 5.182E+03	-1.387E+03	 5.514E+03	-2.077E+03	 3.292E+00	 3.388E+00	 2.742E+00	-7.220E-02	-1.035E+00	 1.233E-01	 3.292E+00	-7.220E-02	 0.000E+00	 0.000E+00	 0.000E+00	 1.697E+03	 1.958E+01
    6.2500	 1.952E-03	-1.967E-03	 9.045E+00	 8.785E+02	 3.363E+02	 0.000E+00	 5.937E+03	 5.885E+03	 5.114E+03	-5.010E+02	 3.750E+03	-1.607E+03	 3.353E+00	 3.362E+00	 2.727E+00	-1.927E-01	-7.145E-01	 1.511E-02	 3.353E+00	-1.927E-01	 0.000E+00	 0.000E+00	 0.000E+00	 1.706E+03	 1.965E+01
    6.5000	 9.903E-04	-5.238E-03	 9.038E+00	 8.750E+02	 3.499E+02	 0.000E+00	 6.017E+03	 5.706E+03	 5.198E+03	 8.267E+01	 2.931E+03	-1.047E+03	 3.424E+00	 3.244E+00	 2.795E+00	-2.686E-01	-5.722E-01	-1.257E-01	 3.424E+00	-2.686E-01	 0.000E+00	 0.000E+00	 0.000E+00	 1.698E+03	 1.963E+01
    6.7500	-3.674E-04	-4.757E-03	 9.058E+00	 8.806E+02	 3.459E+00	 0.000E+00	 6.025E+03	 5.517E+03	 5.467E+03	 6.802E+02	 4.169E+03	-3.079E+03	 3.446E+00	 3.138E+00	 2.905E+00	-3.325E-01	-7.981E-01	 2.072E-01	 3.446E+00	-3.325E-01	 0.000E+00	 0.000E+00	 0.000E+00	 1.712E+03	 1.967E+01
    7.0000	-7.894E-04	 2.845E-03	 9.044E+00	 8.753E+02	 1.703E+01	 0.000E+00	 5.978E+03	 5.478E+03	 5.533E+03	 1.908E+03	 3.815E+03	-3.891E+03	 3.451E+00	 3.081E+00	 2.966E+00	-5.124E-01	-7.615E-01	 3.354E-01	 3.451E+00	-5.124E-01	 0.000E+00	 0.000E+00	 0.000E+00	 1.703E+03	 1.968E+01
    7.2500	 9.335E-04	 7.543E-03	 9.065E+00	 8.809E+02	 3.061E+01	 0.000E+00	 6.027E+03	 5.425E+03	 5.545E+03	 2.791E+03	 1.426E+03	-2.314E+03	 3.483E+00	 2.980E+00	 3.025E+00	-6.365E-01	-3.644E-01	 4.681E-02	 3.483E+00	-6.365E-01	 0.000E+00	 0.000E+00	 0.000E+00	 1.715E+03	 1.969E+01
    7.5000	 8.443E-04	-9.597E-03	 9.055E+00	 8.772E+02	 4.421E+01	 0.000E+00	 6.057E+03	 5.209E+03	 5.699E+03	 3.014E+03	 8.184E+02	-2.100E+03	 3.498E+00	 2.840E+00	 3.133E+00	-6.425E-01	-2.781E-01	 6.837E-03	 3.498E+00	-6.425E-01	 0.000E+00	 0.000E+00	 0.000E+00	 1.710E+03	 1.972E+01
    7.7500	-1.839E-03	-5.221E-03	 9.067E+00	 8.799E+02	 5.779E+01	 0.000E+00	 5.967E+03	 5.079E+03	 5.865E+03	 3.615E+03	 1.602E+03	-3.251E+03	 3.463E+00	 2.769E+00	 3.215E+00	-7.251E-01	-4.559E-01	 2.165E-01	 3.463E+00	-7.251E-01	 0.000E+00	 0.000E+00	 0.000E+00	 1.715E+03	 1.972E+01
    8.0000	-3.377E-04	 1.459E-02	 9.067E+00	 8.796E+02	 7.140E+01	 0.000E+00	 5.898E+03	 5.172E+03	 5.860E+03	 4.249E+03	 1.543E+01	-2.552E+03	 3.421E+00	 2.764E+00	 3.253E+00	-8.134E-01	-2.127E-01	 1.199E-01	 3.421E+00	-8.134E-01	 0.000E+00	 0.000E+00	 0.000E+00	 1.718E+03	 1.976E+01
    8.2500	 2.824E-03	 5.890E-03	 9.066E+00	 8.787E+02	 8.499E+01	 0.000E+00	 5.889E+03	 5.179E+03	 5.849E+03	 4.373E+03	-2.011E+03	-4.144E+02	 3.393E+00	 2.744E+00	 3.308E+00	-8.296E-01	 1.072E-01	-2.383E-01	 3.393E+00	-8.296E-01	 0.000E+00	 0.000E+00	 0.000E+00	 1.715E+03	 1.975E+01
    8.5000	 1.920E-03	-1.092E-02	 9.077E+00	 8.815E+02	 9.861E+01	 0.000E+00	 5.832E+03	 5.136E+03	 6.000E+03	 3.903E+03	-1.799E+03	-3.328E+02	 3.337E+00	 2.739E+00	 3.392E+00	-7.406E-01	 4.085E-02	-2.224E-01	 3.337E+00	-7.406E-01	 0.000E+00	 0.000E+00	 0.000E+00	 1.724E+03	 1.978E+01
    8.7500	-5.404E-04	-4.833E-03	 9.069E+00	 8.786E+02	 1.122E+02	 0.000E+00	 5.665E+03	 5.258E+03	 6.054E+03	 3.865E+03	-1.342E+03	-6.488E+02	 3.238E+00	 2.820E+00	 3.432E+00	-7.386E-01	-7.709E-02	-1.304E-01	 3.238E+00	-7.386E-01	 0.000E+00	 0.000E+00	 0.000E+00	 1.718E+03	 1.978E+01
    9.0000	-6.290E-05	 6.043E-03	 9.083E+00	 8.821E+02	 1.258E+02	 0.000E+00	 5.562E+03	 5.490E+03	 5.984E+03	 3.713E+03	-2.941E+03	 1.082E+03	 3.146E+00	 2.928E+00	 3.436E+00	-7.247E-01	 1.772E-01	-3.957E-01	 3.146E+00	-7.247E-01	 0.000E+00	 0.000E+00	 0.000E+00	 1.726E+03	 1.980E+01
    9.2500	 7.607E-04	-1.096E-03	 9.076E+00	 8.795E+02	 1.394E+02	 0.000E+00	 5.495E+03	 5.548E+03	 5.992E+03	 2.821E+03	-3.801E+03	 2.786E+03	 3.065E+00	 2.984E+00	 3.469E+00	-5.877E-01	 3.170E-01	-6.626E-01	 3.065E+00	-5.877E-01	 0.000E+00	 0.000E+00	 0.000E+00	 1.723E+03	 1.981E+01
    9.5000	-5.183E-06	-2.889E-03	 9.087E+00	 8.820E+02	 1.531E+02	 0.000E+00	 5.347E+03	 5.580E+03	 6.084E+03	 1.890E+03	-2.491E+03	 2.514E+03	 2.952E+00	 3.044E+00	 3.509E+00	-4.494E-01	 7.703E-02	-5.841E-01	 2.952E+00	-4.494E-01	 0.000E+00	 0.000E+00	 0.000E+00	 1.728E+03	 1.982E+01
    9.7500	-4.144E-04	-1.186E-03	 9.085E+00	 8.810E+02	 1.667E+02	 0.000E+00	 5.195E+03	 5.747E+03	 6.051E+03	 1.346E+03	-2.108E+03	 2.534E+03	 2.837E+00	 3.157E+00	 3.491E+00	-3.799E-01	 8.627E-03	-5.511E-01	 2.837E+00	-3.799E-01	 0.000E+00	 0.000E+00	 0.000E+00	 1.728E+03	 1.984E+01
   10.0000	-6.458E-04	 4.424E-04	 9.088E+00	 8.814E+02	 1.803E+02	 0.000E+00	 5.144E+03	 5.875E+03	 5.928E+03	 6.820E+02	-2.989E+03	 4.228E+03	 2.778E+00	 3.236E+00	 3.450E+00	-3.010E-01	 1.733E-01	-8.270E-01	 2.778E+00	-3.010E-01	 0.000E+00	 0.000E+00	 0.000E+00	 1.729E+03	 1.984E+01
   10.2500	 3.555E-04	 7.406E-03	 9.092E+00	 8.824E+02	 1.940E+02	 0.000E+00	 5.163E+03	 5.872E+03	 5.920E+03	-5.519E+02	-2.399E+03	 4.741E+03	 2.755E+00	 3.267E+00	 3.435E+00	-1.185E-01	 9.540E-02	-9.015E-01	 2.755E+00	-1.185E-01	 0.000E+00	 0.000E+00	 0.000E+00	 1.733E+03	 1.987E+01
   10.5000	 2.179E-03	 4.556E-03	 9.089E+00	 8.810E+02	 2.076E+02	 0.000E+00	 5.139E+03	 5.890E+03	 5.922E+03	-1.349E+03	-4.827E+02	 3.720E+03	 2.738E+00	 3.328E+00	 3.398E+00	-1.489E-02	-2.198E-01	-7.129E-01	 2.738E+00	-1.489E-02	 0.000E+00	 0.000E+00	 0.000E+00	 1.730E+03	 1.986E+01
   10.7500	 1.732E-03	-8.004E-03	 9.097E+00	 8.831E+02	 2.212E+02	 0.000E+00	 5.186E+03	 6.018E+03	 5.790E+03	-1.702E+03	-1.233E+02	 3.662E+03	 2.765E+00	 3.410E+00	 3.311E+00	 1.359E-02	-2.541E-01	-6.968E-01	 2.765E+00	 1.359E-02	 0.000E+00	 0.000E+00	 0.000E+00	 1.736E+03	 1.988E+01
   11.0000	-5.299E-04	-6.068E-03	 9.093E+00	 8.814E+02	 2.349E+02	 0.000E+00	 5.339E+03	 6.056E+03	 5.629E+03	-2.283E+03	-3.268E+02	 4.452E+03	 2.848E+00	 3.441E+00	 3.223E+00	 8.367E-02	-1.799E-01	-8.438E-01	 2.848E+00	 8.367E-02	 0.000E+00	 0.000E+00	 0.000E+00	 1.733E+03	 1.989E+01
   11.2500	-2.088E-04	 7.338E-03	 9.100E+00	 8.832E+02	 2.485E+02	 0.000E+00	 5.483E+03	 5.997E+03	 5.579E+03	-2.955E+03	 1.188E+03	 3.647E+03	 2.934E+00	 3.446E+00	 3.148E+00	 1.774E-01	-4.078E-01	-7.195E-01	 2.934E+00	 1.774E-01	 0.000E+00	 0.000E+00	 0.000E+00	 1.737E+03	 1.989E+01
   11.5000	 1.236E-03	 4.712E-04	 9.099E+00	 8.823E+02	 2.622E+02	 0.000E+00	 5.549E+03	 6.020E+03	 5.495E+03	-3.033E+03	 2.812E+03	 2.036E+03	 3.002E+00	 3.483E+00	 3.046E+00	 1.779E-01	-6.604E-01	-4.534E-01	 3.002E+00	 1.779E-01	 0.000E+00	 0.000E+00	 0.000E+00	 1.736E+03	 1.991E+01
   11.7500	-1.676E-04	-8.762E-03	 9.103E+00	 8.831E+02	 2.758E+02	 0.000E+00	 5.649E+03	 6.088E+03	 5.292E+03	-2.717E+03	 2.748E+03	 1.869E+03	 3.080E+00	 3.515E+00	 2.921E+00	 1.145E-01	-6.187E-01	-4.492E-01	 3.080E+00	 1.145E-01	 0.000E+00	 0.000E+00	 0.000E+00	 1.738E+03	 1.991E+01
   12.0000	-1.387E-03	 9.552E-04	 9.105E+00	 8.833E+02	 2.895E+02	 0.000E+00	 5.792E+03	 6.036E+03	 5.176E+03	-2.717E+03	 2.762E+03	 1.767E+03	 3.173E+00	 3.489E+00	 2.830E+00	 1.184E-01	-5.867E-01	-4.630E-01	 3.173E+00	 1.184E-01	 0.000E+00	 0.000E+00	 0.000E+00	 1.740E+03	 1.993E+01
   12.2500	 3.656E-05	 8.035E-03	 9.105E+00	 8.829E+02	 3.031E+02	 0.000E+00	 5.855E+03	 5.933E+03	 5.183E+03	-2.498E+03	 4.183E+03	 2.015E+02	 3.241E+00	 3.448E+00	 2.784E+00	 9.195E-02	-8.143E-01	-2.248E-01	 3.241E+00	 9.195E-02	 0.000E+00	 0.000E+00	 0.000E+00	 1.739E+03	 1.993E+01
   12.5000	 1.487E-03	 2.450E-03	 9.109E+00	 8.839E+02	 3.168E+02	 0.000E+00	 5.884E+03	 5.931E+03	 5.161E+03	-1.711E+03	 4.729E+03	-1.183E+03	 3.290E+00	 3.434E+00	 2.746E+00	-2.385E-02	-8.976E-01	-1.423E-02	 3.290E+00	-2.385E-02	 0.000E+00	 0.000E+00	 0.000E+00	 1.743E+03	 1.994E+01
   12.7500	 1.412E-03	-1.819E-03	 9.107E+00	 8.830E+02	 3.305E+02	 0.000E+00	 5.953E+03	 5.906E+03	 5.118E+03	-8.579E+02	 3.824E+03	-1.104E+03	 3.355E+00	 3.390E+00	 2.735E+00	-1.479E-01	-7.301E-01	-6.413E-02	 3.355E+00	-1.479E-01	 0.000E+00	 0.000E+00	 0.000E+00	 1.741E+03	 1.995E+01
   13.0000	 9.237E-04	-2.199E-03	 9.111E+00	 8.842E+02	 3.441E+02	 0.000E+00	 6.025E+03	 5.764E+03	 5.229E+03	-3.224E+02	 3.659E+03	-1.474E+03	 3.415E+00	 3.295E+00	 2.792E+00	-2.101E-01	-6.976E-01	-3.595E-02	 3.415E+00	-2.101E-01	 0.000E+00	 0.000E+00	 0.000E+00	 1.744E+03	 1.995E+01
   13.2500	 2.222E-04	-2.781E-03	 9.110E+00	 8.834E+02	 3.578E+02	 0.000E+00	 6.027E+03	 5.626E+03	 5.404E+03	 4.460E+02	 4.251E+03	-2.857E+03	 3.443E+00	 3.209E+00	 2.876E+00	-3.079E-01	-8.108E-01	 1.784E-01	 3.443E+00	-3.079E-01	 0.000E+00	 0.000E+00	 0.000E+00	 1.743E+03	 1.996E+01
   13.5000	 4.604E-05	 1.772E-03	 9.114E+00	 8.842E+02	 1.146E+01	 0.000E+00	 6.023E+03	 5.566E+03	 5.488E+03	 1.580E+03	 3.514E+03	-3.212E+03	 3.465E+00	 3.134E+00	 2.942E+00	-4.713E-01	-7.002E-01	 2.204E-01	 3.465E+00	-4.713E-01	 0.000E+00	 0.000E+00	 0.000E+00	 1.745E+03	 1.996E+01
   13.7500	 5.796E-04	 4.849E-04	 9.114E+00	 8.841E+02	 2.513E+01	 0.000E+00	 6.061E+03	 5.458E+03	 5.557E+03	 2.373E+03	 1.991E+03	-2.530E+03	 3.498E+00	 3.023E+00	 3.018E+00	-5.758E-01	-4.510E-01	 8.684E-02	 3.498E+00	-5.758E-01	 0.000E+00	 0.000E+00	 0.000E+00	 1.746E+03	 1.998E+01
   14.0000	-2.373E-04	-6.023E-03	 9.116E+00	 8.842E+02	 3.880E+01	 0.000E+00	 6.066E+03	 5.271E+03	 5.704E+03	 2.846E+03	 1.672E+03	-2.635E+03	 3.507E+00	 2.899E+00	 3.115E+00	-6.270E-01	-4.207E-01	 9.818E-02	 3.507E+00	-6.270E-01	 0.000E+00	 0.000E+00	 0.000E+00	 1.746E+03	 1.998E+01
   14.2500	-1.234E-03	 4.847E-04	 9.118E+00	 8.847E+02	 5.248E+01	 0.000E+00	 6.007E+03	 5.176E+03	 5.828E+03	 3.477E+03	 1.498E+03	-3.134E+03	 3.484E+00	 2.821E+00	 3.192E+00	-7.083E-01	-4.235E-01	 1.939E-01	 3.484E+00	-7.083E-01	 0.000E+00	 0.000E+00	 0.000E+00	 1.748E+03	 1.999E+01
   14.5000	 2.137E-04	 9.280E-03	 9.118E+00	 8.842E+02	 6.616E+01	 0.000E+00	 5.957E+03	 5.179E+03	 5.848E+03	 4.140E+03	 4.413E+01	-2.315E+03	 3.456E+00	 2.779E+00	 3.246E+00	-8.041E-01	-2.048E-01	 6.565E-02	 3.456E+00	-8.041E-01	 0.000E+00	 0.000E+00	 0.000E+00	 1.748E+03	 1.999E+01
   14.7500	 1.960E-03	 2.251E-03	 9.120E+00	 8.849E+02	 7.984E+01	 0.000E+00	 5.940E+03	 5.153E+03	 5.896E+03	 4.238E+03	-1.278E+03	-1.103E+03	 3.427E+00	 2.742E+00	 3.311E+00	-8.079E-01	-6.101E-03	-1.269E-01	 3.427E+00	-8.079E-01	 0.000E+00	 0.000E+00	 0.000E+00	 1.750E+03	 2.000E+01
   15.0000	 1.229E-03	-5.998E-03	 9.119E+00	 8.844E+02	 9.351E+01	 0.000E+00	 5.863E+03	 5.142E+03	 5.997E+03	 4.052E+03	-1.318E+03	-8.788E+02	 3.369E+00	 2.745E+00	 3.380E+00	-7.682E-01	-3.438E-02	-1.386E-01	 3.369E+00	-7.682E-01	 0.000E+00	 0.000E+00	 0.000E+00	 1.749E+03	 2.001E+01
   15.2500	 2.146E-04	-6.709E-04	 9.122E+00	 8.850E+02	 1.072E+02	 0.000E+00	 5.735E+03	 5.270E+03	 6.035E+03	 4.041E+03	-1.655E+03	-5.153E+02	 3.283E+00	 2.812E+00	 3.421E+00	-7.676E-01	-1.137E-02	-1.671E-01	 3.283E+00	-7.676E-01	 0.000E+00	 0.000E+00	 0.000E+00	 1.750E+03	 2.001E+01
   15.5000	 6.027E-04	 1.963E-03	 9.122E+00	 8.847E+02	 1.209E+02	 0.000E+00	 5.638E+03	 5.431E+03	 6.011E+03	 3.806E+03	-2.879E+03	 9.209E+02	 3.198E+00	 2.897E+00	 3.445E+00	-7.362E-01	 1.762E-01	-3.826E-01	 3.198E+00	-7.362E-01	 0.000E+00	 0.000E+00	 0.000E+00	 1.751E+03	 2.002E+01
   15.7500	 5.696E-04	-2.311E-03	 9.124E+00	 8.850E+02	 1.346E+02	 0.000E+00	 5.544E+03	 5.507E+03	 6.039E+03	 3.046E+03	-3.227E+03	 2.059E+03	 3.109E+00	 2.960E+00	 3.481E+00	-6.206E-01	 2.191E-01	-5.490E-01	 3.109E+00	-6.206E-01	 0.000E+00	 0.000E+00	 0.000E+00	 1.751E+03	 2.002E+01
   16.0000	-1.955E-04	-2.911E-03	 9.125E+00	 8.852E+02	 1.482E+02	 0.000E+00	 5.399E+03	 5.593E+03	 6.088E+03	 2.240E+03	-2.600E+03	 2.210E+03	 2.994E+00	 3.039E+00	 3.509E+00	-5.004E-01	 9.723E-02	-5.401E-01	 2.994E+00	-5.004E-01	 0.000E+00	 0.000E+00	 0.000E+00	 1.752E+03	 2.003E+01
   16.2500	-6.442E-04	-5.405E-04	 9.126E+00	 8.851E+02	 1.619E+02	 0.000E+00	 5.258E+03	 5.740E+03	 6.050E+03	 1.682E+03	-2.611E+03	 2.801E+03	 2.885E+00	 3.138E+00	 3.499E+00	-4.307E-01	 9.452E-02	-6.104E-01	 2.885E+00	-4.307E-01	 0.000E+00	 0.000E+00	 0.000E+00	 1.752E+03	 2.003E+01
   16.5000	-4.533E-04	 2.273E-03	 9.128E+00	 8.855E+02	 1.756E+02	 0.000E+00	 5.192E+03	 5.840E+03	 5.985E+03	 8.594E+02	-2.971E+03	 3.969E+03	 2.812E+00	 3.210E+00	 3.477E+00	-3.195E-01	 1.674E-01	-7.896E-01	 2.812E+00	-3.195E-01	 0.000E+00	 0.000E+00	 0.000E+00	 1.754E+03	 2.004E+01
   16.7500	 5.241E-04	 5.191E-03	 9.127E+00	 8.852E+02	 1.893E+02	 0.000E+00	 5.160E+03	 5.864E+03	 5.971E+03	-2.296E+02	-2.194E+03	 4.287E+03	 2.765E+00	 3.260E+00	 3.460E+00	-1.636E-01	 4.897E-02	-8.275E-01	 2.765E+00	-1.636E-01	 0.000E+00	 0.000E+00	 0.000E+00	 1.753E+03	 2.004E+01
   17.0000	 1.612E-03	 2.029E-03	 9.129E+00	 8.856E+02	 2.030E+02	 0.000E+00	 5.137E+03	 5.922E+03	 5.939E+03	-1.013E+03	-1.007E+03	 3.886E+03	 2.740E+00	 3.329E+00	 3.419E+00	-6.163E-02	-1.379E-01	-7.435E-01	 2.740E+00	-6.163E-02	 0.000E+00	 0.000E+00	 0.000E+00	 1.755E+03	 2.004E+01
   17.2500	 1.219E-03	-4.546E-03	 9.128E+00	 8.854E+02	 2.167E+02	 0.000E+00	 5.186E+03	 6.011E+03	 5.825E+03	-1.521E+03	-6.767E+02	 4.054E+03	 2.764E+00	 3.396E+00	 3.345E+00	-8.105E-03	-1.668E-01	-7.670E-01	 2.764E+00	-8.105E-03	 0.000E+00	 0.000E+00	 0.000E+00	 1.754E+03	 2.005E+01
   17.5000	 2.099E-04	-1.721E-03	 9.129E+00	 8.856E+02	 2.304E+02	 0.000E+00	 5.316E+03	 6.036E+03	 5.707E+03	-2.189E+03	-2.608E+02	 4.322E+03	 2.832E+00	 3.430E+00	 3.267E+00	 7.601E-02	-2.036E-01	-8.194E-01	 2.832E+00	 7.601E-02	 0.000E+00	 0.000E+00	 0.000E+00	 1.755E+03	 2.005E+01
   17.7500	 5.262E-04	 2.834E-03	 9.130E+00	 8.856E+02	 2.441E+02	 0.000E+00	 5.438E+03	 6.022E+03	 5.635E+03	-2.808E+03	 1.095E+03	 3.570E+03	 2.909E+00	 3.454E+00	 3.186E+00	 1.591E-01	-4.047E-01	-6.993E-01	 2.909E+00	 1.591E-01	 0.000E+00	 0.000E+00	 0.000E+00	 1.756E+03	 2.005E+01
   18.0000	 6.899E-04	-2.575E-03	 9.131E+00	 8.857E+02	 2.578E+02	 0.000E+00	 5.528E+03	 6.054E+03	 5.518E+03	-2.919E+03	 2.206E+03	 2.587E+03	 2.982E+00	 3.491E+00	 3.081E+00	 1.606E-01	-5.664E-01	-5.438E-01	 2.982E+00	 1.606E-01	 0.000E+00	 0.000E+00	 0.000E+00	 1.756E+03	 2.005E+01
   18.2500	-4.927E-04	-5.133E-03	 9.133E+00	 8.859E+02	 2.715E+02	 0.000E+00	 5.645E+03	 6.086E+03	 5.351E+03	-2.826E+03	 2.426E+03	 2.261E+03	 3.067E+00	 3.512E+00	 2.965E+00	 1.348E-01	-5.703E-01	-5.100E-01	 3.067E+00	 1.348E-01	 0.000E+00	 0.000E+00	 0.000E+00	 1.757E+03	 2.006E+01
   18.5000	-9.838E-04	 1.959E-03	 9.133E+00	 8.858E+02	 2.852E+02	 0.000E+00	 5.768E+03	 6.039E+03	 5.242E+03	-2.827E+03	 2.976E+03	 1.719E+03	 3.155E+00	 3.496E+00	 2.871E+00	 1.347E-01	-6.343E-01	-4.456E-01	 3.155E+00	 1.347E-01	 0.000E+00	 0.000E+00	 0.000E+00	 1.757E+03	 2.006E+01
   18.7500	 1.175E-04	 5.236E-03	 9.134E+00	 8.861E+02	 2.989E+02	 0.000E+00	 5.837E+03	 5.983E+03	 5.199E+03	-2.574E+03	 4.036E+03	 4.033E+02	 3.223E+00	 3.474E+00	 2.803E+00	 1.009E-01	-7.961E-01	-2.481E-01	 3.223E+00	 1.009E-01	 0.000E+00	 0.000E+00	 0.000E+00	 1.758E+03	 2.007E+01
   19.0000	 1.023E-03	 1.635E-03	 9.134E+00	 8.859E+02	 3.126E+02	 0.000E+00	 5.886E+03	 5.969E+03	 5.147E+03	-1.876E+03	 4.326E+03	-5.878E+02	 3.282E+00	 3.455E+00	 2.752E+00	-3.145E-03	-8.308E-01	-1.083E-01	 3.282E+00	-3.145E-03	 0.000E+00	 0.000E+00	 0.000E+00	 1.758E+03	 2.007E+01
   19.2500	 1.130E-03	-2.258E-04	 9.135E+00	 8.861E+02	 3.263E+02	 0.000E+00	 5.958E+03	 5.918E+03	 5.131E+03	-1.160E+03	 3.939E+03	-9.099E+02	 3.348E+00	 3.407E+00	 2.740E+00	-1.042E-01	-7.513E-01	-8.838E-02	 3.348E+00	-1.042E-01	 0.000E+00	 0.000E+00	 0.000E+00	 1.758E+03	 2.007E+01
   19.5000	 9.862E-04	-1.122E-03	 9.134E+00	 8.860E+02	 3.400E+02	 0.000E+00	 6.013E+03	 5.800E+03	 5.225E+03	-5.700E+02	 4.029E+03	-1.599E+03	 3.403E+00	 3.327E+00	 2.784E+00	-1.765E-01	-7.628E-01	-3.726E-03	 3.403E+00	-1.765E-01	 0.000E+00	 0.000E+00	 0.000E+00	 1.758E+03	 2.008E+01
   19.7500	 6.258E-04	-1.360E-03	 9.135E+00	 8.861E+02	 3.537E+02	 0.000E+00	 6.027E+03	 5.692E+03	 5.358E+03	 2.739E+02	 4.197E+03	-2.599E+03	 3.437E+00	 3.249E+00	 2.853E+00	-2.893E-01	-7.995E-01	 1.413E-01	 3.437E+00	-2.893E-01	 0.000E+00	 0.000E+00	 0.000E+00	 1.759E+03	 2.008E+01
   20.0000	 4.514E-04	-1.538E-04	 9.136E+00	 8.862E+02	 7.393E+00	 0.000E+00	 6.042E+03	 5.611E+03	 5.451E+03	 1.302E+03	 3.438E+03	-2.877E+03	 3.468E+00	 3.165E+00	 2.922E+00	-4.335E-01	-6.803E-01	 1.668E-01	 3.468E+00	-4.335E-01	 0.000E+00	 0.000E+00	 0.000E+00	 1.759E+03	 2.008E+01
   20.2500	 2.609E-04	-1.988E-03	 9.137E+00	 8.862E+02	 2.110E+01	 0.000E+00	 6.071E+03	 5.481E+03	 5.552E+03	 2.088E+03	 2.458E+03	-2.675E+03	 3.499E+00	 3.054E+00	 3.004E+00	-5.364E-01	-5.264E-01	 1.141E-01	 3.499E+00	-5.364E-01	 0.000E+00	 0.000E+00	 0.000E+00	 1.759E+03	 2.008E+01
   20.5000	-5.282E-04	-3.486E-03	 9.138E+00	 8.864E+02	 3.480E+01	 0.000E+00	 6.069E+03	 5.324E+03	 5.690E+03	 2.680E+03	 2.069E+03	-2.883E+03	 3.508E+00	 2.940E+00	 3.096E+00	-6.064E-01	-4.831E-01	 1.430E-01	 3.508E+00	-6.064E-01	 0.000E+00	 0.000E+00	 0.000E+00	 1.760E+03	 2.009E+01
   20.7500	-8.400E-04	 1.911E-03	 9.138E+00	 8.864E+02	 4.851E+01	 0.000E+00	 6.026E+03	 5.228E+03	 5.792E+03	 3.389E+03	 1.478E+03	-3.001E+03	 3.494E+00	 2.854E+00	 3.172E+00	-7.011E-01	-4.113E-01	 1.676E-01	 3.494E+00	-7.011E-01	 0.000E+00	 0.000E+00	 0.000E+00	 1.760E+03	 2.009E+01
   21.0000	 3.168E-04	 5.885E-03	 9.139E+00	 8.865E+02	 6.222E+01	 0.000E+00	 5.992E+03	 5.185E+03	 5.841E+03	 3.988E+03	 2.043E+02	-2.324E+03	 3.475E+00	 2.790E+00	 3.235E+00	-7.833E-01	-2.217E-01	 6.115E-02	 3.475E+00	-7.833E-01	 0.000E+00	 0.000E+00	 0.000E+00	 1.761E+03	 2.009E+01
   21.2500	 1.290E-03	 1.009E-03	 9.139E+00	 8.864E+02	 7.593E+01	 0.000E+00	 5.961E+03	 5.141E+03	 5.906E+03	 4.155E+03	-7.591E+02	-1.531E+03	 3.444E+00	 2.746E+00	 3.303E+00	-7.965E-01	-8.703E-02	-5.903E-02	 3.444E+00	-7.965E-01	 0.000E+00	 0.000E+00	 0.000E+00	 1.761E+03	 2.009E+01
   21.5000	 9.844E-04	-2.193E-03	 9.139E+00	 8.865E+02	 8.963E+01	 0.000E+00	 5.884E+03	 5.148E+03	 5.986E+03	 4.135E+03	-1.106E+03	-1.159E+03	 3.388E+00	 2.747E+00	 3.366E+00	-7.840E-01	-6.277E-02	-9.747E-02	 3.388E+00	-7.840E-01	 0.000E+00	 0.000E+00	 0.000E+00	 1.761E+03	 2.009E+01
   21.7500	 7.155E-04	 3.479E-04	 9.139E+00	 8.865E+02	 1.033E+02	 0.000E+00	 5.778E+03	 5.257E+03	 6.018E+03	 4.139E+03	-1.770E+03	-5.050E+02	 3.312E+00	 2.801E+00	 3.410E+00	-7.838E-01	 1.815E-02	-1.788E-01	 3.312E+00	-7.838E-01	 0.000E+00	 0.000E+00	 0.000E+00	 1.761E+03	 2.010E+01
   22.0000	 8.770E-04	 4.692E-05	 9.139E+00	 8.865E+02	 1.171E+02	 0.000E+00	 5.684E+03	 5.384E+03	 6.023E+03	 3.870E+03	-2.690E+03	 6.905E+02	 3.231E+00	 2.871E+00	 3.444E+00	-7.447E-01	 1.505E-01	-3.536E-01	 3.231E+00	-7.447E-01	 0.000E+00	 0.000E+00	 0.000E+00	 1.761E+03	 2.010E+01
   22.2500	 4.948E-04	-2.913E-03	 9.140E+00	 8.866E+02	 1.308E+02	 0.000E+00	 5.577E+03	 5.476E+03	 6.057E+03	 3.205E+03	-2.926E+03	 1.589E+03	 3.138E+00	 2.941E+00	 3.481E+00	-6.429E-01	 1.707E-01	-4.759E-01	 3.138E+00	-6.429E-01	 0.000E+00	 0.000E+00	 0.000E+00	 1.762E+03	 2.010E+01
   22.5000	-2.666E-04	-2.511E-03	 9.141E+00	 8.866E+02	 1.445E+02	 0.000E+00	 5.436E+03	 5.587E+03	 6.082E+03	 2.522E+03	-2.717E+03	 2.064E+03	 3.026E+00	 3.026E+00	 3.505E+00	-5.436E-01	 1.189E-01	-5.236E-01	 3.026E+00	-5.436E-01	 0.000E+00	 0.000E+00	 0.000E+00	 1.762E+03	 2.010E+01
   22.7500	-6.210E-04	-2.214E-04	 9.142E+00	 8.868E+02	 1.582E+02	 0.000E+00	 5.305E+03	 5.720E+03	 6.054E+03	 1.897E+03	-2.859E+03	 2.831E+03	 2.920E+00	 3.118E+00	 3.503E+00	-4.607E-01	 1.385E-01	-6.245E-01	 2.920E+00	-4.607E-01	 0.000E+00	 0.000E+00	 0.000E+00	 1.762E+03	 2.010E+01
   23.0000	-3.641E-04	 2.296E-03	 9.142E+00	 8.867E+02	 1.719E+02	 0.000E+00	 5.221E+03	 5.808E+03	 6.015E+03	 1.032E+03	-2.896E+03	 3.731E+03	 2.836E+00	 3.190E+00	 3.491E+00	-3.407E-01	 1.512E-01	-7.552E-01	 2.836E+00	-3.407E-01	 0.000E+00	 0.000E+00	 0.000E+00	 1.762E+03	 2.011E+01
   23.2500	 4.534E-04	 3.822E-03	 9.142E+00	 8.868E+02	 1.856E+02	 0.000E+00	 5.163E+03	 5.858E+03	 5.996E+03	 2.948E+01	-2.197E+03	 4.037E+03	 2.774E+00	 3.251E+00	 3.473E+00	-1.992E-01	 4.305E-02	-7.878E-01	 2.774E+00	-1.992E-01	 0.000E+00	 0.000E+00	 0.000E+00	 1.763E+03	 2.011E+01
   23.5000	 1.178E-03	 1.313E-03	 9.142E+00	 8.868E+02	 1.993E+02	 0.000E+00	 5.135E+03	 5.928E+03	 5.949E+03	-7.447E+02	-1.393E+03	 4.004E+03	 2.743E+00	 3.320E+00	 3.432E+00	-9.907E-02	-7.726E-02	-7.667E-01	 2.743E+00	-9.907E-02	 0.000E+00	 0.000E+00	 0.000E+00	 1.763E+03	 2.011E+01
   23.7500	 1.046E-03	-1.743E-03	 9.142E+00	 8.868E+02	 2.130E+02	 0.000E+00	 5.181E+03	 5.998E+03	 5.853E+03	-1.374E+03	-9.673E+02	 4.211E+03	 2.760E+00	 3.380E+00	 3.368E+00	-2.499E-02	-1.237E-01	-7.960E-01	 2.760E+00	-2.499E-02	 0.000E+00	 0.000E+00	 0.000E+00	 1.763E+03	 2.011E+01
   24.0000	 7.123E-04	-3.199E-04	 9.142E+00	 8.868E+02	 2.267E+02	 0.000E+00	 5.289E+03	 6.022E+03	 5.755E+03	-2.091E+03	-2.747E+02	 4.233E+03	 2.817E+00	 3.419E+00	 3.296E+00	 6.707E-02	-2.107E-01	-8.022E-01	 2.817E+00	 6.707E-02	 0.000E+00	 0.000E+00	 0.000E+00	 1.763E+03	 2.011E+01
   24.2500	 8.017E-04	 1.750E-04	 9.142E+00	 8.868E+02	 2.405E+02	 0.000E+00	 5.401E+03	 6.033E+03	 5.668E+03	-2.658E+03	 8.973E+02	 3.631E+03	 2.887E+00	 3.454E+00	 3.212E+00	 1.388E-01	-3.809E-01	-7.060E-01	 2.887E+00	 1.388E-01	 0.000E+00	 0.000E+00	 0.000E+00	 1.763E+03	 2.011E+01
   24.5000	 4.257E-04	-3.326E-03	 9.143E+00	 8.869E+02	 2.542E+02	 0.000E+00	 5.506E+03	 6.065E+03	 5.543E+03	-2.847E+03	 1.779E+03	 2.938E+03	 2.964E+00	 3.490E+00	 3.109E+00	 1.518E-01	-5.005E-01	-6.001E-01	 2.964E+00	 1.518E-01	 0.000E+00	 0.000E+00	 0.000E+00	 1.763E+03	 2.011E+01
   24.7500	-5.214E-04	-3.092E-03	 9.144E+00	 8.869E+02	 2.679E+02	 0.000E+00	 5.628E+03	 6.079E+03	 5.395E+03	-2.886E+03	 2.265E+03	 2.491E+03	 3.051E+00	 3.507E+00	 2.998E+00	 1.464E-01	-5.503E-01	-5.442E-01	 3.051E+00	 1.464E-01	 0.000E+00	 0.000E+00	 0.000E+00	 1.764E+03	 2.011E+01
   25.0000	-7.114E-04	 1.727E-03	 9.144E+00	 8.870E+02	 2.816E+02	 0.000E+00	 5.743E+03	 6.046E+03	 5.285E+03	-2.899E+03	 3.008E+03	 1.760E+03	 3.135E+00	 3.501E+00	 2.900E+00	 1.464E-01	-6.481E-01	-4.449E-01	 3.135E+00	 1.464E-01	 0.000E+00	 0.000E+00	 0.000E+00	 1.764E+03	 2.012E+01
   25.2500	 3.788E-05	 3.359E-03	 9.144E+00	 8.870E+02	 2.953E+02	 0.000E+00	 5.818E+03	 6.011E+03	 5.211E+03	-2.626E+03	 3.842E+03	 6.515E+02	 3.206E+00	 3.488E+00	 2.819E+00	 1.064E-01	-7.687E-01	-2.824E-01	 3.206E+00	 1.064E-01	 0.000E+00	 0.000E+00	 0.000E+00	 1.764E+03	 2.012E+01
   25.5000	 6.746E-04	 1.669E-03	 9.144E+00	 8.870E+02	 3.090E+02	 0.000E+00	 5.882E+03	 5.988E+03	 5.146E+03	-2.026E+03	 4.101E+03	-2.050E+02	 3.271E+00	 3.467E+00	 2.761E+00	 1.733E-02	-7.949E-01	-1.665E-01	 3.271E+00	 1.733E-02	 0.000E+00	 0.000E+00	 0.000E+00	 1.764E+03	 2.012E+01
   25.7500	 9.606E-04	 7.457E-04	 9.144E+00	 8.870E+02	 3.228E+02	 0.000E+00	 5.951E+03	 5.928E+03	 5.137E+03	-1.398E+03	 4.044E+03	-7.782E+02	 3.336E+00	 3.419E+00	 2.743E+00	-6.956E-02	-7.713E-01	-1.026E-01	 3.336E+00	-6.956E-02	 0.000E+00	 0.000E+00	 0.000E+00	 1.764E+03	 2.012E+01
   26.0000	 1.056E-03	-1.130E-04	 9.144E+00	 8.870E+02	 3.365E+02	 0.000E+00	 6.001E+03	 5.829E+03	 5.212E+03	-7.580E+02	 4.195E+03	-1.568E+03	 3.390E+00	 3.351E+00	 2.775E+00	-1.519E-01	-7.927E-01	-3.595E-04	 3.390E+00	-1.519E-01	 0.000E+00	 0.000E+00	 0.000E+00	 1.764E+03	 2.012E+01
   26.2500	 8.997E-04	-1.003E-03	 9.144E+00	 8.870E+02	 3.502E+02	 0.000E+00	 6.024E+03	 5.735E+03	 5.320E+03	 1.026E+02	 4.142E+03	-2.375E+03	 3.429E+00	 3.277E+00	 2.833E+00	-2.685E-01	-7.879E-01	 1.095E-01	 3.429E+00	-2.685E-01	 0.000E+00	 0.000E+00	 0.000E+00	 1.764E+03	 2.012E+01
   26.5000	 6.211E-04	-1.326E-03	 9.145E+00	 8.870E+02	 3.905E+00	 0.000E+00	 6.048E+03	 5.640E+03	 5.421E+03	 1.060E+03	 3.499E+03	-2.688E+03	 3.466E+00	 3.189E+00	 2.904E+00	-4.007E-01	-6.864E-01	 1.386E-01	 3.466E+00	-4.007E-01	 0.000E+00	 0.000E+00	 0.000E+00	 1.764E+03	 2.012E+01
   26.7500	 1.289E-04	-2.686E-03	 9.145E+00	 8.871E+02	 1.762E+01	 0.000E+00	 6.072E+03	 5.507E+03	 5.538E+03	 1.844E+03	 2.791E+03	-2.765E+03	 3.496E+00	 3.081E+00	 2.987E+00	-5.025E-01	-5.794E-01	 1.330E-01	 3.496E+00	-5.025E-01	 0.000E+00	 0.000E+00	 0.000E+00	 1.765E+03	 2.012E+01
   27.0000	-5.519E-04	-2.149E-03	 9.146E+00	 8.871E+02	 3.134E+01	 0.000E+00	 6.068E+03	 5.365E+03	 5.666E+03	 2.538E+03	 2.303E+03	-2.970E+03	 3.507E+00	 2.972E+00	 3.076E+00	-5.895E-01	-5.178E-01	 1.595E-01	 3.507E+00	-5.895E-01	 0.000E+00	 0.000E+00	 0.000E+00	 1.765E+03	 2.012E+01
   27.2500	-6.084E-04	 1.934E-03	 9.146E+00	 8.872E+02	 4.506E+01	 0.000E+00	 6.040E+03	 5.264E+03	 5.764E+03	 3.275E+03	 1.532E+03	-2.937E+03	 3.501E+00	 2.879E+00	 3.153E+00	-6.882E-01	-4.127E-01	 1.545E-01	 3.501E+00	-6.882E-01	 0.000E+00	 0.000E+00	 0.000E+00	 1.765E+03	 2.013E+01
   27.5000	 2.117E-04	 3.691E-03	 9.146E+00	 8.872E+02	 5.878E+01	 0.000E+00	 6.012E+03	 5.192E+03	 5.830E+03	 3.845E+03	 4.326E+02	-2.409E+03	 3.486E+00	 2.802E+00	 3.222E+00	-7.636E-01	-2.526E-01	 7.162E-02	 3.486E+00	-7.636E-01	 0.000E+00	 0.000E+00	 0.000E+00	 1.765E+03	 2.013E+01
   27.7500	 8.466E-04	 1.083E-03	 9.146E+00	 8.872E+02	 7.250E+01	 0.000E+00	 5.974E+03	 5.139E+03	 5.903E+03	 4.088E+03	-4.003E+02	-1.818E+03	 3.456E+00	 2.752E+00	 3.291E+00	-7.882E-01	-1.413E-01	-1.448E-02	 3.456E+00	-7.882E-01	 0.000E+00	 0.000E+00	 0.000E+00	 1.765E+03	 2.013E+01
   28.0000	 9.103E-04	-1.414E-05	 9.146E+00	 8.872E+02	 8.622E+01	 0.000E+00	 5.902E+03	 5.150E+03	 5.971E+03	 4.182E+03	-9.734E+02	-1.340E+03	 3.404E+00	 2.748E+00	 3.352E+00	-7.936E-01	-7.758E-02	-7.270E-02	 3.404E+00	-7.936E-01	 0.000E+00	 0.000E+00	 0.000E+00	 1.765E+03	 2.013E+01
   28.2500	 9.959E-04	 5.466E-04	 9.146E+00	 8.871E+02	 9.994E+01	 0.000E+00	 5.810E+03	 5.238E+03	 6.005E+03	 4.197E+03	-1.746E+03	-5.817E+02	 3.335E+00	 2.788E+00	 3.399E+00	-7.937E-01	 2.228E-02	-1.741E-01	 3.335E+00	-7.937E-01	 0.000E+00	 0.000E+00	 0.000E+00	 1.765E+03	 2.013E+01
   28.5000	 1.007E-03	-8.979E-04	 9.146E+00	 8.872E+02	 1.137E+02	 0.000E+00	 5.717E+03	 5.346E+03	 6.028E+03	 3.923E+03	-2.494E+03	 4.420E+02	 3.256E+00	 2.851E+00	 3.439E+00	-7.515E-01	 1.232E-01	-3.193E-01	 3.256E+00	-7.515E-01	 0.000E+00	 0.000E+00	 0.000E+00	 1.765E+03	 2.013E+01
   28.7500	 4.887E-04	-2.938E-03	 9.146E+00	 8.872E+02	 1.274E+02	 0.000E+00	 5.605E+03	 5.450E+03	 6.060E+03	 3.357E+03	-2.757E+03	 1.271E+03	 3.163E+00	 2.924E+00	 3.477E+00	-6.651E-01	 1.452E-01	-4.289E-01	 3.163E+00	-6.651E-01	 0.000E+00	 0.000E+00	 0.000E+00	 1.765E+03	 2.013E+01
   29.0000	-2.239E-04	-2.308E-03	 9.147E+00	 8.872E+02	 1.411E+02	 0.000E+00	 5.469E+03	 5.572E+03	 6.076E+03	 2.743E+03	-2.804E+03	 1.933E+03	 3.054E+00	 3.010E+00	 3.500E+00	-5.767E-01	 1.366E-01	-5.089E-01	 3.054E+00	-5.767E-01	 0.000E+00	 0.000E+00	 0.000E+00	 1.766E+03	 2.013E+01
   29.2500	-5.493E-04	-2.531E-04	 9.147E+00	 8.873E+02	 1.548E+02	 0.000E+00	 5.342E+03	 5.694E+03	 6.058E+03	 2.077E+03	-2.959E+03	 2.753E+03	 2.948E+00	 3.097E+00	 3.505E+00	-4.855E-01	 1.567E-01	-6.189E-01	 2.948E+00	-4.855E-01	 0.000E+00	 0.000E+00	 0.000E+00	 1.766E+03	 2.013E+01
   29.5000	-3.417E-04	 1.835E-03	 9.148E+00	 8.873E+02	 1.685E+02	 0.000E+00	 5.244E+03	 5.783E+03	 6.034E+03	 1.205E+03	-2.855E+03	 3.521E+03	 2.857E+00	 3.171E+00	 3.499E+00	-3.632E-01	 1.419E-01	-7.249E-01	 2.857E+00	-3.632E-01	 0.000E+00	 0.000E+00	 0.000E+00	 1.766E+03	 2.013E+01
   29.7500	 2.954E-04	 2.857E-03	 9.148E+00	 8.873E+02	 1.823E+02	 0.000E+00	 5.170E+03	 5.849E+03	 6.010E+03	 2.681E+02	-2.285E+03	 3.887E+03	 2.785E+00	 3.239E+00	 3.482E+00	-2.323E-01	 5.378E-02	-7.659E-01	 2.785E+00	-2.323E-01	 0.000E+00	 0.000E+00	 0.000E+00	 1.766E+03	 2.013E+01
   30.0000	 8.693E-04	 1.450E-03	 9.147E+00	 8.873E+02	 1.960E+02	 0.000E+00	 5.136E+03	 5.922E+03	 5.959E+03	-5.176E+02	-1.673E+03	 4.060E+03	 2.747E+00	 3.308E+00	 3.444E+00	-1.302E-01	-3.415E-02	-7.795E-01	 2.747E+00	-1.302E-01	 0.000E+00	 0.000E+00	 0.000E+00	 1.766E+03	 2.014E+01
   30.2500	 1.009E-03	-4.276E-05	 9.147E+00	 8.873E+02	 2.097E+02	 0.000E+00	 5.172E+03	 5.982E+03	 5.876E+03	-1.236E+03	-1.155E+03	 4.261E+03	 2.756E+00	 3.366E+00	 3.386E+00	-4.076E-02	-9.770E-02	-8.060E-01	 2.756E+00	-4.076E-02	 0.000E+00	 0.000E+00	 0.000E+00	 1.766E+03	 2.014E+01
   30.5000	 9.940E-04	 5.625E-05	 9.147E+00	 8.872E+02	 2.234E+02	 0.000E+00	 5.262E+03	 6.013E+03	 5.789E+03	-1.969E+03	-3.605E+02	 4.199E+03	 2.802E+00	 3.410E+00	 3.318E+00	 5.333E-02	-2.043E-01	-7.952E-01	 2.802E+00	 5.333E-02	 0.000E+00	 0.000E+00	 0.000E+00	 1.766E+03	 2.013E+01
   30.7500	 9.188E-04	-1.067E-03	 9.147E+00	 8.873E+02	 2.371E+02	 0.000E+00	 5.369E+03	 6.037E+03	 5.695E+03	-2.520E+03	 6.612E+02	 3.730E+03	 2.868E+00	 3.450E+00	 3.235E+00	 1.208E-01	-3.487E-01	-7.202E-01	 2.868E+00	 1.208E-01	 0.000E+00	 0.000E+00	 0.000E+00	 1.766E+03	 2.013E+01
   31.0000	 3.426E-04	-3.323E-03	 9.147E+00	 8.873E+02	 2.509E+02	 0.000E+00	 5.483E+03	 6.067E+03	 5.569E+03	-2.786E+03	 1.474E+03	 3.183E+03	 2.946E+00	 3.485E+00	 3.135E+00	 1.449E-01	-4.555E-01	-6.386E-01	 2.946E+00	 1.449E-01	 0.000E+00	 0.000E+00	 0.000E+00	 1.766E+03	 2.013E+01
   31.2500	-4.255E-04	-2.125E-03	 9.148E+00	 8.874E+02	 2.646E+02	 0.000E+00	 5.607E+03	 6.074E+03	 5.433E+03	-2.918E+03	 2.135E+03	 2.655E+03	 3.033E+00	 3.503E+00	 3.027E+00	 1.540E-01	-5.354E-01	-5.674E-01	 3.033E+00	 1.540E-01	 0.000E+00	 0.000E+00	 0.000E+00	 1.766E+03	 2.014E+01
   31.5000	-5.565E-04	 1.036E-03	 9.148E+00	 8.874E+02	 2.783E+02	 0.000E+00	 5.717E+03	 6.053E+03	 5.318E+03	-2.939E+03	 2.937E+03	 1.872E+03	 3.116E+00	 3.504E+00	 2.925E+00	 1.532E-01	-6.433E-01	-4.573E-01	 3.116E+00	 1.532E-01	 0.000E+00	 0.000E+00	 0.000E+00	 1.767E+03	 2.014E+01
   31.7500	-9.191E-05	 2.226E-03	 9.149E+00	 8.874E+02	 2.920E+02	 0.000E+00	 5.799E+03	 6.029E+03	 5.225E+03	-2.678E+03	 3.653E+03	 8.966E+02	 3.190E+00	 3.496E+00	 2.836E+00	 1.128E-01	-7.415E-01	-3.172E-01	 3.190E+00	 1.128E-01	 0.000E+00	 0.000E+00	 0.000E+00	 1.767E+03	 2.014E+01
   32.0000	 4.188E-04	 1.830E-03	 9.148E+00	 8.874E+02	 3.057E+02	 0.000E+00	 5.872E+03	 6.000E+03	 5.153E+03	-2.169E+03	 3.967E+03	 7.215E+01	 3.258E+00	 3.475E+00	 2.771E+00	 3.751E-02	-7.751E-01	-2.067E-01	 3.258E+00	 3.751E-02	 0.000E+00	 0.000E+00	 0.000E+00	 1.767E+03	 2.014E+01
   32.2500	 8.349E-04	 1.500E-03	 9.148E+00	 8.874E+02	 3.195E+02	 0.000E+00	 5.940E+03	 5.940E+03	 5.139E+03	-1.593E+03	 4.106E+03	-6.431E+02	 3.323E+00	 3.431E+00	 2.746E+00	-4.169E-02	-7.845E-01	-1.178E-01	 3.323E+00	-4.169E-02	 0.000E+00	 0.000E+00	 0.000E+00	 1.767E+03	 2.014E+01
   32.5000	 1.102E-03	 5.220E-04	 9.148E+00	 8.873E+02	 3.332E+02	 0.000E+00	 5.989E+03	 5.855E+03	 5.196E+03	-9.265E+02	 4.257E+03	-1.460E+03	 3.377E+00	 3.370E+00	 2.766E+00	-1.299E-01	-8.043E-01	-1.076E-02	 3.377E+00	-1.299E-01	 0.000E+00	 0.000E+00	 0.000E+00	 1.767E+03	 2.014E+01
   32.7500	 1.063E-03	-7.740E-04	 9.148E+00	 8.873E+02	 3.469E+02	 0.000E+00	 6.019E+03	 5.767E+03	 5.288E+03	-7.370E+01	 4.125E+03	-2.180E+03	 3.421E+00	 3.299E+00	 2.816E+00	-2.461E-01	-7.833E-01	 8.263E-02	 3.421E+00	-2.461E-01	 0.000E+00	 0.000E+00	 0.000E+00	 1.767E+03	 2.014E+01
   33.0000	 7.248E-04	-1.940E-03	 9.148E+00	 8.874E+02	 6.371E-01	 0.000E+00	 6.048E+03	 5.665E+03	 5.394E+03	 8.306E+02	 3.607E+03	-2.566E+03	 3.460E+00	 3.211E+00	 2.886E+00	-3.693E-01	-7.018E-01	 1.226E-01	 3.460E+00	-3.693E-01	 0.000E+00	 0.000E+00	 0.000E+00	 1.767E+03	 2.014E+01
   33.2500	 2.104E-01	 1.524E+00	 9.179E+00	 8.890E+02	 1.438E+01	 0.000E+00	 5.777E+03	 5.182E+03	 6.152E+03	 1.541E+03	 3.116E+03	-2.752E+03	 3.438E+00	 2.890E+00	 3.241E+00	-4.505E-01	-6.232E-01	 1.179E-01	 3.438E+00	-4.505E-01	 0.000E+00	 0.000E+00	 0.000E+00	 1.771E+03	 2.015E+01
   33.5000	 3.823E-01	 9.660E-02	 9.150E+00	 8.876E+02	 2.811E+01	 0.000E+00	 5.762E+03	 5.244E+03	 6.091E+03	 2.402E+03	 2.254E+03	-2.842E+03	 3.336E+00	 2.800E+00	 3.425E+00	-5.705E-01	-4.805E-01	 1.087E-01	 3.336E+00	-5.705E-01	 0.000E+00	 0.000E+00	 0.000E+00	 1.770E+03	 2.017E+01
   33.7500	 5.240E-01	 8.196E-01	 9.166E+00	 8.883E+02	 4.185E+01	 0.000E+00	 5.704E+03	 5.279E+03	 6.082E+03	 3.259E+03	 1.327E+03	-2.655E+03	 3.314E+00	 2.844E+00	 3.375E+00	-6.725E-01	-3.789E-01	 9.032E-02	 3.314E+00	-6.725E-01	 0.000E+00	 0.000E+00	 0.000E+00	 1.771E+03	 2.016E+01
   34.0000	 6.233E-01	 1.648E-01	 9.154E+00	 8.882E+02	 5.558E+01	 0.000E+00	 5.729E+03	 5.348E+03	 5.940E+03	 3.458E+03	 8.543E+02	-2.507E+03	 3.308E+00	 2.847E+00	 3.349E+00	-6.933E-01	-3.090E-01	 6.668E-02	 3.308E+00	-6.933E-01	 0.000E+00	 0.000E+00	 0.000E+00	 1.772E+03	 2.018E+01
   34.2500	 7.131E-01	 4.095E-01	 9.156E+00	 8.875E+02	 6.932E+01	 0.000E+00	 5.789E+03	 5.285E+03	 5.921E+03	 3.915E+03	-2.626E+01	-1.973E+03	 3.316E+00	 2.848E+00	 3.320E+00	-7.488E-01	-2.171E-01	 1.221E-02	 3.316E+00	-7.488E-01	 0.000E+00	 0.000E+00	 0.000E+00	 1.769E+03	 2.017E+01
   34.5000	 7.713E-01	 1.692E-01	 9.155E+00	 8.885E+02	 8.305E+01	 0.000E+00	 5.728E+03	 5.352E+03	 5.926E+03	 4.287E+03	-1.003E+03	-1.451E+03	 3.305E+00	 2.831E+00	 3.356E+00	-8.061E-01	-6.340E-02	-6.921E-02	 3.305E+00	-8.061E-01	 0.000E+00	 0.000E+00	 0.000E+00	 1.772E+03	 2.017E+01
   34.7500	 8.265E-01	 1.946E-01	 9.150E+00	 8.870E+02	 9.678E+01	 0.000E+00	 5.763E+03	 5.303E+03	 5.974E+03	 4.218E+03	-1.740E+03	-5.953E+02	 3.278E+00	 2.849E+00	 3.387E+00	-7.942E-01	 1.921E-02	-1.733E-01	 3.278E+00	-7.942E-01	 0.000E+00	 0.000E+00	 0.000E+00	 1.768E+03	 2.016E+01
   35.0000	 8.608E-01	 1.365E-01	 9.153E+00	 8.884E+02	 1.105E+02	 0.000E+00	 5.657E+03	 5.434E+03	 5.989E+03	 3.803E+03	-2.075E+03	 1.450E+02	 3.220E+00	 2.891E+00	 3.430E+00	-7.224E-01	 5.371E-02	-2.807E-01	 3.220E+00	-7.224E-01	 0.000E+00	 0.000E+00	 0.000E+00	 1.771E+03	 2.016E+01
   35.2500	 8.937E-01	 9.195E-02	 9.149E+00	 8.871E+02	 1.242E+02	 0.000E+00	 5.587E+03	 5.500E+03	 6.024E+03	 3.457E+03	-2.617E+03	 1.012E+03	 3.139E+00	 2.970E+00	 3.451E+00	-6.775E-01	 1.194E-01	-3.865E-01	 3.139E+00	-6.775E-01	 0.000E+00	 0.000E+00	 0.000E+00	 1.768E+03	 2.016E+01
   35.5000	 9.145E-01	 9.844E-02	 9.152E+00	 8.880E+02	 1.380E+02	 0.000E+00	 5.463E+03	 5.651E+03	 5.997E+03	 3.065E+03	-3.019E+03	 1.854E+03	 3.055E+00	 3.044E+00	 3.466E+00	-6.257E-01	 1.734E-01	-5.037E-01	 3.055E+00	-6.257E-01	 0.000E+00	 0.000E+00	 0.000E+00	 1.769E+03	 2.015E+01
   35.7500	 9.345E-01	 4.991E-02	 9.150E+00	 8.876E+02	 1.517E+02	 0.000E+00	 5.380E+03	 5.707E+03	 6.013E+03	 2.161E+03	-2.951E+03	 2.631E+03	 2.964E+00	 3.118E+00	 3.470E+00	-4.944E-01	 1.541E-01	-6.009E-01	 2.964E+00	-4.944E-01	 0.000E+00	 0.000E+00	 0.000E+00	 1.769E+03	 2.016E+01
   36.0000	 9.483E-01	 6.651E-02	 9.151E+00	 8.876E+02	 1.654E+02	 0.000E+00	 5.269E+03	 5.804E+03	 5.986E+03	 1.261E+03	-2.634E+03	 3.275E+03	 2.872E+00	 3.188E+00	 3.470E+00	-3.648E-01	 9.777E-02	-6.864E-01	 2.872E+00	-3.648E-01	 0.000E+00	 0.000E+00	 0.000E+00	 1.768E+03	 2.015E+01
   36.2500	 1.198E+00	 1.331E+00	 9.178E+00	 8.897E+02	 1.792E+02	 0.000E+00	 5.338E+03	 6.152E+03	 5.528E+03	 5.013E+02	-2.387E+03	 3.779E+03	 2.773E+00	 3.550E+00	 3.187E+00	-2.966E-01	 7.235E-02	-7.157E-01	 2.773E+00	-2.966E-01	 0.000E+00	 0.000E+00	 0.000E+00	 1.774E+03	 2.017E+01
   36.5000	 1.355E+00	 3.468E-01	 9.155E+00	 8.872E+02	 1.929E+02	 0.000E+00	 5.376E+03	 6.289E+03	 5.324E+03	-2.549E+02	-1.861E+03	 3.950E+03	 2.843E+00	 3.565E+00	 3.080E+00	-1.488E-01	-5.001E-02	-7.410E-01	 2.843E+00	-1.488E-01	 0.000E+00	 0.000E+00	 0.000E+00	 1.770E+03	 2.018E+01
   36.7500	 1.515E+00	 6.303E-01	 9.165E+00	 8.890E+02	 2.066E+02	 0.000E+00	 5.453E+03	 5.982E+03	 5.545E+03	-1.406E+03	-7.611E+02	 4.097E+03	 2.903E+00	 3.463E+00	 3.111E+00	-3.244E-02	-1.606E-01	-7.601E-01	 2.903E+00	-3.244E-02	 0.000E+00	 0.000E+00	 0.000E+00	 1.773E+03	 2.018E+01
   37.0000	 1.609E+00	 3.409E-01	 9.156E+00	 8.876E+02	 2.204E+02	 0.000E+00	 5.560E+03	 5.911E+03	 5.525E+03	-1.649E+03	-5.871E+02	 4.038E+03	 2.958E+00	 3.397E+00	 3.137E+00	 3.728E-03	-1.906E-01	-7.454E-01	 2.958E+00	 3.728E-03	 0.000E+00	 0.000E+00	 0.000E+00	 1.771E+03	 2.019E+01
   37.2500	 1.704E+00	 2.828E-01	 9.155E+00	 8.879E+02	 2.341E+02	 0.000E+00	 5.556E+03	 5.904E+03	 5.588E+03	-2.145E+03	 2.733E+02	 3.806E+03	 3.012E+00	 3.373E+00	 3.135E+00	 4.198E-02	-2.711E-01	-7.305E-01	 3.012E+00	 4.198E-02	 0.000E+00	 0.000E+00	 0.000E+00	 1.770E+03	 2.017E+01
   37.5000	 1.763E+00	 2.737E-01	 9.156E+00	 8.882E+02	 2.478E+02	 0.000E+00	 5.710E+03	 5.876E+03	 5.512E+03	-2.836E+03	 1.286E+03	 3.364E+03	 3.067E+00	 3.401E+00	 3.082E+00	 1.500E-01	-4.324E-01	-6.552E-01	 3.067E+00	 1.500E-01	 0.000E+00	 0.000E+00	 0.000E+00	 1.772E+03	 2.018E+01
   37.7500	 1.819E+00	 1.300E-01	 9.150E+00	 8.872E+02	 2.616E+02	 0.000E+00	 5.700E+03	 5.960E+03	 5.440E+03	-3.023E+03	 2.262E+03	 2.672E+03	 3.117E+00	 3.425E+00	 3.014E+00	 1.668E-01	-5.564E-01	-5.684E-01	 3.117E+00	 1.668E-01	 0.000E+00	 0.000E+00	 0.000E+00	 1.768E+03	 2.016E+01
   38.0000	 1.856E+00	 1.898E-01	 9.156E+00	 8.886E+02	 2.753E+02	 0.000E+00	 5.808E+03	 5.933E+03	 5.340E+03	-2.740E+03	 2.627E+03	 1.964E+03	 3.178E+00	 3.442E+00	 2.924E+00	 1.117E-01	-5.937E-01	-4.622E-01	 3.178E+00	 1.117E-01	 0.000E+00	 0.000E+00	 0.000E+00	 1.772E+03	 2.017E+01
   38.2500	 1.889E+00	 7.015E-02	 9.149E+00	 8.870E+02	 2.890E+02	 0.000E+00	 5.863E+03	 5.936E+03	 5.241E+03	-2.588E+03	 3.296E+03	 1.163E+03	 3.246E+00	 3.423E+00	 2.849E+00	 8.982E-02	-6.773E-01	-3.585E-01	 3.246E+00	 8.982E-02	 0.000E+00	 0.000E+00	 0.000E+00	 1.768E+03	 2.016E+01
   38.5000	 1.913E+00	 1.219E-01	 9.154E+00	 8.884E+02	 3.027E+02	 0.000E+00	 5.932E+03	 5.866E+03	 5.210E+03	-2.458E+03	 4.045E+03	 2.994E+02	 3.296E+00	 3.403E+00	 2.797E+00	 7.990E-02	-7.880E-01	-2.399E-01	 3.296E+00	 7.990E-02	 0.000E+00	 0.000E+00	 0.000E+00	 1.770E+03	 2.016E+01
   38.7500	 1.933E+00	 4.419E-02	 9.149E+00	 8.872E+02	 3.165E+02	 0.000E+00	 5.947E+03	 5.858E+03	 5.195E+03	-1.773E+03	 4.204E+03	-5.888E+02	 3.337E+00	 3.373E+00	 2.778E+00	-1.647E-02	-7.993E-01	-1.213E-01	 3.337E+00	-1.647E-02	 0.000E+00	 0.000E+00	 0.000E+00	 1.768E+03	 2.016E+01
   39.0000	 1.948E+00	 7.087E-02	 9.151E+00	 8.878E+02	 3.302E+02	 0.000E+00	 5.979E+03	 5.797E+03	 5.233E+03	-8.378E+02	 4.042E+03	-1.299E+03	 3.382E+00	 3.327E+00	 2.790E+00	-1.542E-01	-7.636E-01	-3.413E-02	 3.382E+00	-1.542E-01	 0.000E+00	 0.000E+00	 0.000E+00	 1.769E+03	 2.015E+01
