601 source states/cameras/hashes and all model vertices/axes/UV verified
图集 1230 × 384 纹素(展向 5.0 cm)
第一遍：采样与融合
  帧    0  累计视角 1  (0.11 s/帧)
/Users/eason/Desktop/wfcrl/wind farm RL/outputs/mappo-same-source-texture-20261007-a01/data/engine/blade_recon0.2/texture.py:79: RuntimeWarning: invalid value encountered in cast
  ui = np.clip(np.round(u).astype(int), 0, cam.W - 1)
/Users/eason/Desktop/wfcrl/wind farm RL/outputs/mappo-same-source-texture-20261007-a01/data/engine/blade_recon0.2/texture.py:80: RuntimeWarning: invalid value encountered in cast
  vi = np.clip(np.round(v).astype(int), 0, cam.H - 1)
  帧   10  累计视角 16  (0.19 s/帧)
  帧   20  累计视角 25  (0.16 s/帧)
  帧   30  累计视角 40  (0.17 s/帧)
  帧   40  累计视角 50  (0.16 s/帧)
  帧   60  累计视角 77  (0.17 s/帧)
  帧   70  累计视角 88  (0.16 s/帧)
  帧   80  累计视角 104  (0.17 s/帧)
  帧   90  累计视角 112  (0.16 s/帧)
  帧  100  累计视角 127  (0.17 s/帧)
  帧  110  累计视角 135  (0.16 s/帧)
  帧  120  累计视角 150  (0.17 s/帧)
  帧  130  累计视角 160  (0.17 s/帧)
  帧  140  累计视角 175  (0.17 s/帧)
  帧  150  累计视角 185  (0.17 s/帧)
  帧  170  累计视角 212  (0.17 s/帧)
  帧  180  累计视角 223  (0.17 s/帧)
  帧  190  累计视角 239  (0.17 s/帧)
  帧  200  累计视角 247  (0.17 s/帧)
  帧  210  累计视角 262  (0.17 s/帧)
  帧  220  累计视角 270  (0.17 s/帧)
  帧  230  累计视角 285  (0.17 s/帧)
  帧  240  累计视角 295  (0.17 s/帧)
  帧  250  累计视角 308  (0.17 s/帧)
  帧  260  累计视角 321  (0.17 s/帧)
  帧  270  累计视角 332  (0.17 s/帧)
  帧  280  累计视角 348  (0.17 s/帧)
  帧  290  累计视角 355  (0.17 s/帧)
  帧  300  累计视角 371  (0.17 s/帧)
  帧  310  累计视角 379  (0.17 s/帧)
  帧  320  累计视角 395  (0.17 s/帧)
  帧  330  累计视角 403  (0.17 s/帧)
  帧  340  累计视角 417  (0.17 s/帧)
  帧  350  累计视角 429  (0.17 s/帧)
  帧  360  累计视角 440  (0.17 s/帧)
  帧  370  累计视角 454  (0.17 s/帧)
  帧  380  累计视角 463  (0.17 s/帧)
  帧  390  累计视角 479  (0.17 s/帧)
  帧  400  累计视角 487  (0.17 s/帧)
  帧  410  累计视角 503  (0.17 s/帧)
  帧  420  累计视角 512  (0.17 s/帧)
  帧  430  累计视角 527  (0.17 s/帧)
  帧  440  累计视角 536  (0.17 s/帧)
  帧  460  累计视角 560  (0.17 s/帧)
  帧  470  累计视角 572  (0.17 s/帧)
  帧  480  累计视角 582  (0.17 s/帧)
  帧  490  累计视角 591  (0.17 s/帧)
  帧  500  累计视角 604  (0.17 s/帧)
  帧  510  累计视角 611  (0.17 s/帧)
  帧  520  累计视角 626  (0.17 s/帧)
  帧  530  累计视角 633  (0.17 s/帧)
  帧  540  累计视角 648  (0.17 s/帧)
  帧  550  累计视角 656  (0.17 s/帧)
  帧  570  累计视角 679  (0.17 s/帧)
  帧  580  累计视角 689  (0.17 s/帧)
  帧  590  累计视角 703  (0.17 s/帧)
  帧  600  累计视角 711  (0.17 s/帧)
完成，用时 101 s → /Users/eason/Desktop/wfcrl/wind farm RL/outputs/mappo-same-source-texture-20261007-a01/data/texture
{"asset": "/Users/eason/Desktop/wfcrl/wind farm RL/blender_frontend/wfrl_blender/assets/blade_recon_mappo_tex", "quality": [{"blade": 1, "covered_texels": 182713, "total_texels": 472320, "whole_surface_coverage": 0.38684154810298105, "normalized_gray_min": 55, "normalized_gray_max": 255, "normalized_gray_median": 150.0, "source_sample_count_max": 93, "unobserved_texels_alpha_zero": true}, {"blade": 2, "covered_texels": 183421, "total_texels": 472320, "whole_surface_coverage": 0.3883405318428184, "normalized_gray_min": 54, "normalized_gray_max": 255, "normalized_gray_median": 150.0, "source_sample_count_max": 94, "unobserved_texels_alpha_zero": true}, {"blade": 3, "covered_texels": 182589, "total_texels": 472320, "whole_surface_coverage": 0.3865790142276423, "normalized_gray_min": 52, "normalized_gray_max": 255, "normalized_gray_median": 151.0, "source_sample_count_max": 85, "unobserved_texels_alpha_zero": true}], "files": 9}
same-source texture delivery completed in 110.2 s
