图集 1230 × 384 纹素(展向 5.0 cm)
第一遍：采样与融合
  帧    0  累计视角 1  (0.15 s/帧)
/Users/eason/Desktop/wfcrl/wind farm RL/outputs/mappo-same-source-texture-20261007-a01/data/engine/blade_recon0.2/texture.py:79: RuntimeWarning: invalid value encountered in cast
  ui = np.clip(np.round(u).astype(int), 0, cam.W - 1)
/Users/eason/Desktop/wfcrl/wind farm RL/outputs/mappo-same-source-texture-20261007-a01/data/engine/blade_recon0.2/texture.py:80: RuntimeWarning: invalid value encountered in cast
  vi = np.clip(np.round(v).astype(int), 0, cam.H - 1)
  帧   10  累计视角 16  (0.25 s/帧)
  帧   20  累计视角 25  (0.20 s/帧)
  帧   30  累计视角 40  (0.23 s/帧)
  帧   40  累计视角 50  (0.21 s/帧)
  帧   60  累计视角 77  (0.22 s/帧)
  帧   70  累计视角 88  (0.21 s/帧)
  帧   80  累计视角 104  (0.22 s/帧)
  帧   90  累计视角 112  (0.21 s/帧)
  帧  100  累计视角 127  (0.22 s/帧)
  帧  110  累计视角 135  (0.21 s/帧)
  帧  120  累计视角 150  (0.21 s/帧)
  帧  130  累计视角 160  (0.21 s/帧)
  帧  140  累计视角 175  (0.21 s/帧)
  帧  150  累计视角 185  (0.21 s/帧)
  帧  170  累计视角 212  (0.21 s/帧)
  帧  180  累计视角 223  (0.21 s/帧)
  帧  190  累计视角 239  (0.21 s/帧)
  帧  200  累计视角 247  (0.21 s/帧)
  帧  210  累计视角 262  (0.21 s/帧)
  帧  220  累计视角 270  (0.21 s/帧)
  帧  230  累计视角 285  (0.21 s/帧)
  帧  240  累计视角 295  (0.21 s/帧)
  帧  250  累计视角 308  (0.21 s/帧)
  帧  260  累计视角 321  (0.21 s/帧)
  帧  270  累计视角 332  (0.21 s/帧)
  帧  280  累计视角 348  (0.21 s/帧)
  帧  290  累计视角 355  (0.21 s/帧)
  帧  300  累计视角 371  (0.21 s/帧)
  帧  310  累计视角 379  (0.21 s/帧)
  帧  320  累计视角 395  (0.21 s/帧)
  帧  330  累计视角 403  (0.21 s/帧)
  帧  340  累计视角 417  (0.21 s/帧)
  帧  350  累计视角 429  (0.21 s/帧)
  帧  360  累计视角 440  (0.21 s/帧)
  帧  370  累计视角 454  (0.21 s/帧)
  帧  380  累计视角 463  (0.21 s/帧)
  帧  390  累计视角 479  (0.21 s/帧)
  帧  400  累计视角 487  (0.21 s/帧)
  帧  410  累计视角 503  (0.21 s/帧)
  帧  420  累计视角 512  (0.21 s/帧)
  帧  430  累计视角 527  (0.21 s/帧)
  帧  440  累计视角 536  (0.21 s/帧)
  帧  460  累计视角 560  (0.21 s/帧)
  帧  470  累计视角 572  (0.21 s/帧)
  帧  480  累计视角 582  (0.21 s/帧)
  帧  490  累计视角 591  (0.21 s/帧)
  帧  500  累计视角 604  (0.21 s/帧)
  帧  510  累计视角 611  (0.21 s/帧)
  帧  520  累计视角 626  (0.21 s/帧)
  帧  530  累计视角 633  (0.21 s/帧)
  帧  540  累计视角 648  (0.21 s/帧)
  帧  550  累计视角 656  (0.21 s/帧)
  帧  570  累计视角 679  (0.21 s/帧)
  帧  580  累计视角 689  (0.21 s/帧)
  帧  590  累计视角 703  (0.21 s/帧)
  帧  600  累计视角 711  (0.21 s/帧)
完成，用时 126 s → outputs/mappo-same-source-texture-20261007-a01/data/texture-diagnostic-repeat
