00:12.650  render           | Saved: '/Users/eason/Desktop/wfcrl/wind farm RL/evidence/cinematic-fix/front.png'
00:14.212  render           | Saved: '/Users/eason/Desktop/wfcrl/wind farm RL/evidence/cinematic-fix/random-frames/000.png'
00:15.473  render           | Saved: '/Users/eason/Desktop/wfcrl/wind farm RL/evidence/cinematic-fix/random-frames/001.png'
00:16.710  render           | Saved: '/Users/eason/Desktop/wfcrl/wind farm RL/evidence/cinematic-fix/random-frames/002.png'
00:17.984  render           | Saved: '/Users/eason/Desktop/wfcrl/wind farm RL/evidence/cinematic-fix/random-frames/003.png'
00:19.273  render           | Saved: '/Users/eason/Desktop/wfcrl/wind farm RL/evidence/cinematic-fix/random-frames/004.png'
00:20.517  render           | Saved: '/Users/eason/Desktop/wfcrl/wind farm RL/evidence/cinematic-fix/random-frames/005.png'
00:21.791  render           | Saved: '/Users/eason/Desktop/wfcrl/wind farm RL/evidence/cinematic-fix/random-frames/006.png'
00:23.065  render           | Saved: '/Users/eason/Desktop/wfcrl/wind farm RL/evidence/cinematic-fix/random-frames/007.png'
00:24.347  render           | Saved: '/Users/eason/Desktop/wfcrl/wind farm RL/evidence/cinematic-fix/random-frames/008.png'
00:25.667  render           | Saved: '/Users/eason/Desktop/wfcrl/wind farm RL/evidence/cinematic-fix/random-frames/009.png'
00:27.067  render           | Saved: '/Users/eason/Desktop/wfcrl/wind farm RL/evidence/cinematic-fix/random-frames/010.png'
00:28.541  render           | Saved: '/Users/eason/Desktop/wfcrl/wind farm RL/evidence/cinematic-fix/random-frames/011.png'
00:29.872  render           | Saved: '/Users/eason/Desktop/wfcrl/wind farm RL/evidence/cinematic-fix/random-frames/012.png'
00:31.215  render           | Saved: '/Users/eason/Desktop/wfcrl/wind farm RL/evidence/cinematic-fix/random-frames/013.png'
00:32.557  render           | Saved: '/Users/eason/Desktop/wfcrl/wind farm RL/evidence/cinematic-fix/random-frames/014.png'
00:33.940  render           | Saved: '/Users/eason/Desktop/wfcrl/wind farm RL/evidence/cinematic-fix/random-frames/015.png'
00:35.279  render           | Saved: '/Users/eason/Desktop/wfcrl/wind farm RL/evidence/cinematic-fix/random-frames/016.png'
00:36.529  render           | Saved: '/Users/eason/Desktop/wfcrl/wind farm RL/evidence/cinematic-fix/random-frames/017.png'
00:37.799  render           | Saved: '/Users/eason/Desktop/wfcrl/wind farm RL/evidence/cinematic-fix/random-frames/018.png'
00:39.101  render           | Saved: '/Users/eason/Desktop/wfcrl/wind farm RL/evidence/cinematic-fix/random-frames/019.png'
00:40.422  render           | Saved: '/Users/eason/Desktop/wfcrl/wind farm RL/evidence/cinematic-fix/random-frames/020.png'
00:41.826  render           | Saved: '/Users/eason/Desktop/wfcrl/wind farm RL/evidence/cinematic-fix/random-frames/021.png'
00:43.241  render           | Saved: '/Users/eason/Desktop/wfcrl/wind farm RL/evidence/cinematic-fix/random-frames/022.png'
00:44.586  render           | Saved: '/Users/eason/Desktop/wfcrl/wind farm RL/evidence/cinematic-fix/random-frames/023.png'
00:45.904  render           | Saved: '/Users/eason/Desktop/wfcrl/wind farm RL/evidence/cinematic-fix/random-frames/024.png'
00:47.220  render           | Saved: '/Users/eason/Desktop/wfcrl/wind farm RL/evidence/cinematic-fix/random-frames/025.png'
00:48.534  render           | Saved: '/Users/eason/Desktop/wfcrl/wind farm RL/evidence/cinematic-fix/random-frames/026.png'
00:49.852  render           | Saved: '/Users/eason/Desktop/wfcrl/wind farm RL/evidence/cinematic-fix/random-frames/027.png'
00:51.193  render           | Saved: '/Users/eason/Desktop/wfcrl/wind farm RL/evidence/cinematic-fix/random-frames/028.png'
00:52.515  render           | Saved: '/Users/eason/Desktop/wfcrl/wind farm RL/evidence/cinematic-fix/random-frames/029.png'
00:53.849  render           | Saved: '/Users/eason/Desktop/wfcrl/wind farm RL/evidence/cinematic-fix/random-frames/030.png'
00:55.202  render           | Saved: '/Users/eason/Desktop/wfcrl/wind farm RL/evidence/cinematic-fix/random-frames/031.png'
00:56.544  render           | Saved: '/Users/eason/Desktop/wfcrl/wind farm RL/evidence/cinematic-fix/random-frames/032.png'
00:57.877  render           | Saved: '/Users/eason/Desktop/wfcrl/wind farm RL/evidence/cinematic-fix/random-frames/033.png'
00:59.226  render           | Saved: '/Users/eason/Desktop/wfcrl/wind farm RL/evidence/cinematic-fix/random-frames/034.png'
01:00.574  render           | Saved: '/Users/eason/Desktop/wfcrl/wind farm RL/evidence/cinematic-fix/random-frames/035.png'
01:01.914  render           | Saved: '/Users/eason/Desktop/wfcrl/wind farm RL/evidence/cinematic-fix/random-frames/036.png'
01:03.274  render           | Saved: '/Users/eason/Desktop/wfcrl/wind farm RL/evidence/cinematic-fix/random-frames/037.png'
01:04.643  render           | Saved: '/Users/eason/Desktop/wfcrl/wind farm RL/evidence/cinematic-fix/random-frames/038.png'
01:05.975  render           | Saved: '/Users/eason/Desktop/wfcrl/wind farm RL/evidence/cinematic-fix/random-frames/039.png'
01:07.370  render           | Saved: '/Users/eason/Desktop/wfcrl/wind farm RL/evidence/cinematic-fix/random-frames/040.png'
01:08.739  render           | Saved: '/Users/eason/Desktop/wfcrl/wind farm RL/evidence/cinematic-fix/random-frames/041.png'
01:10.071  render           | Saved: '/Users/eason/Desktop/wfcrl/wind farm RL/evidence/cinematic-fix/random-frames/042.png'
01:11.448  render           | Saved: '/Users/eason/Desktop/wfcrl/wind farm RL/evidence/cinematic-fix/random-frames/043.png'
01:12.844  render           | Saved: '/Users/eason/Desktop/wfcrl/wind farm RL/evidence/cinematic-fix/random-frames/044.png'
01:14.210  render           | Saved: '/Users/eason/Desktop/wfcrl/wind farm RL/evidence/cinematic-fix/random-frames/045.png'
01:15.558  render           | Saved: '/Users/eason/Desktop/wfcrl/wind farm RL/evidence/cinematic-fix/random-frames/046.png'
01:16.865  render           | Saved: '/Users/eason/Desktop/wfcrl/wind farm RL/evidence/cinematic-fix/random-frames/047.png'
Info: Saved as "preview.blend"
CINEMATIC_RENDER_REVIEW=PASS
Blender 5.2.1 LTS (hash 9e2066aef7ef built 2026-08-25 01:35:57)

Blender quit
