REAL_TRAINING_STARTED
PROGRESS 1 CONNECTED READY step None
PROGRESS 50 CONNECTED RUNNING step 2
Info: Saved wfrl-1788873769840946000.png
PROGRESS 70 CONNECTED RUNNING step 20
PROGRESS 90 CONNECTED RUNNING step 36
PROGRESS 110 CONNECTED RUNNING step 51
PROGRESS 130 CONNECTED RUNNING step 64
PROGRESS 150 CONNECTED RUNNING step 76
PROGRESS 171 CONNECTED RUNNING step 87
STOP_REQUESTED
PROGRESS 191 CONNECTED DRAINING step 92
PROGRESS 211 CONNECTED DRAINING step 92
PROGRESS 231 CONNECTED DRAINING step 92
PROGRESS 251 CONNECTED DRAINING step 92
PROGRESS 271 CONNECTED DRAINING step 92
PROGRESS 291 CONNECTED DRAINING step 92
ACCEPTANCE_RESULT False
05:01.708  blend            | Saved session recovery to "/var/folders/9w/yltr8zcx3gxb3rs6lr0kxwth0000gn/T/quit.blend"

Blender quit
