
 **************************************************************************************************
 OpenFAST

 Copyright (C) 2024 National Renewable Energy Laboratory
 Copyright (C) 2024 Envision Energy USA LTD

 This program is licensed under Apache License Version 2.0 and comes with ABSOLUTELY NO WARRANTY.
 See the "LICENSE" file distributed with this software for details.
 **************************************************************************************************

 OpenFAST-v3.5.3-dirty
 Compile Info:
  - Compiler: GCC version 12.3.0
  - Architecture: 64 bit
  - Precision: single
  - OpenMP: Yes, number of threads: 1/1
  - Date: Apr 26 2024
  - Time: 16:41:09
 Execution Info:
  - Date: 09/18/2026
  - Time: 00:19:14+0800

 OpenFAST input file heading:
     FAST          Certification - Test #26: NREL 5.0 MW Baseline Wind Turbine (Onshore)

 Running ElastoDyn.
 Nodal outputs section of ElastoDyn input file not found or improperly formatted.
 Running BeamDyn.
 Nodal outputs section of BeamDyn input file not found or improperly formatted.
 Running BeamDyn.
 Nodal outputs section of BeamDyn input file not found or improperly formatted.
 Running BeamDyn.
 Nodal outputs section of BeamDyn input file not found or improperly formatted.
 Running AeroDyn.
 Running InflowWind.

 FAST_InitializeAll:InflowWind_Init:Steady_ValidateInput: Horizontal wind speed (HWindSpeed) for
 steady winds must be greater than zero.

 OpenFAST encountered an error during module initialization.
  Simulation error level: FATAL ERROR

  Aborting OpenFAST.

