00:00.393  blend            | Read blend: "/Users/eason/Desktop/wfcrl/wind farm RL/evidence/lidar-frontend/clearance-demo.blend"
BLADE_FLEX_PREVIEW_READY
00:05.403  render           | Saved: '/Users/eason/Desktop/wfcrl/wind farm RL/evidence/blade-flex-short/down.png'
00:05.733  render           | Saved: '/Users/eason/Desktop/wfcrl/wind farm RL/evidence/blade-flex-short/overview.png'
00:06.007  render           | Saved: '/Users/eason/Desktop/wfcrl/wind farm RL/evidence/blade-flex-short/frames/0157.png'
00:06.276  render           | Saved: '/Users/eason/Desktop/wfcrl/wind farm RL/evidence/blade-flex-short/frames/0158.png'
00:06.539  render           | Saved: '/Users/eason/Desktop/wfcrl/wind farm RL/evidence/blade-flex-short/frames/0159.png'
00:06.804  render           | Saved: '/Users/eason/Desktop/wfcrl/wind farm RL/evidence/blade-flex-short/frames/0160.png'
00:07.068  render           | Saved: '/Users/eason/Desktop/wfcrl/wind farm RL/evidence/blade-flex-short/frames/0161.png'
00:07.330  render           | Saved: '/Users/eason/Desktop/wfcrl/wind farm RL/evidence/blade-flex-short/frames/0162.png'
00:07.597  render           | Saved: '/Users/eason/Desktop/wfcrl/wind farm RL/evidence/blade-flex-short/frames/0163.png'
00:07.859  render           | Saved: '/Users/eason/Desktop/wfcrl/wind farm RL/evidence/blade-flex-short/frames/0164.png'
00:08.124  render           | Saved: '/Users/eason/Desktop/wfcrl/wind farm RL/evidence/blade-flex-short/frames/0165.png'
00:08.386  render           | Saved: '/Users/eason/Desktop/wfcrl/wind farm RL/evidence/blade-flex-short/frames/0166.png'
00:08.648  render           | Saved: '/Users/eason/Desktop/wfcrl/wind farm RL/evidence/blade-flex-short/frames/0167.png'
00:08.914  render           | Saved: '/Users/eason/Desktop/wfcrl/wind farm RL/evidence/blade-flex-short/frames/0168.png'
00:09.179  render           | Saved: '/Users/eason/Desktop/wfcrl/wind farm RL/evidence/blade-flex-short/frames/0169.png'
00:09.445  render           | Saved: '/Users/eason/Desktop/wfcrl/wind farm RL/evidence/blade-flex-short/frames/0170.png'
00:09.710  render           | Saved: '/Users/eason/Desktop/wfcrl/wind farm RL/evidence/blade-flex-short/frames/0171.png'
00:09.978  render           | Saved: '/Users/eason/Desktop/wfcrl/wind farm RL/evidence/blade-flex-short/frames/0172.png'
00:10.246  render           | Saved: '/Users/eason/Desktop/wfcrl/wind farm RL/evidence/blade-flex-short/frames/0173.png'
00:10.513  render           | Saved: '/Users/eason/Desktop/wfcrl/wind farm RL/evidence/blade-flex-short/frames/0174.png'
00:10.777  render           | Saved: '/Users/eason/Desktop/wfcrl/wind farm RL/evidence/blade-flex-short/frames/0175.png'
00:11.044  render           | Saved: '/Users/eason/Desktop/wfcrl/wind farm RL/evidence/blade-flex-short/frames/0176.png'
00:11.305  render           | Saved: '/Users/eason/Desktop/wfcrl/wind farm RL/evidence/blade-flex-short/frames/0177.png'
00:11.572  render           | Saved: '/Users/eason/Desktop/wfcrl/wind farm RL/evidence/blade-flex-short/frames/0178.png'
00:11.840  render           | Saved: '/Users/eason/Desktop/wfcrl/wind farm RL/evidence/blade-flex-short/frames/0179.png'
00:12.102  render           | Saved: '/Users/eason/Desktop/wfcrl/wind farm RL/evidence/blade-flex-short/frames/0180.png'
00:12.368  render           | Saved: '/Users/eason/Desktop/wfcrl/wind farm RL/evidence/blade-flex-short/frames/0181.png'
00:12.632  render           | Saved: '/Users/eason/Desktop/wfcrl/wind farm RL/evidence/blade-flex-short/frames/0182.png'
00:12.903  render           | Saved: '/Users/eason/Desktop/wfcrl/wind farm RL/evidence/blade-flex-short/frames/0183.png'
00:13.177  render           | Saved: '/Users/eason/Desktop/wfcrl/wind farm RL/evidence/blade-flex-short/frames/0184.png'
00:13.446  render           | Saved: '/Users/eason/Desktop/wfcrl/wind farm RL/evidence/blade-flex-short/frames/0185.png'
00:13.712  render           | Saved: '/Users/eason/Desktop/wfcrl/wind farm RL/evidence/blade-flex-short/frames/0186.png'
00:13.985  render           | Saved: '/Users/eason/Desktop/wfcrl/wind farm RL/evidence/blade-flex-short/frames/0187.png'
00:14.254  render           | Saved: '/Users/eason/Desktop/wfcrl/wind farm RL/evidence/blade-flex-short/frames/0188.png'
00:14.518  render           | Saved: '/Users/eason/Desktop/wfcrl/wind farm RL/evidence/blade-flex-short/frames/0189.png'
00:14.790  render           | Saved: '/Users/eason/Desktop/wfcrl/wind farm RL/evidence/blade-flex-short/frames/0190.png'
00:15.060  render           | Saved: '/Users/eason/Desktop/wfcrl/wind farm RL/evidence/blade-flex-short/frames/0191.png'
00:15.326  render           | Saved: '/Users/eason/Desktop/wfcrl/wind farm RL/evidence/blade-flex-short/frames/0192.png'
00:15.588  render           | Saved: '/Users/eason/Desktop/wfcrl/wind farm RL/evidence/blade-flex-short/frames/0193.png'
00:15.851  render           | Saved: '/Users/eason/Desktop/wfcrl/wind farm RL/evidence/blade-flex-short/frames/0194.png'
00:16.118  render           | Saved: '/Users/eason/Desktop/wfcrl/wind farm RL/evidence/blade-flex-short/frames/0195.png'
00:16.382  render           | Saved: '/Users/eason/Desktop/wfcrl/wind farm RL/evidence/blade-flex-short/frames/0196.png'
00:16.647  render           | Saved: '/Users/eason/Desktop/wfcrl/wind farm RL/evidence/blade-flex-short/frames/0197.png'
00:16.913  render           | Saved: '/Users/eason/Desktop/wfcrl/wind farm RL/evidence/blade-flex-short/frames/0198.png'
00:17.181  render           | Saved: '/Users/eason/Desktop/wfcrl/wind farm RL/evidence/blade-flex-short/frames/0199.png'
00:17.445  render           | Saved: '/Users/eason/Desktop/wfcrl/wind farm RL/evidence/blade-flex-short/frames/0200.png'
00:17.710  render           | Saved: '/Users/eason/Desktop/wfcrl/wind farm RL/evidence/blade-flex-short/frames/0201.png'
00:17.977  render           | Saved: '/Users/eason/Desktop/wfcrl/wind farm RL/evidence/blade-flex-short/frames/0202.png'
00:18.242  render           | Saved: '/Users/eason/Desktop/wfcrl/wind farm RL/evidence/blade-flex-short/frames/0203.png'
00:18.511  render           | Saved: '/Users/eason/Desktop/wfcrl/wind farm RL/evidence/blade-flex-short/frames/0204.png'
00:18.785  render           | Saved: '/Users/eason/Desktop/wfcrl/wind farm RL/evidence/blade-flex-short/frames/0205.png'
00:19.057  render           | Saved: '/Users/eason/Desktop/wfcrl/wind farm RL/evidence/blade-flex-short/frames/0206.png'
00:19.379  render           | Saved: '/Users/eason/Desktop/wfcrl/wind farm RL/evidence/blade-flex-short/frames/0207.png'
00:19.643  render           | Saved: '/Users/eason/Desktop/wfcrl/wind farm RL/evidence/blade-flex-short/frames/0208.png'
00:19.905  render           | Saved: '/Users/eason/Desktop/wfcrl/wind farm RL/evidence/blade-flex-short/frames/0209.png'
00:20.143  render           | Saved: '/Users/eason/Desktop/wfcrl/wind farm RL/evidence/blade-flex-short/frames/0210.png'
00:20.426  render           | Saved: '/Users/eason/Desktop/wfcrl/wind farm RL/evidence/blade-flex-short/frames/0211.png'
00:20.711  render           | Saved: '/Users/eason/Desktop/wfcrl/wind farm RL/evidence/blade-flex-short/frames/0212.png'
00:21.018  render           | Saved: '/Users/eason/Desktop/wfcrl/wind farm RL/evidence/blade-flex-short/frames/0213.png'
00:21.343  render           | Saved: '/Users/eason/Desktop/wfcrl/wind farm RL/evidence/blade-flex-short/frames/0214.png'
00:21.634  render           | Saved: '/Users/eason/Desktop/wfcrl/wind farm RL/evidence/blade-flex-short/frames/0215.png'
00:21.924  render           | Saved: '/Users/eason/Desktop/wfcrl/wind farm RL/evidence/blade-flex-short/frames/0216.png'
00:22.216  render           | Saved: '/Users/eason/Desktop/wfcrl/wind farm RL/evidence/blade-flex-short/frames/0217.png'
00:22.508  render           | Saved: '/Users/eason/Desktop/wfcrl/wind farm RL/evidence/blade-flex-short/frames/0218.png'
00:22.802  render           | Saved: '/Users/eason/Desktop/wfcrl/wind farm RL/evidence/blade-flex-short/frames/0219.png'
00:23.104  render           | Saved: '/Users/eason/Desktop/wfcrl/wind farm RL/evidence/blade-flex-short/frames/0220.png'
00:23.444  render           | Saved: '/Users/eason/Desktop/wfcrl/wind farm RL/evidence/blade-flex-short/frames/0221.png'
00:23.740  render           | Saved: '/Users/eason/Desktop/wfcrl/wind farm RL/evidence/blade-flex-short/frames/0222.png'
00:24.037  render           | Saved: '/Users/eason/Desktop/wfcrl/wind farm RL/evidence/blade-flex-short/frames/0223.png'
00:24.330  render           | Saved: '/Users/eason/Desktop/wfcrl/wind farm RL/evidence/blade-flex-short/frames/0224.png'
00:24.627  render           | Saved: '/Users/eason/Desktop/wfcrl/wind farm RL/evidence/blade-flex-short/frames/0225.png'
00:24.919  render           | Saved: '/Users/eason/Desktop/wfcrl/wind farm RL/evidence/blade-flex-short/frames/0226.png'
00:25.216  render           | Saved: '/Users/eason/Desktop/wfcrl/wind farm RL/evidence/blade-flex-short/frames/0227.png'
00:25.527  render           | Saved: '/Users/eason/Desktop/wfcrl/wind farm RL/evidence/blade-flex-short/frames/0228.png'
00:25.843  render           | Saved: '/Users/eason/Desktop/wfcrl/wind farm RL/evidence/blade-flex-short/frames/0229.png'
00:26.139  render           | Saved: '/Users/eason/Desktop/wfcrl/wind farm RL/evidence/blade-flex-short/frames/0230.png'
00:26.435  render           | Saved: '/Users/eason/Desktop/wfcrl/wind farm RL/evidence/blade-flex-short/frames/0231.png'
00:26.732  render           | Saved: '/Users/eason/Desktop/wfcrl/wind farm RL/evidence/blade-flex-short/frames/0232.png'
00:27.029  render           | Saved: '/Users/eason/Desktop/wfcrl/wind farm RL/evidence/blade-flex-short/frames/0233.png'
00:27.334  render           | Saved: '/Users/eason/Desktop/wfcrl/wind farm RL/evidence/blade-flex-short/frames/0234.png'
00:27.675  render           | Saved: '/Users/eason/Desktop/wfcrl/wind farm RL/evidence/blade-flex-short/frames/0235.png'
00:28.022  render           | Saved: '/Users/eason/Desktop/wfcrl/wind farm RL/evidence/blade-flex-short/frames/0236.png'
00:28.327  render           | Saved: '/Users/eason/Desktop/wfcrl/wind farm RL/evidence/blade-flex-short/frames/0237.png'
00:28.619  render           | Saved: '/Users/eason/Desktop/wfcrl/wind farm RL/evidence/blade-flex-short/frames/0238.png'
00:28.920  render           | Saved: '/Users/eason/Desktop/wfcrl/wind farm RL/evidence/blade-flex-short/frames/0239.png'
00:29.213  render           | Saved: '/Users/eason/Desktop/wfcrl/wind farm RL/evidence/blade-flex-short/frames/0240.png'
00:29.504  render           | Saved: '/Users/eason/Desktop/wfcrl/wind farm RL/evidence/blade-flex-short/frames/0241.png'
00:29.810  render           | Saved: '/Users/eason/Desktop/wfcrl/wind farm RL/evidence/blade-flex-short/frames/0242.png'
00:30.163  render           | Saved: '/Users/eason/Desktop/wfcrl/wind farm RL/evidence/blade-flex-short/frames/0243.png'
00:30.459  render           | Saved: '/Users/eason/Desktop/wfcrl/wind farm RL/evidence/blade-flex-short/frames/0244.png'
00:30.748  render           | Saved: '/Users/eason/Desktop/wfcrl/wind farm RL/evidence/blade-flex-short/frames/0245.png'
00:31.041  render           | Saved: '/Users/eason/Desktop/wfcrl/wind farm RL/evidence/blade-flex-short/frames/0246.png'
00:31.326  render           | Saved: '/Users/eason/Desktop/wfcrl/wind farm RL/evidence/blade-flex-short/frames/0247.png'
00:31.612  render           | Saved: '/Users/eason/Desktop/wfcrl/wind farm RL/evidence/blade-flex-short/frames/0248.png'
00:31.908  render           | Saved: '/Users/eason/Desktop/wfcrl/wind farm RL/evidence/blade-flex-short/frames/0249.png'
00:32.252  render           | Saved: '/Users/eason/Desktop/wfcrl/wind farm RL/evidence/blade-flex-short/frames/0250.png'
00:32.565  render           | Saved: '/Users/eason/Desktop/wfcrl/wind farm RL/evidence/blade-flex-short/frames/0251.png'
00:32.860  render           | Saved: '/Users/eason/Desktop/wfcrl/wind farm RL/evidence/blade-flex-short/frames/0252.png'
00:33.158  render           | Saved: '/Users/eason/Desktop/wfcrl/wind farm RL/evidence/blade-flex-short/frames/0253.png'
00:33.450  render           | Saved: '/Users/eason/Desktop/wfcrl/wind farm RL/evidence/blade-flex-short/frames/0254.png'
00:33.748  render           | Saved: '/Users/eason/Desktop/wfcrl/wind farm RL/evidence/blade-flex-short/frames/0255.png'
00:34.046  render           | Saved: '/Users/eason/Desktop/wfcrl/wind farm RL/evidence/blade-flex-short/frames/0256.png'
00:34.359  render           | Saved: '/Users/eason/Desktop/wfcrl/wind farm RL/evidence/blade-flex-short/frames/0257.png'
00:34.695  render           | Saved: '/Users/eason/Desktop/wfcrl/wind farm RL/evidence/blade-flex-short/frames/0258.png'
00:34.991  render           | Saved: '/Users/eason/Desktop/wfcrl/wind farm RL/evidence/blade-flex-short/frames/0259.png'
00:35.281  render           | Saved: '/Users/eason/Desktop/wfcrl/wind farm RL/evidence/blade-flex-short/frames/0260.png'
00:35.573  render           | Saved: '/Users/eason/Desktop/wfcrl/wind farm RL/evidence/blade-flex-short/frames/0261.png'
00:35.866  render           | Saved: '/Users/eason/Desktop/wfcrl/wind farm RL/evidence/blade-flex-short/frames/0262.png'
00:36.164  render           | Saved: '/Users/eason/Desktop/wfcrl/wind farm RL/evidence/blade-flex-short/frames/0263.png'
00:36.469  render           | Saved: '/Users/eason/Desktop/wfcrl/wind farm RL/evidence/blade-flex-short/frames/0264.png'
00:36.795  render           | Saved: '/Users/eason/Desktop/wfcrl/wind farm RL/evidence/blade-flex-short/frames/0265.png'
00:37.118  render           | Saved: '/Users/eason/Desktop/wfcrl/wind farm RL/evidence/blade-flex-short/frames/0266.png'
00:37.423  render           | Saved: '/Users/eason/Desktop/wfcrl/wind farm RL/evidence/blade-flex-short/frames/0267.png'
00:37.718  render           | Saved: '/Users/eason/Desktop/wfcrl/wind farm RL/evidence/blade-flex-short/frames/0268.png'
00:38.025  render           | Saved: '/Users/eason/Desktop/wfcrl/wind farm RL/evidence/blade-flex-short/frames/0269.png'
00:38.348  render           | Saved: '/Users/eason/Desktop/wfcrl/wind farm RL/evidence/blade-flex-short/frames/0270.png'
00:38.612  render           | Saved: '/Users/eason/Desktop/wfcrl/wind farm RL/evidence/blade-flex-short/frames/0271.png'
00:38.858  render           | Saved: '/Users/eason/Desktop/wfcrl/wind farm RL/evidence/blade-flex-short/frames/0272.png'
00:39.102  render           | Saved: '/Users/eason/Desktop/wfcrl/wind farm RL/evidence/blade-flex-short/frames/0273.png'
00:39.347  render           | Saved: '/Users/eason/Desktop/wfcrl/wind farm RL/evidence/blade-flex-short/frames/0274.png'
00:39.601  render           | Saved: '/Users/eason/Desktop/wfcrl/wind farm RL/evidence/blade-flex-short/frames/0275.png'
00:39.854  render           | Saved: '/Users/eason/Desktop/wfcrl/wind farm RL/evidence/blade-flex-short/frames/0276.png'
00:40.101  render           | Saved: '/Users/eason/Desktop/wfcrl/wind farm RL/evidence/blade-flex-short/frames/0277.png'
00:40.397  render           | Saved: '/Users/eason/Desktop/wfcrl/wind farm RL/evidence/blade-flex-short/frames/0278.png'
00:40.673  render           | Saved: '/Users/eason/Desktop/wfcrl/wind farm RL/evidence/blade-flex-short/frames/0279.png'
00:40.940  render           | Saved: '/Users/eason/Desktop/wfcrl/wind farm RL/evidence/blade-flex-short/frames/0280.png'
00:41.208  render           | Saved: '/Users/eason/Desktop/wfcrl/wind farm RL/evidence/blade-flex-short/frames/0281.png'
00:41.484  render           | Saved: '/Users/eason/Desktop/wfcrl/wind farm RL/evidence/blade-flex-short/frames/0282.png'
00:41.758  render           | Saved: '/Users/eason/Desktop/wfcrl/wind farm RL/evidence/blade-flex-short/frames/0283.png'
00:42.027  render           | Saved: '/Users/eason/Desktop/wfcrl/wind farm RL/evidence/blade-flex-short/frames/0284.png'
00:42.300  render           | Saved: '/Users/eason/Desktop/wfcrl/wind farm RL/evidence/blade-flex-short/frames/0285.png'
00:42.562  render           | Saved: '/Users/eason/Desktop/wfcrl/wind farm RL/evidence/blade-flex-short/frames/0286.png'
00:42.827  render           | Saved: '/Users/eason/Desktop/wfcrl/wind farm RL/evidence/blade-flex-short/frames/0287.png'
00:43.107  render           | Saved: '/Users/eason/Desktop/wfcrl/wind farm RL/evidence/blade-flex-short/frames/0288.png'
00:43.382  render           | Saved: '/Users/eason/Desktop/wfcrl/wind farm RL/evidence/blade-flex-short/frames/0289.png'
00:43.651  render           | Saved: '/Users/eason/Desktop/wfcrl/wind farm RL/evidence/blade-flex-short/frames/0290.png'
00:43.920  render           | Saved: '/Users/eason/Desktop/wfcrl/wind farm RL/evidence/blade-flex-short/frames/0291.png'
00:44.188  render           | Saved: '/Users/eason/Desktop/wfcrl/wind farm RL/evidence/blade-flex-short/frames/0292.png'
00:44.459  render           | Saved: '/Users/eason/Desktop/wfcrl/wind farm RL/evidence/blade-flex-short/frames/0293.png'
00:44.731  render           | Saved: '/Users/eason/Desktop/wfcrl/wind farm RL/evidence/blade-flex-short/frames/0294.png'
00:45.008  render           | Saved: '/Users/eason/Desktop/wfcrl/wind farm RL/evidence/blade-flex-short/frames/0295.png'
00:45.281  render           | Saved: '/Users/eason/Desktop/wfcrl/wind farm RL/evidence/blade-flex-short/frames/0296.png'
00:45.551  render           | Saved: '/Users/eason/Desktop/wfcrl/wind farm RL/evidence/blade-flex-short/frames/0297.png'
00:45.818  render           | Saved: '/Users/eason/Desktop/wfcrl/wind farm RL/evidence/blade-flex-short/frames/0298.png'
00:46.086  render           | Saved: '/Users/eason/Desktop/wfcrl/wind farm RL/evidence/blade-flex-short/frames/0299.png'
00:46.361  render           | Saved: '/Users/eason/Desktop/wfcrl/wind farm RL/evidence/blade-flex-short/frames/0300.png'
00:46.630  render           | Saved: '/Users/eason/Desktop/wfcrl/wind farm RL/evidence/blade-flex-short/frames/0301.png'
00:46.898  render           | Saved: '/Users/eason/Desktop/wfcrl/wind farm RL/evidence/blade-flex-short/frames/0302.png'
00:47.161  render           | Saved: '/Users/eason/Desktop/wfcrl/wind farm RL/evidence/blade-flex-short/frames/0303.png'
00:47.429  render           | Saved: '/Users/eason/Desktop/wfcrl/wind farm RL/evidence/blade-flex-short/frames/0304.png'
00:47.692  render           | Saved: '/Users/eason/Desktop/wfcrl/wind farm RL/evidence/blade-flex-short/frames/0305.png'
00:47.955  render           | Saved: '/Users/eason/Desktop/wfcrl/wind farm RL/evidence/blade-flex-short/frames/0306.png'
00:48.223  render           | Saved: '/Users/eason/Desktop/wfcrl/wind farm RL/evidence/blade-flex-short/frames/0307.png'
00:48.504  render           | Saved: '/Users/eason/Desktop/wfcrl/wind farm RL/evidence/blade-flex-short/frames/0308.png'
00:48.785  render           | Saved: '/Users/eason/Desktop/wfcrl/wind farm RL/evidence/blade-flex-short/frames/0309.png'
00:49.065  render           | Saved: '/Users/eason/Desktop/wfcrl/wind farm RL/evidence/blade-flex-short/frames/0310.png'
00:49.339  render           | Saved: '/Users/eason/Desktop/wfcrl/wind farm RL/evidence/blade-flex-short/frames/0311.png'
00:49.606  render           | Saved: '/Users/eason/Desktop/wfcrl/wind farm RL/evidence/blade-flex-short/frames/0312.png'
00:49.876  render           | Saved: '/Users/eason/Desktop/wfcrl/wind farm RL/evidence/blade-flex-short/frames/0313.png'
00:50.147  render           | Saved: '/Users/eason/Desktop/wfcrl/wind farm RL/evidence/blade-flex-short/frames/0314.png'
00:50.418  render           | Saved: '/Users/eason/Desktop/wfcrl/wind farm RL/evidence/blade-flex-short/frames/0315.png'
00:50.684  render           | Saved: '/Users/eason/Desktop/wfcrl/wind farm RL/evidence/blade-flex-short/frames/0316.png'
00:50.950  render           | Saved: '/Users/eason/Desktop/wfcrl/wind farm RL/evidence/blade-flex-short/frames/0317.png'
00:51.214  render           | Saved: '/Users/eason/Desktop/wfcrl/wind farm RL/evidence/blade-flex-short/frames/0318.png'
00:51.479  render           | Saved: '/Users/eason/Desktop/wfcrl/wind farm RL/evidence/blade-flex-short/frames/0319.png'
00:51.741  render           | Saved: '/Users/eason/Desktop/wfcrl/wind farm RL/evidence/blade-flex-short/frames/0320.png'
00:52.005  render           | Saved: '/Users/eason/Desktop/wfcrl/wind farm RL/evidence/blade-flex-short/frames/0321.png'
00:52.271  render           | Saved: '/Users/eason/Desktop/wfcrl/wind farm RL/evidence/blade-flex-short/frames/0322.png'
00:52.537  render           | Saved: '/Users/eason/Desktop/wfcrl/wind farm RL/evidence/blade-flex-short/frames/0323.png'
00:52.802  render           | Saved: '/Users/eason/Desktop/wfcrl/wind farm RL/evidence/blade-flex-short/frames/0324.png'
00:53.071  render           | Saved: '/Users/eason/Desktop/wfcrl/wind farm RL/evidence/blade-flex-short/frames/0325.png'
00:53.343  render           | Saved: '/Users/eason/Desktop/wfcrl/wind farm RL/evidence/blade-flex-short/frames/0326.png'
00:53.614  render           | Saved: '/Users/eason/Desktop/wfcrl/wind farm RL/evidence/blade-flex-short/frames/0327.png'
00:53.890  render           | Saved: '/Users/eason/Desktop/wfcrl/wind farm RL/evidence/blade-flex-short/frames/0328.png'
00:54.162  render           | Saved: '/Users/eason/Desktop/wfcrl/wind farm RL/evidence/blade-flex-short/frames/0329.png'
00:54.436  render           | Saved: '/Users/eason/Desktop/wfcrl/wind farm RL/evidence/blade-flex-short/frames/0330.png'
00:54.713  render           | Saved: '/Users/eason/Desktop/wfcrl/wind farm RL/evidence/blade-flex-short/frames/0331.png'
00:54.983  render           | Saved: '/Users/eason/Desktop/wfcrl/wind farm RL/evidence/blade-flex-short/frames/0332.png'
00:55.255  render           | Saved: '/Users/eason/Desktop/wfcrl/wind farm RL/evidence/blade-flex-short/frames/0333.png'
00:55.531  render           | Saved: '/Users/eason/Desktop/wfcrl/wind farm RL/evidence/blade-flex-short/frames/0334.png'
00:55.802  render           | Saved: '/Users/eason/Desktop/wfcrl/wind farm RL/evidence/blade-flex-short/frames/0335.png'
00:56.074  render           | Saved: '/Users/eason/Desktop/wfcrl/wind farm RL/evidence/blade-flex-short/frames/0336.png'
00:56.351  render           | Saved: '/Users/eason/Desktop/wfcrl/wind farm RL/evidence/blade-flex-short/frames/0337.png'
00:56.628  render           | Saved: '/Users/eason/Desktop/wfcrl/wind farm RL/evidence/blade-flex-short/frames/0338.png'
00:56.897  render           | Saved: '/Users/eason/Desktop/wfcrl/wind farm RL/evidence/blade-flex-short/frames/0339.png'
00:57.168  render           | Saved: '/Users/eason/Desktop/wfcrl/wind farm RL/evidence/blade-flex-short/frames/0340.png'
00:57.436  render           | Saved: '/Users/eason/Desktop/wfcrl/wind farm RL/evidence/blade-flex-short/frames/0341.png'
00:57.711  render           | Saved: '/Users/eason/Desktop/wfcrl/wind farm RL/evidence/blade-flex-short/frames/0342.png'
00:57.988  render           | Saved: '/Users/eason/Desktop/wfcrl/wind farm RL/evidence/blade-flex-short/frames/0343.png'
00:58.258  render           | Saved: '/Users/eason/Desktop/wfcrl/wind farm RL/evidence/blade-flex-short/frames/0344.png'
00:58.531  render           | Saved: '/Users/eason/Desktop/wfcrl/wind farm RL/evidence/blade-flex-short/frames/0345.png'
00:58.801  render           | Saved: '/Users/eason/Desktop/wfcrl/wind farm RL/evidence/blade-flex-short/frames/0346.png'
00:59.070  render           | Saved: '/Users/eason/Desktop/wfcrl/wind farm RL/evidence/blade-flex-short/frames/0347.png'
00:59.341  render           | Saved: '/Users/eason/Desktop/wfcrl/wind farm RL/evidence/blade-flex-short/frames/0348.png'
00:59.617  render           | Saved: '/Users/eason/Desktop/wfcrl/wind farm RL/evidence/blade-flex-short/frames/0349.png'
00:59.894  render           | Saved: '/Users/eason/Desktop/wfcrl/wind farm RL/evidence/blade-flex-short/frames/0350.png'
01:00.178  render           | Saved: '/Users/eason/Desktop/wfcrl/wind farm RL/evidence/blade-flex-short/frames/0351.png'
01:00.466  render           | Saved: '/Users/eason/Desktop/wfcrl/wind farm RL/evidence/blade-flex-short/frames/0352.png'
01:00.743  render           | Saved: '/Users/eason/Desktop/wfcrl/wind farm RL/evidence/blade-flex-short/frames/0353.png'
01:01.023  render           | Saved: '/Users/eason/Desktop/wfcrl/wind farm RL/evidence/blade-flex-short/frames/0354.png'
01:01.305  render           | Saved: '/Users/eason/Desktop/wfcrl/wind farm RL/evidence/blade-flex-short/frames/0355.png'
01:01.599  render           | Saved: '/Users/eason/Desktop/wfcrl/wind farm RL/evidence/blade-flex-short/frames/0356.png'
01:01.902  render           | Saved: '/Users/eason/Desktop/wfcrl/wind farm RL/evidence/blade-flex-short/frames/0357.png'
01:02.202  render           | Saved: '/Users/eason/Desktop/wfcrl/wind farm RL/evidence/blade-flex-short/frames/0358.png'
01:02.503  render           | Saved: '/Users/eason/Desktop/wfcrl/wind farm RL/evidence/blade-flex-short/frames/0359.png'
FLEX_PREVIEW_VERIFIED
Blender 5.2.1 LTS (hash 9e2066aef7ef built 2026-08-25 01:35:57)

Blender quit
