00:00.259  blend            | Read blend: "/Users/eason/Desktop/wfcrl/wind farm RL/evidence/lidar-frontend/clearance-demo.blend"
BLADE_FLEX_PREVIEW_READY
00:04.106  render           | Saved: '/Users/eason/Desktop/wfcrl/wind farm RL/evidence/blade-flex-short/down.png'
00:04.358  render           | Saved: '/Users/eason/Desktop/wfcrl/wind farm RL/evidence/blade-flex-short/overview.png'
00:04.590  render           | Saved: '/Users/eason/Desktop/wfcrl/wind farm RL/evidence/blade-flex-short/frames/0000.png'
00:04.816  render           | Saved: '/Users/eason/Desktop/wfcrl/wind farm RL/evidence/blade-flex-short/frames/0001.png'
00:05.045  render           | Saved: '/Users/eason/Desktop/wfcrl/wind farm RL/evidence/blade-flex-short/frames/0002.png'
00:05.273  render           | Saved: '/Users/eason/Desktop/wfcrl/wind farm RL/evidence/blade-flex-short/frames/0003.png'
00:05.500  render           | Saved: '/Users/eason/Desktop/wfcrl/wind farm RL/evidence/blade-flex-short/frames/0004.png'
00:05.727  render           | Saved: '/Users/eason/Desktop/wfcrl/wind farm RL/evidence/blade-flex-short/frames/0005.png'
00:05.950  render           | Saved: '/Users/eason/Desktop/wfcrl/wind farm RL/evidence/blade-flex-short/frames/0006.png'
00:06.180  render           | Saved: '/Users/eason/Desktop/wfcrl/wind farm RL/evidence/blade-flex-short/frames/0007.png'
00:06.402  render           | Saved: '/Users/eason/Desktop/wfcrl/wind farm RL/evidence/blade-flex-short/frames/0008.png'
00:06.631  render           | Saved: '/Users/eason/Desktop/wfcrl/wind farm RL/evidence/blade-flex-short/frames/0009.png'
00:06.858  render           | Saved: '/Users/eason/Desktop/wfcrl/wind farm RL/evidence/blade-flex-short/frames/0010.png'
00:07.083  render           | Saved: '/Users/eason/Desktop/wfcrl/wind farm RL/evidence/blade-flex-short/frames/0011.png'
00:07.317  render           | Saved: '/Users/eason/Desktop/wfcrl/wind farm RL/evidence/blade-flex-short/frames/0012.png'
00:07.543  render           | Saved: '/Users/eason/Desktop/wfcrl/wind farm RL/evidence/blade-flex-short/frames/0013.png'
00:07.770  render           | Saved: '/Users/eason/Desktop/wfcrl/wind farm RL/evidence/blade-flex-short/frames/0014.png'
00:07.997  render           | Saved: '/Users/eason/Desktop/wfcrl/wind farm RL/evidence/blade-flex-short/frames/0015.png'
00:08.222  render           | Saved: '/Users/eason/Desktop/wfcrl/wind farm RL/evidence/blade-flex-short/frames/0016.png'
00:08.446  render           | Saved: '/Users/eason/Desktop/wfcrl/wind farm RL/evidence/blade-flex-short/frames/0017.png'
00:08.675  render           | Saved: '/Users/eason/Desktop/wfcrl/wind farm RL/evidence/blade-flex-short/frames/0018.png'
00:08.901  render           | Saved: '/Users/eason/Desktop/wfcrl/wind farm RL/evidence/blade-flex-short/frames/0019.png'
00:09.128  render           | Saved: '/Users/eason/Desktop/wfcrl/wind farm RL/evidence/blade-flex-short/frames/0020.png'
00:09.355  render           | Saved: '/Users/eason/Desktop/wfcrl/wind farm RL/evidence/blade-flex-short/frames/0021.png'
00:09.586  render           | Saved: '/Users/eason/Desktop/wfcrl/wind farm RL/evidence/blade-flex-short/frames/0022.png'
00:09.814  render           | Saved: '/Users/eason/Desktop/wfcrl/wind farm RL/evidence/blade-flex-short/frames/0023.png'
00:10.038  render           | Saved: '/Users/eason/Desktop/wfcrl/wind farm RL/evidence/blade-flex-short/frames/0024.png'
00:10.272  render           | Saved: '/Users/eason/Desktop/wfcrl/wind farm RL/evidence/blade-flex-short/frames/0025.png'
00:10.499  render           | Saved: '/Users/eason/Desktop/wfcrl/wind farm RL/evidence/blade-flex-short/frames/0026.png'
00:10.725  render           | Saved: '/Users/eason/Desktop/wfcrl/wind farm RL/evidence/blade-flex-short/frames/0027.png'
00:10.956  render           | Saved: '/Users/eason/Desktop/wfcrl/wind farm RL/evidence/blade-flex-short/frames/0028.png'
00:11.185  render           | Saved: '/Users/eason/Desktop/wfcrl/wind farm RL/evidence/blade-flex-short/frames/0029.png'
00:11.417  render           | Saved: '/Users/eason/Desktop/wfcrl/wind farm RL/evidence/blade-flex-short/frames/0030.png'
00:11.642  render           | Saved: '/Users/eason/Desktop/wfcrl/wind farm RL/evidence/blade-flex-short/frames/0031.png'
00:11.870  render           | Saved: '/Users/eason/Desktop/wfcrl/wind farm RL/evidence/blade-flex-short/frames/0032.png'
00:12.095  render           | Saved: '/Users/eason/Desktop/wfcrl/wind farm RL/evidence/blade-flex-short/frames/0033.png'
00:12.322  render           | Saved: '/Users/eason/Desktop/wfcrl/wind farm RL/evidence/blade-flex-short/frames/0034.png'
00:12.549  render           | Saved: '/Users/eason/Desktop/wfcrl/wind farm RL/evidence/blade-flex-short/frames/0035.png'
00:12.773  render           | Saved: '/Users/eason/Desktop/wfcrl/wind farm RL/evidence/blade-flex-short/frames/0036.png'
00:12.998  render           | Saved: '/Users/eason/Desktop/wfcrl/wind farm RL/evidence/blade-flex-short/frames/0037.png'
00:13.226  render           | Saved: '/Users/eason/Desktop/wfcrl/wind farm RL/evidence/blade-flex-short/frames/0038.png'
00:13.462  render           | Saved: '/Users/eason/Desktop/wfcrl/wind farm RL/evidence/blade-flex-short/frames/0039.png'
00:13.691  render           | Saved: '/Users/eason/Desktop/wfcrl/wind farm RL/evidence/blade-flex-short/frames/0040.png'
00:13.920  render           | Saved: '/Users/eason/Desktop/wfcrl/wind farm RL/evidence/blade-flex-short/frames/0041.png'
00:14.148  render           | Saved: '/Users/eason/Desktop/wfcrl/wind farm RL/evidence/blade-flex-short/frames/0042.png'
00:14.376  render           | Saved: '/Users/eason/Desktop/wfcrl/wind farm RL/evidence/blade-flex-short/frames/0043.png'
00:14.604  render           | Saved: '/Users/eason/Desktop/wfcrl/wind farm RL/evidence/blade-flex-short/frames/0044.png'
00:14.833  render           | Saved: '/Users/eason/Desktop/wfcrl/wind farm RL/evidence/blade-flex-short/frames/0045.png'
00:15.060  render           | Saved: '/Users/eason/Desktop/wfcrl/wind farm RL/evidence/blade-flex-short/frames/0046.png'
00:15.297  render           | Saved: '/Users/eason/Desktop/wfcrl/wind farm RL/evidence/blade-flex-short/frames/0047.png'
00:15.525  render           | Saved: '/Users/eason/Desktop/wfcrl/wind farm RL/evidence/blade-flex-short/frames/0048.png'
00:15.752  render           | Saved: '/Users/eason/Desktop/wfcrl/wind farm RL/evidence/blade-flex-short/frames/0049.png'
00:15.981  render           | Saved: '/Users/eason/Desktop/wfcrl/wind farm RL/evidence/blade-flex-short/frames/0050.png'
00:16.209  render           | Saved: '/Users/eason/Desktop/wfcrl/wind farm RL/evidence/blade-flex-short/frames/0051.png'
00:16.437  render           | Saved: '/Users/eason/Desktop/wfcrl/wind farm RL/evidence/blade-flex-short/frames/0052.png'
00:16.664  render           | Saved: '/Users/eason/Desktop/wfcrl/wind farm RL/evidence/blade-flex-short/frames/0053.png'
00:16.888  render           | Saved: '/Users/eason/Desktop/wfcrl/wind farm RL/evidence/blade-flex-short/frames/0054.png'
00:17.118  render           | Saved: '/Users/eason/Desktop/wfcrl/wind farm RL/evidence/blade-flex-short/frames/0055.png'
00:17.342  render           | Saved: '/Users/eason/Desktop/wfcrl/wind farm RL/evidence/blade-flex-short/frames/0056.png'
00:17.573  render           | Saved: '/Users/eason/Desktop/wfcrl/wind farm RL/evidence/blade-flex-short/frames/0057.png'
00:17.826  render           | Saved: '/Users/eason/Desktop/wfcrl/wind farm RL/evidence/blade-flex-short/frames/0058.png'
00:18.071  render           | Saved: '/Users/eason/Desktop/wfcrl/wind farm RL/evidence/blade-flex-short/frames/0059.png'
00:18.312  render           | Saved: '/Users/eason/Desktop/wfcrl/wind farm RL/evidence/blade-flex-short/frames/0060.png'
00:18.584  render           | Saved: '/Users/eason/Desktop/wfcrl/wind farm RL/evidence/blade-flex-short/frames/0061.png'
00:18.830  render           | Saved: '/Users/eason/Desktop/wfcrl/wind farm RL/evidence/blade-flex-short/frames/0062.png'
00:19.081  render           | Saved: '/Users/eason/Desktop/wfcrl/wind farm RL/evidence/blade-flex-short/frames/0063.png'
00:19.451  render           | Saved: '/Users/eason/Desktop/wfcrl/wind farm RL/evidence/blade-flex-short/frames/0064.png'
00:19.993  render           | Saved: '/Users/eason/Desktop/wfcrl/wind farm RL/evidence/blade-flex-short/frames/0065.png'
00:20.292  render           | Saved: '/Users/eason/Desktop/wfcrl/wind farm RL/evidence/blade-flex-short/frames/0066.png'
00:20.557  render           | Saved: '/Users/eason/Desktop/wfcrl/wind farm RL/evidence/blade-flex-short/frames/0067.png'
00:20.808  render           | Saved: '/Users/eason/Desktop/wfcrl/wind farm RL/evidence/blade-flex-short/frames/0068.png'
00:21.058  render           | Saved: '/Users/eason/Desktop/wfcrl/wind farm RL/evidence/blade-flex-short/frames/0069.png'
00:21.300  render           | Saved: '/Users/eason/Desktop/wfcrl/wind farm RL/evidence/blade-flex-short/frames/0070.png'
00:21.541  render           | Saved: '/Users/eason/Desktop/wfcrl/wind farm RL/evidence/blade-flex-short/frames/0071.png'
00:21.781  render           | Saved: '/Users/eason/Desktop/wfcrl/wind farm RL/evidence/blade-flex-short/frames/0072.png'
00:22.020  render           | Saved: '/Users/eason/Desktop/wfcrl/wind farm RL/evidence/blade-flex-short/frames/0073.png'
00:22.256  render           | Saved: '/Users/eason/Desktop/wfcrl/wind farm RL/evidence/blade-flex-short/frames/0074.png'
00:22.493  render           | Saved: '/Users/eason/Desktop/wfcrl/wind farm RL/evidence/blade-flex-short/frames/0075.png'
00:22.737  render           | Saved: '/Users/eason/Desktop/wfcrl/wind farm RL/evidence/blade-flex-short/frames/0076.png'
00:23.004  render           | Saved: '/Users/eason/Desktop/wfcrl/wind farm RL/evidence/blade-flex-short/frames/0077.png'
00:23.245  render           | Saved: '/Users/eason/Desktop/wfcrl/wind farm RL/evidence/blade-flex-short/frames/0078.png'
00:23.487  render           | Saved: '/Users/eason/Desktop/wfcrl/wind farm RL/evidence/blade-flex-short/frames/0079.png'
00:23.724  render           | Saved: '/Users/eason/Desktop/wfcrl/wind farm RL/evidence/blade-flex-short/frames/0080.png'
00:23.965  render           | Saved: '/Users/eason/Desktop/wfcrl/wind farm RL/evidence/blade-flex-short/frames/0081.png'
00:24.209  render           | Saved: '/Users/eason/Desktop/wfcrl/wind farm RL/evidence/blade-flex-short/frames/0082.png'
00:24.447  render           | Saved: '/Users/eason/Desktop/wfcrl/wind farm RL/evidence/blade-flex-short/frames/0083.png'
00:24.763  render           | Saved: '/Users/eason/Desktop/wfcrl/wind farm RL/evidence/blade-flex-short/frames/0084.png'
00:25.068  render           | Saved: '/Users/eason/Desktop/wfcrl/wind farm RL/evidence/blade-flex-short/frames/0085.png'
00:25.452  render           | Saved: '/Users/eason/Desktop/wfcrl/wind farm RL/evidence/blade-flex-short/frames/0086.png'
00:25.748  render           | Saved: '/Users/eason/Desktop/wfcrl/wind farm RL/evidence/blade-flex-short/frames/0087.png'
00:25.992  render           | Saved: '/Users/eason/Desktop/wfcrl/wind farm RL/evidence/blade-flex-short/frames/0088.png'
00:26.247  render           | Saved: '/Users/eason/Desktop/wfcrl/wind farm RL/evidence/blade-flex-short/frames/0089.png'
00:26.494  render           | Saved: '/Users/eason/Desktop/wfcrl/wind farm RL/evidence/blade-flex-short/frames/0090.png'
00:26.747  render           | Saved: '/Users/eason/Desktop/wfcrl/wind farm RL/evidence/blade-flex-short/frames/0091.png'
00:26.998  render           | Saved: '/Users/eason/Desktop/wfcrl/wind farm RL/evidence/blade-flex-short/frames/0092.png'
00:27.248  render           | Saved: '/Users/eason/Desktop/wfcrl/wind farm RL/evidence/blade-flex-short/frames/0093.png'
00:27.516  render           | Saved: '/Users/eason/Desktop/wfcrl/wind farm RL/evidence/blade-flex-short/frames/0094.png'
00:27.869  render           | Saved: '/Users/eason/Desktop/wfcrl/wind farm RL/evidence/blade-flex-short/frames/0095.png'
00:28.166  render           | Saved: '/Users/eason/Desktop/wfcrl/wind farm RL/evidence/blade-flex-short/frames/0096.png'
00:28.459  render           | Saved: '/Users/eason/Desktop/wfcrl/wind farm RL/evidence/blade-flex-short/frames/0097.png'
00:28.763  render           | Saved: '/Users/eason/Desktop/wfcrl/wind farm RL/evidence/blade-flex-short/frames/0098.png'
00:29.009  render           | Saved: '/Users/eason/Desktop/wfcrl/wind farm RL/evidence/blade-flex-short/frames/0099.png'
00:29.328  render           | Saved: '/Users/eason/Desktop/wfcrl/wind farm RL/evidence/blade-flex-short/frames/0100.png'
00:29.601  render           | Saved: '/Users/eason/Desktop/wfcrl/wind farm RL/evidence/blade-flex-short/frames/0101.png'
00:29.875  render           | Saved: '/Users/eason/Desktop/wfcrl/wind farm RL/evidence/blade-flex-short/frames/0102.png'
00:30.142  render           | Saved: '/Users/eason/Desktop/wfcrl/wind farm RL/evidence/blade-flex-short/frames/0103.png'
00:30.406  render           | Saved: '/Users/eason/Desktop/wfcrl/wind farm RL/evidence/blade-flex-short/frames/0104.png'
00:30.671  render           | Saved: '/Users/eason/Desktop/wfcrl/wind farm RL/evidence/blade-flex-short/frames/0105.png'
00:30.941  render           | Saved: '/Users/eason/Desktop/wfcrl/wind farm RL/evidence/blade-flex-short/frames/0106.png'
00:31.215  render           | Saved: '/Users/eason/Desktop/wfcrl/wind farm RL/evidence/blade-flex-short/frames/0107.png'
00:31.483  render           | Saved: '/Users/eason/Desktop/wfcrl/wind farm RL/evidence/blade-flex-short/frames/0108.png'
00:31.756  render           | Saved: '/Users/eason/Desktop/wfcrl/wind farm RL/evidence/blade-flex-short/frames/0109.png'
00:32.036  render           | Saved: '/Users/eason/Desktop/wfcrl/wind farm RL/evidence/blade-flex-short/frames/0110.png'
00:32.304  render           | Saved: '/Users/eason/Desktop/wfcrl/wind farm RL/evidence/blade-flex-short/frames/0111.png'
00:32.566  render           | Saved: '/Users/eason/Desktop/wfcrl/wind farm RL/evidence/blade-flex-short/frames/0112.png'
00:32.824  render           | Saved: '/Users/eason/Desktop/wfcrl/wind farm RL/evidence/blade-flex-short/frames/0113.png'
00:33.087  render           | Saved: '/Users/eason/Desktop/wfcrl/wind farm RL/evidence/blade-flex-short/frames/0114.png'
00:33.343  render           | Saved: '/Users/eason/Desktop/wfcrl/wind farm RL/evidence/blade-flex-short/frames/0115.png'
00:33.590  render           | Saved: '/Users/eason/Desktop/wfcrl/wind farm RL/evidence/blade-flex-short/frames/0116.png'
00:33.829  render           | Saved: '/Users/eason/Desktop/wfcrl/wind farm RL/evidence/blade-flex-short/frames/0117.png'
00:34.077  render           | Saved: '/Users/eason/Desktop/wfcrl/wind farm RL/evidence/blade-flex-short/frames/0118.png'
00:34.337  render           | Saved: '/Users/eason/Desktop/wfcrl/wind farm RL/evidence/blade-flex-short/frames/0119.png'
00:34.597  render           | Saved: '/Users/eason/Desktop/wfcrl/wind farm RL/evidence/blade-flex-short/frames/0120.png'
00:34.848  render           | Saved: '/Users/eason/Desktop/wfcrl/wind farm RL/evidence/blade-flex-short/frames/0121.png'
00:35.144  render           | Saved: '/Users/eason/Desktop/wfcrl/wind farm RL/evidence/blade-flex-short/frames/0122.png'
00:35.405  render           | Saved: '/Users/eason/Desktop/wfcrl/wind farm RL/evidence/blade-flex-short/frames/0123.png'
00:35.660  render           | Saved: '/Users/eason/Desktop/wfcrl/wind farm RL/evidence/blade-flex-short/frames/0124.png'
00:35.917  render           | Saved: '/Users/eason/Desktop/wfcrl/wind farm RL/evidence/blade-flex-short/frames/0125.png'
00:36.172  render           | Saved: '/Users/eason/Desktop/wfcrl/wind farm RL/evidence/blade-flex-short/frames/0126.png'
00:36.428  render           | Saved: '/Users/eason/Desktop/wfcrl/wind farm RL/evidence/blade-flex-short/frames/0127.png'
00:36.680  render           | Saved: '/Users/eason/Desktop/wfcrl/wind farm RL/evidence/blade-flex-short/frames/0128.png'
00:36.934  render           | Saved: '/Users/eason/Desktop/wfcrl/wind farm RL/evidence/blade-flex-short/frames/0129.png'
00:37.191  render           | Saved: '/Users/eason/Desktop/wfcrl/wind farm RL/evidence/blade-flex-short/frames/0130.png'
00:37.442  render           | Saved: '/Users/eason/Desktop/wfcrl/wind farm RL/evidence/blade-flex-short/frames/0131.png'
00:37.693  render           | Saved: '/Users/eason/Desktop/wfcrl/wind farm RL/evidence/blade-flex-short/frames/0132.png'
00:37.953  render           | Saved: '/Users/eason/Desktop/wfcrl/wind farm RL/evidence/blade-flex-short/frames/0133.png'
00:38.212  render           | Saved: '/Users/eason/Desktop/wfcrl/wind farm RL/evidence/blade-flex-short/frames/0134.png'
00:38.468  render           | Saved: '/Users/eason/Desktop/wfcrl/wind farm RL/evidence/blade-flex-short/frames/0135.png'
00:38.726  render           | Saved: '/Users/eason/Desktop/wfcrl/wind farm RL/evidence/blade-flex-short/frames/0136.png'
00:38.980  render           | Saved: '/Users/eason/Desktop/wfcrl/wind farm RL/evidence/blade-flex-short/frames/0137.png'
00:39.228  render           | Saved: '/Users/eason/Desktop/wfcrl/wind farm RL/evidence/blade-flex-short/frames/0138.png'
00:39.475  render           | Saved: '/Users/eason/Desktop/wfcrl/wind farm RL/evidence/blade-flex-short/frames/0139.png'
00:39.721  render           | Saved: '/Users/eason/Desktop/wfcrl/wind farm RL/evidence/blade-flex-short/frames/0140.png'
00:39.963  render           | Saved: '/Users/eason/Desktop/wfcrl/wind farm RL/evidence/blade-flex-short/frames/0141.png'
00:40.214  render           | Saved: '/Users/eason/Desktop/wfcrl/wind farm RL/evidence/blade-flex-short/frames/0142.png'
00:40.459  render           | Saved: '/Users/eason/Desktop/wfcrl/wind farm RL/evidence/blade-flex-short/frames/0143.png'
00:40.706  render           | Saved: '/Users/eason/Desktop/wfcrl/wind farm RL/evidence/blade-flex-short/frames/0144.png'
00:40.950  render           | Saved: '/Users/eason/Desktop/wfcrl/wind farm RL/evidence/blade-flex-short/frames/0145.png'
00:41.195  render           | Saved: '/Users/eason/Desktop/wfcrl/wind farm RL/evidence/blade-flex-short/frames/0146.png'
00:41.437  render           | Saved: '/Users/eason/Desktop/wfcrl/wind farm RL/evidence/blade-flex-short/frames/0147.png'
00:41.682  render           | Saved: '/Users/eason/Desktop/wfcrl/wind farm RL/evidence/blade-flex-short/frames/0148.png'
00:41.937  render           | Saved: '/Users/eason/Desktop/wfcrl/wind farm RL/evidence/blade-flex-short/frames/0149.png'
00:42.187  render           | Saved: '/Users/eason/Desktop/wfcrl/wind farm RL/evidence/blade-flex-short/frames/0150.png'
00:42.434  render           | Saved: '/Users/eason/Desktop/wfcrl/wind farm RL/evidence/blade-flex-short/frames/0151.png'
00:42.677  render           | Saved: '/Users/eason/Desktop/wfcrl/wind farm RL/evidence/blade-flex-short/frames/0152.png'
00:42.920  render           | Saved: '/Users/eason/Desktop/wfcrl/wind farm RL/evidence/blade-flex-short/frames/0153.png'
00:43.168  render           | Saved: '/Users/eason/Desktop/wfcrl/wind farm RL/evidence/blade-flex-short/frames/0154.png'
00:43.413  render           | Saved: '/Users/eason/Desktop/wfcrl/wind farm RL/evidence/blade-flex-short/frames/0155.png'
