
Predictions were generated on 31-Aug-2026 at 17:12:37 using OpenFAST, compiled as a 64-bit application using single precision at commit v3.5.3-dirty
 linked with  NWTC Subroutine Library; ElastoDyn; InflowWind; AeroDyn; ServoDyn

Description from the FAST input file: FAST          Certification - Test #26: NREL 5.0 MW Baseline Wind Turbine (Onshore)

Time	YawPzn	YawVzn	RotSpeed	GenSpeed	Azimuth	BlPitch1	RootMyc1	RootMyc2	RootMyc3	RootMxc1	RootMxc2	RootMxc3	OoPDefl1	OoPDefl2	OoPDefl3	IPDefl1	IPDefl2	IPDefl3	TipDxc1	TipDyc1	BlPitchC1	BlPitchC2	BlPitchC3	GenPwr	GenTq
(s)	(deg)	(deg/s)	(rpm)	(rpm)	(deg)	(deg)	(kN-m)	(kN-m)	(kN-m)	(kN-m)	(kN-m)	(kN-m)	(m)	(m)	(m)	(m)	(m)	(m)	(m)	(m)	(deg)	(deg)	(deg)	(kW)	(kN-m)
    0.0000	 0.000E+00	 0.000E+00	 9.000E+00	 8.730E+02	 0.000E+00	 0.000E+00	 6.194E+01	 7.651E+01	 1.354E+02	 6.583E+00	 8.279E+02	-8.350E+02	 1.197E-16	 2.474E-16	-1.417E-16	 3.897E-32	-7.227E-16	 4.026E-16	 1.197E-16	 3.897E-32	 0.000E+00	 0.000E+00	 0.000E+00	 1.682E+03	 1.949E+01
    0.2500	-2.200E-03	-1.523E-02	 8.863E+00	 8.552E+02	 1.336E+01	 0.000E+00	 2.804E+03	 2.639E+03	 2.856E+03	 1.335E+03	 3.844E+03	-2.718E+03	 1.079E+00	 1.018E+00	 1.014E+00	-2.949E-01	-6.471E-01	 2.221E-01	 1.079E+00	-2.949E-01	 0.000E+00	 0.000E+00	 0.000E+00	 1.602E+03	 1.895E+01
    0.5000	-3.119E-03	 6.911E-03	 8.859E+00	 8.704E+02	 2.671E+01	 0.000E+00	 5.072E+03	 4.894E+03	 5.171E+03	 2.037E+03	 4.203E+03	-5.478E+03	 2.697E+00	 2.863E+00	 2.610E+00	-4.582E-01	-8.458E-01	 6.338E-01	 2.697E+00	-4.582E-01	 0.000E+00	 0.000E+00	 0.000E+00	 1.644E+03	 1.910E+01
    0.7500	 1.301E-03	 2.597E-02	 8.752E+00	 8.406E+02	 3.991E+01	 0.000E+00	 5.973E+03	 6.353E+03	 5.813E+03	 3.328E+03	 9.097E+02	-2.207E+03	 3.452E+00	 3.320E+00	 3.182E+00	-7.264E-01	-3.405E-01	 2.541E-03	 3.452E+00	-7.264E-01	 0.000E+00	 0.000E+00	 0.000E+00	 1.535E+03	 1.847E+01
    1.0000	 3.746E-03	-1.053E-02	 8.861E+00	 8.726E+02	 5.316E+01	 0.000E+00	 5.981E+03	 5.084E+03	 5.551E+03	 3.278E+03	-8.095E+02	-8.094E+02	 3.512E+00	 3.002E+00	 3.209E+00	-6.857E-01	-4.256E-02	-2.332E-01	 3.512E+00	-6.857E-01	 0.000E+00	 0.000E+00	 0.000E+00	 1.588E+03	 1.841E+01
    1.2500	-1.786E-03	-1.695E-02	 8.777E+00	 8.445E+02	 6.642E+01	 0.000E+00	 5.499E+03	 4.639E+03	 5.493E+03	 3.550E+03	 1.276E+03	-3.452E+03	 3.259E+00	 2.496E+00	 3.034E+00	-6.869E-01	-4.011E-01	 2.777E-01	 3.259E+00	-6.869E-01	 0.000E+00	 0.000E+00	 0.000E+00	 1.529E+03	 1.832E+01
    1.5000	-1.846E-03	 1.804E-02	 8.851E+00	 8.664E+02	 7.965E+01	 0.000E+00	 5.172E+03	 4.408E+03	 5.190E+03	 4.595E+03	 6.174E+02	-3.028E+03	 3.048E+00	 2.434E+00	 2.915E+00	-8.558E-01	-3.344E-01	 2.327E-01	 3.048E+00	-8.558E-01	 0.000E+00	 0.000E+00	 0.000E+00	 1.549E+03	 1.809E+01
    1.7500	 3.872E-03	 1.880E-02	 8.793E+00	 8.509E+02	 9.292E+01	 0.000E+00	 5.210E+03	 4.782E+03	 5.163E+03	 4.141E+03	-3.354E+03	 2.183E+02	 2.996E+00	 2.441E+00	 2.931E+00	-7.478E-01	 3.578E-01	-2.897E-01	 2.996E+00	-7.478E-01	 0.000E+00	 0.000E+00	 0.000E+00	 1.536E+03	 1.826E+01
    2.0000	 3.077E-03	-2.058E-02	 8.807E+00	 8.549E+02	 1.061E+02	 0.000E+00	 5.185E+03	 4.567E+03	 5.338E+03	 3.872E+03	-2.643E+03	 1.103E+03	 2.974E+00	 2.476E+00	 3.072E+00	-7.265E-01	 1.814E-01	-4.475E-01	 2.974E+00	-7.265E-01	 0.000E+00	 0.000E+00	 0.000E+00	 1.510E+03	 1.787E+01
    2.2500	-1.590E-03	-8.899E-03	 8.809E+00	 8.579E+02	 1.193E+02	 0.000E+00	 5.066E+03	 4.810E+03	 5.596E+03	 3.310E+03	-1.035E+03	-1.200E+03	 2.888E+00	 2.569E+00	 3.149E+00	-6.139E-01	-1.139E-01	 1.810E-02	 2.888E+00	-6.139E-01	 0.000E+00	 0.000E+00	 0.000E+00	 1.534E+03	 1.809E+01
    2.5000	-1.648E-03	 6.711E-03	 8.772E+00	 8.463E+02	 1.325E+02	 0.000E+00	 4.899E+03	 5.014E+03	 5.351E+03	 3.632E+03	-2.503E+03	 9.552E+02	 2.791E+00	 2.721E+00	 3.117E+00	-7.046E-01	 9.870E-02	-3.372E-01	 2.791E+00	-7.046E-01	 0.000E+00	 0.000E+00	 0.000E+00	 1.485E+03	 1.776E+01
    2.7500	 6.189E-04	 7.948E-03	 8.816E+00	 8.612E+02	 1.457E+02	 0.000E+00	 4.935E+03	 5.157E+03	 5.323E+03	 2.431E+03	-4.841E+03	 3.831E+03	 2.738E+00	 2.746E+00	 3.120E+00	-5.076E-01	 5.183E-01	-8.033E-01	 2.738E+00	-5.076E-01	 0.000E+00	 0.000E+00	 0.000E+00	 1.521E+03	 1.787E+01
    3.0000	 6.985E-04	-5.482E-03	 8.757E+00	 8.435E+02	 1.589E+02	 0.000E+00	 4.786E+03	 4.975E+03	 5.463E+03	 1.354E+03	-2.748E+03	 3.063E+03	 2.640E+00	 2.753E+00	 3.180E+00	-3.482E-01	 1.463E-01	-6.463E-01	 2.640E+00	-3.482E-01	 0.000E+00	 0.000E+00	 0.000E+00	 1.477E+03	 1.771E+01
    3.2500	-7.116E-05	 3.440E-04	 8.805E+00	 8.593E+02	 1.721E+02	 0.000E+00	 4.609E+03	 5.163E+03	 5.482E+03	 1.017E+03	-1.078E+03	 1.852E+03	 2.518E+00	 2.858E+00	 3.160E+00	-3.194E-01	-1.525E-01	-4.017E-01	 2.518E+00	-3.194E-01	 0.000E+00	 0.000E+00	 0.000E+00	 1.500E+03	 1.766E+01
    3.5000	-6.622E-04	-6.486E-03	 8.756E+00	 8.457E+02	 1.852E+02	 0.000E+00	 4.597E+03	 5.356E+03	 5.262E+03	 3.336E+02	-3.034E+03	 4.040E+03	 2.479E+00	 2.962E+00	 3.087E+00	-2.278E-01	 2.120E-01	-7.549E-01	 2.479E+00	-2.278E-01	 0.000E+00	 0.000E+00	 0.000E+00	 1.478E+03	 1.768E+01
    3.7500	-1.068E-03	 8.870E-03	 8.781E+00	 8.536E+02	 1.984E+02	 0.000E+00	 4.665E+03	 5.299E+03	 5.211E+03	-7.340E+02	-3.001E+03	 5.726E+03	 2.493E+00	 2.951E+00	 3.073E+00	-8.892E-02	 2.255E-01	-1.057E+00	 2.493E+00	-8.892E-02	 0.000E+00	 0.000E+00	 0.000E+00	 1.476E+03	 1.749E+01
    4.0000	 2.808E-03	 1.362E-02	 8.764E+00	 8.500E+02	 2.116E+02	 0.000E+00	 4.678E+03	 5.237E+03	 5.351E+03	-1.872E+03	-2.590E+02	 3.372E+03	 2.485E+00	 2.984E+00	 3.064E+00	 9.091E-02	-2.185E-01	-6.239E-01	 2.485E+00	 9.091E-02	 0.000E+00	 0.000E+00	 0.000E+00	 1.480E+03	 1.761E+01
    4.2500	 2.770E-03	-1.346E-02	 8.757E+00	 8.478E+02	 2.247E+02	 0.000E+00	 4.630E+03	 5.374E+03	 5.187E+03	-1.753E+03	 8.718E+02	 2.834E+03	 2.491E+00	 3.084E+00	 2.969E+00	 2.677E-02	-4.067E-01	-5.353E-01	 2.491E+00	 2.677E-02	 0.000E+00	 0.000E+00	 0.000E+00	 1.458E+03	 1.740E+01
    4.5000	-1.431E-03	-1.395E-02	 8.770E+00	 8.534E+02	 2.378E+02	 0.000E+00	 4.831E+03	 5.502E+03	 4.972E+03	-2.417E+03	-7.413E+02	 4.521E+03	 2.572E+00	 3.124E+00	 2.868E+00	 1.241E-01	-7.426E-02	-8.314E-01	 2.572E+00	 1.241E-01	 0.000E+00	 0.000E+00	 0.000E+00	 1.476E+03	 1.750E+01
    4.7500	-1.918E-03	 1.124E-02	 8.740E+00	 8.444E+02	 2.510E+02	 0.000E+00	 4.961E+03	 5.336E+03	 4.938E+03	-3.099E+03	 6.520E+02	 4.194E+03	 2.662E+00	 3.088E+00	 2.816E+00	 2.158E-01	-2.835E-01	-8.023E-01	 2.662E+00	 2.158E-01	 0.000E+00	 0.000E+00	 0.000E+00	 1.449E+03	 1.736E+01
    5.0000	 2.034E-03	 1.170E-02	 8.768E+00	 8.539E+02	 2.641E+02	 0.000E+00	 5.002E+03	 5.321E+03	 4.975E+03	-3.196E+03	 3.392E+03	 1.390E+03	 2.708E+00	 3.113E+00	 2.741E+00	 2.248E-01	-7.337E-01	-3.253E-01	 2.708E+00	 2.248E-01	 0.000E+00	 0.000E+00	 0.000E+00	 1.467E+03	 1.738E+01
    5.2500	 1.122E-03	-1.698E-02	 8.736E+00	 8.444E+02	 2.772E+02	 0.000E+00	 5.034E+03	 5.465E+03	 4.733E+03	-2.743E+03	 3.125E+03	 1.142E+03	 2.761E+00	 3.176E+00	 2.611E+00	 1.420E-01	-6.598E-01	-3.014E-01	 2.761E+00	 1.420E-01	 0.000E+00	 0.000E+00	 0.000E+00	 1.448E+03	 1.734E+01
    5.5000	-2.427E-03	-3.877E-03	 8.758E+00	 8.517E+02	 2.903E+02	 0.000E+00	 5.200E+03	 5.437E+03	 4.558E+03	-2.657E+03	 2.102E+03	 2.314E+03	 2.849E+00	 3.151E+00	 2.520E+00	 1.257E-01	-4.505E-01	-5.452E-01	 2.849E+00	 1.257E-01	 0.000E+00	 0.000E+00	 0.000E+00	 1.454E+03	 1.727E+01
    5.7500	-6.144E-04	 1.292E-02	 8.738E+00	 8.464E+02	 3.035E+02	 0.000E+00	 5.271E+03	 5.262E+03	 4.667E+03	-2.757E+03	 3.755E+03	 3.943E+02	 2.918E+00	 3.081E+00	 2.508E+00	 1.631E-01	-7.090E-01	-2.397E-01	 2.918E+00	 1.631E-01	 0.000E+00	 0.000E+00	 0.000E+00	 1.449E+03	 1.732E+01
    6.0000	 1.741E-03	 4.447E-03	 8.743E+00	 8.482E+02	 3.166E+02	 0.000E+00	 5.232E+03	 5.243E+03	 4.679E+03	-1.776E+03	 5.406E+03	-1.818E+03	 2.941E+00	 3.077E+00	 2.483E+00	 5.644E-03	-9.989E-01	 1.112E-01	 2.941E+00	 5.644E-03	 0.000E+00	 0.000E+00	 0.000E+00	 1.442E+03	 1.720E+01
    6.2500	 1.776E-03	-3.267E-03	 8.742E+00	 8.488E+02	 3.297E+02	 0.000E+00	 5.305E+03	 5.332E+03	 4.570E+03	-9.625E+02	 3.722E+03	-1.357E+03	 2.996E+00	 3.069E+00	 2.445E+00	-1.050E-01	-6.897E-01	 5.475E-03	 2.996E+00	-1.050E-01	 0.000E+00	 0.000E+00	 0.000E+00	 1.449E+03	 1.727E+01
    6.5000	 6.788E-04	-4.325E-03	 8.731E+00	 8.454E+02	 3.428E+02	 0.000E+00	 5.385E+03	 5.171E+03	 4.617E+03	-4.511E+02	 2.945E+03	-7.575E+02	 3.065E+00	 2.968E+00	 2.488E+00	-1.712E-01	-5.514E-01	-1.432E-01	 3.065E+00	-1.712E-01	 0.000E+00	 0.000E+00	 0.000E+00	 1.434E+03	 1.716E+01
    6.7500	-1.883E-04	-2.768E-03	 8.743E+00	 8.500E+02	 3.559E+02	 0.000E+00	 5.390E+03	 4.991E+03	 4.877E+03	 9.422E+01	 4.327E+03	-2.914E+03	 3.085E+00	 2.873E+00	 2.584E+00	-2.271E-01	-7.981E-01	 2.099E-01	 3.085E+00	-2.271E-01	 0.000E+00	 0.000E+00	 0.000E+00	 1.445E+03	 1.720E+01
    7.0000	-4.135E-04	 2.489E-03	 8.724E+00	 8.443E+02	 9.002E+00	 0.000E+00	 5.336E+03	 4.974E+03	 4.926E+03	 1.333E+03	 4.161E+03	-3.887E+03	 3.090E+00	 2.832E+00	 2.631E+00	-4.105E-01	-7.915E-01	 3.627E-01	 3.090E+00	-4.105E-01	 0.000E+00	 0.000E+00	 0.000E+00	 1.431E+03	 1.714E+01
    7.2500	 1.070E-03	 6.247E-03	 8.740E+00	 8.495E+02	 2.210E+01	 0.000E+00	 5.394E+03	 4.950E+03	 4.906E+03	 2.214E+03	 1.801E+03	-2.383E+03	 3.129E+00	 2.748E+00	 2.671E+00	-5.333E-01	-3.951E-01	 8.377E-02	 3.129E+00	-5.333E-01	 0.000E+00	 0.000E+00	 0.000E+00	 1.438E+03	 1.713E+01
    7.5000	 6.791E-04	-1.059E-02	 8.725E+00	 8.450E+02	 3.520E+01	 0.000E+00	 5.437E+03	 4.736E+03	 5.052E+03	 2.486E+03	 1.246E+03	-2.232E+03	 3.155E+00	 2.613E+00	 2.768E+00	-5.474E-01	-3.151E-01	 4.891E-02	 3.155E+00	-5.474E-01	 0.000E+00	 0.000E+00	 0.000E+00	 1.431E+03	 1.713E+01
    7.7500	-2.183E-03	-5.904E-03	 8.733E+00	 8.478E+02	 4.829E+01	 0.000E+00	 5.358E+03	 4.592E+03	 5.227E+03	 3.162E+03	 2.152E+03	-3.613E+03	 3.130E+00	 2.536E+00	 2.847E+00	-6.399E-01	-5.108E-01	 2.936E-01	 3.130E+00	-6.399E-01	 0.000E+00	 0.000E+00	 0.000E+00	 1.431E+03	 1.708E+01
    8.0000	-8.088E-04	 1.461E-02	 8.727E+00	 8.464E+02	 6.139E+01	 0.000E+00	 5.299E+03	 4.669E+03	 5.211E+03	 3.924E+03	 6.226E+02	-3.085E+03	 3.100E+00	 2.518E+00	 2.878E+00	-7.470E-01	-2.757E-01	 2.208E-01	 3.100E+00	-7.470E-01	 0.000E+00	 0.000E+00	 0.000E+00	 1.432E+03	 1.711E+01
    8.2500	 2.541E-03	 6.985E-03	 8.725E+00	 8.459E+02	 7.447E+01	 0.000E+00	 5.312E+03	 4.650E+03	 5.184E+03	 4.182E+03	-1.499E+03	-9.905E+02	 3.089E+00	 2.473E+00	 2.926E+00	-7.822E-01	 6.244E-02	-1.353E-01	 3.089E+00	-7.822E-01	 0.000E+00	 0.000E+00	 0.000E+00	 1.425E+03	 1.704E+01
    8.5000	 1.714E-03	-1.143E-02	 8.729E+00	 8.475E+02	 8.757E+01	 0.000E+00	 5.283E+03	 4.554E+03	 5.338E+03	 3.861E+03	-1.345E+03	-1.018E+03	 3.054E+00	 2.434E+00	 3.009E+00	-7.132E-01	 7.352E-03	-1.051E-01	 3.054E+00	-7.132E-01	 0.000E+00	 0.000E+00	 0.000E+00	 1.431E+03	 1.708E+01
    8.7500	-8.042E-04	-3.978E-03	 8.719E+00	 8.447E+02	 1.007E+02	 0.000E+00	 5.135E+03	 4.631E+03	 5.400E+03	 4.012E+03	-8.824E+02	-1.501E+03	 2.974E+00	 2.486E+00	 3.050E+00	-7.389E-01	-1.141E-01	 1.198E-02	 2.974E+00	-7.389E-01	 0.000E+00	 0.000E+00	 0.000E+00	 1.422E+03	 1.703E+01
    9.0000	 2.584E-04	 9.111E-03	 8.727E+00	 8.477E+02	 1.137E+02	 0.000E+00	 5.057E+03	 4.849E+03	 5.321E+03	 4.030E+03	-2.642E+03	 1.784E+02	 2.900E+00	 2.575E+00	 3.054E+00	-7.478E-01	 1.651E-01	-2.460E-01	 2.900E+00	-7.478E-01	 0.000E+00	 0.000E+00	 0.000E+00	 1.428E+03	 1.704E+01
    9.2500	 1.515E-03	-1.357E-03	 8.717E+00	 8.446E+02	 1.268E+02	 0.000E+00	 5.020E+03	 4.888E+03	 5.327E+03	 3.312E+03	-3.728E+03	 1.975E+03	 2.840E+00	 2.613E+00	 3.091E+00	-6.360E-01	 3.382E-01	-5.310E-01	 2.840E+00	-6.360E-01	 0.000E+00	 0.000E+00	 0.000E+00	 1.421E+03	 1.702E+01
    9.5000	 1.814E-04	-6.438E-03	 8.725E+00	 8.471E+02	 1.399E+02	 0.000E+00	 4.894E+03	 4.892E+03	 5.444E+03	 2.508E+03	-2.570E+03	 1.690E+03	 2.744E+00	 2.655E+00	 3.143E+00	-5.138E-01	 1.187E-01	-4.489E-01	 2.744E+00	-5.138E-01	 0.000E+00	 0.000E+00	 0.000E+00	 1.424E+03	 1.700E+01
    9.7500	-9.040E-04	-2.178E-03	 8.719E+00	 8.453E+02	 1.530E+02	 0.000E+00	 4.739E+03	 5.055E+03	 5.423E+03	 2.101E+03	-2.311E+03	 1.723E+03	 2.631E+00	 2.758E+00	 3.140E+00	-4.636E-01	 6.306E-02	-4.158E-01	 2.631E+00	-4.636E-01	 0.000E+00	 0.000E+00	 0.000E+00	 1.422E+03	 1.702E+01
   10.0000	-9.754E-04	 1.676E-03	 8.721E+00	 8.460E+02	 1.661E+02	 0.000E+00	 4.675E+03	 5.198E+03	 5.306E+03	 1.514E+03	-3.468E+03	 3.600E+03	 2.562E+00	 2.836E+00	 3.111E+00	-3.937E-01	 2.673E-01	-7.191E-01	 2.562E+00	-3.937E-01	 0.000E+00	 0.000E+00	 0.000E+00	 1.420E+03	 1.698E+01
   10.2500	 1.624E-05	 6.041E-03	 8.720E+00	 8.461E+02	 1.791E+02	 0.000E+00	 4.661E+03	 5.185E+03	 5.322E+03	 2.897E+02	-3.128E+03	 4.351E+03	 2.515E+00	 2.862E+00	 3.116E+00	-2.095E-01	 2.247E-01	-8.296E-01	 2.515E+00	-2.095E-01	 0.000E+00	 0.000E+00	 0.000E+00	 1.422E+03	 1.700E+01
   10.5000	 1.482E-03	 3.928E-03	 8.717E+00	 8.451E+02	 1.922E+02	 0.000E+00	 4.582E+03	 5.193E+03	 5.362E+03	-5.356E+02	-1.311E+03	 3.470E+03	 2.458E+00	 2.917E+00	 3.106E+00	-9.911E-02	-8.140E-02	-6.585E-01	 2.458E+00	-9.911E-02	 0.000E+00	 0.000E+00	 0.000E+00	 1.417E+03	 1.697E+01
   10.7500	 1.284E-03	-5.657E-03	 8.720E+00	 8.464E+02	 2.053E+02	 0.000E+00	 4.568E+03	 5.330E+03	 5.256E+03	-9.621E+02	-1.086E+03	 3.593E+03	 2.442E+00	 3.003E+00	 3.043E+00	-5.756E-02	-9.868E-02	-6.649E-01	 2.442E+00	-5.756E-02	 0.000E+00	 0.000E+00	 0.000E+00	 1.421E+03	 1.698E+01
   11.0000	-3.531E-04	-3.949E-03	 8.714E+00	 8.446E+02	 2.184E+02	 0.000E+00	 4.674E+03	 5.375E+03	 5.116E+03	-1.667E+03	-1.475E+03	 4.725E+03	 2.489E+00	 3.037E+00	 2.977E+00	 3.049E-02	 2.389E-03	-8.635E-01	 2.489E+00	 3.049E-02	 0.000E+00	 0.000E+00	 0.000E+00	 1.416E+03	 1.696E+01
   11.2500	 3.701E-04	 8.476E-03	 8.719E+00	 8.463E+02	 2.315E+02	 0.000E+00	 4.788E+03	 5.314E+03	 5.104E+03	-2.554E+03	-3.467E+01	 4.173E+03	 2.548E+00	 3.043E+00	 2.930E+00	 1.564E-01	-2.149E-01	-7.744E-01	 2.548E+00	 1.564E-01	 0.000E+00	 0.000E+00	 0.000E+00	 1.418E+03	 1.695E+01
   11.5000	 1.935E-03	 8.527E-05	 8.714E+00	 8.448E+02	 2.445E+02	 0.000E+00	 4.828E+03	 5.341E+03	 5.058E+03	-2.843E+03	 1.684E+03	 2.708E+03	 2.593E+00	 3.091E+00	 2.853E+00	 1.851E-01	-4.857E-01	-5.257E-01	 2.593E+00	 1.851E-01	 0.000E+00	 0.000E+00	 0.000E+00	 1.416E+03	 1.695E+01
   11.7500	 1.178E-04	-1.161E-02	 8.717E+00	 8.458E+02	 2.576E+02	 0.000E+00	 4.917E+03	 5.436E+03	 4.869E+03	-2.774E+03	 1.656E+03	 2.728E+03	 2.657E+00	 3.140E+00	 2.742E+00	 1.548E-01	-4.487E-01	-5.462E-01	 2.657E+00	 1.548E-01	 0.000E+00	 0.000E+00	 0.000E+00	 1.416E+03	 1.694E+01
   12.0000	-1.828E-03	-1.082E-03	 8.715E+00	 8.453E+02	 2.707E+02	 0.000E+00	 5.065E+03	 5.405E+03	 4.744E+03	-3.050E+03	 1.716E+03	 2.868E+03	 2.744E+00	 3.132E+00	 2.652E+00	 1.952E-01	-4.206E-01	-5.958E-01	 2.744E+00	 1.952E-01	 0.000E+00	 0.000E+00	 0.000E+00	 1.416E+03	 1.695E+01
   12.2500	-4.706E-04	 9.124E-03	 8.715E+00	 8.452E+02	 2.837E+02	 0.000E+00	 5.136E+03	 5.314E+03	 4.733E+03	-3.121E+03	 3.361E+03	 1.368E+03	 2.810E+00	 3.110E+00	 2.589E+00	 2.072E-01	-6.811E-01	-3.636E-01	 2.810E+00	 2.072E-01	 0.000E+00	 0.000E+00	 0.000E+00	 1.414E+03	 1.693E+01
   12.5000	 1.069E-03	 1.332E-03	 8.716E+00	 8.457E+02	 2.968E+02	 0.000E+00	 5.160E+03	 5.341E+03	 4.664E+03	-2.591E+03	 4.219E+03	-8.312E+01	 2.856E+00	 3.123E+00	 2.514E+00	 1.250E-01	-8.104E-01	-1.366E-01	 2.856E+00	 1.250E-01	 0.000E+00	 0.000E+00	 0.000E+00	 1.416E+03	 1.694E+01
   12.7500	 5.046E-04	-3.474E-03	 8.713E+00	 8.448E+02	 3.099E+02	 0.000E+00	 5.233E+03	 5.362E+03	 4.539E+03	-1.956E+03	 3.546E+03	-9.220E-01	 2.919E+00	 3.112E+00	 2.449E+00	 2.819E-02	-6.741E-01	-1.851E-01	 2.919E+00	 2.819E-02	 0.000E+00	 0.000E+00	 0.000E+00	 1.414E+03	 1.693E+01
   13.0000	 2.310E-04	 1.426E-03	 8.715E+00	 8.457E+02	 3.230E+02	 0.000E+00	 5.316E+03	 5.250E+03	 4.575E+03	-1.634E+03	 3.623E+03	-4.249E+02	 2.984E+00	 3.046E+00	 2.450E+00	-5.085E-03	-6.719E-01	-1.481E-01	 2.984E+00	-5.085E-03	 0.000E+00	 0.000E+00	 0.000E+00	 1.415E+03	 1.693E+01
   13.2500	 7.500E-04	 1.746E-03	 8.711E+00	 8.447E+02	 3.360E+02	 0.000E+00	 5.322E+03	 5.142E+03	 4.701E+03	-9.997E+02	 4.617E+03	-2.052E+03	 3.017E+00	 2.987E+00	 2.493E+00	-8.635E-02	-8.439E-01	 1.035E-01	 3.017E+00	-8.635E-02	 0.000E+00	 0.000E+00	 0.000E+00	 1.413E+03	 1.692E+01
   13.5000	 1.059E-03	 1.006E-03	 8.714E+00	 8.455E+02	 3.491E+02	 0.000E+00	 5.325E+03	 5.128E+03	 4.742E+03	 7.575E+01	 4.225E+03	-2.716E+03	 3.046E+00	 2.947E+00	 2.524E+00	-2.428E-01	-7.823E-01	 1.919E-01	 3.046E+00	-2.428E-01	 0.000E+00	 0.000E+00	 0.000E+00	 1.414E+03	 1.691E+01
   13.7500	 1.090E-03	-1.723E-03	 8.712E+00	 8.449E+02	 2.167E+00	 0.000E+00	 5.380E+03	 5.059E+03	 4.778E+03	 8.863E+02	 2.910E+03	-2.245E+03	 3.094E+00	 2.865E+00	 2.572E+00	-3.515E-01	-5.588E-01	 8.387E-02	 3.094E+00	-3.515E-01	 0.000E+00	 0.000E+00	 0.000E+00	 1.413E+03	 1.692E+01
   14.0000	-4.184E-05	-6.630E-03	 8.713E+00	 8.452E+02	 1.523E+01	 0.000E+00	 5.407E+03	 4.885E+03	 4.929E+03	 1.431E+03	 2.814E+03	-2.652E+03	 3.124E+00	 2.754E+00	 2.658E+00	-4.129E-01	-5.571E-01	 1.340E-01	 3.124E+00	-4.129E-01	 0.000E+00	 0.000E+00	 0.000E+00	 1.412E+03	 1.690E+01
   14.2500	-1.312E-03	-1.437E-03	 8.713E+00	 8.452E+02	 2.830E+01	 0.000E+00	 5.371E+03	 4.777E+03	 5.067E+03	 2.232E+03	 2.904E+03	-3.586E+03	 3.123E+00	 2.673E+00	 2.733E+00	-5.182E-01	-5.979E-01	 2.906E-01	 3.123E+00	-5.182E-01	 0.000E+00	 0.000E+00	 0.000E+00	 1.413E+03	 1.691E+01
   14.5000	-4.056E-04	 7.383E-03	 8.712E+00	 8.449E+02	 4.137E+01	 0.000E+00	 5.349E+03	 4.748E+03	 5.089E+03	 3.157E+03	 1.547E+03	-3.117E+03	 3.123E+00	 2.606E+00	 2.783E+00	-6.516E-01	-3.893E-01	 2.080E-01	 3.123E+00	-6.516E-01	 0.000E+00	 0.000E+00	 0.000E+00	 1.412E+03	 1.690E+01
   14.7500	 1.037E-03	 1.634E-03	 8.713E+00	 8.454E+02	 5.444E+01	 0.000E+00	 5.370E+03	 4.657E+03	 5.138E+03	 3.560E+03	 1.539E+02	-2.154E+03	 3.128E+00	 2.518E+00	 2.847E+00	-6.976E-01	-1.724E-01	 4.438E-02	 3.128E+00	-6.976E-01	 0.000E+00	 0.000E+00	 0.000E+00	 1.413E+03	 1.691E+01
   15.0000	 2.499E-04	-5.680E-03	 8.711E+00	 8.448E+02	 6.751E+01	 0.000E+00	 5.334E+03	 4.546E+03	 5.255E+03	 3.726E+03	 7.993E+01	-2.233E+03	 3.105E+00	 2.453E+00	 2.921E+00	-7.070E-01	-1.926E-01	 7.220E-02	 3.105E+00	-7.070E-01	 0.000E+00	 0.000E+00	 0.000E+00	 1.412E+03	 1.690E+01
   15.2500	-3.200E-04	 2.780E-03	 8.712E+00	 8.453E+02	 8.058E+01	 0.000E+00	 5.244E+03	 4.583E+03	 5.308E+03	 4.102E+03	-3.482E+02	-2.183E+03	 3.055E+00	 2.455E+00	 2.968E+00	-7.593E-01	-1.555E-01	 8.820E-02	 3.055E+00	-7.593E-01	 0.000E+00	 0.000E+00	 0.000E+00	 1.412E+03	 1.690E+01
   15.5000	 1.197E-03	 6.615E-03	 8.710E+00	 8.447E+02	 9.364E+01	 0.000E+00	 5.191E+03	 4.684E+03	 5.284E+03	 4.281E+03	-1.861E+03	-8.592E+02	 3.007E+00	 2.486E+00	 2.999E+00	-7.860E-01	 7.594E-02	-1.157E-01	 3.007E+00	-7.860E-01	 0.000E+00	 0.000E+00	 0.000E+00	 1.411E+03	 1.690E+01
   15.7500	 1.790E-03	-2.630E-03	 8.711E+00	 8.451E+02	 1.067E+02	 0.000E+00	 5.148E+03	 4.712E+03	 5.327E+03	 3.897E+03	-2.584E+03	 2.678E+02	 2.955E+00	 2.509E+00	 3.048E+00	-7.216E-01	 1.741E-01	-2.845E-01	 2.955E+00	-7.216E-01	 0.000E+00	 0.000E+00	 0.000E+00	 1.411E+03	 1.689E+01
   16.0000	 4.142E-04	-6.271E-03	 8.711E+00	 8.449E+02	 1.198E+02	 0.000E+00	 5.039E+03	 4.767E+03	 5.404E+03	 3.427E+03	-2.256E+03	 3.860E+02	 2.872E+00	 2.559E+00	 3.096E+00	-6.468E-01	 8.988E-02	-2.705E-01	 2.872E+00	-6.468E-01	 0.000E+00	 0.000E+00	 0.000E+00	 1.411E+03	 1.690E+01
   16.2500	-5.446E-04	-9.772E-04	 8.711E+00	 8.449E+02	 1.328E+02	 0.000E+00	 4.909E+03	 4.921E+03	 5.389E+03	 3.167E+03	-2.634E+03	 1.048E+03	 2.776E+00	 2.648E+00	 3.110E+00	-6.171E-01	 1.339E-01	-3.498E-01	 2.776E+00	-6.171E-01	 0.000E+00	 0.000E+00	 0.000E+00	 1.411E+03	 1.689E+01
   16.5000	-3.701E-04	 1.429E-03	 8.711E+00	 8.451E+02	 1.459E+02	 0.000E+00	 4.831E+03	 5.041E+03	 5.347E+03	 2.562E+03	-3.501E+03	 2.499E+03	 2.695E+00	 2.720E+00	 3.115E+00	-5.334E-01	 2.764E-01	-5.713E-01	 2.695E+00	-5.334E-01	 0.000E+00	 0.000E+00	 0.000E+00	 1.411E+03	 1.689E+01
   16.7500	-7.912E-05	 9.989E-04	 8.711E+00	 8.448E+02	 1.590E+02	 0.000E+00	 4.749E+03	 5.068E+03	 5.374E+03	 1.573E+03	-3.157E+03	 3.160E+03	 2.613E+00	 2.768E+00	 3.134E+00	-3.868E-01	 2.149E-01	-6.590E-01	 2.613E+00	-3.868E-01	 0.000E+00	 0.000E+00	 0.000E+00	 1.411E+03	 1.689E+01
   17.0000	 1.460E-04	 5.226E-04	 8.712E+00	 8.451E+02	 1.720E+02	 0.000E+00	 4.637E+03	 5.135E+03	 5.391E+03	 7.892E+02	-2.288E+03	 3.065E+03	 2.524E+00	 2.836E+00	 3.134E+00	-2.784E-01	 6.593E-02	-6.146E-01	 2.524E+00	-2.784E-01	 0.000E+00	 0.000E+00	 0.000E+00	 1.411E+03	 1.689E+01
   17.2500	 6.028E-05	-9.630E-04	 8.710E+00	 8.448E+02	 1.851E+02	 0.000E+00	 4.575E+03	 5.247E+03	 5.316E+03	 2.090E+02	-2.305E+03	 3.663E+03	 2.468E+00	 2.913E+00	 3.099E+00	-2.102E-01	 8.147E-02	-6.973E-01	 2.468E+00	-2.102E-01	 0.000E+00	 0.000E+00	 0.000E+00	 1.411E+03	 1.689E+01
   17.5000	 1.087E-04	 2.340E-03	 8.711E+00	 8.450E+02	 1.982E+02	 0.000E+00	 4.602E+03	 5.288E+03	 5.243E+03	-6.637E+02	-2.237E+03	 4.472E+03	 2.460E+00	 2.956E+00	 3.062E+00	-9.307E-02	 9.300E-02	-8.270E-01	 2.460E+00	-9.307E-02	 0.000E+00	 0.000E+00	 0.000E+00	 1.411E+03	 1.689E+01
   17.7500	 1.189E-03	 5.018E-03	 8.710E+00	 8.448E+02	 2.112E+02	 0.000E+00	 4.644E+03	 5.280E+03	 5.229E+03	-1.600E+03	-1.029E+03	 4.191E+03	 2.471E+00	 2.989E+00	 3.027E+00	 3.741E-02	-9.126E-02	-7.719E-01	 2.471E+00	 3.741E-02	 0.000E+00	 0.000E+00	 0.000E+00	 1.410E+03	 1.689E+01
   18.0000	 1.726E-03	-1.925E-03	 8.710E+00	 8.449E+02	 2.243E+02	 0.000E+00	 4.680E+03	 5.331E+03	 5.167E+03	-2.087E+03	 7.002E+01	 3.592E+03	 2.497E+00	 3.045E+00	 2.964E+00	 9.149E-02	-2.559E-01	-6.659E-01	 2.497E+00	 9.149E-02	 0.000E+00	 0.000E+00	 0.000E+00	 1.410E+03	 1.688E+01
   18.2500	 3.757E-04	-6.958E-03	 8.710E+00	 8.449E+02	 2.374E+02	 0.000E+00	 4.778E+03	 5.396E+03	 5.032E+03	-2.417E+03	 2.814E+02	 3.697E+03	 2.556E+00	 3.090E+00	 2.879E+00	 1.218E-01	-2.587E-01	-6.914E-01	 2.556E+00	 1.218E-01	 0.000E+00	 0.000E+00	 0.000E+00	 1.410E+03	 1.688E+01
   18.5000	-6.587E-04	-7.731E-05	 8.710E+00	 8.448E+02	 2.504E+02	 0.000E+00	 4.910E+03	 5.379E+03	 4.930E+03	-2.911E+03	 9.327E+02	 3.552E+03	 2.634E+00	 3.102E+00	 2.798E+00	 1.868E-01	-3.359E-01	-6.825E-01	 2.634E+00	 1.868E-01	 0.000E+00	 0.000E+00	 0.000E+00	 1.410E+03	 1.688E+01
   18.7500	 3.552E-05	 3.585E-03	 8.710E+00	 8.450E+02	 2.635E+02	 0.000E+00	 4.995E+03	 5.352E+03	 4.872E+03	-3.182E+03	 2.316E+03	 2.431E+03	 2.700E+00	 3.113E+00	 2.718E+00	 2.221E-01	-5.452E-01	-5.067E-01	 2.700E+00	 2.221E-01	 0.000E+00	 0.000E+00	 0.000E+00	 1.410E+03	 1.688E+01
   19.0000	 2.541E-04	-2.238E-03	 8.710E+00	 8.448E+02	 2.766E+02	 0.000E+00	 5.055E+03	 5.385E+03	 4.757E+03	-2.963E+03	 3.020E+03	 1.513E+03	 2.760E+00	 3.137E+00	 2.621E+00	 1.795E-01	-6.399E-01	-3.696E-01	 2.760E+00	 1.795E-01	 0.000E+00	 0.000E+00	 0.000E+00	 1.410E+03	 1.688E+01
   19.2500	-5.173E-04	-2.176E-03	 8.711E+00	 8.450E+02	 2.896E+02	 0.000E+00	 5.148E+03	 5.389E+03	 4.629E+03	-2.696E+03	 3.022E+03	 1.242E+03	 2.830E+00	 3.135E+00	 2.532E+00	 1.360E-01	-6.118E-01	-3.519E-01	 2.830E+00	 1.360E-01	 0.000E+00	 0.000E+00	 0.000E+00	 1.410E+03	 1.688E+01
   19.5000	-3.141E-04	 3.574E-03	 8.710E+00	 8.448E+02	 3.027E+02	 0.000E+00	 5.229E+03	 5.316E+03	 4.597E+03	-2.514E+03	 3.607E+03	 4.714E+02	 2.896E+00	 3.101E+00	 2.483E+00	 1.164E-01	-6.908E-01	-2.512E-01	 2.896E+00	 1.164E-01	 0.000E+00	 0.000E+00	 0.000E+00	 1.410E+03	 1.688E+01
   19.7500	 7.547E-04	 3.851E-03	 8.710E+00	 8.449E+02	 3.158E+02	 0.000E+00	 5.258E+03	 5.260E+03	 4.617E+03	-1.985E+03	 4.395E+03	-8.394E+02	 2.943E+00	 3.070E+00	 2.464E+00	 4.410E-02	-8.155E-01	-5.556E-02	 2.943E+00	 4.410E-02	 0.000E+00	 0.000E+00	 0.000E+00	 1.410E+03	 1.688E+01
   20.0000	 1.294E-03	 4.626E-04	 8.709E+00	 8.448E+02	 3.288E+02	 0.000E+00	 5.288E+03	 5.245E+03	 4.613E+03	-1.139E+03	 4.198E+03	-1.496E+03	 2.988E+00	 3.039E+00	 2.458E+00	-7.858E-02	-7.740E-01	 2.646E-02	 2.988E+00	-7.858E-02	 0.000E+00	 0.000E+00	 0.000E+00	 1.410E+03	 1.688E+01
   20.2500	 1.101E-03	-1.801E-03	 8.709E+00	 8.448E+02	 3.419E+02	 0.000E+00	 5.343E+03	 5.172E+03	 4.654E+03	-4.294E+02	 3.673E+03	-1.673E+03	 3.040E+00	 2.975E+00	 2.487E+00	-1.735E-01	-6.793E-01	 2.400E-02	 3.040E+00	-1.735E-01	 0.000E+00	 0.000E+00	 0.000E+00	 1.409E+03	 1.688E+01
   20.5000	 4.587E-04	-3.039E-03	 8.709E+00	 8.448E+02	 3.550E+02	 0.000E+00	 5.372E+03	 5.047E+03	 4.782E+03	 1.985E+02	 3.763E+03	-2.396E+03	 3.077E+00	 2.891E+00	 2.553E+00	-2.496E-01	-7.008E-01	 1.217E-01	 3.077E+00	-2.496E-01	 0.000E+00	 0.000E+00	 0.000E+00	 1.410E+03	 1.688E+01
   20.7500	-1.141E-04	-8.766E-04	 8.709E+00	 8.448E+02	 8.016E+00	 0.000E+00	 5.365E+03	 4.959E+03	 4.896E+03	 1.100E+03	 3.614E+03	-3.144E+03	 3.096E+00	 2.817E+00	 2.620E+00	-3.724E-01	-6.903E-01	 2.318E-01	 3.096E+00	-3.724E-01	 0.000E+00	 0.000E+00	 0.000E+00	 1.409E+03	 1.688E+01
   21.0000	 5.278E-05	 1.424E-03	 8.710E+00	 8.449E+02	 2.108E+01	 0.000E+00	 5.373E+03	 4.890E+03	 4.956E+03	 2.032E+03	 2.570E+03	-3.035E+03	 3.118E+00	 2.735E+00	 2.680E+00	-5.024E-01	-5.268E-01	 1.988E-01	 3.118E+00	-5.024E-01	 0.000E+00	 0.000E+00	 0.000E+00	 1.410E+03	 1.688E+01
   21.2500	 7.687E-05	-1.862E-03	 8.710E+00	 8.448E+02	 3.414E+01	 0.000E+00	 5.393E+03	 4.767E+03	 5.041E+03	 2.633E+03	 1.685E+03	-2.750E+03	 3.136E+00	 2.634E+00	 2.750E+00	-5.764E-01	-3.945E-01	 1.413E-01	 3.136E+00	-5.764E-01	 0.000E+00	 0.000E+00	 0.000E+00	 1.409E+03	 1.688E+01
   21.5000	-6.210E-04	-2.300E-03	 8.710E+00	 8.449E+02	 4.721E+01	 0.000E+00	 5.371E+03	 4.647E+03	 5.153E+03	 3.130E+03	 1.373E+03	-2.934E+03	 3.131E+00	 2.546E+00	 2.824E+00	-6.349E-01	-3.692E-01	 1.759E-01	 3.131E+00	-6.349E-01	 0.000E+00	 0.000E+00	 0.000E+00	 1.410E+03	 1.688E+01
   21.7500	-4.367E-04	 4.045E-03	 8.710E+00	 8.448E+02	 6.027E+01	 0.000E+00	 5.321E+03	 4.612E+03	 5.212E+03	 3.737E+03	 5.982E+02	-2.770E+03	 3.107E+00	 2.496E+00	 2.880E+00	-7.182E-01	-2.673E-01	 1.595E-01	 3.107E+00	-7.182E-01	 0.000E+00	 0.000E+00	 0.000E+00	 1.410E+03	 1.688E+01
   22.0000	 9.154E-04	 4.977E-03	 8.710E+00	 8.448E+02	 7.334E+01	 0.000E+00	 5.290E+03	 4.611E+03	 5.233E+03	 4.113E+03	-6.710E+02	-1.873E+03	 3.082E+00	 2.465E+00	 2.929E+00	-7.683E-01	-7.856E-02	 2.022E-02	 3.082E+00	-7.683E-01	 0.000E+00	 0.000E+00	 0.000E+00	 1.410E+03	 1.688E+01
   22.2500	 1.388E-03	-1.380E-03	 8.709E+00	 8.448E+02	 8.640E+01	 0.000E+00	 5.254E+03	 4.597E+03	 5.291E+03	 4.072E+03	-1.347E+03	-1.160E+03	 3.045E+00	 2.451E+00	 2.985E+00	-7.518E-01	 6.833E-03	-8.126E-02	 3.045E+00	-7.518E-01	 0.000E+00	 0.000E+00	 0.000E+00	 1.410E+03	 1.688E+01
   22.5000	 6.952E-04	-2.769E-03	 8.709E+00	 8.448E+02	 9.947E+01	 0.000E+00	 5.168E+03	 4.645E+03	 5.350E+03	 3.972E+03	-1.590E+03	-8.140E+02	 2.984E+00	 2.480E+00	 3.034E+00	-7.315E-01	 1.524E-02	-1.117E-01	 2.984E+00	-7.315E-01	 0.000E+00	 0.000E+00	 0.000E+00	 1.409E+03	 1.688E+01
   22.7500	 4.193E-04	 3.812E-04	 8.709E+00	 8.448E+02	 1.125E+02	 0.000E+00	 5.072E+03	 4.769E+03	 5.355E+03	 3.881E+03	-2.320E+03	 5.382E+00	 2.910E+00	 2.544E+00	 3.064E+00	-7.206E-01	 1.130E-01	-2.211E-01	 2.910E+00	-7.206E-01	 0.000E+00	 0.000E+00	 0.000E+00	 1.409E+03	 1.687E+01
   23.0000	 5.121E-04	-3.821E-04	 8.709E+00	 8.447E+02	 1.256E+02	 0.000E+00	 4.994E+03	 4.871E+03	 5.354E+03	 3.443E+03	-3.063E+03	 1.188E+03	 2.835E+00	 2.607E+00	 3.091E+00	-6.569E-01	 2.211E-01	-3.948E-01	 2.835E+00	-6.569E-01	 0.000E+00	 0.000E+00	 0.000E+00	 1.409E+03	 1.687E+01
   23.2500	 1.257E-04	-2.367E-03	 8.709E+00	 8.448E+02	 1.387E+02	 0.000E+00	 4.897E+03	 4.935E+03	 5.388E+03	 2.711E+03	-3.012E+03	 1.870E+03	 2.748E+00	 2.665E+00	 3.121E+00	-5.467E-01	 1.969E-01	-4.809E-01	 2.748E+00	-5.467E-01	 0.000E+00	 0.000E+00	 0.000E+00	 1.409E+03	 1.687E+01
   23.5000	-4.195E-04	-1.633E-03	 8.710E+00	 8.448E+02	 1.517E+02	 0.000E+00	 4.773E+03	 5.032E+03	 5.399E+03	 2.072E+03	-2.789E+03	 2.284E+03	 2.649E+00	 2.739E+00	 3.135E+00	-4.579E-01	 1.487E-01	-5.202E-01	 2.649E+00	-4.579E-01	 0.000E+00	 0.000E+00	 0.000E+00	 1.409E+03	 1.687E+01
   23.7500	-5.754E-04	 5.041E-04	 8.710E+00	 8.449E+02	 1.648E+02	 0.000E+00	 4.678E+03	 5.141E+03	 5.358E+03	 1.439E+03	-2.975E+03	 3.105E+03	 2.565E+00	 2.814E+00	 3.125E+00	-3.756E-01	 1.820E-01	-6.347E-01	 2.565E+00	-3.756E-01	 0.000E+00	 0.000E+00	 0.000E+00	 1.409E+03	 1.688E+01
   24.0000	-1.487E-04	 2.883E-03	 8.710E+00	 8.448E+02	 1.779E+02	 0.000E+00	 4.629E+03	 5.194E+03	 5.327E+03	 5.350E+02	-2.824E+03	 3.855E+03	 2.506E+00	 2.868E+00	 3.113E+00	-2.495E-01	 1.663E-01	-7.433E-01	 2.506E+00	-2.495E-01	 0.000E+00	 0.000E+00	 0.000E+00	 1.410E+03	 1.688E+01
   24.2500	 7.252E-04	 3.357E-03	 8.709E+00	 8.448E+02	 1.909E+02	 0.000E+00	 4.594E+03	 5.226E+03	 5.315E+03	-3.882E+02	-1.987E+03	 3.944E+03	 2.464E+00	 2.919E+00	 3.094E+00	-1.213E-01	 3.645E-02	-7.416E-01	 2.464E+00	-1.213E-01	 0.000E+00	 0.000E+00	 0.000E+00	 1.409E+03	 1.688E+01
   24.5000	 1.147E-03	-4.062E-04	 8.709E+00	 8.448E+02	 2.040E+02	 0.000E+00	 4.587E+03	 5.289E+03	 5.262E+03	-1.043E+03	-1.306E+03	 3.915E+03	 2.450E+00	 2.979E+00	 3.051E+00	-4.077E-02	-6.070E-02	-7.246E-01	 2.450E+00	-4.077E-02	 0.000E+00	 0.000E+00	 0.000E+00	 1.409E+03	 1.688E+01
   24.7500	 7.250E-04	-2.043E-03	 8.709E+00	 8.447E+02	 2.170E+02	 0.000E+00	 4.649E+03	 5.341E+03	 5.169E+03	-1.650E+03	-9.432E+02	 4.160E+03	 2.478E+00	 3.026E+00	 2.991E+00	 3.146E-02	-9.478E-02	-7.642E-01	 2.478E+00	 3.146E-02	 0.000E+00	 0.000E+00	 0.000E+00	 1.409E+03	 1.687E+01
   25.0000	 5.262E-04	 6.269E-04	 8.709E+00	 8.448E+02	 2.301E+02	 0.000E+00	 4.750E+03	 5.346E+03	 5.094E+03	-2.345E+03	-1.294E+02	 4.041E+03	 2.532E+00	 3.055E+00	 2.927E+00	 1.231E-01	-2.037E-01	-7.482E-01	 2.532E+00	 1.231E-01	 0.000E+00	 0.000E+00	 0.000E+00	 1.409E+03	 1.687E+01
   25.2500	 7.386E-04	-5.630E-06	 8.709E+00	 8.447E+02	 2.432E+02	 0.000E+00	 4.836E+03	 5.355E+03	 5.023E+03	-2.806E+03	 1.021E+03	 3.352E+03	 2.590E+00	 3.087E+00	 2.853E+00	 1.798E-01	-3.720E-01	-6.382E-01	 2.590E+00	 1.798E-01	 0.000E+00	 0.000E+00	 0.000E+00	 1.409E+03	 1.687E+01
   25.5000	 2.214E-04	-3.838E-03	 8.709E+00	 8.448E+02	 2.562E+02	 0.000E+00	 4.922E+03	 5.391E+03	 4.907E+03	-2.927E+03	 1.715E+03	 2.781E+03	 2.654E+00	 3.120E+00	 2.760E+00	 1.836E-01	-4.600E-01	-5.543E-01	 2.654E+00	 1.836E-01	 0.000E+00	 0.000E+00	 0.000E+00	 1.409E+03	 1.687E+01
   25.7500	-6.824E-04	-2.221E-03	 8.710E+00	 8.448E+02	 2.693E+02	 0.000E+00	 5.029E+03	 5.395E+03	 4.783E+03	-2.998E+03	 2.171E+03	 2.394E+03	 2.728E+00	 3.132E+00	 2.665E+00	 1.864E-01	-5.062E-01	-5.098E-01	 2.728E+00	 1.864E-01	 0.000E+00	 0.000E+00	 0.000E+00	 1.409E+03	 1.687E+01
   26.0000	-6.050E-04	 2.545E-03	 8.710E+00	 8.448E+02	 2.824E+02	 0.000E+00	 5.119E+03	 5.359E+03	 4.705E+03	-3.018E+03	 3.004E+03	 1.582E+03	 2.798E+00	 3.125E+00	 2.585E+00	 1.893E-01	-6.220E-01	-3.958E-01	 2.798E+00	 1.893E-01	 0.000E+00	 0.000E+00	 0.000E+00	 1.409E+03	 1.687E+01
   26.2500	 1.491E-04	 2.646E-03	 8.710E+00	 8.448E+02	 2.954E+02	 0.000E+00	 5.173E+03	 5.338E+03	 4.644E+03	-2.702E+03	 3.758E+03	 5.105E+02	 2.856E+00	 3.118E+00	 2.516E+00	 1.421E-01	-7.304E-01	-2.387E-01	 2.856E+00	 1.421E-01	 0.000E+00	 0.000E+00	 0.000E+00	 1.409E+03	 1.688E+01
   26.5000	 5.569E-04	 8.191E-04	 8.709E+00	 8.448E+02	 3.085E+02	 0.000E+00	 5.227E+03	 5.325E+03	 4.583E+03	-2.135E+03	 3.891E+03	-1.887E+02	 2.912E+00	 3.101E+00	 2.464E+00	 5.811E-02	-7.352E-01	-1.493E-01	 2.912E+00	 5.811E-02	 0.000E+00	 0.000E+00	 0.000E+00	 1.409E+03	 1.688E+01
   26.7500	 7.165E-04	 6.151E-04	 8.709E+00	 8.448E+02	 3.216E+02	 0.000E+00	 5.287E+03	 5.267E+03	 4.580E+03	-1.601E+03	 3.917E+03	-7.498E+02	 2.970E+00	 3.058E+00	 2.450E+00	-1.321E-02	-7.264E-01	-8.625E-02	 2.970E+00	-1.321E-02	 0.000E+00	 0.000E+00	 0.000E+00	 1.409E+03	 1.688E+01
   27.0000	 8.592E-04	 3.850E-04	 8.709E+00	 8.447E+02	 3.346E+02	 0.000E+00	 5.323E+03	 5.182E+03	 4.650E+03	-9.952E+02	 4.183E+03	-1.620E+03	 3.014E+00	 3.001E+00	 2.475E+00	-9.103E-02	-7.681E-01	 3.201E-02	 3.014E+00	-9.103E-02	 0.000E+00	 0.000E+00	 0.000E+00	 1.409E+03	 1.687E+01
   27.2500	 8.705E-04	-2.743E-04	 8.709E+00	 8.447E+02	 3.477E+02	 0.000E+00	 5.339E+03	 5.116E+03	 4.731E+03	-1.373E+02	 4.080E+03	-2.375E+03	 3.049E+00	 2.943E+00	 2.519E+00	-2.091E-01	-7.537E-01	 1.341E-01	 3.049E+00	-2.091E-01	 0.000E+00	 0.000E+00	 0.000E+00	 1.409E+03	 1.687E+01
   27.5000	 6.961E-04	-1.337E-03	 8.709E+00	 8.447E+02	 7.431E-01	 0.000E+00	 5.365E+03	 5.040E+03	 4.806E+03	 7.498E+02	 3.439E+03	-2.621E+03	 3.085E+00	 2.868E+00	 2.574E+00	-3.310E-01	-6.507E-01	 1.517E-01	 3.085E+00	-3.310E-01	 0.000E+00	 0.000E+00	 0.000E+00	 1.409E+03	 1.687E+01
   27.7500	 1.338E-04	-3.058E-03	 8.709E+00	 8.448E+02	 1.381E+01	 0.000E+00	 5.389E+03	 4.922E+03	 4.909E+03	 1.464E+03	 2.909E+03	-2.805E+03	 3.115E+00	 2.775E+00	 2.644E+00	-4.218E-01	-5.731E-01	 1.643E-01	 3.115E+00	-4.218E-01	 0.000E+00	 0.000E+00	 0.000E+00	 1.409E+03	 1.687E+01
   28.0000	-5.838E-04	-1.872E-03	 8.709E+00	 8.448E+02	 2.687E+01	 0.000E+00	 5.384E+03	 4.806E+03	 5.022E+03	 2.178E+03	 2.524E+03	-3.135E+03	 3.127E+00	 2.683E+00	 2.718E+00	-5.133E-01	-5.280E-01	 2.114E-01	 3.127E+00	-5.133E-01	 0.000E+00	 0.000E+00	 0.000E+00	 1.409E+03	 1.687E+01
   28.2500	-5.548E-04	 2.085E-03	 8.710E+00	 8.448E+02	 3.993E+01	 0.000E+00	 5.365E+03	 4.725E+03	 5.098E+03	 2.955E+03	 1.713E+03	-3.100E+03	 3.128E+00	 2.602E+00	 2.783E+00	-6.191E-01	-4.134E-01	 2.037E-01	 3.128E+00	-6.191E-01	 0.000E+00	 0.000E+00	 0.000E+00	 1.409E+03	 1.687E+01
   28.5000	 1.304E-04	 2.502E-03	 8.710E+00	 8.448E+02	 5.300E+01	 0.000E+00	 5.354E+03	 4.652E+03	 5.154E+03	 3.523E+03	 6.690E+02	-2.625E+03	 3.123E+00	 2.526E+00	 2.843E+00	-6.933E-01	-2.604E-01	 1.264E-01	 3.123E+00	-6.933E-01	 0.000E+00	 0.000E+00	 0.000E+00	 1.409E+03	 1.687E+01
   28.7500	 4.329E-04	 8.880E-05	 8.709E+00	 8.448E+02	 6.606E+01	 0.000E+00	 5.328E+03	 4.584E+03	 5.225E+03	 3.814E+03	-2.578E+01	-2.221E+03	 3.104E+00	 2.468E+00	 2.906E+00	-7.242E-01	-1.714E-01	 6.930E-02	 3.104E+00	-7.242E-01	 0.000E+00	 0.000E+00	 0.000E+00	 1.409E+03	 1.688E+01
   29.0000	 4.735E-04	 8.655E-04	 8.709E+00	 8.448E+02	 7.913E+01	 0.000E+00	 5.268E+03	 4.580E+03	 5.284E+03	 4.044E+03	-6.185E+02	-1.859E+03	 3.065E+00	 2.451E+00	 2.960E+00	-7.506E-01	-1.029E-01	 2.767E-02	 3.065E+00	-7.506E-01	 0.000E+00	 0.000E+00	 0.000E+00	 1.409E+03	 1.687E+01
   29.2500	 8.979E-04	 2.072E-03	 8.709E+00	 8.447E+02	 9.219E+01	 0.000E+00	 5.202E+03	 4.641E+03	 5.308E+03	 4.180E+03	-1.507E+03	-1.105E+03	 3.014E+00	 2.471E+00	 3.003E+00	-7.683E-01	 1.831E-02	-7.681E-02	 3.014E+00	-7.683E-01	 0.000E+00	 0.000E+00	 0.000E+00	 1.409E+03	 1.687E+01
   29.5000	 1.165E-03	-4.057E-04	 8.709E+00	 8.447E+02	 1.053E+02	 0.000E+00	 5.138E+03	 4.710E+03	 5.332E+03	 3.992E+03	-2.264E+03	-1.605E+02	 2.956E+00	 2.508E+00	 3.043E+00	-7.370E-01	 1.202E-01	-2.117E-01	 2.956E+00	-7.370E-01	 0.000E+00	 0.000E+00	 0.000E+00	 1.409E+03	 1.687E+01
   29.7500	 6.794E-04	-2.987E-03	 8.709E+00	 8.447E+02	 1.183E+02	 0.000E+00	 5.050E+03	 4.786E+03	 5.371E+03	 3.570E+03	-2.543E+03	 5.399E+02	 2.881E+00	 2.561E+00	 3.083E+00	-6.712E-01	 1.423E-01	-3.009E-01	 2.881E+00	-6.712E-01	 0.000E+00	 0.000E+00	 0.000E+00	 1.409E+03	 1.687E+01
   30.0000	-3.544E-05	-2.312E-03	 8.709E+00	 8.448E+02	 1.314E+02	 0.000E+00	 4.938E+03	 4.895E+03	 5.387E+03	 3.133E+03	-2.777E+03	 1.211E+03	 2.792E+00	 2.633E+00	 3.109E+00	-6.093E-01	 1.623E-01	-3.834E-01	 2.792E+00	-6.093E-01	 0.000E+00	 0.000E+00	 0.000E+00	 1.409E+03	 1.687E+01
   30.2500	-3.904E-04	-5.465E-04	 8.709E+00	 8.448E+02	 1.444E+02	 0.000E+00	 4.835E+03	 5.005E+03	 5.375E+03	 2.575E+03	-3.132E+03	 2.125E+03	 2.702E+00	 2.706E+00	 3.122E+00	-5.326E-01	 2.122E-01	-5.097E-01	 2.702E+00	-5.326E-01	 0.000E+00	 0.000E+00	 0.000E+00	 1.409E+03	 1.687E+01
   30.5000	-3.632E-04	 7.073E-04	 8.710E+00	 8.448E+02	 1.575E+02	 0.000E+00	 4.744E+03	 5.079E+03	 5.370E+03	 1.767E+03	-3.115E+03	 2.917E+03	 2.617E+00	 2.769E+00	 3.130E+00	-4.172E-01	 2.062E-01	-6.182E-01	 2.617E+00	-4.172E-01	 0.000E+00	 0.000E+00	 0.000E+00	 1.409E+03	 1.687E+01
   30.7500	-8.328E-05	 1.330E-03	 8.710E+00	 8.448E+02	 1.706E+02	 0.000E+00	 4.655E+03	 5.143E+03	 5.366E+03	 9.192E+02	-2.685E+03	 3.333E+03	 2.536E+00	 2.832E+00	 3.128E+00	-2.982E-01	 1.351E-01	-6.644E-01	 2.536E+00	-2.982E-01	 0.000E+00	 0.000E+00	 0.000E+00	 1.409E+03	 1.687E+01
   31.0000	 2.155E-04	 1.015E-03	 8.709E+00	 8.448E+02	 1.836E+02	 0.000E+00	 4.591E+03	 5.218E+03	 5.330E+03	 1.861E+02	-2.324E+03	 3.704E+03	 2.477E+00	 2.897E+00	 3.107E+00	-2.025E-01	 8.398E-02	-7.078E-01	 2.477E+00	-2.025E-01	 0.000E+00	 0.000E+00	 0.000E+00	 1.409E+03	 1.687E+01
   31.2500	 4.864E-04	 1.427E-03	 8.709E+00	 8.448E+02	 1.967E+02	 0.000E+00	 4.587E+03	 5.273E+03	 5.271E+03	-5.856E+02	-1.972E+03	 4.124E+03	 2.455E+00	 2.950E+00	 3.071E+00	-1.022E-01	 4.308E-02	-7.668E-01	 2.455E+00	-1.022E-01	 0.000E+00	 0.000E+00	 0.000E+00	 1.409E+03	 1.687E+01
   31.5000	 9.383E-04	 1.939E-03	 8.709E+00	 8.447E+02	 2.098E+02	 0.000E+00	 4.627E+03	 5.299E+03	 5.220E+03	-1.410E+03	-1.229E+03	 4.205E+03	 2.464E+00	 2.993E+00	 3.027E+00	 7.774E-03	-6.059E-02	-7.738E-01	 2.464E+00	 7.774E-03	 0.000E+00	 0.000E+00	 0.000E+00	 1.409E+03	 1.687E+01
   31.7500	 1.200E-03	-3.313E-04	 8.709E+00	 8.447E+02	 2.228E+02	 0.000E+00	 4.686E+03	 5.330E+03	 5.157E+03	-2.048E+03	-3.120E+02	 3.927E+03	 2.497E+00	 3.037E+00	 2.969E+00	 8.766E-02	-1.913E-01	-7.246E-01	 2.497E+00	 8.766E-02	 0.000E+00	 0.000E+00	 0.000E+00	 1.409E+03	 1.687E+01
   32.0000	 7.156E-04	-3.150E-03	 8.709E+00	 8.447E+02	 2.359E+02	 0.000E+00	 4.773E+03	 5.368E+03	 5.061E+03	-2.468E+03	 3.780E+02	 3.657E+03	 2.551E+00	 3.078E+00	 2.893E+00	 1.334E-01	-2.790E-01	-6.839E-01	 2.551E+00	 1.334E-01	 0.000E+00	 0.000E+00	 0.000E+00	 1.409E+03	 1.687E+01
   32.2500	-3.676E-05	-2.205E-03	 8.709E+00	 8.448E+02	 2.490E+02	 0.000E+00	 4.882E+03	 5.382E+03	 4.954E+03	-2.837E+03	 1.068E+03	 3.336E+03	 2.621E+00	 3.103E+00	 2.809E+00	 1.763E-01	-3.647E-01	-6.419E-01	 2.621E+00	 1.763E-01	 0.000E+00	 0.000E+00	 0.000E+00	 1.409E+03	 1.687E+01
   32.5000	-2.666E-04	 9.453E-05	 8.709E+00	 8.448E+02	 2.620E+02	 0.000E+00	 4.982E+03	 5.374E+03	 4.861E+03	-3.089E+03	 1.994E+03	 2.663E+03	 2.691E+00	 3.119E+00	 2.722E+00	 2.066E-01	-4.929E-01	-5.440E-01	 2.691E+00	 2.066E-01	 0.000E+00	 0.000E+00	 0.000E+00	 1.409E+03	 1.687E+01
   32.7500	-2.137E-04	-1.916E-05	 8.709E+00	 8.448E+02	 2.751E+02	 0.000E+00	 5.060E+03	 5.376E+03	 4.762E+03	-3.043E+03	 2.788E+03	 1.823E+03	 2.757E+00	 3.131E+00	 2.632E+00	 1.933E-01	-6.012E-01	-4.216E-01	 2.757E+00	 1.933E-01	 0.000E+00	 0.000E+00	 0.000E+00	 1.409E+03	 1.687E+01
   33.0000	-2.512E-04	 2.655E-05	 8.710E+00	 8.448E+02	 2.881E+02	 0.000E+00	 5.137E+03	 5.371E+03	 4.661E+03	-2.792E+03	 3.230E+03	 1.129E+03	 2.822E+00	 3.131E+00	 2.547E+00	 1.522E-01	-6.510E-01	-3.290E-01	 2.822E+00	 1.522E-01	 0.000E+00	 0.000E+00	 0.000E+00	 1.409E+03	 1.687E+01
   33.2500	 2.104E-01	 1.531E+00	 8.740E+00	 8.464E+02	 3.012E+02	 0.000E+00	 5.670E+03	 4.717E+03	 4.744E+03	-2.528E+03	 3.604E+03	 5.240E+02	 3.143E+00	 2.866E+00	 2.475E+00	 1.050E-01	-6.777E-01	-2.604E-01	 3.143E+00	 1.050E-01	 0.000E+00	 0.000E+00	 0.000E+00	 1.415E+03	 1.691E+01
   33.5000	 3.834E-01	 9.696E-02	 8.710E+00	 8.449E+02	 3.143E+02	 0.000E+00	 5.497E+03	 4.821E+03	 4.803E+03	-1.820E+03	 3.947E+03	-6.155E+02	 3.206E+00	 2.722E+00	 2.546E+00	-1.727E-02	-7.136E-01	-8.883E-02	 3.206E+00	-1.727E-02	 0.000E+00	 0.000E+00	 0.000E+00	 1.415E+03	 1.694E+01
   33.7500	 5.253E-01	 8.199E-01	 8.725E+00	 8.456E+02	 3.274E+02	 0.000E+00	 5.385E+03	 4.844E+03	 4.892E+03	-9.185E+02	 4.051E+03	-1.505E+03	 3.088E+00	 2.785E+00	 2.596E+00	-1.179E-01	-7.324E-01	 1.037E-02	 3.088E+00	-1.179E-01	 0.000E+00	 0.000E+00	 0.000E+00	 1.414E+03	 1.692E+01
   34.0000	 6.238E-01	 1.605E-01	 8.713E+00	 8.454E+02	 3.405E+02	 0.000E+00	 5.224E+03	 4.974E+03	 4.940E+03	-7.184E+02	 3.871E+03	-1.649E+03	 3.037E+00	 2.809E+00	 2.639E+00	-1.399E-01	-6.977E-01	 1.943E-02	 3.037E+00	-1.399E-01	 0.000E+00	 0.000E+00	 0.000E+00	 1.416E+03	 1.694E+01
   34.2500	 7.127E-01	 4.053E-01	 8.714E+00	 8.447E+02	 3.535E+02	 0.000E+00	 5.254E+03	 4.977E+03	 4.947E+03	 1.287E+02	 3.706E+03	-2.220E+03	 3.003E+00	 2.824E+00	 2.678E+00	-2.255E-01	-6.918E-01	 7.786E-02	 3.003E+00	-2.255E-01	 0.000E+00	 0.000E+00	 0.000E+00	 1.413E+03	 1.692E+01
   34.5000	 7.702E-01	 1.697E-01	 8.713E+00	 8.457E+02	 6.591E+00	 0.000E+00	 5.203E+03	 4.937E+03	 5.071E+03	 1.120E+03	 3.412E+03	-3.000E+03	 3.035E+00	 2.775E+00	 2.716E+00	-3.848E-01	-6.428E-01	 2.023E-01	 3.035E+00	-3.848E-01	 0.000E+00	 0.000E+00	 0.000E+00	 1.415E+03	 1.693E+01
   34.7500	 8.253E-01	 1.920E-01	 8.710E+00	 8.443E+02	 1.966E+01	 0.000E+00	 5.309E+03	 4.873E+03	 5.032E+03	 1.998E+03	 2.680E+03	-3.094E+03	 3.060E+00	 2.718E+00	 2.751E+00	-4.905E-01	-5.479E-01	 2.040E-01	 3.060E+00	-4.905E-01	 0.000E+00	 0.000E+00	 0.000E+00	 1.411E+03	 1.691E+01
   35.0000	 8.597E-01	 1.404E-01	 8.713E+00	 8.457E+02	 3.273E+01	 0.000E+00	 5.280E+03	 4.778E+03	 5.140E+03	 2.364E+03	 1.975E+03	-2.771E+03	 3.087E+00	 2.630E+00	 2.802E+00	-5.329E-01	-4.382E-01	 1.398E-01	 3.087E+00	-5.329E-01	 0.000E+00	 0.000E+00	 0.000E+00	 1.413E+03	 1.691E+01
   35.2500	 8.933E-01	 9.328E-02	 8.709E+00	 8.444E+02	 4.579E+01	 0.000E+00	 5.306E+03	 4.682E+03	 5.181E+03	 3.088E+03	 1.286E+03	-2.820E+03	 3.075E+00	 2.559E+00	 2.865E+00	-6.236E-01	-3.542E-01	 1.531E-01	 3.075E+00	-6.236E-01	 0.000E+00	 0.000E+00	 0.000E+00	 1.411E+03	 1.690E+01
   35.5000	 9.150E-01	 1.034E-01	 8.712E+00	 8.453E+02	 5.886E+01	 0.000E+00	 5.230E+03	 4.652E+03	 5.253E+03	 3.831E+03	 5.417E+02	-2.781E+03	 3.065E+00	 2.508E+00	 2.907E+00	-7.356E-01	-2.523E-01	 1.552E-01	 3.065E+00	-7.356E-01	 0.000E+00	 0.000E+00	 0.000E+00	 1.412E+03	 1.689E+01
   35.7500	 9.358E-01	 5.083E-02	 8.709E+00	 8.447E+02	 7.192E+01	 0.000E+00	 5.252E+03	 4.627E+03	 5.248E+03	 3.997E+03	-4.289E+02	-2.031E+03	 3.044E+00	 2.481E+00	 2.945E+00	-7.457E-01	-1.192E-01	 4.585E-02	 3.044E+00	-7.457E-01	 0.000E+00	 0.000E+00	 0.000E+00	 1.411E+03	 1.690E+01
   36.0000	 9.496E-01	 6.568E-02	 8.709E+00	 8.448E+02	 8.499E+01	 0.000E+00	 5.195E+03	 4.638E+03	 5.293E+03	 3.938E+03	-1.148E+03	-1.194E+03	 3.011E+00	 2.473E+00	 2.991E+00	-7.262E-01	-2.650E-02	-8.011E-02	 3.011E+00	-7.262E-01	 0.000E+00	 0.000E+00	 0.000E+00	 1.410E+03	 1.688E+01
   36.2500	 9.608E-01	 2.392E-02	 8.709E+00	 8.450E+02	 9.805E+01	 0.000E+00	 5.131E+03	 4.686E+03	 5.339E+03	 4.062E+03	-1.724E+03	-7.957E+02	 2.956E+00	 2.502E+00	 3.034E+00	-7.442E-01	 4.070E-02	-1.180E-01	 2.956E+00	-7.442E-01	 0.000E+00	 0.000E+00	 0.000E+00	 1.411E+03	 1.689E+01
   36.5000	 9.688E-01	 4.007E-02	 8.708E+00	 8.444E+02	 1.111E+02	 0.000E+00	 5.046E+03	 4.791E+03	 5.343E+03	 4.002E+03	-2.304E+03	-1.134E+02	 2.896E+00	 2.558E+00	 3.057E+00	-7.401E-01	 1.119E-01	-2.042E-01	 2.896E+00	-7.401E-01	 0.000E+00	 0.000E+00	 0.000E+00	 1.408E+03	 1.687E+01
   36.7500	 9.759E-01	 1.759E-02	 8.710E+00	 8.451E+02	 1.242E+02	 0.000E+00	 4.986E+03	 4.886E+03	 5.338E+03	 3.366E+03	-2.825E+03	 1.019E+03	 2.825E+00	 2.622E+00	 3.079E+00	-6.401E-01	 1.797E-01	-3.678E-01	 2.825E+00	-6.401E-01	 0.000E+00	 0.000E+00	 0.000E+00	 1.410E+03	 1.688E+01
   37.0000	 9.809E-01	 2.082E-02	 8.708E+00	 8.444E+02	 1.372E+02	 0.000E+00	 4.884E+03	 4.967E+03	 5.361E+03	 2.714E+03	-2.995E+03	 1.848E+03	 2.740E+00	 2.684E+00	 3.106E+00	-5.434E-01	 1.930E-01	-4.796E-01	 2.740E+00	-5.434E-01	 0.000E+00	 0.000E+00	 0.000E+00	 1.408E+03	 1.687E+01
   37.2500	 9.843E-01	 9.909E-03	 8.710E+00	 8.451E+02	 1.503E+02	 0.000E+00	 4.767E+03	 5.062E+03	 5.369E+03	 2.275E+03	-2.969E+03	 2.271E+03	 2.650E+00	 2.754E+00	 3.117E+00	-4.902E-01	 1.794E-01	-5.206E-01	 2.650E+00	-4.902E-01	 0.000E+00	 0.000E+00	 0.000E+00	 1.409E+03	 1.687E+01
   37.5000	 9.878E-01	 1.605E-02	 8.708E+00	 8.446E+02	 1.634E+02	 0.000E+00	 4.689E+03	 5.150E+03	 5.334E+03	 1.533E+03	-2.940E+03	 2.960E+03	 2.572E+00	 2.823E+00	 3.107E+00	-3.889E-01	 1.747E-01	-6.104E-01	 2.572E+00	-3.889E-01	 0.000E+00	 0.000E+00	 0.000E+00	 1.409E+03	 1.688E+01
   37.7500	 9.911E-01	 1.046E-02	 8.709E+00	 8.449E+02	 1.764E+02	 0.000E+00	 4.639E+03	 5.205E+03	 5.299E+03	 5.007E+02	-2.687E+03	 3.770E+03	 2.511E+00	 2.879E+00	 3.094E+00	-2.399E-01	 1.387E-01	-7.293E-01	 2.511E+00	-2.399E-01	 0.000E+00	 0.000E+00	 0.000E+00	 1.409E+03	 1.687E+01
   38.0000	 9.936E-01	 8.514E-03	 8.709E+00	 8.448E+02	 1.895E+02	 0.000E+00	 4.596E+03	 5.246E+03	 5.285E+03	-2.943E+02	-2.138E+03	 3.982E+03	 2.468E+00	 2.928E+00	 3.076E+00	-1.337E-01	 5.980E-02	-7.481E-01	 2.468E+00	-1.337E-01	 0.000E+00	 0.000E+00	 0.000E+00	 1.409E+03	 1.688E+01
   38.2500	 9.951E-01	 5.160E-03	 8.708E+00	 8.446E+02	 2.026E+02	 0.000E+00	 4.595E+03	 5.295E+03	 5.235E+03	-8.412E+02	-1.499E+03	 3.920E+03	 2.458E+00	 2.980E+00	 3.036E+00	-7.352E-02	-3.004E-02	-7.253E-01	 2.458E+00	-7.352E-02	 0.000E+00	 0.000E+00	 0.000E+00	 1.408E+03	 1.687E+01
   38.5000	 9.963E-01	 3.576E-03	 8.709E+00	 8.449E+02	 2.156E+02	 0.000E+00	 4.667E+03	 5.331E+03	 5.152E+03	-1.629E+03	-8.993E+02	 4.084E+03	 2.487E+00	 3.023E+00	 2.978E+00	 3.035E-02	-1.058E-01	-7.490E-01	 2.487E+00	 3.035E-02	 0.000E+00	 0.000E+00	 0.000E+00	 1.409E+03	 1.687E+01
   38.7500	 9.969E-01	 2.196E-03	 8.707E+00	 8.445E+02	 2.287E+02	 0.000E+00	 4.759E+03	 5.342E+03	 5.077E+03	-2.385E+03	-1.158E+02	 4.073E+03	 2.538E+00	 3.053E+00	 2.917E+00	 1.325E-01	-2.105E-01	-7.515E-01	 2.538E+00	 1.325E-01	 0.000E+00	 0.000E+00	 0.000E+00	 1.408E+03	 1.687E+01
   39.0000	 9.975E-01	 1.680E-03	 8.709E+00	 8.449E+02	 2.417E+02	 0.000E+00	 4.842E+03	 5.355E+03	 5.007E+03	-2.694E+03	 7.949E+02	 3.467E+03	 2.596E+00	 3.082E+00	 2.846E+00	 1.616E-01	-3.357E-01	-6.557E-01	 2.596E+00	 1.616E-01	 0.000E+00	 0.000E+00	 0.000E+00	 1.409E+03	 1.687E+01
