WFRL Bridge listening on 127.0.0.1:8766
[trainer] 回放 /Users/eason/Desktop/wfcrl/wind farm RL/results/checkpoints/mappo_fastfarm_Dec_Turb3_Row1_Fastfarm_mappo_s0_level_E128_none.pt
  obs_dim=3 act_dim=1 obs_duty=False controls=['yaw'] std=[0.6079999804496765]
Created FAST.Farm input file: __simul__/fastfarm/FastFarm__250s__3T_1789543658.931749/FarmInputs/Case.fstf
Spawning process /opt/anaconda3/envs/wfrl-mac/bin/FAST.Farm __simul__/fastfarm/FastFarm__250s__3T_1789543658.931749/FarmInputs/Case.fstf

 **************************************************************************************************
 FAST.Farm

 Copyright (C) 2024 National Renewable Energy Laboratory
 Copyright (C) 2024 Envision Energy USA LTD

 This program is licensed under Apache License Version 2.0 and comes with ABSOLUTELY NO WARRANTY.
 See the "LICENSE" file distributed with this software for details.
 **************************************************************************************************

 FAST.Farm-v3.5.3-dirty
 Compile Info:
  - Compiler: GCC version 12.3.0
  - Architecture: 64 bit
  - Precision: single
  - OpenMP: Yes, number of threads: 18/18
  - Date: Apr 26 2024
  - Time: 16:41:09
 Execution Info:
  - Date: 09/16/2026
  - Time: 15:27:38+0800

  Heading of the FAST.Farm input file:
    FAST.Farm     input         - file
 Running AWAE.
 Running InflowWind.
 Running Super Controller.
 Running WakeDynamics.
 Running FASTWrapper.
 Running OpenFAST.
 OpenFAST input file heading:
     FAST          Certification - Test #26: NREL 5.0 MW Baseline Wind Turbine (Onshore)

 Running ElastoDyn.
 Nodal outputs section of ElastoDyn input file not found or improperly formatted.
 Running AeroDyn.
 Running InflowWind.
 Running ServoDyn.
 Running ServoDyn Interface for Bladed Controllers (using GNU Fortran for Linux).
 Using legacy Bladed DLL interface.
 Running OpenFAST.
 OpenFAST input file heading:
     FAST          Certification - Test #26: NREL 5.0 MW Baseline Wind Turbine (Onshore)

 Running ElastoDyn.
 Nodal outputs section of ElastoDyn input file not found or improperly formatted.
 Running AeroDyn.
 Running InflowWind.
 Running ServoDyn.
 Running ServoDyn Interface for Bladed Controllers (using GNU Fortran for Linux).
 Using legacy Bladed DLL interface.
 Running OpenFAST.
 OpenFAST input file heading:
     FAST          Certification - Test #26: NREL 5.0 MW Baseline Wind Turbine (Onshore)

 Running ElastoDyn.
 Nodal outputs section of ElastoDyn input file not found or improperly formatted.
 Running AeroDyn.
 Running InflowWind.
 Running ServoDyn.
 Running ServoDyn Interface for Bladed Controllers (using GNU Fortran for Linux).
 Using legacy Bladed DLL interface.

 Farm_Initialize:Farm_ValidateInput:OutFmt produces a column width of 10 instead of 20 characters.
 Farm_Initialize:For efficiency, NumPlanes has been reduced to the number of time steps (51).

  Time: 0 of 150 seconds.
 Initialize MPI
 Found parent process           3
Interface: will receive 12 measures at every iteration
 Will receive MPI interface control for           50  iterations
