
Predictions were generated on 19-Aug-2026 at 13:37:09 using OpenFAST, compiled as a 64-bit application using single precision at commit v3.5.1
 linked with  NWTC Subroutine Library; ElastoDyn; InflowWind; AeroDyn; ServoDyn

Description from the FAST input file: FAST                   Certification - Test #26: NREL 5.0 MW Baseline Wind Turbine (Onshore)

Time	YawPzn	YawVzn	RotSpeed	GenSpeed	Azimuth	BlPitch1	RootMyc1	RootMyc2	RootMyc3	RootMxc1	RootMxc2	RootMxc3	OoPDefl1	OoPDefl2	OoPDefl3	IPDefl1	IPDefl2	IPDefl3	TipDxc1	TipDyc1	BlPitchC1	BlPitchC2	BlPitchC3	GenPwr	GenTq
(s)	(deg)	(deg/s)	(rpm)	(rpm)	(deg)	(deg)	(kN-m)	(kN-m)	(kN-m)	(kN-m)	(kN-m)	(kN-m)	(m)	(m)	(m)	(m)	(m)	(m)	(m)	(m)	(deg)	(deg)	(deg)	(kW)	(kN-m)
    0.0000	 0.000E+00	 0.000E+00	 9.000E+00	 8.730E+02	 0.000E+00	 0.000E+00	 6.194E+01	 7.651E+01	 1.354E+02	 6.583E+00	 8.279E+02	-8.350E+02	 0.000E+00	 0.000E+00	 0.000E+00	 0.000E+00	 0.000E+00	 0.000E+00	 0.000E+00	 0.000E+00	 0.000E+00	 0.000E+00	 0.000E+00	 1.682E+03	 1.949E+01
    0.2500	-2.048E-03	-1.302E-02	 8.870E+00	 8.561E+02	 1.336E+01	 0.000E+00	 3.061E+03	 2.870E+03	 3.077E+03	 1.353E+03	 3.840E+03	-2.714E+03	 1.161E+00	 1.076E+00	 1.076E+00	-3.017E-01	-6.492E-01	 2.186E-01	 1.161E+00	-3.017E-01	 0.000E+00	 0.000E+00	 0.000E+00	 1.605E+03	 1.896E+01
    0.5000	-3.032E-03	 8.312E-03	 8.874E+00	 8.718E+02	 2.673E+01	 0.000E+00	 5.475E+03	 5.194E+03	 5.481E+03	 2.048E+03	 4.202E+03	-5.470E+03	 2.915E+00	 2.999E+00	 2.765E+00	-4.744E-01	-8.533E-01	 6.227E-01	 2.915E+00	-4.744E-01	 0.000E+00	 0.000E+00	 0.000E+00	 1.650E+03	 1.915E+01
    0.7500	 1.594E-03	 2.476E-02	 8.783E+00	 8.436E+02	 3.997E+01	 0.000E+00	 6.478E+03	 6.689E+03	 6.221E+03	 3.364E+03	 9.059E+02	-2.186E+03	 3.715E+00	 3.490E+00	 3.393E+00	-7.507E-01	-3.522E-01	-1.563E-02	 3.715E+00	-7.507E-01	 0.000E+00	 0.000E+00	 0.000E+00	 1.549E+03	 1.857E+01
    1.0000	 3.737E-03	-9.596E-03	 8.910E+00	 8.774E+02	 5.328E+01	 0.000E+00	 6.430E+03	 5.448E+03	 5.984E+03	 3.324E+03	-8.225E+02	-7.921E+02	 3.769E+00	 3.186E+00	 3.441E+00	-7.121E-01	-5.342E-02	-2.523E-01	 3.769E+00	-7.121E-01	 0.000E+00	 0.000E+00	 0.000E+00	 1.613E+03	 1.860E+01
    1.2500	-1.503E-03	-1.695E-02	 8.844E+00	 8.509E+02	 6.663E+01	 0.000E+00	 5.935E+03	 5.005E+03	 5.896E+03	 3.592E+03	 1.265E+03	-3.411E+03	 3.485E+00	 2.683E+00	 3.251E+00	-7.101E-01	-4.130E-01	 2.554E-01	 3.485E+00	-7.101E-01	 0.000E+00	 0.000E+00	 0.000E+00	 1.566E+03	 1.862E+01
    1.5000	-1.662E-03	 1.831E-02	 8.934E+00	 8.746E+02	 7.997E+01	 0.000E+00	 5.575E+03	 4.779E+03	 5.570E+03	 4.617E+03	 5.991E+02	-2.964E+03	 3.267E+00	 2.621E+00	 3.119E+00	-8.746E-01	-3.447E-01	 2.081E-01	 3.267E+00	-8.746E-01	 0.000E+00	 0.000E+00	 0.000E+00	 1.602E+03	 1.853E+01
    1.7500	 4.049E-03	 1.795E-02	 8.890E+00	 8.602E+02	 9.338E+01	 0.000E+00	 5.634E+03	 5.147E+03	 5.592E+03	 4.171E+03	-3.361E+03	 2.801E+02	 3.213E+00	 2.631E+00	 3.153E+00	-7.679E-01	 3.452E-01	-3.143E-01	 3.213E+00	-7.679E-01	 0.000E+00	 0.000E+00	 0.000E+00	 1.601E+03	 1.883E+01
    2.0000	 3.129E-03	-2.023E-02	 8.918E+00	 8.656E+02	 1.067E+02	 0.000E+00	 5.606E+03	 4.955E+03	 5.793E+03	 3.902E+03	-2.641E+03	 1.164E+03	 3.198E+00	 2.673E+00	 3.318E+00	-7.473E-01	 1.666E-01	-4.730E-01	 3.198E+00	-7.473E-01	 0.000E+00	 0.000E+00	 0.000E+00	 1.589E+03	 1.857E+01
    2.2500	-1.380E-03	-8.595E-03	 8.932E+00	 8.698E+02	 1.201E+02	 0.000E+00	 5.495E+03	 5.216E+03	 6.052E+03	 3.311E+03	-1.043E+03	-1.091E+03	 3.111E+00	 2.779E+00	 3.399E+00	-6.304E-01	-1.276E-01	-1.578E-02	 3.111E+00	-6.304E-01	 0.000E+00	 0.000E+00	 0.000E+00	 1.627E+03	 1.892E+01
    2.5000	-1.504E-03	 6.253E-03	 8.908E+00	 8.595E+02	 1.335E+02	 0.000E+00	 5.319E+03	 5.430E+03	 5.815E+03	 3.610E+03	-2.500E+03	 1.093E+03	 3.011E+00	 2.941E+00	 3.370E+00	-7.175E-01	 8.264E-02	-3.757E-01	 3.011E+00	-7.175E-01	 0.000E+00	 0.000E+00	 0.000E+00	 1.590E+03	 1.871E+01
    2.7500	 6.604E-04	 7.493E-03	 8.963E+00	 8.755E+02	 1.469E+02	 0.000E+00	 5.340E+03	 5.580E+03	 5.810E+03	 2.399E+03	-4.792E+03	 3.934E+03	 2.948E+00	 2.975E+00	 3.380E+00	-5.188E-01	 4.944E-01	-8.356E-01	 2.948E+00	-5.188E-01	 0.000E+00	 0.000E+00	 0.000E+00	 1.639E+03	 1.894E+01
    3.0000	 6.777E-04	-5.161E-03	 8.915E+00	 8.588E+02	 1.603E+02	 0.000E+00	 5.179E+03	 5.424E+03	 5.937E+03	 1.308E+03	-2.670E+03	 3.169E+03	 2.842E+00	 2.993E+00	 3.441E+00	-3.574E-01	 1.174E-01	-6.794E-01	 2.842E+00	-3.574E-01	 0.000E+00	 0.000E+00	 0.000E+00	 1.605E+03	 1.891E+01
    3.2500	 9.062E-05	 9.900E-04	 8.974E+00	 8.756E+02	 1.737E+02	 0.000E+00	 5.006E+03	 5.630E+03	 5.951E+03	 9.327E+02	-1.003E+03	 2.000E+03	 2.719E+00	 3.111E+00	 3.415E+00	-3.225E-01	-1.804E-01	-4.418E-01	 2.719E+00	-3.225E-01	 0.000E+00	 0.000E+00	 0.000E+00	 1.641E+03	 1.896E+01
    3.5000	-4.447E-04	-6.498E-03	 8.934E+00	 8.628E+02	 1.872E+02	 0.000E+00	 4.993E+03	 5.821E+03	 5.739E+03	 2.374E+02	-2.908E+03	 4.163E+03	 2.681E+00	 3.220E+00	 3.342E+00	-2.296E-01	 1.760E-01	-7.914E-01	 2.681E+00	-2.296E-01	 0.000E+00	 0.000E+00	 0.000E+00	 1.628E+03	 1.909E+01
    3.7500	-8.457E-04	 8.733E-03	 8.968E+00	 8.717E+02	 2.006E+02	 0.000E+00	 5.064E+03	 5.775E+03	 5.692E+03	-8.221E+02	-2.803E+03	 5.772E+03	 2.698E+00	 3.213E+00	 3.329E+00	-9.269E-02	 1.782E-01	-1.081E+00	 2.698E+00	-9.269E-02	 0.000E+00	 0.000E+00	 0.000E+00	 1.637E+03	 1.900E+01
    4.0000	 2.949E-03	 1.323E-02	 8.958E+00	 8.688E+02	 2.140E+02	 0.000E+00	 5.092E+03	 5.732E+03	 5.807E+03	-1.958E+03	-4.820E+01	 3.413E+03	 2.699E+00	 3.256E+00	 3.309E+00	 8.596E-02	-2.672E-01	-6.476E-01	 2.699E+00	 8.596E-02	 0.000E+00	 0.000E+00	 0.000E+00	 1.650E+03	 1.921E+01
    4.2500	 2.849E-03	-1.359E-02	 8.959E+00	 8.674E+02	 2.275E+02	 0.000E+00	 5.069E+03	 5.875E+03	 5.633E+03	-1.836E+03	 1.083E+03	 2.878E+03	 2.720E+00	 3.361E+00	 3.203E+00	 2.093E-02	-4.544E-01	-5.608E-01	 2.720E+00	 2.093E-02	 0.000E+00	 0.000E+00	 0.000E+00	 1.636E+03	 1.908E+01
    4.5000	-1.388E-03	-1.406E-02	 8.979E+00	 8.736E+02	 2.409E+02	 0.000E+00	 5.285E+03	 5.998E+03	 5.416E+03	-2.465E+03	-4.668E+02	 4.471E+03	 2.814E+00	 3.401E+00	 3.097E+00	 1.125E-01	-1.319E-01	-8.419E-01	 2.814E+00	 1.125E-01	 0.000E+00	 0.000E+00	 0.000E+00	 1.664E+03	 1.926E+01
    4.7500	-1.907E-03	 1.086E-02	 8.956E+00	 8.654E+02	 2.544E+02	 0.000E+00	 5.426E+03	 5.838E+03	 5.370E+03	-3.091E+03	 9.699E+02	 4.056E+03	 2.914E+00	 3.367E+00	 3.037E+00	 1.951E-01	-3.483E-01	-7.987E-01	 2.914E+00	 1.951E-01	 0.000E+00	 0.000E+00	 0.000E+00	 1.642E+03	 1.919E+01
    5.0000	 1.882E-03	 1.123E-02	 8.990E+00	 8.754E+02	 2.678E+02	 0.000E+00	 5.484E+03	 5.836E+03	 5.382E+03	-3.146E+03	 3.663E+03	 1.255E+03	 2.972E+00	 3.395E+00	 2.949E+00	 1.981E-01	-7.900E-01	-3.238E-01	 2.972E+00	 1.981E-01	 0.000E+00	 0.000E+00	 0.000E+00	 1.669E+03	 1.928E+01
    5.2500	 1.059E-03	-1.566E-02	 8.964E+00	 8.665E+02	 2.813E+02	 0.000E+00	 5.530E+03	 5.967E+03	 5.134E+03	-2.635E+03	 3.368E+03	 9.891E+02	 3.036E+00	 3.454E+00	 2.813E+00	 1.071E-01	-7.117E-01	-2.985E-01	 3.036E+00	 1.071E-01	 0.000E+00	 0.000E+00	 0.000E+00	 1.654E+03	 1.931E+01
    5.5000	-2.090E-03	-2.541E-03	 8.992E+00	 8.744E+02	 2.948E+02	 0.000E+00	 5.702E+03	 5.930E+03	 4.968E+03	-2.470E+03	 2.370E+03	 2.058E+03	 3.130E+00	 3.421E+00	 2.724E+00	 7.958E-02	-5.075E-01	-5.255E-01	 3.130E+00	 7.958E-02	 0.000E+00	 0.000E+00	 0.000E+00	 1.669E+03	 1.930E+01
    5.7500	-2.600E-04	 1.188E-02	 8.976E+00	 8.695E+02	 3.083E+02	 0.000E+00	 5.775E+03	 5.758E+03	 5.078E+03	-2.491E+03	 3.977E+03	 1.111E+02	 3.203E+00	 3.347E+00	 2.715E+00	 1.057E-01	-7.599E-01	-2.165E-01	 3.203E+00	 1.057E-01	 0.000E+00	 0.000E+00	 0.000E+00	 1.668E+03	 1.941E+01
    6.0000	 1.814E-03	 3.775E-03	 8.986E+00	 8.718E+02	 3.217E+02	 0.000E+00	 5.750E+03	 5.734E+03	 5.098E+03	-1.450E+03	 5.502E+03	-2.031E+03	 3.233E+00	 3.337E+00	 2.698E+00	-5.944E-02	-1.030E+00	 1.209E-01	 3.233E+00	-5.944E-02	 0.000E+00	 0.000E+00	 0.000E+00	 1.667E+03	 1.934E+01
    6.2500	 1.928E-03	-2.294E-03	 8.989E+00	 8.728E+02	 3.352E+02	 0.000E+00	 5.831E+03	 5.795E+03	 5.022E+03	-5.765E+02	 3.753E+03	-1.562E+03	 3.293E+00	 3.314E+00	 2.679E+00	-1.783E-01	-7.114E-01	 1.315E-02	 3.293E+00	-1.783E-01	 0.000E+00	 0.000E+00	 0.000E+00	 1.676E+03	 1.943E+01
    6.5000	 9.346E-04	-4.984E-03	 8.982E+00	 8.698E+02	 3.487E+02	 0.000E+00	 5.910E+03	 5.618E+03	 5.099E+03	-9.994E-01	 2.947E+03	-9.930E+02	 3.363E+00	 3.199E+00	 2.743E+00	-2.534E-01	-5.710E-01	-1.297E-01	 3.363E+00	-2.534E-01	 0.000E+00	 0.000E+00	 0.000E+00	 1.668E+03	 1.940E+01
    6.7500	-3.351E-04	-4.605E-03	 8.999E+00	 8.748E+02	 2.166E+00	 0.000E+00	 5.918E+03	 5.430E+03	 5.367E+03	 5.812E+02	 4.201E+03	-3.054E+03	 3.385E+00	 3.095E+00	 2.850E+00	-3.145E-01	-7.987E-01	 2.084E-01	 3.385E+00	-3.145E-01	 0.000E+00	 0.000E+00	 0.000E+00	 1.681E+03	 1.944E+01
    7.0000	-7.456E-04	 2.839E-03	 8.984E+00	 8.695E+02	 1.565E+01	 0.000E+00	 5.869E+03	 5.393E+03	 5.429E+03	 1.821E+03	 3.888E+03	-3.885E+03	 3.390E+00	 3.040E+00	 2.909E+00	-4.971E-01	-7.690E-01	 3.387E-01	 3.390E+00	-4.971E-01	 0.000E+00	 0.000E+00	 0.000E+00	 1.670E+03	 1.943E+01
    7.2500	 9.425E-04	 7.291E-03	 9.003E+00	 8.750E+02	 2.914E+01	 0.000E+00	 5.920E+03	 5.346E+03	 5.437E+03	 2.695E+03	 1.495E+03	-2.331E+03	 3.424E+00	 2.942E+00	 2.964E+00	-6.191E-01	-3.702E-01	 5.397E-02	 3.424E+00	-6.191E-01	 0.000E+00	 0.000E+00	 0.000E+00	 1.682E+03	 1.944E+01
    7.5000	 7.886E-04	-9.781E-03	 8.991E+00	 8.709E+02	 4.264E+01	 0.000E+00	 5.952E+03	 5.128E+03	 5.588E+03	 2.935E+03	 9.047E+02	-2.122E+03	 3.441E+00	 2.802E+00	 3.071E+00	-6.282E-01	-2.866E-01	 1.348E-02	 3.441E+00	-6.282E-01	 0.000E+00	 0.000E+00	 0.000E+00	 1.676E+03	 1.946E+01
    7.7500	-1.921E-03	-5.260E-03	 9.002E+00	 8.738E+02	 5.613E+01	 0.000E+00	 5.864E+03	 4.995E+03	 5.756E+03	 3.546E+03	 1.702E+03	-3.317E+03	 3.408E+00	 2.729E+00	 3.152E+00	-7.117E-01	-4.660E-01	 2.303E-01	 3.408E+00	-7.117E-01	 0.000E+00	 0.000E+00	 0.000E+00	 1.680E+03	 1.945E+01
    8.0000	-4.301E-04	 1.461E-02	 8.999E+00	 8.729E+02	 6.963E+01	 0.000E+00	 5.797E+03	 5.084E+03	 5.747E+03	 4.206E+03	 1.255E+02	-2.645E+03	 3.367E+00	 2.721E+00	 3.188E+00	-8.040E-01	-2.243E-01	 1.372E-01	 3.367E+00	-8.040E-01	 0.000E+00	 0.000E+00	 0.000E+00	 1.682E+03	 1.949E+01
    8.2500	 2.774E-03	 6.137E-03	 8.999E+00	 8.723E+02	 8.313E+01	 0.000E+00	 5.792E+03	 5.086E+03	 5.735E+03	 4.355E+03	-1.917E+03	-5.159E+02	 3.343E+00	 2.696E+00	 3.242E+00	-8.237E-01	 9.863E-02	-2.205E-01	 3.343E+00	-8.237E-01	 0.000E+00	 0.000E+00	 0.000E+00	 1.679E+03	 1.947E+01
    8.5000	 1.899E-03	-1.098E-02	 9.006E+00	 8.746E+02	 9.664E+01	 0.000E+00	 5.741E+03	 5.032E+03	 5.886E+03	 3.910E+03	-1.719E+03	-4.558E+02	 3.290E+00	 2.684E+00	 3.326E+00	-7.378E-01	 3.501E-02	-2.016E-01	 3.290E+00	-7.378E-01	 0.000E+00	 0.000E+00	 0.000E+00	 1.686E+03	 1.950E+01
    8.7500	-5.786E-04	-4.705E-03	 8.999E+00	 8.718E+02	 1.101E+02	 0.000E+00	 5.576E+03	 5.147E+03	 5.941E+03	 3.910E+03	-1.262E+03	-7.947E+02	 3.194E+00	 2.760E+00	 3.366E+00	-7.418E-01	-8.371E-02	-1.064E-01	 3.194E+00	-7.418E-01	 0.000E+00	 0.000E+00	 0.000E+00	 1.679E+03	 1.949E+01
    9.0000	 3.562E-06	 6.500E-03	 9.010E+00	 8.751E+02	 1.236E+02	 0.000E+00	 5.478E+03	 5.376E+03	 5.870E+03	 3.785E+03	-2.895E+03	 9.241E+02	 3.106E+00	 2.865E+00	 3.370E+00	-7.310E-01	 1.762E-01	-3.697E-01	 3.106E+00	-7.310E-01	 0.000E+00	 0.000E+00	 0.000E+00	 1.687E+03	 1.950E+01
    9.2500	 8.783E-04	-1.198E-03	 9.002E+00	 8.723E+02	 1.372E+02	 0.000E+00	 5.415E+03	 5.431E+03	 5.877E+03	 2.926E+03	-3.792E+03	 2.649E+03	 3.028E+00	 2.918E+00	 3.404E+00	-5.992E-01	 3.209E-01	-6.406E-01	 3.028E+00	-5.992E-01	 0.000E+00	 0.000E+00	 0.000E+00	 1.682E+03	 1.951E+01
    9.5000	 2.021E-06	-3.581E-03	 9.012E+00	 8.748E+02	 1.507E+02	 0.000E+00	 5.270E+03	 5.459E+03	 5.974E+03	 2.015E+03	-2.514E+03	 2.375E+03	 2.917E+00	 2.975E+00	 3.446E+00	-4.630E-01	 8.563E-02	-5.613E-01	 2.917E+00	-4.630E-01	 0.000E+00	 0.000E+00	 0.000E+00	 1.687E+03	 1.951E+01
    9.7500	-5.427E-04	-1.360E-03	 9.009E+00	 8.735E+02	 1.642E+02	 0.000E+00	 5.116E+03	 5.625E+03	 5.942E+03	 1.495E+03	-2.156E+03	 2.405E+03	 2.801E+00	 3.086E+00	 3.431E+00	-3.971E-01	 1.966E-02	-5.295E-01	 2.801E+00	-3.971E-01	 0.000E+00	 0.000E+00	 0.000E+00	 1.686E+03	 1.953E+01
   10.0000	-7.406E-04	 7.268E-04	 9.011E+00	 8.740E+02	 1.777E+02	 0.000E+00	 5.061E+03	 5.755E+03	 5.821E+03	 8.418E+02	-3.087E+03	 4.133E+03	 2.740E+00	 3.165E+00	 3.393E+00	-3.191E-01	 1.915E-01	-8.104E-01	 2.740E+00	-3.191E-01	 0.000E+00	 0.000E+00	 0.000E+00	 1.686E+03	 1.952E+01
   10.2500	 2.807E-04	 7.231E-03	 9.014E+00	 8.747E+02	 1.912E+02	 0.000E+00	 5.071E+03	 5.749E+03	 5.819E+03	-3.946E+02	-2.541E+03	 4.690E+03	 2.710E+00	 3.194E+00	 3.382E+00	-1.356E-01	 1.197E-01	-8.916E-01	 2.710E+00	-1.356E-01	 0.000E+00	 0.000E+00	 0.000E+00	 1.690E+03	 1.954E+01
   10.5000	 2.064E-03	 4.547E-03	 9.011E+00	 8.735E+02	 2.047E+02	 0.000E+00	 5.036E+03	 5.766E+03	 5.827E+03	-1.199E+03	-6.420E+02	 3.701E+03	 2.685E+00	 3.255E+00	 3.350E+00	-3.047E-02	-1.938E-01	-7.071E-01	 2.685E+00	-3.047E-02	 0.000E+00	 0.000E+00	 0.000E+00	 1.687E+03	 1.953E+01
   10.7500	 1.689E-03	-7.535E-03	 9.017E+00	 8.753E+02	 2.183E+02	 0.000E+00	 5.072E+03	 5.896E+03	 5.701E+03	-1.572E+03	-3.086E+02	 3.678E+03	 2.704E+00	 3.338E+00	 3.267E+00	 1.405E-03	-2.247E-01	-6.953E-01	 2.704E+00	 1.405E-03	 0.000E+00	 0.000E+00	 0.000E+00	 1.691E+03	 1.954E+01
   11.0000	-4.722E-04	-5.788E-03	 9.012E+00	 8.735E+02	 2.318E+02	 0.000E+00	 5.216E+03	 5.936E+03	 5.543E+03	-2.179E+03	-5.383E+02	 4.532E+03	 2.780E+00	 3.370E+00	 3.184E+00	 7.502E-02	-1.468E-01	-8.520E-01	 2.780E+00	 7.502E-02	 0.000E+00	 0.000E+00	 0.000E+00	 1.688E+03	 1.955E+01
   11.2500	-8.560E-05	 7.555E-03	 9.019E+00	 8.753E+02	 2.453E+02	 0.000E+00	 5.355E+03	 5.877E+03	 5.501E+03	-2.896E+03	 9.660E+02	 3.771E+03	 2.862E+00	 3.376E+00	 3.114E+00	 1.755E-01	-3.732E-01	-7.336E-01	 2.862E+00	 1.755E-01	 0.000E+00	 0.000E+00	 0.000E+00	 1.692E+03	 1.955E+01
   11.5000	 1.351E-03	 2.218E-04	 9.016E+00	 8.742E+02	 2.588E+02	 0.000E+00	 5.418E+03	 5.901E+03	 5.422E+03	-3.016E+03	 2.611E+03	 2.190E+03	 2.926E+00	 3.415E+00	 3.015E+00	 1.814E-01	-6.296E-01	-4.712E-01	 2.926E+00	 1.814E-01	 0.000E+00	 0.000E+00	 0.000E+00	 1.690E+03	 1.956E+01
   11.7500	-1.625E-04	-9.421E-03	 9.020E+00	 8.751E+02	 2.724E+02	 0.000E+00	 5.516E+03	 5.974E+03	 5.220E+03	-2.750E+03	 2.559E+03	 2.054E+03	 3.003E+00	 3.451E+00	 2.892E+00	 1.248E-01	-5.895E-01	-4.711E-01	 3.003E+00	 1.248E-01	 0.000E+00	 0.000E+00	 0.000E+00	 1.692E+03	 1.956E+01
   12.0000	-1.534E-03	 6.321E-04	 9.020E+00	 8.750E+02	 2.859E+02	 0.000E+00	 5.660E+03	 5.927E+03	 5.100E+03	-2.804E+03	 2.591E+03	 1.990E+03	 3.094E+00	 3.428E+00	 2.800E+00	 1.357E-01	-5.597E-01	-4.903E-01	 3.094E+00	 1.357E-01	 0.000E+00	 0.000E+00	 0.000E+00	 1.693E+03	 1.957E+01
   12.2500	-1.091E-04	 8.290E-03	 9.020E+00	 8.747E+02	 2.994E+02	 0.000E+00	 5.725E+03	 5.827E+03	 5.100E+03	-2.639E+03	 4.061E+03	 4.318E+02	 3.162E+00	 3.392E+00	 2.747E+00	 1.164E-01	-7.943E-01	-2.524E-01	 3.162E+00	 1.164E-01	 0.000E+00	 0.000E+00	 0.000E+00	 1.692E+03	 1.957E+01
   12.5000	 1.396E-03	 2.396E-03	 9.023E+00	 8.755E+02	 3.129E+02	 0.000E+00	 5.753E+03	 5.831E+03	 5.065E+03	-1.900E+03	 4.668E+03	-9.703E+02	 3.211E+00	 3.383E+00	 2.700E+00	 6.866E-03	-8.863E-01	-3.796E-02	 3.211E+00	 6.866E-03	 0.000E+00	 0.000E+00	 0.000E+00	 1.694E+03	 1.958E+01
   12.7500	 1.271E-03	-1.956E-03	 9.020E+00	 8.746E+02	 3.265E+02	 0.000E+00	 5.823E+03	 5.815E+03	 5.005E+03	-1.085E+03	 3.814E+03	-8.989E+02	 3.276E+00	 3.346E+00	 2.677E+00	-1.126E-01	-7.259E-01	-8.638E-02	 3.276E+00	-1.126E-01	 0.000E+00	 0.000E+00	 0.000E+00	 1.693E+03	 1.958E+01
   13.0000	 8.600E-04	-1.493E-03	 9.024E+00	 8.757E+02	 3.400E+02	 0.000E+00	 5.897E+03	 5.679E+03	 5.102E+03	-5.862E+02	 3.700E+03	-1.291E+03	 3.337E+00	 3.256E+00	 2.723E+00	-1.697E-01	-6.999E-01	-5.480E-02	 3.337E+00	-1.697E-01	 0.000E+00	 0.000E+00	 0.000E+00	 1.695E+03	 1.958E+01
   13.2500	 3.780E-04	-2.032E-03	 9.021E+00	 8.748E+02	 3.535E+02	 0.000E+00	 5.900E+03	 5.548E+03	 5.269E+03	 1.644E+02	 4.368E+03	-2.726E+03	 3.366E+00	 3.175E+00	 2.801E+00	-2.655E-01	-8.242E-01	 1.671E-01	 3.366E+00	-2.655E-01	 0.000E+00	 0.000E+00	 0.000E+00	 1.694E+03	 1.959E+01
   13.5000	 2.630E-04	 1.497E-03	 9.025E+00	 8.756E+02	 7.077E+00	 0.000E+00	 5.899E+03	 5.496E+03	 5.346E+03	 1.295E+03	 3.694E+03	-3.145E+03	 3.391E+00	 3.107E+00	 2.861E+00	-4.286E-01	-7.223E-01	 2.185E-01	 3.391E+00	-4.286E-01	 0.000E+00	 0.000E+00	 0.000E+00	 1.695E+03	 1.959E+01
   13.7500	 6.536E-04	-2.303E-04	 9.025E+00	 8.753E+02	 2.061E+01	 0.000E+00	 5.941E+03	 5.394E+03	 5.412E+03	 2.101E+03	 2.210E+03	-2.513E+03	 3.427E+00	 3.000E+00	 2.933E+00	-5.352E-01	-4.780E-01	 9.102E-02	 3.427E+00	-5.352E-01	 0.000E+00	 0.000E+00	 0.000E+00	 1.695E+03	 1.959E+01
   14.0000	-2.775E-04	-6.309E-03	 9.026E+00	 8.755E+02	 3.415E+01	 0.000E+00	 5.951E+03	 5.206E+03	 5.561E+03	 2.599E+03	 1.930E+03	-2.682E+03	 3.441E+00	 2.877E+00	 3.029E+00	-5.900E-01	-4.526E-01	 1.107E-01	 3.441E+00	-5.900E-01	 0.000E+00	 0.000E+00	 0.000E+00	 1.696E+03	 1.959E+01
   14.2500	-1.352E-03	 5.331E-05	 9.027E+00	 8.758E+02	 4.769E+01	 0.000E+00	 5.898E+03	 5.105E+03	 5.687E+03	 3.274E+03	 1.794E+03	-3.265E+03	 3.423E+00	 2.795E+00	 3.106E+00	-6.774E-01	-4.606E-01	 2.179E-01	 3.423E+00	-6.774E-01	 0.000E+00	 0.000E+00	 0.000E+00	 1.697E+03	 1.960E+01
   14.5000	 2.001E-05	 9.158E-03	 9.026E+00	 8.753E+02	 6.123E+01	 0.000E+00	 5.854E+03	 5.095E+03	 5.708E+03	 3.998E+03	 3.478E+02	-2.512E+03	 3.401E+00	 2.743E+00	 3.159E+00	-7.820E-01	-2.421E-01	 9.815E-02	 3.401E+00	-7.820E-01	 0.000E+00	 0.000E+00	 0.000E+00	 1.696E+03	 1.960E+01
   14.7500	 1.779E-03	 2.412E-03	 9.029E+00	 8.760E+02	 7.477E+01	 0.000E+00	 5.845E+03	 5.051E+03	 5.757E+03	 4.164E+03	-9.965E+02	-1.350E+03	 3.380E+00	 2.693E+00	 3.225E+00	-7.951E-01	-3.853E-02	-8.852E-02	 3.380E+00	-7.951E-01	 0.000E+00	 0.000E+00	 0.000E+00	 1.698E+03	 1.961E+01
   15.0000	 1.100E-03	-5.712E-03	 9.027E+00	 8.754E+02	 8.832E+01	 0.000E+00	 5.777E+03	 5.018E+03	 5.861E+03	 4.054E+03	-1.057E+03	-1.178E+03	 3.329E+00	 2.681E+00	 3.296E+00	-7.660E-01	-6.329E-02	-9.337E-02	 3.329E+00	-7.660E-01	 0.000E+00	 0.000E+00	 0.000E+00	 1.697E+03	 1.961E+01
   15.2500	 2.099E-04	 3.584E-05	 9.029E+00	 8.760E+02	 1.019E+02	 0.000E+00	 5.657E+03	 5.129E+03	 5.902E+03	 4.124E+03	-1.429E+03	-8.635E+02	 3.251E+00	 2.736E+00	 3.338E+00	-7.764E-01	-3.513E-02	-1.150E-01	 3.251E+00	-7.764E-01	 0.000E+00	 0.000E+00	 0.000E+00	 1.698E+03	 1.961E+01
   15.5000	 8.163E-04	 2.814E-03	 9.028E+00	 8.756E+02	 1.154E+02	 0.000E+00	 5.570E+03	 5.283E+03	 5.880E+03	 3.970E+03	-2.721E+03	 5.612E+02	 3.173E+00	 2.812E+00	 3.364E+00	-7.564E-01	 1.622E-01	-3.297E-01	 3.173E+00	-7.564E-01	 0.000E+00	 0.000E+00	 0.000E+00	 1.698E+03	 1.961E+01
   15.7500	 8.456E-04	-2.771E-03	 9.030E+00	 8.759E+02	 1.289E+02	 0.000E+00	 5.484E+03	 5.352E+03	 5.912E+03	 3.281E+03	-3.150E+03	 1.708E+03	 3.090E+00	 2.870E+00	 3.404E+00	-6.504E-01	 2.166E-01	-4.979E-01	 3.090E+00	-6.504E-01	 0.000E+00	 0.000E+00	 0.000E+00	 1.698E+03	 1.961E+01
   16.0000	-1.332E-04	-3.895E-03	 9.031E+00	 8.760E+02	 1.425E+02	 0.000E+00	 5.344E+03	 5.437E+03	 5.968E+03	 2.535E+03	-2.594E+03	 1.870E+03	 2.980E+00	 2.945E+00	 3.437E+00	-5.381E-01	 1.036E-01	-4.905E-01	 2.980E+00	-5.381E-01	 0.000E+00	 0.000E+00	 0.000E+00	 1.699E+03	 1.962E+01
   16.2500	-7.452E-04	-8.347E-04	 9.031E+00	 8.759E+02	 1.560E+02	 0.000E+00	 5.201E+03	 5.586E+03	 5.935E+03	 2.026E+03	-2.687E+03	 2.495E+03	 2.870E+00	 3.044E+00	 3.433E+00	-4.747E-01	 1.113E-01	-5.655E-01	 2.870E+00	-4.747E-01	 0.000E+00	 0.000E+00	 0.000E+00	 1.699E+03	 1.962E+01
   16.5000	-5.834E-04	 2.057E-03	 9.032E+00	 8.763E+02	 1.696E+02	 0.000E+00	 5.126E+03	 5.691E+03	 5.877E+03	 1.231E+03	-3.146E+03	 3.733E+03	 2.791E+00	 3.117E+00	 3.418E+00	-3.665E-01	 1.977E-01	-7.548E-01	 2.791E+00	-3.665E-01	 0.000E+00	 0.000E+00	 0.000E+00	 1.700E+03	 1.962E+01
   16.7500	 3.052E-04	 4.737E-03	 9.031E+00	 8.759E+02	 1.831E+02	 0.000E+00	 5.074E+03	 5.716E+03	 5.872E+03	 1.443E+02	-2.452E+03	 4.133E+03	 2.730E+00	 3.167E+00	 3.409E+00	-2.097E-01	 8.989E-02	-8.043E-01	 2.730E+00	-2.097E-01	 0.000E+00	 0.000E+00	 0.000E+00	 1.699E+03	 1.963E+01
   17.0000	 1.330E-03	 2.236E-03	 9.033E+00	 8.763E+02	 1.967E+02	 0.000E+00	 5.027E+03	 5.777E+03	 5.851E+03	-6.574E+02	-1.326E+03	 3.809E+03	 2.687E+00	 3.236E+00	 3.377E+00	-1.037E-01	-8.953E-02	-7.306E-01	 2.687E+00	-1.037E-01	 0.000E+00	 0.000E+00	 0.000E+00	 1.700E+03	 1.963E+01
   17.2500	 1.095E-03	-3.534E-03	 9.032E+00	 8.760E+02	 2.102E+02	 0.000E+00	 5.051E+03	 5.871E+03	 5.746E+03	-1.201E+03	-1.056E+03	 4.074E+03	 2.693E+00	 3.306E+00	 3.311E+00	-4.433E-02	-1.108E-01	-7.675E-01	 2.693E+00	-4.433E-02	 0.000E+00	 0.000E+00	 0.000E+00	 1.700E+03	 1.963E+01
   17.5000	 3.373E-04	-8.171E-04	 9.033E+00	 8.762E+02	 2.238E+02	 0.000E+00	 5.163E+03	 5.899E+03	 5.638E+03	-1.930E+03	-6.902E+02	 4.452E+03	 2.748E+00	 3.342E+00	 3.243E+00	 4.889E-02	-1.407E-01	-8.354E-01	 2.748E+00	 4.889E-02	 0.000E+00	 0.000E+00	 0.000E+00	 1.700E+03	 1.963E+01
   17.7500	 7.950E-04	 3.085E-03	 9.033E+00	 8.762E+02	 2.373E+02	 0.000E+00	 5.275E+03	 5.888E+03	 5.578E+03	-2.630E+03	 6.532E+02	 3.794E+03	 2.815E+00	 3.370E+00	 3.170E+00	 1.435E-01	-3.409E-01	-7.282E-01	 2.815E+00	 1.435E-01	 0.000E+00	 0.000E+00	 0.000E+00	 1.700E+03	 1.963E+01
   18.0000	 9.490E-04	-2.977E-03	 9.033E+00	 8.762E+02	 2.509E+02	 0.000E+00	 5.360E+03	 5.925E+03	 5.470E+03	-2.832E+03	 1.779E+03	 2.886E+03	 2.882E+00	 3.413E+00	 3.073E+00	 1.572E-01	-5.053E-01	-5.824E-01	 2.882E+00	 1.572E-01	 0.000E+00	 0.000E+00	 0.000E+00	 1.701E+03	 1.963E+01
   18.2500	-4.093E-04	-5.967E-03	 9.035E+00	 8.764E+02	 2.644E+02	 0.000E+00	 5.478E+03	 5.966E+03	 5.306E+03	-2.838E+03	 2.023E+03	 2.635E+03	 2.965E+00	 3.440E+00	 2.960E+00	 1.442E-01	-5.125E-01	-5.586E-01	 2.965E+00	 1.442E-01	 0.000E+00	 0.000E+00	 0.000E+00	 1.701E+03	 1.964E+01
   18.5000	-1.105E-03	 1.314E-03	 9.035E+00	 8.763E+02	 2.780E+02	 0.000E+00	 5.605E+03	 5.926E+03	 5.191E+03	-2.945E+03	 2.622E+03	 2.152E+03	 3.053E+00	 3.431E+00	 2.863E+00	 1.581E-01	-5.832E-01	-5.021E-01	 3.053E+00	 1.581E-01	 0.000E+00	 0.000E+00	 0.000E+00	 1.701E+03	 1.964E+01
   18.7500	-8.937E-05	 5.085E-03	 9.036E+00	 8.765E+02	 2.915E+02	 0.000E+00	 5.680E+03	 5.878E+03	 5.135E+03	-2.800E+03	 3.768E+03	 8.563E+02	 3.122E+00	 3.417E+00	 2.785E+00	 1.382E-01	-7.575E-01	-3.059E-01	 3.122E+00	 1.382E-01	 0.000E+00	 0.000E+00	 0.000E+00	 1.702E+03	 1.964E+01
   19.0000	 7.531E-04	 1.304E-03	 9.035E+00	 8.763E+02	 3.051E+02	 0.000E+00	 5.731E+03	 5.876E+03	 5.058E+03	-2.195E+03	 4.161E+03	-1.427E+02	 3.182E+00	 3.408E+00	 2.717E+00	 4.608E-02	-8.066E-01	-1.632E-01	 3.182E+00	 4.608E-02	 0.000E+00	 0.000E+00	 0.000E+00	 1.702E+03	 1.964E+01
   19.2500	 8.129E-04	-7.520E-06	 9.036E+00	 8.765E+02	 3.186E+02	 0.000E+00	 5.808E+03	 5.837E+03	 5.011E+03	-1.562E+03	 3.875E+03	-4.847E+02	 3.250E+00	 3.370E+00	 2.683E+00	-4.454E-02	-7.406E-01	-1.392E-01	 3.250E+00	-4.454E-02	 0.000E+00	 0.000E+00	 0.000E+00	 1.702E+03	 1.964E+01
   19.5000	 8.841E-04	 3.589E-04	 9.035E+00	 8.764E+02	 3.322E+02	 0.000E+00	 5.869E+03	 5.730E+03	 5.078E+03	-1.038E+03	 4.079E+03	-1.221E+03	 3.308E+00	 3.301E+00	 2.706E+00	-1.083E-01	-7.678E-01	-4.695E-02	 3.308E+00	-1.083E-01	 0.000E+00	 0.000E+00	 0.000E+00	 1.702E+03	 1.965E+01
   19.7500	 8.753E-04	-3.047E-04	 9.035E+00	 8.764E+02	 3.457E+02	 0.000E+00	 5.886E+03	 5.634E+03	 5.192E+03	-2.357E+02	 4.375E+03	-2.309E+03	 3.346E+00	 3.234E+00	 2.759E+00	-2.159E-01	-8.225E-01	 1.111E-01	 3.346E+00	-2.159E-01	 0.000E+00	 0.000E+00	 0.000E+00	 1.702E+03	 1.964E+01
   20.0000	 7.957E-04	-4.040E-04	 9.036E+00	 8.765E+02	 3.593E+02	 0.000E+00	 5.906E+03	 5.566E+03	 5.273E+03	 7.811E+02	 3.728E+03	-2.687E+03	 3.382E+00	 3.160E+00	 2.818E+00	-3.592E-01	-7.185E-01	 1.506E-01	 3.382E+00	-3.592E-01	 0.000E+00	 0.000E+00	 0.000E+00	 1.702E+03	 1.965E+01
   20.2500	 4.827E-04	-2.578E-03	 9.036E+00	 8.765E+02	 1.285E+01	 0.000E+00	 5.943E+03	 5.445E+03	 5.371E+03	 1.581E+03	 2.835E+03	-2.586E+03	 3.419E+00	 3.056E+00	 2.894E+00	-4.645E-01	-5.761E-01	 1.110E-01	 3.419E+00	-4.645E-01	 0.000E+00	 0.000E+00	 0.000E+00	 1.702E+03	 1.965E+01
   20.5000	-4.562E-04	-4.055E-03	 9.037E+00	 8.767E+02	 2.641E+01	 0.000E+00	 5.949E+03	 5.289E+03	 5.513E+03	 2.214E+03	 2.528E+03	-2.917E+03	 3.436E+00	 2.944E+00	 2.985E+00	-5.404E-01	-5.435E-01	 1.559E-01	 3.436E+00	-5.404E-01	 0.000E+00	 0.000E+00	 0.000E+00	 1.703E+03	 1.965E+01
   20.7500	-9.477E-04	 1.107E-03	 9.037E+00	 8.766E+02	 3.996E+01	 0.000E+00	 5.916E+03	 5.185E+03	 5.621E+03	 2.997E+03	 1.998E+03	-3.169E+03	 3.431E+00	 2.853E+00	 3.062E+00	-6.455E-01	-4.796E-01	 1.983E-01	 3.431E+00	-6.455E-01	 0.000E+00	 0.000E+00	 0.000E+00	 1.703E+03	 1.965E+01
   21.0000	 1.646E-05	 5.310E-03	 9.038E+00	 8.767E+02	 5.352E+01	 0.000E+00	 5.893E+03	 5.122E+03	 5.675E+03	 3.696E+03	 7.419E+02	-2.610E+03	 3.422E+00	 2.775E+00	 3.127E+00	-7.418E-01	-2.907E-01	 1.069E-01	 3.422E+00	-7.418E-01	 0.000E+00	 0.000E+00	 0.000E+00	 1.703E+03	 1.965E+01
   21.2500	 9.161E-04	 9.919E-04	 9.038E+00	 8.766E+02	 6.708E+01	 0.000E+00	 5.874E+03	 5.047E+03	 5.745E+03	 3.980E+03	-2.369E+02	-1.920E+03	 3.403E+00	 2.708E+00	 3.197E+00	-7.713E-01	-1.517E-01	-5.875E-04	 3.403E+00	-7.713E-01	 0.000E+00	 0.000E+00	 0.000E+00	 1.703E+03	 1.965E+01
   21.5000	 6.934E-04	-1.491E-03	 9.038E+00	 8.767E+02	 8.063E+01	 0.000E+00	 5.811E+03	 5.018E+03	 5.832E+03	 4.091E+03	-6.167E+02	-1.646E+03	 3.359E+00	 2.684E+00	 3.263E+00	-7.767E-01	-1.214E-01	-2.626E-02	 3.359E+00	-7.767E-01	 0.000E+00	 0.000E+00	 0.000E+00	 1.703E+03	 1.965E+01
   21.7500	 6.978E-04	 1.722E-03	 9.038E+00	 8.767E+02	 9.419E+01	 0.000E+00	 5.719E+03	 5.097E+03	 5.869E+03	 4.234E+03	-1.345E+03	-1.066E+03	 3.295E+00	 2.714E+00	 3.310E+00	-7.956E-01	-3.050E-02	-9.789E-02	 3.295E+00	-7.956E-01	 0.000E+00	 0.000E+00	 0.000E+00	 1.703E+03	 1.966E+01
   22.0000	 1.188E-03	 1.065E-03	 9.038E+00	 8.766E+02	 1.077E+02	 0.000E+00	 5.639E+03	 5.204E+03	 5.879E+03	 4.103E+03	-2.370E+03	 9.611E+01	 3.226E+00	 2.768E+00	 3.349E+00	-7.755E-01	 1.172E-01	-2.691E-01	 3.226E+00	-7.755E-01	 0.000E+00	 0.000E+00	 0.000E+00	 1.703E+03	 1.966E+01
   22.2500	 9.007E-04	-3.229E-03	 9.038E+00	 8.767E+02	 1.213E+02	 0.000E+00	 5.546E+03	 5.285E+03	 5.920E+03	 3.563E+03	-2.727E+03	 9.894E+02	 3.143E+00	 2.828E+00	 3.393E+00	-6.907E-01	 1.540E-01	-3.915E-01	 3.143E+00	-6.907E-01	 0.000E+00	 0.000E+00	 0.000E+00	 1.704E+03	 1.966E+01
   22.5000	-4.501E-05	-3.460E-03	 9.039E+00	 8.767E+02	 1.349E+02	 0.000E+00	 5.412E+03	 5.395E+03	 5.954E+03	 2.987E+03	-2.641E+03	 1.482E+03	 3.039E+00	 2.908E+00	 3.424E+00	-6.057E-01	 1.182E-01	-4.416E-01	 3.039E+00	-6.057E-01	 0.000E+00	 0.000E+00	 0.000E+00	 1.704E+03	 1.966E+01
   22.7500	-5.885E-04	-8.132E-04	 9.039E+00	 8.768E+02	 1.484E+02	 0.000E+00	 5.281E+03	 5.534E+03	 5.936E+03	 2.448E+03	-2.926E+03	 2.305E+03	 2.933E+00	 2.999E+00	 3.432E+00	-5.340E-01	 1.564E-01	-5.507E-01	 2.933E+00	-5.340E-01	 0.000E+00	 0.000E+00	 0.000E+00	 1.704E+03	 1.966E+01
   23.0000	-4.997E-04	 1.460E-03	 9.039E+00	 8.768E+02	 1.620E+02	 0.000E+00	 5.184E+03	 5.629E+03	 5.908E+03	 1.637E+03	-3.116E+03	 3.305E+03	 2.841E+00	 3.073E+00	 3.430E+00	-4.203E-01	 1.892E-01	-6.957E-01	 2.841E+00	-4.203E-01	 0.000E+00	 0.000E+00	 0.000E+00	 1.704E+03	 1.966E+01
   23.2500	 7.872E-05	 2.919E-03	 9.040E+00	 8.769E+02	 1.755E+02	 0.000E+00	 5.099E+03	 5.685E+03	 5.903E+03	 6.497E+02	-2.551E+03	 3.729E+03	 2.761E+00	 3.136E+00	 3.425E+00	-2.789E-01	 9.822E-02	-7.449E-01	 2.761E+00	-2.789E-01	 0.000E+00	 0.000E+00	 0.000E+00	 1.704E+03	 1.966E+01
   23.5000	 6.984E-04	 1.527E-03	 9.040E+00	 8.768E+02	 1.891E+02	 0.000E+00	 5.034E+03	 5.761E+03	 5.870E+03	-1.423E+02	-1.862E+03	 3.829E+03	 2.702E+00	 3.208E+00	 3.397E+00	-1.740E-01	-7.789E-03	-7.418E-01	 2.702E+00	-1.740E-01	 0.000E+00	 0.000E+00	 0.000E+00	 1.704E+03	 1.966E+01
   23.7500	 7.932E-04	-3.932E-04	 9.039E+00	 8.768E+02	 2.027E+02	 0.000E+00	 5.038E+03	 5.839E+03	 5.788E+03	-8.232E+02	-1.542E+03	 4.193E+03	 2.689E+00	 3.273E+00	 3.346E+00	-9.109E-02	-4.058E-02	-7.927E-01	 2.689E+00	-9.109E-02	 0.000E+00	 0.000E+00	 0.000E+00	 1.704E+03	 1.966E+01
   24.0000	 8.208E-04	 8.737E-04	 9.039E+00	 8.768E+02	 2.162E+02	 0.000E+00	 5.114E+03	 5.870E+03	 5.707E+03	-1.629E+03	-9.267E+02	 4.380E+03	 2.721E+00	 3.316E+00	 3.288E+00	 1.460E-02	-1.177E-01	-8.219E-01	 2.721E+00	 1.460E-02	 0.000E+00	 0.000E+00	 0.000E+00	 1.704E+03	 1.966E+01
   24.2500	 1.166E-03	 9.031E-04	 9.039E+00	 8.768E+02	 2.298E+02	 0.000E+00	 5.205E+03	 5.887E+03	 5.637E+03	-2.314E+03	 2.139E+02	 3.928E+03	 2.773E+00	 3.356E+00	 3.218E+00	 1.033E-01	-2.846E-01	-7.462E-01	 2.773E+00	 1.033E-01	 0.000E+00	 0.000E+00	 0.000E+00	 1.704E+03	 1.966E+01
   24.5000	 8.422E-04	-3.622E-03	 9.040E+00	 8.769E+02	 2.433E+02	 0.000E+00	 5.302E+03	 5.928E+03	 5.525E+03	-2.641E+03	 1.098E+03	 3.370E+03	 2.841E+00	 3.400E+00	 3.126E+00	 1.349E-01	-4.053E-01	-6.583E-01	 2.841E+00	 1.349E-01	 0.000E+00	 0.000E+00	 0.000E+00	 1.704E+03	 1.966E+01
   24.7500	-2.708E-04	-4.043E-03	 9.040E+00	 8.769E+02	 2.569E+02	 0.000E+00	 5.427E+03	 5.953E+03	 5.383E+03	-2.833E+03	 1.614E+03	 3.046E+03	 2.924E+00	 3.427E+00	 3.022E+00	 1.495E-01	-4.595E-01	-6.190E-01	 2.924E+00	 1.495E-01	 0.000E+00	 0.000E+00	 0.000E+00	 1.705E+03	 1.966E+01
   25.0000	-7.092E-04	 6.897E-04	 9.041E+00	 8.770E+02	 2.705E+02	 0.000E+00	 5.547E+03	 5.931E+03	 5.269E+03	-3.011E+03	 2.431E+03	 2.408E+03	 3.009E+00	 3.431E+00	 2.922E+00	 1.710E-01	-5.678E-01	-5.316E-01	 3.009E+00	 1.710E-01	 0.000E+00	 0.000E+00	 0.000E+00	 1.705E+03	 1.967E+01
   25.2500	-1.994E-04	 2.466E-03	 9.041E+00	 8.770E+02	 2.840E+02	 0.000E+00	 5.632E+03	 5.910E+03	 5.178E+03	-2.902E+03	 3.384E+03	 1.345E+03	 3.082E+00	 3.431E+00	 2.829E+00	 1.522E-01	-7.054E-01	-3.735E-01	 3.082E+00	 1.522E-01	 0.000E+00	 0.000E+00	 0.000E+00	 1.705E+03	 1.967E+01
   25.5000	 2.201E-04	 9.056E-04	 9.041E+00	 8.770E+02	 2.976E+02	 0.000E+00	 5.702E+03	 5.902E+03	 5.080E+03	-2.453E+03	 3.785E+03	 4.961E+02	 3.150E+00	 3.424E+00	 2.746E+00	 8.225E-02	-7.513E-01	-2.564E-01	 3.150E+00	 8.225E-02	 0.000E+00	 0.000E+00	 0.000E+00	 1.705E+03	 1.967E+01
   25.7500	 4.437E-04	 1.222E-03	 9.041E+00	 8.770E+02	 3.111E+02	 0.000E+00	 5.781E+03	 5.858E+03	 5.025E+03	-1.957E+03	 3.883E+03	-1.004E+02	 3.219E+00	 3.391E+00	 2.697E+00	 1.226E-02	-7.490E-01	-1.871E-01	 3.219E+00	 1.226E-02	 0.000E+00	 0.000E+00	 0.000E+00	 1.705E+03	 1.967E+01
   26.0000	 8.444E-04	 1.668E-03	 9.041E+00	 8.769E+02	 3.247E+02	 0.000E+00	 5.839E+03	 5.775E+03	 5.056E+03	-1.426E+03	 4.212E+03	-9.584E+02	 3.278E+00	 3.337E+00	 2.695E+00	-5.621E-02	-7.948E-01	-7.332E-02	 3.278E+00	-5.621E-02	 0.000E+00	 0.000E+00	 0.000E+00	 1.705E+03	 1.967E+01
   26.2500	 1.132E-03	 4.463E-04	 9.040E+00	 8.769E+02	 3.383E+02	 0.000E+00	 5.869E+03	 5.700E+03	 5.129E+03	-6.381E+02	 4.344E+03	-1.880E+03	 3.323E+00	 3.279E+00	 2.727E+00	-1.639E-01	-8.157E-01	 5.391E-02	 3.323E+00	-1.639E-01	 0.000E+00	 0.000E+00	 0.000E+00	 1.705E+03	 1.967E+01
   26.5000	 1.054E-03	-1.127E-03	 9.040E+00	 8.769E+02	 3.518E+02	 0.000E+00	 5.901E+03	 5.622E+03	 5.210E+03	 2.883E+02	 3.870E+03	-2.330E+03	 3.366E+00	 3.206E+00	 2.780E+00	-2.928E-01	-7.372E-01	 1.022E-01	 3.366E+00	-2.928E-01	 0.000E+00	 0.000E+00	 0.000E+00	 1.705E+03	 1.967E+01
   26.7500	 5.417E-04	-2.978E-03	 9.041E+00	 8.770E+02	 5.381E+00	 0.000E+00	 5.936E+03	 5.503E+03	 5.320E+03	 1.080E+03	 3.309E+03	-2.561E+03	 3.405E+00	 3.110E+00	 2.854E+00	-3.962E-01	-6.497E-01	 1.170E-01	 3.405E+00	-3.962E-01	 0.000E+00	 0.000E+00	 0.000E+00	 1.705E+03	 1.967E+01
   27.0000	-2.924E-04	-2.986E-03	 9.041E+00	 8.770E+02	 1.894E+01	 0.000E+00	 5.944E+03	 5.366E+03	 5.455E+03	 1.823E+03	 2.951E+03	-2.946E+03	 3.426E+00	 3.006E+00	 2.940E+00	-4.906E-01	-6.056E-01	 1.671E-01	 3.426E+00	-4.906E-01	 0.000E+00	 0.000E+00	 0.000E+00	 1.705E+03	 1.967E+01
   27.2500	-6.297E-04	 5.372E-04	 9.042E+00	 8.771E+02	 3.250E+01	 0.000E+00	 5.929E+03	 5.256E+03	 5.560E+03	 2.656E+03	 2.275E+03	-3.102E+03	 3.433E+00	 2.909E+00	 3.019E+00	-6.029E-01	-5.124E-01	 1.869E-01	 3.433E+00	-6.029E-01	 0.000E+00	 0.000E+00	 0.000E+00	 1.705E+03	 1.967E+01
   27.5000	-1.516E-04	 2.517E-03	 9.042E+00	 8.771E+02	 4.607E+01	 0.000E+00	 5.917E+03	 5.161E+03	 5.636E+03	 3.361E+03	 1.217E+03	-2.751E+03	 3.433E+00	 2.816E+00	 3.091E+00	-6.973E-01	-3.558E-01	 1.265E-01	 3.433E+00	-6.973E-01	 0.000E+00	 0.000E+00	 0.000E+00	 1.706E+03	 1.967E+01
   27.7500	 2.876E-04	 7.689E-04	 9.042E+00	 8.771E+02	 5.963E+01	 0.000E+00	 5.895E+03	 5.067E+03	 5.718E+03	 3.767E+03	 3.831E+02	-2.322E+03	 3.419E+00	 2.736E+00	 3.163E+00	-7.444E-01	-2.417E-01	 6.093E-02	 3.419E+00	-7.444E-01	 0.000E+00	 0.000E+00	 0.000E+00	 1.706E+03	 1.967E+01
   28.0000	 4.188E-04	 8.711E-04	 9.042E+00	 8.771E+02	 7.319E+01	 0.000E+00	 5.841E+03	 5.027E+03	 5.797E+03	 4.047E+03	-2.273E+02	-1.993E+03	 3.383E+00	 2.694E+00	 3.230E+00	-7.754E-01	-1.703E-01	 2.181E-02	 3.383E+00	-7.754E-01	 0.000E+00	 0.000E+00	 0.000E+00	 1.706E+03	 1.967E+01
   28.2500	 8.648E-04	 2.444E-03	 9.041E+00	 8.770E+02	 8.676E+01	 0.000E+00	 5.768E+03	 5.067E+03	 5.840E+03	 4.261E+03	-1.087E+03	-1.348E+03	 3.331E+00	 2.699E+00	 3.283E+00	-8.030E-01	-5.629E-02	-6.523E-02	 3.331E+00	-8.030E-01	 0.000E+00	 0.000E+00	 0.000E+00	 1.706E+03	 1.967E+01
   28.5000	 1.317E-03	 4.607E-04	 9.041E+00	 8.770E+02	 1.003E+02	 0.000E+00	 5.695E+03	 5.139E+03	 5.870E+03	 4.186E+03	-1.969E+03	-3.897E+02	 3.270E+00	 2.734E+00	 3.329E+00	-7.881E-01	 6.464E-02	-2.027E-01	 3.270E+00	-7.881E-01	 0.000E+00	 0.000E+00	 0.000E+00	 1.706E+03	 1.967E+01
   28.7500	 9.961E-04	-2.740E-03	 9.041E+00	 8.770E+02	 1.139E+02	 0.000E+00	 5.602E+03	 5.224E+03	 5.912E+03	 3.806E+03	-2.391E+03	 4.126E+02	 3.192E+00	 2.789E+00	 3.375E+00	-7.270E-01	 1.086E-01	-3.097E-01	 3.192E+00	-7.270E-01	 0.000E+00	 0.000E+00	 0.000E+00	 1.706E+03	 1.967E+01
   29.0000	 2.140E-04	-2.951E-03	 9.042E+00	 8.770E+02	 1.274E+02	 0.000E+00	 5.478E+03	 5.342E+03	 5.941E+03	 3.355E+03	-2.616E+03	 1.089E+03	 3.095E+00	 2.867E+00	 3.409E+00	-6.605E-01	 1.234E-01	-3.920E-01	 3.095E+00	-6.605E-01	 0.000E+00	 0.000E+00	 0.000E+00	 1.706E+03	 1.967E+01
   29.2500	-3.183E-04	-1.211E-03	 9.042E+00	 8.771E+02	 1.410E+02	 0.000E+00	 5.354E+03	 5.474E+03	 5.937E+03	 2.823E+03	-2.973E+03	 1.978E+03	 2.993E+00	 2.953E+00	 3.426E+00	-5.868E-01	 1.699E-01	-5.122E-01	 2.993E+00	-5.868E-01	 0.000E+00	 0.000E+00	 0.000E+00	 1.706E+03	 1.967E+01
   29.5000	-4.212E-04	 3.212E-04	 9.042E+00	 8.771E+02	 1.546E+02	 0.000E+00	 5.244E+03	 5.572E+03	 5.927E+03	 2.041E+03	-3.079E+03	 2.867E+03	 2.894E+00	 3.030E+00	 3.435E+00	-4.752E-01	 1.824E-01	-6.355E-01	 2.894E+00	-4.752E-01	 0.000E+00	 0.000E+00	 0.000E+00	 1.706E+03	 1.967E+01
   29.7500	-1.796E-04	 1.439E-03	 9.043E+00	 8.771E+02	 1.681E+02	 0.000E+00	 5.139E+03	 5.649E+03	 5.921E+03	 1.143E+03	-2.701E+03	 3.387E+03	 2.800E+00	 3.101E+00	 3.434E+00	-3.473E-01	 1.188E-01	-6.980E-01	 2.800E+00	-3.473E-01	 0.000E+00	 0.000E+00	 0.000E+00	 1.706E+03	 1.968E+01
   30.0000	 2.123E-04	 1.492E-03	 9.043E+00	 8.771E+02	 1.817E+02	 0.000E+00	 5.056E+03	 5.733E+03	 5.888E+03	 3.487E+02	-2.265E+03	 3.744E+03	 2.727E+00	 3.175E+00	 3.413E+00	-2.412E-01	 5.311E-02	-7.368E-01	 2.727E+00	-2.412E-01	 0.000E+00	 0.000E+00	 0.000E+00	 1.706E+03	 1.968E+01
   30.2500	 5.605E-04	 1.440E-03	 9.042E+00	 8.771E+02	 1.953E+02	 0.000E+00	 5.035E+03	 5.805E+03	 5.825E+03	-4.274E+02	-1.903E+03	 4.158E+03	 2.694E+00	 3.239E+00	 3.374E+00	-1.409E-01	 9.597E-03	-7.927E-01	 2.694E+00	-1.409E-01	 0.000E+00	 0.000E+00	 0.000E+00	 1.706E+03	 1.968E+01
   30.5000	 9.795E-04	 1.837E-03	 9.042E+00	 8.771E+02	 2.088E+02	 0.000E+00	 5.075E+03	 5.844E+03	 5.760E+03	-1.269E+03	-1.224E+03	 4.320E+03	 2.702E+00	 3.289E+00	 3.324E+00	-2.943E-02	-8.251E-02	-8.128E-01	 2.702E+00	-2.943E-02	 0.000E+00	 0.000E+00	 0.000E+00	 1.706E+03	 1.968E+01
   30.7500	 1.290E-03	 1.232E-04	 9.042E+00	 8.771E+02	 2.224E+02	 0.000E+00	 5.145E+03	 5.878E+03	 5.687E+03	-1.971E+03	-2.649E+02	 4.064E+03	 2.740E+00	 3.337E+00	 3.260E+00	 6.005E-02	-2.196E-01	-7.670E-01	 2.740E+00	 6.005E-02	 0.000E+00	 0.000E+00	 0.000E+00	 1.706E+03	 1.968E+01
   31.0000	 9.045E-04	-3.027E-03	 9.042E+00	 8.771E+02	 2.359E+02	 0.000E+00	 5.243E+03	 5.919E+03	 5.582E+03	-2.417E+03	 5.300E+02	 3.716E+03	 2.801E+00	 3.382E+00	 3.176E+00	 1.088E-01	-3.249E-01	-7.122E-01	 2.801E+00	 1.088E-01	 0.000E+00	 0.000E+00	 0.000E+00	 1.706E+03	 1.968E+01
   31.2500	 5.208E-05	-3.040E-03	 9.042E+00	 8.771E+02	 2.495E+02	 0.000E+00	 5.368E+03	 5.941E+03	 5.456E+03	-2.756E+03	 1.219E+03	 3.366E+03	 2.881E+00	 3.412E+00	 3.079E+00	 1.451E-01	-4.093E-01	-6.651E-01	 2.881E+00	 1.451E-01	 0.000E+00	 0.000E+00	 0.000E+00	 1.706E+03	 1.968E+01
   31.5000	-3.682E-04	-3.124E-04	 9.043E+00	 8.771E+02	 2.631E+02	 0.000E+00	 5.487E+03	 5.935E+03	 5.341E+03	-3.000E+03	 2.109E+03	 2.720E+03	 2.964E+00	 3.428E+00	 2.980E+00	 1.734E-01	-5.299E-01	-5.726E-01	 2.964E+00	 1.734E-01	 0.000E+00	 0.000E+00	 0.000E+00	 1.706E+03	 1.968E+01
   31.7500	-2.869E-04	 5.617E-04	 9.043E+00	 8.772E+02	 2.766E+02	 0.000E+00	 5.581E+03	 5.928E+03	 5.230E+03	-2.964E+03	 2.967E+03	 1.826E+03	 3.041E+00	 3.436E+00	 2.879E+00	 1.619E-01	-6.483E-01	-4.417E-01	 3.041E+00	 1.619E-01	 0.000E+00	 0.000E+00	 0.000E+00	 1.706E+03	 1.968E+01
   32.0000	-1.595E-04	 5.701E-04	 9.043E+00	 8.772E+02	 2.902E+02	 0.000E+00	 5.666E+03	 5.919E+03	 5.119E+03	-2.666E+03	 3.459E+03	 1.035E+03	 3.114E+00	 3.433E+00	 2.786E+00	 1.135E-01	-7.067E-01	-3.330E-01	 3.114E+00	 1.135E-01	 0.000E+00	 0.000E+00	 0.000E+00	 1.706E+03	 1.968E+01
   32.2500	 1.294E-04	 1.863E-03	 9.043E+00	 8.772E+02	 3.038E+02	 0.000E+00	 5.748E+03	 5.879E+03	 5.048E+03	-2.281E+03	 3.806E+03	 3.019E+02	 3.185E+00	 3.408E+00	 2.720E+00	 5.858E-02	-7.447E-01	-2.385E-01	 3.185E+00	 5.858E-02	 0.000E+00	 0.000E+00	 0.000E+00	 1.706E+03	 1.968E+01
   32.5000	 7.003E-04	 2.412E-03	 9.043E+00	 8.772E+02	 3.173E+02	 0.000E+00	 5.808E+03	 5.815E+03	 5.043E+03	-1.773E+03	 4.193E+03	-5.928E+02	 3.246E+00	 3.367E+00	 2.695E+00	-9.368E-03	-7.971E-01	-1.177E-01	 3.246E+00	-9.368E-03	 0.000E+00	 0.000E+00	 0.000E+00	 1.706E+03	 1.968E+01
   32.7500	 1.162E-03	 1.083E-03	 9.042E+00	 8.771E+02	 3.309E+02	 0.000E+00	 5.849E+03	 5.752E+03	 5.083E+03	-1.033E+03	 4.307E+03	-1.447E+03	 3.298E+00	 3.316E+00	 2.705E+00	-1.117E-01	-8.100E-01	-3.430E-03	 3.298E+00	-1.117E-01	 0.000E+00	 0.000E+00	 0.000E+00	 1.706E+03	 1.968E+01
   33.0000	 1.183E-03	-8.918E-04	 9.042E+00	 8.771E+02	 3.445E+02	 0.000E+00	 5.889E+03	 5.673E+03	 5.154E+03	-1.901E+02	 4.021E+03	-2.003E+03	 3.345E+00	 3.249E+00	 2.746E+00	-2.277E-01	-7.600E-01	 6.084E-02	 3.345E+00	-2.277E-01	 0.000E+00	 0.000E+00	 0.000E+00	 1.706E+03	 1.968E+01
   33.2500	 7.220E-04	-2.625E-03	 9.042E+00	 8.771E+02	 3.580E+02	 0.000E+00	 5.923E+03	 5.562E+03	 5.263E+03	 6.008E+02	 3.661E+03	-2.434E+03	 3.387E+00	 3.161E+00	 2.814E+00	-3.316E-01	-7.043E-01	 1.075E-01	 3.387E+00	-3.316E-01	 0.000E+00	 0.000E+00	 0.000E+00	 1.706E+03	 1.968E+01
   33.5000	 2.333E-05	-2.542E-03	 9.043E+00	 8.771E+02	 1.159E+01	 0.000E+00	 5.937E+03	 5.439E+03	 5.391E+03	 1.410E+03	 3.282E+03	-2.863E+03	 3.414E+00	 3.064E+00	 2.895E+00	-4.372E-01	-6.531E-01	 1.610E-01	 3.414E+00	-4.372E-01	 0.000E+00	 0.000E+00	 0.000E+00	 1.706E+03	 1.968E+01
   33.7500	-3.604E-04	-4.216E-04	 9.043E+00	 8.772E+02	 2.515E+01	 0.000E+00	 5.936E+03	 5.325E+03	 5.500E+03	 2.267E+03	 2.599E+03	-3.037E+03	 3.430E+00	 2.965E+00	 2.975E+00	-5.527E-01	-5.551E-01	 1.787E-01	 3.430E+00	-5.527E-01	 0.000E+00	 0.000E+00	 0.000E+00	 1.706E+03	 1.968E+01
   34.0000	-2.953E-04	 6.521E-04	 9.043E+00	 8.772E+02	 3.872E+01	 0.000E+00	 5.931E+03	 5.211E+03	 5.592E+03	 2.998E+03	 1.700E+03	-2.869E+03	 3.437E+00	 2.864E+00	 3.052E+00	-6.492E-01	-4.239E-01	 1.452E-01	 3.437E+00	-6.492E-01	 0.000E+00	 0.000E+00	 0.000E+00	 1.706E+03	 1.968E+01
   34.2500	-1.277E-04	 7.046E-04	 9.044E+00	 8.772E+02	 5.228E+01	 0.000E+00	 5.912E+03	 5.105E+03	 5.682E+03	 3.518E+03	 9.166E+02	-2.606E+03	 3.429E+00	 2.773E+00	 3.127E+00	-7.129E-01	-3.172E-01	 1.042E-01	 3.429E+00	-7.129E-01	 0.000E+00	 0.000E+00	 0.000E+00	 1.707E+03	 1.968E+01
   34.5000	 1.703E-04	 1.932E-03	 9.043E+00	 8.772E+02	 6.585E+01	 0.000E+00	 5.867E+03	 5.045E+03	 5.761E+03	 3.930E+03	 1.723E+02	-2.275E+03	 3.403E+00	 2.714E+00	 3.195E+00	-7.636E-01	-2.213E-01	 6.035E-02	 3.403E+00	-7.636E-01	 0.000E+00	 0.000E+00	 0.000E+00	 1.707E+03	 1.968E+01
   34.7500	 7.979E-04	 2.725E-03	 9.043E+00	 8.772E+02	 7.941E+01	 0.000E+00	 5.809E+03	 5.047E+03	 5.812E+03	 4.216E+03	-7.262E+02	-1.663E+03	 3.361E+00	 2.694E+00	 3.253E+00	-7.997E-01	-9.984E-02	-2.476E-02	 3.361E+00	-7.997E-01	 0.000E+00	 0.000E+00	 0.000E+00	 1.707E+03	 1.968E+01
   35.0000	 1.276E-03	 7.146E-04	 9.043E+00	 8.771E+02	 9.298E+01	 0.000E+00	 5.743E+03	 5.091E+03	 5.855E+03	 4.230E+03	-1.551E+03	-8.515E+02	 3.307E+00	 2.709E+00	 3.306E+00	-7.958E-01	 9.561E-03	-1.391E-01	 3.307E+00	-7.958E-01	 0.000E+00	 0.000E+00	 0.000E+00	 1.706E+03	 1.968E+01
   35.2500	 1.101E-03	-1.844E-03	 9.043E+00	 8.771E+02	 1.065E+02	 0.000E+00	 5.654E+03	 5.168E+03	 5.898E+03	 3.998E+03	-2.079E+03	-9.003E+01	 3.236E+00	 2.755E+00	 3.354E+00	-7.564E-01	 6.949E-02	-2.402E-01	 3.236E+00	-7.564E-01	 0.000E+00	 0.000E+00	 0.000E+00	 1.706E+03	 1.968E+01
   35.5000	 5.284E-04	-2.405E-03	 9.043E+00	 8.771E+02	 1.201E+02	 0.000E+00	 5.542E+03	 5.284E+03	 5.927E+03	 3.653E+03	-2.501E+03	 6.763E+02	 3.147E+00	 2.827E+00	 3.391E+00	-7.049E-01	 1.154E-01	-3.390E-01	 3.147E+00	-7.049E-01	 0.000E+00	 0.000E+00	 0.000E+00	 1.706E+03	 1.968E+01
   35.7500	 5.224E-06	-1.707E-03	 9.043E+00	 8.772E+02	 1.337E+02	 0.000E+00	 5.424E+03	 5.409E+03	 5.935E+03	 3.158E+03	-2.905E+03	 1.576E+03	 3.050E+00	 2.908E+00	 3.417E+00	-6.343E-01	 1.657E-01	-4.609E-01	 3.050E+00	-6.343E-01	 0.000E+00	 0.000E+00	 0.000E+00	 1.706E+03	 1.968E+01
   36.0000	-3.024E-04	-7.211E-04	 9.043E+00	 8.772E+02	 1.472E+02	 0.000E+00	 5.308E+03	 5.514E+03	 5.937E+03	 2.437E+03	-3.033E+03	 2.426E+03	 2.949E+00	 2.987E+00	 3.433E+00	-5.303E-01	 1.768E-01	-5.756E-01	 2.949E+00	-5.303E-01	 0.000E+00	 0.000E+00	 0.000E+00	 1.707E+03	 1.968E+01
   36.2500	-3.544E-04	 3.662E-04	 9.044E+00	 8.772E+02	 1.608E+02	 0.000E+00	 5.190E+03	 5.607E+03	 5.933E+03	 1.617E+03	-2.836E+03	 3.048E+03	 2.848E+00	 3.064E+00	 3.438E+00	-4.138E-01	 1.397E-01	-6.534E-01	 2.848E+00	-4.138E-01	 0.000E+00	 0.000E+00	 0.000E+00	 1.707E+03	 1.968E+01
   36.5000	-1.314E-04	 1.397E-03	 9.044E+00	 8.773E+02	 1.744E+02	 0.000E+00	 5.093E+03	 5.696E+03	 5.905E+03	 8.216E+02	-2.559E+03	 3.566E+03	 2.762E+00	 3.139E+00	 3.425E+00	-3.058E-01	 9.753E-02	-7.174E-01	 2.762E+00	-3.058E-01	 0.000E+00	 0.000E+00	 0.000E+00	 1.707E+03	 1.968E+01
   36.7500	 3.145E-04	 2.174E-03	 9.044E+00	 8.772E+02	 1.879E+02	 0.000E+00	 5.045E+03	 5.769E+03	 5.857E+03	-6.864E+00	-2.197E+03	 4.031E+03	 2.709E+00	 3.205E+00	 3.397E+00	-1.953E-01	 4.965E-02	-7.787E-01	 2.709E+00	-1.953E-01	 0.000E+00	 0.000E+00	 0.000E+00	 1.707E+03	 1.968E+01
   37.0000	 9.032E-04	 2.245E-03	 9.043E+00	 8.772E+02	 2.015E+02	 0.000E+00	 5.050E+03	 5.819E+03	 5.802E+03	-8.673E+02	-1.550E+03	 4.245E+03	 2.694E+00	 3.261E+00	 3.355E+00	-8.046E-02	-4.048E-02	-8.035E-01	 2.694E+00	-8.046E-02	 0.000E+00	 0.000E+00	 0.000E+00	 1.707E+03	 1.968E+01
   37.2500	 1.270E-03	 3.745E-04	 9.043E+00	 8.772E+02	 2.151E+02	 0.000E+00	 5.098E+03	 5.863E+03	 5.733E+03	-1.602E+03	-7.312E+02	 4.161E+03	 2.714E+00	 3.314E+00	 3.297E+00	 1.328E-02	-1.555E-01	-7.834E-01	 2.714E+00	 1.328E-02	 0.000E+00	 0.000E+00	 0.000E+00	 1.707E+03	 1.968E+01
   37.5000	 1.028E-03	-2.119E-03	 9.043E+00	 8.772E+02	 2.286E+02	 0.000E+00	 5.187E+03	 5.904E+03	 5.636E+03	-2.157E+03	 2.887E+01	 3.956E+03	 2.765E+00	 3.361E+00	 3.222E+00	 7.827E-02	-2.558E-01	-7.499E-01	 2.765E+00	 7.827E-02	 0.000E+00	 0.000E+00	 0.000E+00	 1.706E+03	 1.968E+01
   37.7500	 4.168E-04	-2.380E-03	 9.043E+00	 8.772E+02	 2.422E+02	 0.000E+00	 5.305E+03	 5.929E+03	 5.524E+03	-2.611E+03	 8.077E+02	 3.632E+03	 2.839E+00	 3.395E+00	 3.133E+00	 1.310E-01	-3.565E-01	-7.033E-01	 2.839E+00	 1.310E-01	 0.000E+00	 0.000E+00	 0.000E+00	 1.706E+03	 1.968E+01
   38.0000	-4.392E-05	-1.293E-03	 9.043E+00	 8.772E+02	 2.558E+02	 0.000E+00	 5.425E+03	 5.935E+03	 5.409E+03	-2.926E+03	 1.711E+03	 3.044E+03	 2.920E+00	 3.420E+00	 3.036E+00	 1.671E-01	-4.791E-01	-6.176E-01	 2.920E+00	 1.671E-01	 0.000E+00	 0.000E+00	 0.000E+00	 1.707E+03	 1.968E+01
   38.2500	-2.796E-04	-7.304E-04	 9.044E+00	 8.772E+02	 2.693E+02	 0.000E+00	 5.528E+03	 5.938E+03	 5.289E+03	-2.985E+03	 2.537E+03	 2.277E+03	 2.999E+00	 3.435E+00	 2.932E+00	 1.672E-01	-5.901E-01	-5.061E-01	 2.999E+00	 1.672E-01	 0.000E+00	 0.000E+00	 0.000E+00	 1.707E+03	 1.968E+01
   38.5000	-3.771E-04	 1.677E-04	 9.044E+00	 8.773E+02	 2.829E+02	 0.000E+00	 5.624E+03	 5.930E+03	 5.171E+03	-2.825E+03	 3.135E+03	 1.519E+03	 3.076E+00	 3.438E+00	 2.833E+00	 1.380E-01	-6.643E-01	-4.010E-01	 3.076E+00	 1.380E-01	 0.000E+00	 0.000E+00	 0.000E+00	 1.707E+03	 1.968E+01
   38.7500	-1.294E-04	 1.852E-03	 9.044E+00	 8.773E+02	 2.965E+02	 0.000E+00	 5.709E+03	 5.898E+03	 5.083E+03	-2.539E+03	 3.642E+03	 7.252E+02	 3.149E+00	 3.422E+00	 2.753E+00	 9.595E-02	-7.271E-01	-2.943E-01	 3.149E+00	 9.595E-02	 0.000E+00	 0.000E+00	 0.000E+00	 1.707E+03	 1.968E+01
   39.0000	 4.633E-04	 2.593E-03	 9.044E+00	 8.772E+02	 3.100E+02	 0.000E+00	 5.776E+03	 5.849E+03	 5.045E+03	-2.082E+03	 4.081E+03	-1.714E+02	 3.214E+00	 3.391E+00	 2.705E+00	 3.268E-02	-7.850E-01	-1.720E-01	 3.214E+00	 3.268E-02	 0.000E+00	 0.000E+00	 0.000E+00	 1.707E+03	 1.968E+01
   39.2500	 1.024E-03	 1.613E-03	 9.043E+00	 8.772E+02	 3.236E+02	 0.000E+00	 5.826E+03	 5.793E+03	 5.053E+03	-1.414E+03	 4.251E+03	-1.010E+03	 3.270E+00	 3.348E+00	 2.694E+00	-6.042E-02	-8.033E-01	-6.090E-02	 3.270E+00	-6.042E-02	 0.000E+00	 0.000E+00	 0.000E+00	 1.707E+03	 1.968E+01
   39.5000	 1.209E-03	-2.187E-04	 9.043E+00	 8.772E+02	 3.371E+02	 0.000E+00	 5.872E+03	 5.719E+03	 5.107E+03	-6.456E+02	 4.137E+03	-1.663E+03	 3.322E+00	 3.287E+00	 2.719E+00	-1.656E-01	-7.790E-01	 1.876E-02	 3.322E+00	-1.656E-01	 0.000E+00	 0.000E+00	 0.000E+00	 1.707E+03	 1.968E+01
   39.7500	 9.272E-04	-1.916E-03	 9.043E+00	 8.772E+02	 3.507E+02	 0.000E+00	 5.908E+03	 5.619E+03	 5.206E+03	 1.384E+02	 3.915E+03	-2.225E+03	 3.366E+00	 3.209E+00	 2.777E+00	-2.695E-01	-7.437E-01	 8.550E-02	 3.366E+00	-2.695E-01	 0.000E+00	 0.000E+00	 0.000E+00	 1.707E+03	 1.968E+01
   40.0000	 3.778E-04	-2.223E-03	 9.043E+00	 8.772E+02	 4.277E+00	 0.000E+00	 5.929E+03	 5.507E+03	 5.326E+03	 9.768E+02	 3.558E+03	-2.706E+03	 3.399E+00	 3.119E+00	 2.852E+00	-3.807E-01	-6.927E-01	 1.443E-01	 3.399E+00	-3.807E-01	 0.000E+00	 0.000E+00	 0.000E+00	 1.707E+03	 1.968E+01
   40.2500	-9.197E-05	-1.411E-03	 9.044E+00	 8.772E+02	 1.784E+01	 0.000E+00	 5.937E+03	 5.391E+03	 5.440E+03	 1.845E+03	 2.935E+03	-2.950E+03	 3.423E+00	 3.020E+00	 2.931E+00	-4.972E-01	-6.017E-01	 1.694E-01	 3.423E+00	-4.972E-01	 0.000E+00	 0.000E+00	 0.000E+00	 1.707E+03	 1.968E+01
   40.5000	-3.267E-04	-5.938E-04	 9.044E+00	 8.773E+02	 3.141E+01	 0.000E+00	 5.939E+03	 5.270E+03	 5.542E+03	 2.610E+03	 2.159E+03	-2.939E+03	 3.437E+00	 2.916E+00	 3.011E+00	-5.978E-01	-4.893E-01	 1.583E-01	 3.437E+00	-5.978E-01	 0.000E+00	 0.000E+00	 0.000E+00	 1.707E+03	 1.968E+01
   40.7500	-3.655E-04	 4.200E-04	 9.044E+00	 8.773E+02	 4.497E+01	 0.000E+00	 5.925E+03	 5.155E+03	 5.640E+03	 3.229E+03	 1.399E+03	-2.799E+03	 3.436E+00	 2.818E+00	 3.089E+00	-6.762E-01	-3.849E-01	 1.341E-01	 3.436E+00	-6.762E-01	 0.000E+00	 0.000E+00	 0.000E+00	 1.707E+03	 1.968E+01
   41.0000	-6.488E-05	 2.016E-03	 9.044E+00	 8.773E+02	 5.854E+01	 0.000E+00	 5.890E+03	 5.074E+03	 5.721E+03	 3.745E+03	 5.927E+02	-2.510E+03	 3.418E+00	 2.743E+00	 3.159E+00	-7.420E-01	-2.763E-01	 9.305E-02	 3.418E+00	-7.420E-01	 0.000E+00	 0.000E+00	 0.000E+00	 1.707E+03	 1.968E+01
   41.2500	 5.770E-04	 2.735E-03	 9.044E+00	 8.773E+02	 7.211E+01	 0.000E+00	 5.843E+03	 5.043E+03	 5.783E+03	 4.109E+03	-3.073E+02	-1.974E+03	 3.386E+00	 2.701E+00	 3.222E+00	-7.877E-01	-1.537E-01	 1.709E-02	 3.386E+00	-7.877E-01	 0.000E+00	 0.000E+00	 0.000E+00	 1.707E+03	 1.968E+01
   41.5000	 1.111E-03	 1.248E-03	 9.043E+00	 8.772E+02	 8.567E+01	 0.000E+00	 5.784E+03	 5.058E+03	 5.834E+03	 4.227E+03	-1.123E+03	-1.277E+03	 3.339E+00	 2.695E+00	 3.279E+00	-7.978E-01	-4.652E-02	-8.043E-02	 3.339E+00	-7.978E-01	 0.000E+00	 0.000E+00	 0.000E+00	 1.707E+03	 1.968E+01
   41.7500	 1.159E-03	-7.968E-04	 9.043E+00	 8.772E+02	 9.924E+01	 0.000E+00	 5.703E+03	 5.119E+03	 5.880E+03	 4.131E+03	-1.755E+03	-5.483E+02	 3.276E+00	 2.726E+00	 3.330E+00	-7.780E-01	 2.966E-02	-1.778E-01	 3.276E+00	-7.780E-01	 0.000E+00	 0.000E+00	 0.000E+00	 1.707E+03	 1.968E+01
   42.0000	 8.202E-04	-1.745E-03	 9.043E+00	 8.772E+02	 1.128E+02	 0.000E+00	 5.602E+03	 5.224E+03	 5.912E+03	 3.886E+03	-2.305E+03	 2.476E+02	 3.196E+00	 2.788E+00	 3.371E+00	-7.401E-01	 9.526E-02	-2.831E-01	 3.196E+00	-7.401E-01	 0.000E+00	 0.000E+00	 0.000E+00	 1.707E+03	 1.968E+01
   42.2500	 3.437E-04	-1.979E-03	 9.043E+00	 8.772E+02	 1.264E+02	 0.000E+00	 5.491E+03	 5.344E+03	 5.929E+03	 3.454E+03	-2.761E+03	 1.137E+03	 3.104E+00	 2.864E+00	 3.403E+00	-6.768E-01	 1.507E-01	-4.032E-01	 3.104E+00	-6.768E-01	 0.000E+00	 0.000E+00	 0.000E+00	 1.707E+03	 1.968E+01
   42.5000	-1.241E-04	-1.600E-03	 9.044E+00	 8.772E+02	 1.399E+02	 0.000E+00	 5.372E+03	 5.455E+03	 5.940E+03	 2.814E+03	-2.964E+03	 1.980E+03	 3.004E+00	 2.943E+00	 3.427E+00	-5.836E-01	 1.699E-01	-5.158E-01	 3.004E+00	-5.836E-01	 0.000E+00	 0.000E+00	 0.000E+00	 1.707E+03	 1.968E+01
   42.7500	-3.988E-04	-5.351E-04	 9.044E+00	 8.773E+02	 1.535E+02	 0.000E+00	 5.249E+03	 5.558E+03	 5.939E+03	 2.066E+03	-2.925E+03	 2.687E+03	 2.900E+00	 3.023E+00	 3.438E+00	-4.772E-01	 1.553E-01	-6.065E-01	 2.900E+00	-4.772E-01	 0.000E+00	 0.000E+00	 0.000E+00	 1.707E+03	 1.968E+01
   43.0000	-3.497E-04	 9.233E-04	 9.044E+00	 8.773E+02	 1.671E+02	 0.000E+00	 5.141E+03	 5.654E+03	 5.919E+03	 1.280E+03	-2.766E+03	 3.314E+03	 2.805E+00	 3.100E+00	 3.433E+00	-3.689E-01	 1.291E-01	-6.868E-01	 2.805E+00	-3.689E-01	 0.000E+00	 0.000E+00	 0.000E+00	 1.707E+03	 1.968E+01
   43.2500	 5.533E-05	 2.216E-03	 9.044E+00	 8.773E+02	 1.806E+02	 0.000E+00	 5.068E+03	 5.731E+03	 5.883E+03	 4.325E+02	-2.444E+03	 3.839E+03	 2.735E+00	 3.169E+00	 3.414E+00	-2.535E-01	 8.368E-02	-7.552E-01	 2.735E+00	-2.535E-01	 0.000E+00	 0.000E+00	 0.000E+00	 1.707E+03	 1.968E+01
   43.5000	 6.758E-04	 2.469E-03	 9.044E+00	 8.773E+02	 1.942E+02	 0.000E+00	 5.041E+03	 5.791E+03	 5.836E+03	-4.358E+02	-1.875E+03	 4.138E+03	 2.697E+00	 3.231E+00	 3.380E+00	-1.366E-01	 3.076E-03	-7.908E-01	 2.697E+00	-1.366E-01	 0.000E+00	 0.000E+00	 0.000E+00	 1.707E+03	 1.968E+01
   43.7500	 1.137E-03	 9.880E-04	 9.043E+00	 8.772E+02	 2.078E+02	 0.000E+00	 5.063E+03	 5.842E+03	 5.773E+03	-1.209E+03	-1.165E+03	 4.202E+03	 2.698E+00	 3.288E+00	 3.331E+00	-3.692E-02	-9.563E-02	-7.923E-01	 2.698E+00	-3.692E-02	 0.000E+00	 0.000E+00	 0.000E+00	 1.707E+03	 1.968E+01
   44.0000	 1.125E-03	-1.015E-03	 9.043E+00	 8.772E+02	 2.213E+02	 0.000E+00	 5.135E+03	 5.886E+03	 5.687E+03	-1.856E+03	-4.308E+02	 4.114E+03	 2.735E+00	 3.337E+00	 3.264E+00	 4.222E-02	-1.933E-01	-7.753E-01	 2.735E+00	 4.222E-02	 0.000E+00	 0.000E+00	 0.000E+00	 1.707E+03	 1.968E+01
   44.2500	 7.470E-04	-1.787E-03	 9.043E+00	 8.772E+02	 2.349E+02	 0.000E+00	 5.243E+03	 5.915E+03	 5.586E+03	-2.403E+03	 3.798E+02	 3.852E+03	 2.799E+00	 3.377E+00	 3.183E+00	 1.081E-01	-3.008E-01	-7.356E-01	 2.799E+00	 1.081E-01	 0.000E+00	 0.000E+00	 0.000E+00	 1.707E+03	 1.968E+01
   44.5000	 2.797E-04	-1.902E-03	 9.043E+00	 8.772E+02	 2.485E+02	 0.000E+00	 5.360E+03	 5.931E+03	 5.475E+03	-2.795E+03	 1.273E+03	 3.351E+03	 2.876E+00	 3.408E+00	 3.090E+00	 1.534E-01	-4.215E-01	-6.614E-01	 2.876E+00	 1.534E-01	 0.000E+00	 0.000E+00	 0.000E+00	 1.707E+03	 1.968E+01
   44.7500	-1.677E-04	-1.572E-03	 9.044E+00	 8.773E+02	 2.620E+02	 0.000E+00	 5.472E+03	 5.941E+03	 5.353E+03	-2.959E+03	 2.099E+03	 2.690E+03	 2.956E+00	 3.430E+00	 2.988E+00	 1.671E-01	-5.312E-01	-5.652E-01	 2.956E+00	 1.671E-01	 0.000E+00	 0.000E+00	 0.000E+00	 1.707E+03	 1.968E+01
   45.0000	-4.433E-04	-4.521E-04	 9.044E+00	 8.773E+02	 2.756E+02	 0.000E+00	 5.575E+03	 5.937E+03	 5.230E+03	-2.926E+03	 2.789E+03	 1.966E+03	 3.036E+00	 3.438E+00	 2.884E+00	 1.551E-01	-6.194E-01	-4.640E-01	 3.036E+00	 1.551E-01	 0.000E+00	 0.000E+00	 0.000E+00	 1.707E+03	 1.968E+01
   45.2500	-3.278E-04	 1.326E-03	 9.044E+00	 8.773E+02	 2.892E+02	 0.000E+00	 5.667E+03	 5.914E+03	 5.127E+03	-2.736E+03	 3.403E+03	 1.162E+03	 3.111E+00	 3.431E+00	 2.793E+00	 1.251E-01	-6.984E-01	-3.531E-01	 3.111E+00	 1.251E-01	 0.000E+00	 0.000E+00	 0.000E+00	 1.707E+03	 1.968E+01
   45.5000	 1.857E-04	 2.472E-03	 9.044E+00	 8.773E+02	 3.027E+02	 0.000E+00	 5.740E+03	 5.877E+03	 5.061E+03	-2.352E+03	 3.902E+03	 2.775E+02	 3.179E+00	 3.410E+00	 2.727E+00	 6.999E-02	-7.632E-01	-2.317E-01	 3.179E+00	 6.999E-02	 0.000E+00	 0.000E+00	 0.000E+00	 1.707E+03	 1.968E+01
   45.7500	 7.738E-04	 2.078E-03	 9.044E+00	 8.773E+02	 3.163E+02	 0.000E+00	 5.800E+03	 5.829E+03	 5.040E+03	-1.769E+03	 4.162E+03	-5.651E+02	 3.240E+00	 3.374E+00	 2.694E+00	-1.189E-02	-7.930E-01	-1.194E-01	 3.240E+00	-1.189E-02	 0.000E+00	 0.000E+00	 0.000E+00	 1.707E+03	 1.968E+01
   46.0000	 1.131E-03	 6.606E-04	 9.043E+00	 8.772E+02	 3.299E+02	 0.000E+00	 5.850E+03	 5.761E+03	 5.071E+03	-1.073E+03	 4.197E+03	-1.297E+03	 3.296E+00	 3.321E+00	 2.701E+00	-1.074E-01	-7.907E-01	-2.700E-02	 3.296E+00	-1.074E-01	 0.000E+00	 0.000E+00	 0.000E+00	 1.707E+03	 1.968E+01
   46.2500	 1.085E-03	-9.526E-04	 9.043E+00	 8.772E+02	 3.434E+02	 0.000E+00	 5.890E+03	 5.672E+03	 5.151E+03	-3.088E+02	 4.087E+03	-1.950E+03	 3.344E+00	 3.252E+00	 2.744E+00	-2.095E-01	-7.710E-01	 5.377E-02	 3.344E+00	-2.095E-01	 0.000E+00	 0.000E+00	 0.000E+00	 1.707E+03	 1.968E+01
   46.5000	 7.053E-04	-1.904E-03	 9.043E+00	 8.772E+02	 3.570E+02	 0.000E+00	 5.917E+03	 5.570E+03	 5.261E+03	 5.318E+02	 3.790E+03	-2.493E+03	 3.382E+00	 3.169E+00	 2.810E+00	-3.220E-01	-7.264E-01	 1.199E-01	 3.382E+00	-3.220E-01	 0.000E+00	 0.000E+00	 0.000E+00	 1.707E+03	 1.968E+01
   46.7500	 2.003E-04	-2.019E-03	 9.044E+00	 8.772E+02	 1.055E+01	 0.000E+00	 5.935E+03	 5.457E+03	 5.377E+03	 1.400E+03	 3.257E+03	-2.827E+03	 3.412E+00	 3.075E+00	 2.887E+00	-4.383E-01	-6.475E-01	 1.563E-01	 3.412E+00	-4.383E-01	 0.000E+00	 0.000E+00	 0.000E+00	 1.707E+03	 1.968E+01
   47.0000	-2.385E-04	-1.390E-03	 9.044E+00	 8.773E+02	 2.411E+01	 0.000E+00	 5.942E+03	 5.333E+03	 5.488E+03	 2.199E+03	 2.581E+03	-2.950E+03	 3.432E+00	 2.971E+00	 2.969E+00	-5.435E-01	-5.498E-01	 1.640E-01	 3.432E+00	-5.435E-01	 0.000E+00	 0.000E+00	 0.000E+00	 1.707E+03	 1.968E+01
