{
  "status": "MODEL_FIT_COMPLETED_GEOMETRY_EFFECT_UNSCORED",
  "output_dir": "/Users/eason/Desktop/wfcrl/wind farm RL/outputs/nrel-video-single-blade/20261002-second/smooth-ablation",
  "reference_state": {
    "t_ref_sim_time_s": 122.175,
    "frame_id": 43,
    "selection_basis": "Actual MP4 RGB: B1 body visible in C1/C2 and painted tip contour clear in C3; identity checked with declared ideal B1 rigid pose. No truth geometry used.",
    "fit_frame_ids": [
      42,
      43
    ],
    "heldout_frame_ids": [
      44,
      45
    ],
    "target": "T1/B1",
    "coordinate_frame": "blade_root_local",
    "units": "m",
    "surface_scope": "entire_evaluated_blade_surface",
    "reference_shape": "static_near_t_ref",
    "deformation_assistance": "none"
  },
  "runtime": {
    "wall_s": 86.23202324996237,
    "prior_only_wall_s": 0.26129687495995313,
    "video_fit_wall_s": 74.85686366597656,
    "peak_process_rss_bytes": 654098432,
    "device": "cpu",
    "threads": 4,
    "torch_version": "2.13.0",
    "cached_frames": 12,
    "cache_policy": "selected_uint8_labels_only; no video float tensor or feature cache"
  },
  "backend_check": {
    "backend": "torch_cpu_soft_triangle_union",
    "torch_version": "2.13.0",
    "actual_backward": true,
    "finite_difference_epsilon": 1e-05,
    "analytic_gradient": 0.1332905472683157,
    "finite_difference_gradient": 0.1332905473272472,
    "relative_error": 4.421281159965695e-10,
    "passed": true
  }
}
