00:00.347  blend            | Read blend: "/Users/eason/Desktop/wfcrl/wind farm RL/evidence/lidar-frontend/clearance-demo.blend"
00:01.635  render           | Saved: '/Users/eason/Desktop/wfcrl/wind farm RL/evidence/gimbal-inner-20260915/review/day--04.png'
00:01.948  render           | Saved: '/Users/eason/Desktop/wfcrl/wind farm RL/evidence/gimbal-inner-20260915/review/day--02.png'
00:02.205  render           | Saved: '/Users/eason/Desktop/wfcrl/wind farm RL/evidence/gimbal-inner-20260915/review/day-+00.png'
00:02.464  render           | Saved: '/Users/eason/Desktop/wfcrl/wind farm RL/evidence/gimbal-inner-20260915/review/day-+02.png'
00:02.726  render           | Saved: '/Users/eason/Desktop/wfcrl/wind farm RL/evidence/gimbal-inner-20260915/review/day-+04.png'
00:02.984  render           | Saved: '/Users/eason/Desktop/wfcrl/wind farm RL/evidence/gimbal-inner-20260915/review/video-frames/0000.png'
00:03.238  render           | Saved: '/Users/eason/Desktop/wfcrl/wind farm RL/evidence/gimbal-inner-20260915/review/video-frames/0001.png'
00:03.489  render           | Saved: '/Users/eason/Desktop/wfcrl/wind farm RL/evidence/gimbal-inner-20260915/review/video-frames/0002.png'
00:03.747  render           | Saved: '/Users/eason/Desktop/wfcrl/wind farm RL/evidence/gimbal-inner-20260915/review/video-frames/0003.png'
00:04.005  render           | Saved: '/Users/eason/Desktop/wfcrl/wind farm RL/evidence/gimbal-inner-20260915/review/video-frames/0004.png'
00:04.254  render           | Saved: '/Users/eason/Desktop/wfcrl/wind farm RL/evidence/gimbal-inner-20260915/review/video-frames/0005.png'
00:04.507  render           | Saved: '/Users/eason/Desktop/wfcrl/wind farm RL/evidence/gimbal-inner-20260915/review/video-frames/0006.png'
00:04.762  render           | Saved: '/Users/eason/Desktop/wfcrl/wind farm RL/evidence/gimbal-inner-20260915/review/video-frames/0007.png'
00:05.027  render           | Saved: '/Users/eason/Desktop/wfcrl/wind farm RL/evidence/gimbal-inner-20260915/review/video-frames/0008.png'
00:05.291  render           | Saved: '/Users/eason/Desktop/wfcrl/wind farm RL/evidence/gimbal-inner-20260915/review/video-frames/0009.png'
00:05.550  render           | Saved: '/Users/eason/Desktop/wfcrl/wind farm RL/evidence/gimbal-inner-20260915/review/video-frames/0010.png'
00:05.810  render           | Saved: '/Users/eason/Desktop/wfcrl/wind farm RL/evidence/gimbal-inner-20260915/review/video-frames/0011.png'
00:06.077  render           | Saved: '/Users/eason/Desktop/wfcrl/wind farm RL/evidence/gimbal-inner-20260915/review/video-frames/0012.png'
00:06.333  render           | Saved: '/Users/eason/Desktop/wfcrl/wind farm RL/evidence/gimbal-inner-20260915/review/video-frames/0013.png'
00:06.588  render           | Saved: '/Users/eason/Desktop/wfcrl/wind farm RL/evidence/gimbal-inner-20260915/review/video-frames/0014.png'
00:06.842  render           | Saved: '/Users/eason/Desktop/wfcrl/wind farm RL/evidence/gimbal-inner-20260915/review/video-frames/0015.png'
00:07.098  render           | Saved: '/Users/eason/Desktop/wfcrl/wind farm RL/evidence/gimbal-inner-20260915/review/video-frames/0016.png'
00:07.353  render           | Saved: '/Users/eason/Desktop/wfcrl/wind farm RL/evidence/gimbal-inner-20260915/review/video-frames/0017.png'
00:07.598  render           | Saved: '/Users/eason/Desktop/wfcrl/wind farm RL/evidence/gimbal-inner-20260915/review/video-frames/0018.png'
00:07.851  render           | Saved: '/Users/eason/Desktop/wfcrl/wind farm RL/evidence/gimbal-inner-20260915/review/video-frames/0019.png'
00:08.103  render           | Saved: '/Users/eason/Desktop/wfcrl/wind farm RL/evidence/gimbal-inner-20260915/review/video-frames/0020.png'
00:08.373  render           | Saved: '/Users/eason/Desktop/wfcrl/wind farm RL/evidence/gimbal-inner-20260915/review/video-frames/0021.png'
00:08.641  render           | Saved: '/Users/eason/Desktop/wfcrl/wind farm RL/evidence/gimbal-inner-20260915/review/video-frames/0022.png'
00:09.083  render           | Saved: '/Users/eason/Desktop/wfcrl/wind farm RL/evidence/gimbal-inner-20260915/review/video-frames/0023.png'
00:09.392  render           | Saved: '/Users/eason/Desktop/wfcrl/wind farm RL/evidence/gimbal-inner-20260915/review/video-frames/0024.png'
00:09.691  render           | Saved: '/Users/eason/Desktop/wfcrl/wind farm RL/evidence/gimbal-inner-20260915/review/video-frames/0025.png'
00:09.984  render           | Saved: '/Users/eason/Desktop/wfcrl/wind farm RL/evidence/gimbal-inner-20260915/review/video-frames/0026.png'
00:10.288  render           | Saved: '/Users/eason/Desktop/wfcrl/wind farm RL/evidence/gimbal-inner-20260915/review/video-frames/0027.png'
00:10.586  render           | Saved: '/Users/eason/Desktop/wfcrl/wind farm RL/evidence/gimbal-inner-20260915/review/video-frames/0028.png'
00:10.885  render           | Saved: '/Users/eason/Desktop/wfcrl/wind farm RL/evidence/gimbal-inner-20260915/review/video-frames/0029.png'
00:11.180  render           | Saved: '/Users/eason/Desktop/wfcrl/wind farm RL/evidence/gimbal-inner-20260915/review/video-frames/0030.png'
00:11.476  render           | Saved: '/Users/eason/Desktop/wfcrl/wind farm RL/evidence/gimbal-inner-20260915/review/video-frames/0031.png'
00:11.772  render           | Saved: '/Users/eason/Desktop/wfcrl/wind farm RL/evidence/gimbal-inner-20260915/review/video-frames/0032.png'
00:12.073  render           | Saved: '/Users/eason/Desktop/wfcrl/wind farm RL/evidence/gimbal-inner-20260915/review/video-frames/0033.png'
00:12.374  render           | Saved: '/Users/eason/Desktop/wfcrl/wind farm RL/evidence/gimbal-inner-20260915/review/video-frames/0034.png'
00:12.672  render           | Saved: '/Users/eason/Desktop/wfcrl/wind farm RL/evidence/gimbal-inner-20260915/review/video-frames/0035.png'
00:12.965  render           | Saved: '/Users/eason/Desktop/wfcrl/wind farm RL/evidence/gimbal-inner-20260915/review/video-frames/0036.png'
00:13.260  render           | Saved: '/Users/eason/Desktop/wfcrl/wind farm RL/evidence/gimbal-inner-20260915/review/video-frames/0037.png'
00:13.559  render           | Saved: '/Users/eason/Desktop/wfcrl/wind farm RL/evidence/gimbal-inner-20260915/review/video-frames/0038.png'
00:13.861  render           | Saved: '/Users/eason/Desktop/wfcrl/wind farm RL/evidence/gimbal-inner-20260915/review/video-frames/0039.png'
00:14.166  render           | Saved: '/Users/eason/Desktop/wfcrl/wind farm RL/evidence/gimbal-inner-20260915/review/video-frames/0040.png'
00:14.468  render           | Saved: '/Users/eason/Desktop/wfcrl/wind farm RL/evidence/gimbal-inner-20260915/review/video-frames/0041.png'
00:14.776  render           | Saved: '/Users/eason/Desktop/wfcrl/wind farm RL/evidence/gimbal-inner-20260915/review/video-frames/0042.png'
00:15.071  render           | Saved: '/Users/eason/Desktop/wfcrl/wind farm RL/evidence/gimbal-inner-20260915/review/video-frames/0043.png'
00:15.362  render           | Saved: '/Users/eason/Desktop/wfcrl/wind farm RL/evidence/gimbal-inner-20260915/review/video-frames/0044.png'
00:15.656  render           | Saved: '/Users/eason/Desktop/wfcrl/wind farm RL/evidence/gimbal-inner-20260915/review/video-frames/0045.png'
00:15.951  render           | Saved: '/Users/eason/Desktop/wfcrl/wind farm RL/evidence/gimbal-inner-20260915/review/video-frames/0046.png'
00:16.250  render           | Saved: '/Users/eason/Desktop/wfcrl/wind farm RL/evidence/gimbal-inner-20260915/review/video-frames/0047.png'
00:16.551  render           | Saved: '/Users/eason/Desktop/wfcrl/wind farm RL/evidence/gimbal-inner-20260915/review/video-frames/0048.png'
00:16.848  render           | Saved: '/Users/eason/Desktop/wfcrl/wind farm RL/evidence/gimbal-inner-20260915/review/video-frames/0049.png'
00:17.148  render           | Saved: '/Users/eason/Desktop/wfcrl/wind farm RL/evidence/gimbal-inner-20260915/review/video-frames/0050.png'
00:17.443  render           | Saved: '/Users/eason/Desktop/wfcrl/wind farm RL/evidence/gimbal-inner-20260915/review/video-frames/0051.png'
00:17.741  render           | Saved: '/Users/eason/Desktop/wfcrl/wind farm RL/evidence/gimbal-inner-20260915/review/video-frames/0052.png'
00:18.041  render           | Saved: '/Users/eason/Desktop/wfcrl/wind farm RL/evidence/gimbal-inner-20260915/review/video-frames/0053.png'
00:18.337  render           | Saved: '/Users/eason/Desktop/wfcrl/wind farm RL/evidence/gimbal-inner-20260915/review/video-frames/0054.png'
00:18.635  render           | Saved: '/Users/eason/Desktop/wfcrl/wind farm RL/evidence/gimbal-inner-20260915/review/video-frames/0055.png'
00:18.939  render           | Saved: '/Users/eason/Desktop/wfcrl/wind farm RL/evidence/gimbal-inner-20260915/review/video-frames/0056.png'
00:19.236  render           | Saved: '/Users/eason/Desktop/wfcrl/wind farm RL/evidence/gimbal-inner-20260915/review/video-frames/0057.png'
00:19.532  render           | Saved: '/Users/eason/Desktop/wfcrl/wind farm RL/evidence/gimbal-inner-20260915/review/video-frames/0058.png'
00:19.827  render           | Saved: '/Users/eason/Desktop/wfcrl/wind farm RL/evidence/gimbal-inner-20260915/review/video-frames/0059.png'
00:20.119  render           | Saved: '/Users/eason/Desktop/wfcrl/wind farm RL/evidence/gimbal-inner-20260915/review/video-frames/0060.png'
00:20.416  render           | Saved: '/Users/eason/Desktop/wfcrl/wind farm RL/evidence/gimbal-inner-20260915/review/video-frames/0061.png'
00:20.724  render           | Saved: '/Users/eason/Desktop/wfcrl/wind farm RL/evidence/gimbal-inner-20260915/review/video-frames/0062.png'
00:21.034  render           | Saved: '/Users/eason/Desktop/wfcrl/wind farm RL/evidence/gimbal-inner-20260915/review/video-frames/0063.png'
00:21.396  render           | Saved: '/Users/eason/Desktop/wfcrl/wind farm RL/evidence/gimbal-inner-20260915/review/video-frames/0064.png'
00:21.684  render           | Saved: '/Users/eason/Desktop/wfcrl/wind farm RL/evidence/gimbal-inner-20260915/review/video-frames/0065.png'
00:21.969  render           | Saved: '/Users/eason/Desktop/wfcrl/wind farm RL/evidence/gimbal-inner-20260915/review/video-frames/0066.png'
00:22.254  render           | Saved: '/Users/eason/Desktop/wfcrl/wind farm RL/evidence/gimbal-inner-20260915/review/video-frames/0067.png'
00:22.540  render           | Saved: '/Users/eason/Desktop/wfcrl/wind farm RL/evidence/gimbal-inner-20260915/review/video-frames/0068.png'
00:22.830  render           | Saved: '/Users/eason/Desktop/wfcrl/wind farm RL/evidence/gimbal-inner-20260915/review/video-frames/0069.png'
00:23.123  render           | Saved: '/Users/eason/Desktop/wfcrl/wind farm RL/evidence/gimbal-inner-20260915/review/video-frames/0070.png'
00:23.398  render           | Saved: '/Users/eason/Desktop/wfcrl/wind farm RL/evidence/gimbal-inner-20260915/review/video-frames/0071.png'
00:23.668  render           | Saved: '/Users/eason/Desktop/wfcrl/wind farm RL/evidence/gimbal-inner-20260915/review/video-frames/0072.png'
00:23.937  render           | Saved: '/Users/eason/Desktop/wfcrl/wind farm RL/evidence/gimbal-inner-20260915/review/video-frames/0073.png'
00:24.202  render           | Saved: '/Users/eason/Desktop/wfcrl/wind farm RL/evidence/gimbal-inner-20260915/review/video-frames/0074.png'
00:24.465  render           | Saved: '/Users/eason/Desktop/wfcrl/wind farm RL/evidence/gimbal-inner-20260915/review/video-frames/0075.png'
00:24.731  render           | Saved: '/Users/eason/Desktop/wfcrl/wind farm RL/evidence/gimbal-inner-20260915/review/video-frames/0076.png'
00:24.998  render           | Saved: '/Users/eason/Desktop/wfcrl/wind farm RL/evidence/gimbal-inner-20260915/review/video-frames/0077.png'
00:25.261  render           | Saved: '/Users/eason/Desktop/wfcrl/wind farm RL/evidence/gimbal-inner-20260915/review/video-frames/0078.png'
00:25.527  render           | Saved: '/Users/eason/Desktop/wfcrl/wind farm RL/evidence/gimbal-inner-20260915/review/video-frames/0079.png'
00:25.791  render           | Saved: '/Users/eason/Desktop/wfcrl/wind farm RL/evidence/gimbal-inner-20260915/review/video-frames/0080.png'
00:26.055  render           | Saved: '/Users/eason/Desktop/wfcrl/wind farm RL/evidence/gimbal-inner-20260915/review/video-frames/0081.png'
00:26.317  render           | Saved: '/Users/eason/Desktop/wfcrl/wind farm RL/evidence/gimbal-inner-20260915/review/video-frames/0082.png'
00:26.583  render           | Saved: '/Users/eason/Desktop/wfcrl/wind farm RL/evidence/gimbal-inner-20260915/review/video-frames/0083.png'
00:26.845  render           | Saved: '/Users/eason/Desktop/wfcrl/wind farm RL/evidence/gimbal-inner-20260915/review/video-frames/0084.png'
00:27.107  render           | Saved: '/Users/eason/Desktop/wfcrl/wind farm RL/evidence/gimbal-inner-20260915/review/video-frames/0085.png'
00:27.367  render           | Saved: '/Users/eason/Desktop/wfcrl/wind farm RL/evidence/gimbal-inner-20260915/review/video-frames/0086.png'
00:27.630  render           | Saved: '/Users/eason/Desktop/wfcrl/wind farm RL/evidence/gimbal-inner-20260915/review/video-frames/0087.png'
00:27.894  render           | Saved: '/Users/eason/Desktop/wfcrl/wind farm RL/evidence/gimbal-inner-20260915/review/video-frames/0088.png'
00:28.160  render           | Saved: '/Users/eason/Desktop/wfcrl/wind farm RL/evidence/gimbal-inner-20260915/review/video-frames/0089.png'
00:28.428  render           | Saved: '/Users/eason/Desktop/wfcrl/wind farm RL/evidence/gimbal-inner-20260915/review/video-frames/0090.png'
00:28.700  render           | Saved: '/Users/eason/Desktop/wfcrl/wind farm RL/evidence/gimbal-inner-20260915/review/video-frames/0091.png'
00:28.970  render           | Saved: '/Users/eason/Desktop/wfcrl/wind farm RL/evidence/gimbal-inner-20260915/review/video-frames/0092.png'
00:29.241  render           | Saved: '/Users/eason/Desktop/wfcrl/wind farm RL/evidence/gimbal-inner-20260915/review/video-frames/0093.png'
00:29.512  render           | Saved: '/Users/eason/Desktop/wfcrl/wind farm RL/evidence/gimbal-inner-20260915/review/video-frames/0094.png'
00:29.788  render           | Saved: '/Users/eason/Desktop/wfcrl/wind farm RL/evidence/gimbal-inner-20260915/review/video-frames/0095.png'
00:30.062  render           | Saved: '/Users/eason/Desktop/wfcrl/wind farm RL/evidence/gimbal-inner-20260915/review/video-frames/0096.png'
00:30.335  render           | Saved: '/Users/eason/Desktop/wfcrl/wind farm RL/evidence/gimbal-inner-20260915/review/video-frames/0097.png'
00:30.603  render           | Saved: '/Users/eason/Desktop/wfcrl/wind farm RL/evidence/gimbal-inner-20260915/review/video-frames/0098.png'
00:30.880  render           | Saved: '/Users/eason/Desktop/wfcrl/wind farm RL/evidence/gimbal-inner-20260915/review/video-frames/0099.png'
00:31.145  render           | Saved: '/Users/eason/Desktop/wfcrl/wind farm RL/evidence/gimbal-inner-20260915/review/video-frames/0100.png'
00:31.411  render           | Saved: '/Users/eason/Desktop/wfcrl/wind farm RL/evidence/gimbal-inner-20260915/review/video-frames/0101.png'
00:31.678  render           | Saved: '/Users/eason/Desktop/wfcrl/wind farm RL/evidence/gimbal-inner-20260915/review/video-frames/0102.png'
00:31.941  render           | Saved: '/Users/eason/Desktop/wfcrl/wind farm RL/evidence/gimbal-inner-20260915/review/video-frames/0103.png'
00:32.203  render           | Saved: '/Users/eason/Desktop/wfcrl/wind farm RL/evidence/gimbal-inner-20260915/review/video-frames/0104.png'
00:32.470  render           | Saved: '/Users/eason/Desktop/wfcrl/wind farm RL/evidence/gimbal-inner-20260915/review/video-frames/0105.png'
00:32.735  render           | Saved: '/Users/eason/Desktop/wfcrl/wind farm RL/evidence/gimbal-inner-20260915/review/video-frames/0106.png'
00:33.000  render           | Saved: '/Users/eason/Desktop/wfcrl/wind farm RL/evidence/gimbal-inner-20260915/review/video-frames/0107.png'
00:33.270  render           | Saved: '/Users/eason/Desktop/wfcrl/wind farm RL/evidence/gimbal-inner-20260915/review/video-frames/0108.png'
00:33.536  render           | Saved: '/Users/eason/Desktop/wfcrl/wind farm RL/evidence/gimbal-inner-20260915/review/video-frames/0109.png'
00:33.799  render           | Saved: '/Users/eason/Desktop/wfcrl/wind farm RL/evidence/gimbal-inner-20260915/review/video-frames/0110.png'
00:34.061  render           | Saved: '/Users/eason/Desktop/wfcrl/wind farm RL/evidence/gimbal-inner-20260915/review/video-frames/0111.png'
00:34.324  render           | Saved: '/Users/eason/Desktop/wfcrl/wind farm RL/evidence/gimbal-inner-20260915/review/video-frames/0112.png'
00:34.586  render           | Saved: '/Users/eason/Desktop/wfcrl/wind farm RL/evidence/gimbal-inner-20260915/review/video-frames/0113.png'
00:34.843  render           | Saved: '/Users/eason/Desktop/wfcrl/wind farm RL/evidence/gimbal-inner-20260915/review/video-frames/0114.png'
00:35.113  render           | Saved: '/Users/eason/Desktop/wfcrl/wind farm RL/evidence/gimbal-inner-20260915/review/video-frames/0115.png'
00:35.373  render           | Saved: '/Users/eason/Desktop/wfcrl/wind farm RL/evidence/gimbal-inner-20260915/review/video-frames/0116.png'
00:35.634  render           | Saved: '/Users/eason/Desktop/wfcrl/wind farm RL/evidence/gimbal-inner-20260915/review/video-frames/0117.png'
00:35.899  render           | Saved: '/Users/eason/Desktop/wfcrl/wind farm RL/evidence/gimbal-inner-20260915/review/video-frames/0118.png'
00:36.166  render           | Saved: '/Users/eason/Desktop/wfcrl/wind farm RL/evidence/gimbal-inner-20260915/review/video-frames/0119.png'
00:36.438  render           | Saved: '/Users/eason/Desktop/wfcrl/wind farm RL/evidence/gimbal-inner-20260915/review/video-frames/0120.png'
00:36.708  render           | Saved: '/Users/eason/Desktop/wfcrl/wind farm RL/evidence/gimbal-inner-20260915/review/video-frames/0121.png'
00:36.981  render           | Saved: '/Users/eason/Desktop/wfcrl/wind farm RL/evidence/gimbal-inner-20260915/review/video-frames/0122.png'
00:37.253  render           | Saved: '/Users/eason/Desktop/wfcrl/wind farm RL/evidence/gimbal-inner-20260915/review/video-frames/0123.png'
00:37.526  render           | Saved: '/Users/eason/Desktop/wfcrl/wind farm RL/evidence/gimbal-inner-20260915/review/video-frames/0124.png'
00:37.802  render           | Saved: '/Users/eason/Desktop/wfcrl/wind farm RL/evidence/gimbal-inner-20260915/review/video-frames/0125.png'
00:38.070  render           | Saved: '/Users/eason/Desktop/wfcrl/wind farm RL/evidence/gimbal-inner-20260915/review/video-frames/0126.png'
00:38.343  render           | Saved: '/Users/eason/Desktop/wfcrl/wind farm RL/evidence/gimbal-inner-20260915/review/video-frames/0127.png'
00:38.605  render           | Saved: '/Users/eason/Desktop/wfcrl/wind farm RL/evidence/gimbal-inner-20260915/review/video-frames/0128.png'
00:38.871  render           | Saved: '/Users/eason/Desktop/wfcrl/wind farm RL/evidence/gimbal-inner-20260915/review/video-frames/0129.png'
00:39.139  render           | Saved: '/Users/eason/Desktop/wfcrl/wind farm RL/evidence/gimbal-inner-20260915/review/video-frames/0130.png'
00:39.403  render           | Saved: '/Users/eason/Desktop/wfcrl/wind farm RL/evidence/gimbal-inner-20260915/review/video-frames/0131.png'
00:39.666  render           | Saved: '/Users/eason/Desktop/wfcrl/wind farm RL/evidence/gimbal-inner-20260915/review/video-frames/0132.png'
00:39.928  render           | Saved: '/Users/eason/Desktop/wfcrl/wind farm RL/evidence/gimbal-inner-20260915/review/video-frames/0133.png'
00:40.189  render           | Saved: '/Users/eason/Desktop/wfcrl/wind farm RL/evidence/gimbal-inner-20260915/review/video-frames/0134.png'
00:40.453  render           | Saved: '/Users/eason/Desktop/wfcrl/wind farm RL/evidence/gimbal-inner-20260915/review/video-frames/0135.png'
00:40.721  render           | Saved: '/Users/eason/Desktop/wfcrl/wind farm RL/evidence/gimbal-inner-20260915/review/video-frames/0136.png'
00:40.986  render           | Saved: '/Users/eason/Desktop/wfcrl/wind farm RL/evidence/gimbal-inner-20260915/review/video-frames/0137.png'
00:41.249  render           | Saved: '/Users/eason/Desktop/wfcrl/wind farm RL/evidence/gimbal-inner-20260915/review/video-frames/0138.png'
00:41.516  render           | Saved: '/Users/eason/Desktop/wfcrl/wind farm RL/evidence/gimbal-inner-20260915/review/video-frames/0139.png'
00:41.778  render           | Saved: '/Users/eason/Desktop/wfcrl/wind farm RL/evidence/gimbal-inner-20260915/review/video-frames/0140.png'
00:42.045  render           | Saved: '/Users/eason/Desktop/wfcrl/wind farm RL/evidence/gimbal-inner-20260915/review/video-frames/0141.png'
00:42.311  render           | Saved: '/Users/eason/Desktop/wfcrl/wind farm RL/evidence/gimbal-inner-20260915/review/video-frames/0142.png'
00:42.583  render           | Saved: '/Users/eason/Desktop/wfcrl/wind farm RL/evidence/gimbal-inner-20260915/review/video-frames/0143.png'
00:42.849  render           | Saved: '/Users/eason/Desktop/wfcrl/wind farm RL/evidence/gimbal-inner-20260915/review/video-frames/0144.png'
00:43.112  render           | Saved: '/Users/eason/Desktop/wfcrl/wind farm RL/evidence/gimbal-inner-20260915/review/video-frames/0145.png'
00:43.376  render           | Saved: '/Users/eason/Desktop/wfcrl/wind farm RL/evidence/gimbal-inner-20260915/review/video-frames/0146.png'
00:43.639  render           | Saved: '/Users/eason/Desktop/wfcrl/wind farm RL/evidence/gimbal-inner-20260915/review/video-frames/0147.png'
00:43.906  render           | Saved: '/Users/eason/Desktop/wfcrl/wind farm RL/evidence/gimbal-inner-20260915/review/video-frames/0148.png'
00:44.184  render           | Saved: '/Users/eason/Desktop/wfcrl/wind farm RL/evidence/gimbal-inner-20260915/review/video-frames/0149.png'
00:44.462  render           | Saved: '/Users/eason/Desktop/wfcrl/wind farm RL/evidence/gimbal-inner-20260915/review/video-frames/0150.png'
00:44.737  render           | Saved: '/Users/eason/Desktop/wfcrl/wind farm RL/evidence/gimbal-inner-20260915/review/video-frames/0151.png'
00:45.011  render           | Saved: '/Users/eason/Desktop/wfcrl/wind farm RL/evidence/gimbal-inner-20260915/review/video-frames/0152.png'
00:45.291  render           | Saved: '/Users/eason/Desktop/wfcrl/wind farm RL/evidence/gimbal-inner-20260915/review/video-frames/0153.png'
00:45.557  render           | Saved: '/Users/eason/Desktop/wfcrl/wind farm RL/evidence/gimbal-inner-20260915/review/video-frames/0154.png'
00:45.824  render           | Saved: '/Users/eason/Desktop/wfcrl/wind farm RL/evidence/gimbal-inner-20260915/review/video-frames/0155.png'
00:46.090  render           | Saved: '/Users/eason/Desktop/wfcrl/wind farm RL/evidence/gimbal-inner-20260915/review/video-frames/0156.png'
00:46.360  render           | Saved: '/Users/eason/Desktop/wfcrl/wind farm RL/evidence/gimbal-inner-20260915/review/video-frames/0157.png'
00:46.624  render           | Saved: '/Users/eason/Desktop/wfcrl/wind farm RL/evidence/gimbal-inner-20260915/review/video-frames/0158.png'
00:46.887  render           | Saved: '/Users/eason/Desktop/wfcrl/wind farm RL/evidence/gimbal-inner-20260915/review/video-frames/0159.png'
00:47.145  render           | Saved: '/Users/eason/Desktop/wfcrl/wind farm RL/evidence/gimbal-inner-20260915/review/video-frames/0160.png'
00:47.405  render           | Saved: '/Users/eason/Desktop/wfcrl/wind farm RL/evidence/gimbal-inner-20260915/review/video-frames/0161.png'
00:47.667  render           | Saved: '/Users/eason/Desktop/wfcrl/wind farm RL/evidence/gimbal-inner-20260915/review/video-frames/0162.png'
00:47.927  render           | Saved: '/Users/eason/Desktop/wfcrl/wind farm RL/evidence/gimbal-inner-20260915/review/video-frames/0163.png'
00:48.196  render           | Saved: '/Users/eason/Desktop/wfcrl/wind farm RL/evidence/gimbal-inner-20260915/review/video-frames/0164.png'
00:48.456  render           | Saved: '/Users/eason/Desktop/wfcrl/wind farm RL/evidence/gimbal-inner-20260915/review/video-frames/0165.png'
00:48.718  render           | Saved: '/Users/eason/Desktop/wfcrl/wind farm RL/evidence/gimbal-inner-20260915/review/video-frames/0166.png'
00:48.980  render           | Saved: '/Users/eason/Desktop/wfcrl/wind farm RL/evidence/gimbal-inner-20260915/review/video-frames/0167.png'
00:49.239  render           | Saved: '/Users/eason/Desktop/wfcrl/wind farm RL/evidence/gimbal-inner-20260915/review/video-frames/0168.png'
00:49.502  render           | Saved: '/Users/eason/Desktop/wfcrl/wind farm RL/evidence/gimbal-inner-20260915/review/video-frames/0169.png'
00:49.768  render           | Saved: '/Users/eason/Desktop/wfcrl/wind farm RL/evidence/gimbal-inner-20260915/review/video-frames/0170.png'
00:50.041  render           | Saved: '/Users/eason/Desktop/wfcrl/wind farm RL/evidence/gimbal-inner-20260915/review/video-frames/0171.png'
00:50.300  render           | Saved: '/Users/eason/Desktop/wfcrl/wind farm RL/evidence/gimbal-inner-20260915/review/video-frames/0172.png'
00:50.562  render           | Saved: '/Users/eason/Desktop/wfcrl/wind farm RL/evidence/gimbal-inner-20260915/review/video-frames/0173.png'
00:50.831  render           | Saved: '/Users/eason/Desktop/wfcrl/wind farm RL/evidence/gimbal-inner-20260915/review/video-frames/0174.png'
00:51.098  render           | Saved: '/Users/eason/Desktop/wfcrl/wind farm RL/evidence/gimbal-inner-20260915/review/video-frames/0175.png'
00:51.376  render           | Saved: '/Users/eason/Desktop/wfcrl/wind farm RL/evidence/gimbal-inner-20260915/review/video-frames/0176.png'
00:51.652  render           | Saved: '/Users/eason/Desktop/wfcrl/wind farm RL/evidence/gimbal-inner-20260915/review/video-frames/0177.png'
00:51.920  render           | Saved: '/Users/eason/Desktop/wfcrl/wind farm RL/evidence/gimbal-inner-20260915/review/video-frames/0178.png'
00:52.187  render           | Saved: '/Users/eason/Desktop/wfcrl/wind farm RL/evidence/gimbal-inner-20260915/review/video-frames/0179.png'
00:52.456  render           | Saved: '/Users/eason/Desktop/wfcrl/wind farm RL/evidence/gimbal-inner-20260915/review/video-frames/0180.png'
00:52.737  render           | Saved: '/Users/eason/Desktop/wfcrl/wind farm RL/evidence/gimbal-inner-20260915/review/video-frames/0181.png'
00:53.002  render           | Saved: '/Users/eason/Desktop/wfcrl/wind farm RL/evidence/gimbal-inner-20260915/review/video-frames/0182.png'
00:53.273  render           | Saved: '/Users/eason/Desktop/wfcrl/wind farm RL/evidence/gimbal-inner-20260915/review/video-frames/0183.png'
00:53.541  render           | Saved: '/Users/eason/Desktop/wfcrl/wind farm RL/evidence/gimbal-inner-20260915/review/video-frames/0184.png'
00:53.805  render           | Saved: '/Users/eason/Desktop/wfcrl/wind farm RL/evidence/gimbal-inner-20260915/review/video-frames/0185.png'
00:54.070  render           | Saved: '/Users/eason/Desktop/wfcrl/wind farm RL/evidence/gimbal-inner-20260915/review/video-frames/0186.png'
00:54.337  render           | Saved: '/Users/eason/Desktop/wfcrl/wind farm RL/evidence/gimbal-inner-20260915/review/video-frames/0187.png'
00:54.602  render           | Saved: '/Users/eason/Desktop/wfcrl/wind farm RL/evidence/gimbal-inner-20260915/review/video-frames/0188.png'
00:54.865  render           | Saved: '/Users/eason/Desktop/wfcrl/wind farm RL/evidence/gimbal-inner-20260915/review/video-frames/0189.png'
00:55.128  render           | Saved: '/Users/eason/Desktop/wfcrl/wind farm RL/evidence/gimbal-inner-20260915/review/video-frames/0190.png'
00:55.396  render           | Saved: '/Users/eason/Desktop/wfcrl/wind farm RL/evidence/gimbal-inner-20260915/review/video-frames/0191.png'
00:55.661  render           | Saved: '/Users/eason/Desktop/wfcrl/wind farm RL/evidence/gimbal-inner-20260915/review/video-frames/0192.png'
00:55.924  render           | Saved: '/Users/eason/Desktop/wfcrl/wind farm RL/evidence/gimbal-inner-20260915/review/video-frames/0193.png'
00:56.196  render           | Saved: '/Users/eason/Desktop/wfcrl/wind farm RL/evidence/gimbal-inner-20260915/review/video-frames/0194.png'
00:56.460  render           | Saved: '/Users/eason/Desktop/wfcrl/wind farm RL/evidence/gimbal-inner-20260915/review/video-frames/0195.png'
00:56.724  render           | Saved: '/Users/eason/Desktop/wfcrl/wind farm RL/evidence/gimbal-inner-20260915/review/video-frames/0196.png'
00:56.992  render           | Saved: '/Users/eason/Desktop/wfcrl/wind farm RL/evidence/gimbal-inner-20260915/review/video-frames/0197.png'
00:57.260  render           | Saved: '/Users/eason/Desktop/wfcrl/wind farm RL/evidence/gimbal-inner-20260915/review/video-frames/0198.png'
00:57.530  render           | Saved: '/Users/eason/Desktop/wfcrl/wind farm RL/evidence/gimbal-inner-20260915/review/video-frames/0199.png'
00:57.796  render           | Saved: '/Users/eason/Desktop/wfcrl/wind farm RL/evidence/gimbal-inner-20260915/review/video-frames/0200.png'
00:58.064  render           | Saved: '/Users/eason/Desktop/wfcrl/wind farm RL/evidence/gimbal-inner-20260915/review/video-frames/0201.png'
00:58.346  render           | Saved: '/Users/eason/Desktop/wfcrl/wind farm RL/evidence/gimbal-inner-20260915/review/video-frames/0202.png'
00:58.627  render           | Saved: '/Users/eason/Desktop/wfcrl/wind farm RL/evidence/gimbal-inner-20260915/review/video-frames/0203.png'
00:58.905  render           | Saved: '/Users/eason/Desktop/wfcrl/wind farm RL/evidence/gimbal-inner-20260915/review/video-frames/0204.png'
00:59.177  render           | Saved: '/Users/eason/Desktop/wfcrl/wind farm RL/evidence/gimbal-inner-20260915/review/video-frames/0205.png'
00:59.447  render           | Saved: '/Users/eason/Desktop/wfcrl/wind farm RL/evidence/gimbal-inner-20260915/review/video-frames/0206.png'
00:59.721  render           | Saved: '/Users/eason/Desktop/wfcrl/wind farm RL/evidence/gimbal-inner-20260915/review/video-frames/0207.png'
00:59.996  render           | Saved: '/Users/eason/Desktop/wfcrl/wind farm RL/evidence/gimbal-inner-20260915/review/video-frames/0208.png'
01:00.265  render           | Saved: '/Users/eason/Desktop/wfcrl/wind farm RL/evidence/gimbal-inner-20260915/review/video-frames/0209.png'
01:00.535  render           | Saved: '/Users/eason/Desktop/wfcrl/wind farm RL/evidence/gimbal-inner-20260915/review/video-frames/0210.png'
01:00.806  render           | Saved: '/Users/eason/Desktop/wfcrl/wind farm RL/evidence/gimbal-inner-20260915/review/video-frames/0211.png'
01:01.091  render           | Saved: '/Users/eason/Desktop/wfcrl/wind farm RL/evidence/gimbal-inner-20260915/review/video-frames/0212.png'
01:01.613  render           | Saved: '/Users/eason/Desktop/wfcrl/wind farm RL/evidence/gimbal-inner-20260915/review/video-frames/0213.png'
01:01.924  render           | Saved: '/Users/eason/Desktop/wfcrl/wind farm RL/evidence/gimbal-inner-20260915/review/video-frames/0214.png'
01:02.217  render           | Saved: '/Users/eason/Desktop/wfcrl/wind farm RL/evidence/gimbal-inner-20260915/review/video-frames/0215.png'
01:02.517  render           | Saved: '/Users/eason/Desktop/wfcrl/wind farm RL/evidence/gimbal-inner-20260915/review/video-frames/0216.png'
01:02.822  render           | Saved: '/Users/eason/Desktop/wfcrl/wind farm RL/evidence/gimbal-inner-20260915/review/video-frames/0217.png'
01:03.123  render           | Saved: '/Users/eason/Desktop/wfcrl/wind farm RL/evidence/gimbal-inner-20260915/review/video-frames/0218.png'
01:03.424  render           | Saved: '/Users/eason/Desktop/wfcrl/wind farm RL/evidence/gimbal-inner-20260915/review/video-frames/0219.png'
01:03.718  render           | Saved: '/Users/eason/Desktop/wfcrl/wind farm RL/evidence/gimbal-inner-20260915/review/video-frames/0220.png'
01:04.018  render           | Saved: '/Users/eason/Desktop/wfcrl/wind farm RL/evidence/gimbal-inner-20260915/review/video-frames/0221.png'
01:04.318  render           | Saved: '/Users/eason/Desktop/wfcrl/wind farm RL/evidence/gimbal-inner-20260915/review/video-frames/0222.png'
01:04.615  render           | Saved: '/Users/eason/Desktop/wfcrl/wind farm RL/evidence/gimbal-inner-20260915/review/video-frames/0223.png'
01:04.908  render           | Saved: '/Users/eason/Desktop/wfcrl/wind farm RL/evidence/gimbal-inner-20260915/review/video-frames/0224.png'
01:05.205  render           | Saved: '/Users/eason/Desktop/wfcrl/wind farm RL/evidence/gimbal-inner-20260915/review/video-frames/0225.png'
01:05.510  render           | Saved: '/Users/eason/Desktop/wfcrl/wind farm RL/evidence/gimbal-inner-20260915/review/night.png'
BLADE_TIP_REVIEW_PASS
Blender 5.2.1 LTS (hash 9e2066aef7ef built 2026-08-25 01:35:57)

Blender quit
