Deltas: [-2.19360783e-05 -1.11873999e-03 -2.23747998e-03]
Exception has been raise. I put this print statement instead. Check with EB.
Exception: Some X0_High are not on an integer multiple of the high-res grid
Created FAST.Farm input file: __simul__/fastfarm/FastFarm__208s__3T_1789663583.096885/FarmInputs/Case.fstf
[fastfarm-driver] 湍流来流 /Users/eason/Desktop/wfcrl/wind farm RL/results/lidar/raw/flex-mappo-wind-gentle-v1/FarmInputs/random-gust.bts: u_hub=11.37 m/s, TI=15.4%, 盒子 280s
[fastfarm-driver] 湍流模式（WindType=3）下来流由 .bts 决定，wind_speed/wind_direction 请求被忽略
Spawning process /opt/anaconda3/envs/wfrl-mac/bin/FAST.Farm __simul__/fastfarm/FastFarm__208s__3T_1789663583.096885/FarmInputs/Case.fstf

 **************************************************************************************************
 FAST.Farm

 Copyright (C) 2024 National Renewable Energy Laboratory
 Copyright (C) 2024 Envision Energy USA LTD

 This program is licensed under Apache License Version 2.0 and comes with ABSOLUTELY NO WARRANTY.
 See the "LICENSE" file distributed with this software for details.
 **************************************************************************************************

 FAST.Farm-v3.5.3-dirty
 Compile Info:
  - Compiler: GCC version 12.3.0
  - Architecture: 64 bit
  - Precision: single
  - OpenMP: Yes, number of threads: 3/3
  - Date: Apr 26 2024
  - Time: 16:41:09
 Execution Info:
  - Date: 09/18/2026
  - Time: 00:46:23+0800

  Heading of the FAST.Farm input file:
    FAST.Farm     input         - file
 Running AWAE.
 Running InflowWind.

    Reading a 23x21 grid (220 m wide, 1 m to 201 m above ground) with a characteristic wind speed
    of 11.257 m/s. Generated by TurbSimFile on 16-Sep-2026 at 00:26:29.

    Processed 5600 time steps of 20-Hz grid-field data (period of 280 seconds).
 Running Super Controller.
 Running WakeDynamics.
 Running FASTWrapper.
 Running OpenFAST.
 OpenFAST input file heading:
     FAST          Certification - Test #26: NREL 5.0 MW Baseline Wind Turbine (Onshore)

 Running ElastoDyn.
 Nodal outputs section of ElastoDyn input file not found or improperly formatted.
 Running BeamDyn.
 Nodal outputs section of BeamDyn input file not found or improperly formatted.
 Running BeamDyn.
 Nodal outputs section of BeamDyn input file not found or improperly formatted.
 Running BeamDyn.
 Nodal outputs section of BeamDyn input file not found or improperly formatted.
 Running AeroDyn.
 Running InflowWind.
 Running ServoDyn.
 Running ServoDyn Interface for Bladed Controllers (using GNU Fortran for Linux).
 Using legacy Bladed DLL interface.
 Running OpenFAST.
 OpenFAST input file heading:
     FAST          Certification - Test #26: NREL 5.0 MW Baseline Wind Turbine (Onshore)

 Running ElastoDyn.
 Nodal outputs section of ElastoDyn input file not found or improperly formatted.
 Running BeamDyn.
 Nodal outputs section of BeamDyn input file not found or improperly formatted.
 Running BeamDyn.
 Nodal outputs section of BeamDyn input file not found or improperly formatted.
 Running BeamDyn.
 Nodal outputs section of BeamDyn input file not found or improperly formatted.
 Running AeroDyn.
 Running InflowWind.
 Running ServoDyn.
 Running ServoDyn Interface for Bladed Controllers (using GNU Fortran for Linux).
 Using legacy Bladed DLL interface.
 Running OpenFAST.
 OpenFAST input file heading:
     FAST          Certification - Test #26: NREL 5.0 MW Baseline Wind Turbine (Onshore)

 Running ElastoDyn.
 Nodal outputs section of ElastoDyn input file not found or improperly formatted.
 Running BeamDyn.
 Nodal outputs section of BeamDyn input file not found or improperly formatted.
 Running BeamDyn.
 Nodal outputs section of BeamDyn input file not found or improperly formatted.
 Running BeamDyn.
 Nodal outputs section of BeamDyn input file not found or improperly formatted.
 Running AeroDyn.
 Running InflowWind.
 Running ServoDyn.
 Running ServoDyn Interface for Bladed Controllers (using GNU Fortran for Linux).
 Using legacy Bladed DLL interface.

 Farm_Initialize:Farm_ValidateInput:OutFmt produces a column width of 10 instead of 20 characters.
 Farm_Initialize:For efficiency, NumPlanes has been reduced to the number of time steps (62).

  Time: 0 of 183 seconds.
 Initialize MPI
 Found parent process           3
Interface: will receive 12 measures at every iteration
 Will receive MPI interface control for           61  iterations

 T1:FARM_UpdateStates:FWrap_Increment:FAST_Solution:FAST_AdvanceStates:SrvD_UpdateStates:DLL_contro
 ller_call:Using last calculated values from DLL on all subsequent calls until next DLL_DT has
 been reached. Warning will not be displayed again.
 T2:FARM_UpdateStates:FWrap_Increment:FAST_Solution:FAST_AdvanceStates:SrvD_UpdateStates:DLL_contro
 ller_call:Using last calculated values from DLL on all subsequent calls until next DLL_DT has
 been reached. Warning will not be displayed again.
 T3:FARM_UpdateStates:FWrap_Increment:FAST_Solution:FAST_AdvanceStates:SrvD_UpdateStates:DLL_contro
 ller_call:Using last calculated values from DLL on all subsequent calls until next DLL_DT has
 been reached. Warning will not be displayed again.

                                                                                                   Time: 3 of 183 seconds.  Estimated final completion at 01:01:09.                                                                                                                                    Time: 6 of 183 seconds.  Estimated final completion at 01:01:03.                                                                                                                                    Time: 9 of 183 seconds.  Estimated final completion at 01:04:04.                                                                                                                                    Time: 12 of 183 seconds.  Estimated final completion at 01:01:17.                                