NREL_CAPTURE_BEGIN /Users/eason/Desktop/wfcrl/wind farm RL/outputs/nrel-video-single-blade/20261002-first/internal-capture-formal/capture_20261002_213817_baf6978517 100
NREL_CAPTURE_PROGRESS 1 100
NREL_CAPTURE_PROGRESS 2 100
NREL_CAPTURE_PROGRESS 3 100
NREL_CAPTURE_PROGRESS 4 100
NREL_CAPTURE_PROGRESS 5 100
NREL_CAPTURE_PROGRESS 6 100
NREL_CAPTURE_PROGRESS 7 100
NREL_CAPTURE_PROGRESS 8 100
NREL_CAPTURE_PROGRESS 9 100
NREL_CAPTURE_PROGRESS 10 100
NREL_CAPTURE_PROGRESS 11 100
NREL_CAPTURE_PROGRESS 12 100
NREL_CAPTURE_PROGRESS 13 100
NREL_CAPTURE_PROGRESS 14 100
NREL_CAPTURE_PROGRESS 15 100
NREL_CAPTURE_PROGRESS 16 100
NREL_CAPTURE_PROGRESS 17 100
NREL_CAPTURE_PROGRESS 18 100
NREL_CAPTURE_PROGRESS 19 100
NREL_CAPTURE_PROGRESS 20 100
NREL_CAPTURE_PROGRESS 21 100
NREL_CAPTURE_PROGRESS 22 100
NREL_CAPTURE_PROGRESS 23 100
NREL_CAPTURE_PROGRESS 24 100
NREL_CAPTURE_PROGRESS 25 100
NREL_CAPTURE_PROGRESS 26 100
NREL_CAPTURE_PROGRESS 27 100
NREL_CAPTURE_PROGRESS 28 100
NREL_CAPTURE_PROGRESS 29 100
NREL_CAPTURE_PROGRESS 30 100
NREL_CAPTURE_PROGRESS 31 100
NREL_CAPTURE_PROGRESS 32 100
NREL_CAPTURE_PROGRESS 33 100
NREL_CAPTURE_PROGRESS 34 100
NREL_CAPTURE_PROGRESS 35 100
NREL_CAPTURE_PROGRESS 36 100
NREL_CAPTURE_PROGRESS 37 100
NREL_CAPTURE_PROGRESS 38 100
NREL_CAPTURE_PROGRESS 39 100
NREL_CAPTURE_PROGRESS 40 100
NREL_CAPTURE_PROGRESS 41 100
NREL_CAPTURE_PROGRESS 42 100
NREL_CAPTURE_PROGRESS 43 100
NREL_CAPTURE_PROGRESS 44 100
NREL_CAPTURE_PROGRESS 45 100
NREL_CAPTURE_PROGRESS 46 100
NREL_CAPTURE_PROGRESS 47 100
NREL_CAPTURE_PROGRESS 48 100
NREL_CAPTURE_PROGRESS 49 100
NREL_CAPTURE_PROGRESS 50 100
NREL_CAPTURE_PROGRESS 51 100
NREL_CAPTURE_PROGRESS 52 100
NREL_CAPTURE_PROGRESS 53 100
NREL_CAPTURE_PROGRESS 54 100
NREL_CAPTURE_PROGRESS 55 100
NREL_CAPTURE_PROGRESS 56 100
NREL_CAPTURE_PROGRESS 57 100
NREL_CAPTURE_PROGRESS 58 100
NREL_CAPTURE_PROGRESS 59 100
NREL_CAPTURE_PROGRESS 60 100
NREL_CAPTURE_PROGRESS 61 100
NREL_CAPTURE_PROGRESS 62 100
NREL_CAPTURE_PROGRESS 63 100
NREL_CAPTURE_PROGRESS 64 100
NREL_CAPTURE_PROGRESS 65 100
NREL_CAPTURE_PROGRESS 66 100
NREL_CAPTURE_PROGRESS 67 100
NREL_CAPTURE_PROGRESS 68 100
NREL_CAPTURE_PROGRESS 69 100
NREL_CAPTURE_PROGRESS 70 100
NREL_CAPTURE_PROGRESS 71 100
NREL_CAPTURE_PROGRESS 72 100
NREL_CAPTURE_PROGRESS 73 100
NREL_CAPTURE_PROGRESS 74 100
NREL_CAPTURE_PROGRESS 75 100
NREL_CAPTURE_PROGRESS 76 100
NREL_CAPTURE_PROGRESS 77 100
NREL_CAPTURE_PROGRESS 78 100
NREL_CAPTURE_PROGRESS 79 100
NREL_CAPTURE_PROGRESS 80 100
NREL_CAPTURE_PROGRESS 81 100
NREL_CAPTURE_PROGRESS 82 100
NREL_CAPTURE_PROGRESS 83 100
NREL_CAPTURE_PROGRESS 84 100
NREL_CAPTURE_PROGRESS 85 100
NREL_CAPTURE_PROGRESS 86 100
NREL_CAPTURE_PROGRESS 87 100
NREL_CAPTURE_PROGRESS 88 100
NREL_CAPTURE_PROGRESS 89 100
NREL_CAPTURE_PROGRESS 90 100
NREL_CAPTURE_PROGRESS 91 100
NREL_CAPTURE_PROGRESS 92 100
NREL_CAPTURE_PROGRESS 93 100
NREL_CAPTURE_PROGRESS 94 100
NREL_CAPTURE_PROGRESS 95 100
NREL_CAPTURE_PROGRESS 96 100
NREL_CAPTURE_PROGRESS 97 100
NREL_CAPTURE_PROGRESS 98 100
NREL_CAPTURE_PROGRESS 99 100
NREL_CAPTURE_PROGRESS 100 100
NREL_CAPTURE_COMPLETE {"status": "complete", "error": "", "groups": 100, "images": 300, "capture_path": "/Users/eason/Desktop/wfcrl/wind farm RL/outputs/nrel-video-single-blade/20261002-first/internal-capture-formal/capture_20261002_213817_baf6978517", "elapsed_s": 150.40430112497415, "projection_checks": [{"camera_id": "C1", "max_pixel_error": 2.2737367544323206e-12, "time_s": 120.025}, {"camera_id": "C2", "max_pixel_error": 4.019436694230464e-12, "time_s": 120.025}, {"camera_id": "C3", "max_pixel_error": 3.509592043072446e-12, "time_s": 120.025}, {"camera_id": "C1", "max_pixel_error": 1.3258049636636544e-12, "time_s": 122.525}, {"camera_id": "C2", "max_pixel_error": 2.511424331075264e-12, "time_s": 122.525}, {"camera_id": "C3", "max_pixel_error": 9.931832058937996e-12, "time_s": 122.525}, {"camera_id": "C1", "max_pixel_error": 1.3270229749115006e-12, "time_s": 124.975}, {"camera_id": "C2", "max_pixel_error": 2.4303470043414505e-12, "time_s": 124.975}, {"camera_id": "C3", "max_pixel_error": 1.902684327371887e-11, "time_s": 124.975}]}
02:38.523  blend            | Saved session recovery to "/var/folders/9w/yltr8zcx3gxb3rs6lr0kxwth0000gn/T/quit.blend"

Blender quit
Error: Not freed memory blocks: 525, total unfreed memory 0.038147 MB
