NREL_CAPTURE_BEGIN /Users/eason/Desktop/wfcrl/wind farm RL/outputs/nrel-video-single-blade/20261002-first/internal-capture/capture_20261002_213522_5d6e3ad3af 40
NREL_CAPTURE_PROGRESS 1 40
NREL_CAPTURE_PROGRESS 2 40
NREL_CAPTURE_PROGRESS 3 40
NREL_CAPTURE_PROGRESS 4 40
NREL_CAPTURE_PROGRESS 5 40
NREL_CAPTURE_PROGRESS 6 40
NREL_CAPTURE_PROGRESS 7 40
NREL_CAPTURE_PROGRESS 8 40
NREL_CAPTURE_PROGRESS 9 40
NREL_CAPTURE_PROGRESS 10 40
NREL_CAPTURE_PROGRESS 11 40
NREL_CAPTURE_PROGRESS 12 40
NREL_CAPTURE_PROGRESS 13 40
NREL_CAPTURE_PROGRESS 14 40
NREL_CAPTURE_PROGRESS 15 40
NREL_CAPTURE_PROGRESS 16 40
NREL_CAPTURE_PROGRESS 17 40
NREL_CAPTURE_PROGRESS 18 40
NREL_CAPTURE_PROGRESS 19 40
NREL_CAPTURE_PROGRESS 20 40
NREL_CAPTURE_PROGRESS 21 40
NREL_CAPTURE_PROGRESS 22 40
NREL_CAPTURE_PROGRESS 23 40
NREL_CAPTURE_PROGRESS 24 40
NREL_CAPTURE_PROGRESS 25 40
NREL_CAPTURE_PROGRESS 26 40
NREL_CAPTURE_PROGRESS 27 40
NREL_CAPTURE_PROGRESS 28 40
NREL_CAPTURE_PROGRESS 29 40
NREL_CAPTURE_PROGRESS 30 40
NREL_CAPTURE_PROGRESS 31 40
NREL_CAPTURE_PROGRESS 32 40
NREL_CAPTURE_PROGRESS 33 40
NREL_CAPTURE_PROGRESS 34 40
NREL_CAPTURE_PROGRESS 35 40
NREL_CAPTURE_PROGRESS 36 40
NREL_CAPTURE_PROGRESS 37 40
NREL_CAPTURE_PROGRESS 38 40
NREL_CAPTURE_PROGRESS 39 40
NREL_CAPTURE_PROGRESS 40 40
NREL_CAPTURE_COMPLETE {"status": "complete", "error": "", "groups": 40, "images": 120, "capture_path": "/Users/eason/Desktop/wfcrl/wind farm RL/outputs/nrel-video-single-blade/20261002-first/internal-capture/capture_20261002_213522_5d6e3ad3af", "elapsed_s": 61.02699849999044, "projection_checks": [{"camera_id": "C1", "max_pixel_error": 1.530555893832145e-12, "time_s": 121.275}, {"camera_id": "C2", "max_pixel_error": 2.0589562014123242e-12, "time_s": 121.275}, {"camera_id": "C3", "max_pixel_error": 2.1605285451049483e-11, "time_s": 121.275}, {"camera_id": "C1", "max_pixel_error": 1.170477633080168e-12, "time_s": 122.275}, {"camera_id": "C2", "max_pixel_error": 2.636946534208437e-12, "time_s": 122.275}, {"camera_id": "C3", "max_pixel_error": 7.275957614183426e-12, "time_s": 122.275}, {"camera_id": "C1", "max_pixel_error": 1.4256256922617983e-12, "time_s": 123.225}, {"camera_id": "C2", "max_pixel_error": 4.2446469484717616e-12, "time_s": 123.225}, {"camera_id": "C3", "max_pixel_error": 5.3726240773093785e-12, "time_s": 123.225}]}
01:08.251  blend            | Saved session recovery to "/var/folders/9w/yltr8zcx3gxb3rs6lr0kxwth0000gn/T/quit.blend"

Blender quit
Error: Not freed memory blocks: 525, total unfreed memory 0.038147 MB
