00:12.898  render           | Saved: '/Users/eason/Desktop/wfcrl/wind farm RL/evidence/camera-video-20260919/t1-short-4k/.exposure_sample.exr'
00:18.753  render           | Saved: '/Users/eason/Desktop/wfcrl/wind farm RL/evidence/camera-video-20260919/t1-short-4k/.exposure_sample.exr'
00:24.695  render           | Saved: '/Users/eason/Desktop/wfcrl/wind farm RL/evidence/camera-video-20260919/t1-short-4k/.exposure_sample.exr'
00:30.466  render           | Saved: '/Users/eason/Desktop/wfcrl/wind farm RL/evidence/camera-video-20260919/t1-short-4k/.exposure_sample.exr'
00:36.218  render           | Saved: '/Users/eason/Desktop/wfcrl/wind farm RL/evidence/camera-video-20260919/t1-short-4k/.exposure_sample.exr'
00:41.940  render           | Saved: '/Users/eason/Desktop/wfcrl/wind farm RL/evidence/camera-video-20260919/t1-short-4k/.exposure_sample.exr'
00:47.645  render           | Saved: '/Users/eason/Desktop/wfcrl/wind farm RL/evidence/camera-video-20260919/t1-short-4k/.exposure_sample.exr'
00:53.475  render           | Saved: '/Users/eason/Desktop/wfcrl/wind farm RL/evidence/camera-video-20260919/t1-short-4k/.exposure_sample.exr'
CAMERA_VIDEO_FRAME 1/20 /Users/eason/Desktop/wfcrl/wind farm RL/evidence/camera-video-20260919/t1-short-4k/master_frames/000000.png
01:01.204  render           | Saved: '/Users/eason/Desktop/wfcrl/wind farm RL/evidence/camera-video-20260919/t1-short-4k/.exposure_sample.exr'
01:07.077  render           | Saved: '/Users/eason/Desktop/wfcrl/wind farm RL/evidence/camera-video-20260919/t1-short-4k/.exposure_sample.exr'
01:13.094  render           | Saved: '/Users/eason/Desktop/wfcrl/wind farm RL/evidence/camera-video-20260919/t1-short-4k/.exposure_sample.exr'
01:19.044  render           | Saved: '/Users/eason/Desktop/wfcrl/wind farm RL/evidence/camera-video-20260919/t1-short-4k/.exposure_sample.exr'
01:25.084  render           | Saved: '/Users/eason/Desktop/wfcrl/wind farm RL/evidence/camera-video-20260919/t1-short-4k/.exposure_sample.exr'
01:30.983  render           | Saved: '/Users/eason/Desktop/wfcrl/wind farm RL/evidence/camera-video-20260919/t1-short-4k/.exposure_sample.exr'
01:36.660  render           | Saved: '/Users/eason/Desktop/wfcrl/wind farm RL/evidence/camera-video-20260919/t1-short-4k/.exposure_sample.exr'
01:42.510  render           | Saved: '/Users/eason/Desktop/wfcrl/wind farm RL/evidence/camera-video-20260919/t1-short-4k/.exposure_sample.exr'
CAMERA_VIDEO_FRAME 2/20 /Users/eason/Desktop/wfcrl/wind farm RL/evidence/camera-video-20260919/t1-short-4k/master_frames/000001.png
01:49.789  render           | Saved: '/Users/eason/Desktop/wfcrl/wind farm RL/evidence/camera-video-20260919/t1-short-4k/.exposure_sample.exr'
01:55.811  render           | Saved: '/Users/eason/Desktop/wfcrl/wind farm RL/evidence/camera-video-20260919/t1-short-4k/.exposure_sample.exr'
02:01.743  render           | Saved: '/Users/eason/Desktop/wfcrl/wind farm RL/evidence/camera-video-20260919/t1-short-4k/.exposure_sample.exr'
02:07.502  render           | Saved: '/Users/eason/Desktop/wfcrl/wind farm RL/evidence/camera-video-20260919/t1-short-4k/.exposure_sample.exr'
02:13.216  render           | Saved: '/Users/eason/Desktop/wfcrl/wind farm RL/evidence/camera-video-20260919/t1-short-4k/.exposure_sample.exr'
02:18.999  render           | Saved: '/Users/eason/Desktop/wfcrl/wind farm RL/evidence/camera-video-20260919/t1-short-4k/.exposure_sample.exr'
02:24.714  render           | Saved: '/Users/eason/Desktop/wfcrl/wind farm RL/evidence/camera-video-20260919/t1-short-4k/.exposure_sample.exr'
02:30.542  render           | Saved: '/Users/eason/Desktop/wfcrl/wind farm RL/evidence/camera-video-20260919/t1-short-4k/.exposure_sample.exr'
CAMERA_VIDEO_FRAME 3/20 /Users/eason/Desktop/wfcrl/wind farm RL/evidence/camera-video-20260919/t1-short-4k/master_frames/000002.png
02:38.181  render           | Saved: '/Users/eason/Desktop/wfcrl/wind farm RL/evidence/camera-video-20260919/t1-short-4k/.exposure_sample.exr'
02:44.345  render           | Saved: '/Users/eason/Desktop/wfcrl/wind farm RL/evidence/camera-video-20260919/t1-short-4k/.exposure_sample.exr'
02:50.602  render           | Saved: '/Users/eason/Desktop/wfcrl/wind farm RL/evidence/camera-video-20260919/t1-short-4k/.exposure_sample.exr'
02:56.796  render           | Saved: '/Users/eason/Desktop/wfcrl/wind farm RL/evidence/camera-video-20260919/t1-short-4k/.exposure_sample.exr'
03:02.897  render           | Saved: '/Users/eason/Desktop/wfcrl/wind farm RL/evidence/camera-video-20260919/t1-short-4k/.exposure_sample.exr'
03:09.328  render           | Saved: '/Users/eason/Desktop/wfcrl/wind farm RL/evidence/camera-video-20260919/t1-short-4k/.exposure_sample.exr'
03:15.631  render           | Saved: '/Users/eason/Desktop/wfcrl/wind farm RL/evidence/camera-video-20260919/t1-short-4k/.exposure_sample.exr'
03:22.157  render           | Saved: '/Users/eason/Desktop/wfcrl/wind farm RL/evidence/camera-video-20260919/t1-short-4k/.exposure_sample.exr'
CAMERA_VIDEO_FRAME 4/20 /Users/eason/Desktop/wfcrl/wind farm RL/evidence/camera-video-20260919/t1-short-4k/master_frames/000003.png
03:30.424  render           | Saved: '/Users/eason/Desktop/wfcrl/wind farm RL/evidence/camera-video-20260919/t1-short-4k/.exposure_sample.exr'
03:37.011  render           | Saved: '/Users/eason/Desktop/wfcrl/wind farm RL/evidence/camera-video-20260919/t1-short-4k/.exposure_sample.exr'
03:43.701  render           | Saved: '/Users/eason/Desktop/wfcrl/wind farm RL/evidence/camera-video-20260919/t1-short-4k/.exposure_sample.exr'
03:50.619  render           | Saved: '/Users/eason/Desktop/wfcrl/wind farm RL/evidence/camera-video-20260919/t1-short-4k/.exposure_sample.exr'
03:56.681  render           | Saved: '/Users/eason/Desktop/wfcrl/wind farm RL/evidence/camera-video-20260919/t1-short-4k/.exposure_sample.exr'
04:02.698  render           | Saved: '/Users/eason/Desktop/wfcrl/wind farm RL/evidence/camera-video-20260919/t1-short-4k/.exposure_sample.exr'
04:08.560  render           | Saved: '/Users/eason/Desktop/wfcrl/wind farm RL/evidence/camera-video-20260919/t1-short-4k/.exposure_sample.exr'
04:14.438  render           | Saved: '/Users/eason/Desktop/wfcrl/wind farm RL/evidence/camera-video-20260919/t1-short-4k/.exposure_sample.exr'
CAMERA_VIDEO_FRAME 5/20 /Users/eason/Desktop/wfcrl/wind farm RL/evidence/camera-video-20260919/t1-short-4k/master_frames/000004.png
04:21.800  render           | Saved: '/Users/eason/Desktop/wfcrl/wind farm RL/evidence/camera-video-20260919/t1-short-4k/.exposure_sample.exr'
04:27.993  render           | Saved: '/Users/eason/Desktop/wfcrl/wind farm RL/evidence/camera-video-20260919/t1-short-4k/.exposure_sample.exr'
04:34.071  render           | Saved: '/Users/eason/Desktop/wfcrl/wind farm RL/evidence/camera-video-20260919/t1-short-4k/.exposure_sample.exr'
04:40.381  render           | Saved: '/Users/eason/Desktop/wfcrl/wind farm RL/evidence/camera-video-20260919/t1-short-4k/.exposure_sample.exr'
04:46.515  render           | Saved: '/Users/eason/Desktop/wfcrl/wind farm RL/evidence/camera-video-20260919/t1-short-4k/.exposure_sample.exr'
04:52.657  render           | Saved: '/Users/eason/Desktop/wfcrl/wind farm RL/evidence/camera-video-20260919/t1-short-4k/.exposure_sample.exr'
04:59.013  render           | Saved: '/Users/eason/Desktop/wfcrl/wind farm RL/evidence/camera-video-20260919/t1-short-4k/.exposure_sample.exr'
05:05.784  render           | Saved: '/Users/eason/Desktop/wfcrl/wind farm RL/evidence/camera-video-20260919/t1-short-4k/.exposure_sample.exr'
CAMERA_VIDEO_FRAME 6/20 /Users/eason/Desktop/wfcrl/wind farm RL/evidence/camera-video-20260919/t1-short-4k/master_frames/000005.png
05:13.783  render           | Saved: '/Users/eason/Desktop/wfcrl/wind farm RL/evidence/camera-video-20260919/t1-short-4k/.exposure_sample.exr'
05:19.910  render           | Saved: '/Users/eason/Desktop/wfcrl/wind farm RL/evidence/camera-video-20260919/t1-short-4k/.exposure_sample.exr'
05:25.995  render           | Saved: '/Users/eason/Desktop/wfcrl/wind farm RL/evidence/camera-video-20260919/t1-short-4k/.exposure_sample.exr'
05:32.263  render           | Saved: '/Users/eason/Desktop/wfcrl/wind farm RL/evidence/camera-video-20260919/t1-short-4k/.exposure_sample.exr'
05:38.481  render           | Saved: '/Users/eason/Desktop/wfcrl/wind farm RL/evidence/camera-video-20260919/t1-short-4k/.exposure_sample.exr'
05:44.772  render           | Saved: '/Users/eason/Desktop/wfcrl/wind farm RL/evidence/camera-video-20260919/t1-short-4k/.exposure_sample.exr'
05:51.191  render           | Saved: '/Users/eason/Desktop/wfcrl/wind farm RL/evidence/camera-video-20260919/t1-short-4k/.exposure_sample.exr'
05:57.831  render           | Saved: '/Users/eason/Desktop/wfcrl/wind farm RL/evidence/camera-video-20260919/t1-short-4k/.exposure_sample.exr'
CAMERA_VIDEO_FRAME 7/20 /Users/eason/Desktop/wfcrl/wind farm RL/evidence/camera-video-20260919/t1-short-4k/master_frames/000006.png
06:05.630  render           | Saved: '/Users/eason/Desktop/wfcrl/wind farm RL/evidence/camera-video-20260919/t1-short-4k/.exposure_sample.exr'
06:11.939  render           | Saved: '/Users/eason/Desktop/wfcrl/wind farm RL/evidence/camera-video-20260919/t1-short-4k/.exposure_sample.exr'
06:18.090  render           | Saved: '/Users/eason/Desktop/wfcrl/wind farm RL/evidence/camera-video-20260919/t1-short-4k/.exposure_sample.exr'
06:24.165  render           | Saved: '/Users/eason/Desktop/wfcrl/wind farm RL/evidence/camera-video-20260919/t1-short-4k/.exposure_sample.exr'
06:30.166  render           | Saved: '/Users/eason/Desktop/wfcrl/wind farm RL/evidence/camera-video-20260919/t1-short-4k/.exposure_sample.exr'
06:36.083  render           | Saved: '/Users/eason/Desktop/wfcrl/wind farm RL/evidence/camera-video-20260919/t1-short-4k/.exposure_sample.exr'
06:42.216  render           | Saved: '/Users/eason/Desktop/wfcrl/wind farm RL/evidence/camera-video-20260919/t1-short-4k/.exposure_sample.exr'
06:48.222  render           | Saved: '/Users/eason/Desktop/wfcrl/wind farm RL/evidence/camera-video-20260919/t1-short-4k/.exposure_sample.exr'
CAMERA_VIDEO_FRAME 8/20 /Users/eason/Desktop/wfcrl/wind farm RL/evidence/camera-video-20260919/t1-short-4k/master_frames/000007.png
06:55.323  render           | Saved: '/Users/eason/Desktop/wfcrl/wind farm RL/evidence/camera-video-20260919/t1-short-4k/.exposure_sample.exr'
07:00.907  render           | Saved: '/Users/eason/Desktop/wfcrl/wind farm RL/evidence/camera-video-20260919/t1-short-4k/.exposure_sample.exr'
07:06.420  render           | Saved: '/Users/eason/Desktop/wfcrl/wind farm RL/evidence/camera-video-20260919/t1-short-4k/.exposure_sample.exr'
07:11.949  render           | Saved: '/Users/eason/Desktop/wfcrl/wind farm RL/evidence/camera-video-20260919/t1-short-4k/.exposure_sample.exr'
07:17.548  render           | Saved: '/Users/eason/Desktop/wfcrl/wind farm RL/evidence/camera-video-20260919/t1-short-4k/.exposure_sample.exr'
07:23.541  render           | Saved: '/Users/eason/Desktop/wfcrl/wind farm RL/evidence/camera-video-20260919/t1-short-4k/.exposure_sample.exr'
07:29.107  render           | Saved: '/Users/eason/Desktop/wfcrl/wind farm RL/evidence/camera-video-20260919/t1-short-4k/.exposure_sample.exr'
07:34.975  render           | Saved: '/Users/eason/Desktop/wfcrl/wind farm RL/evidence/camera-video-20260919/t1-short-4k/.exposure_sample.exr'
CAMERA_VIDEO_FRAME 9/20 /Users/eason/Desktop/wfcrl/wind farm RL/evidence/camera-video-20260919/t1-short-4k/master_frames/000008.png
07:42.031  render           | Saved: '/Users/eason/Desktop/wfcrl/wind farm RL/evidence/camera-video-20260919/t1-short-4k/.exposure_sample.exr'
07:47.793  render           | Saved: '/Users/eason/Desktop/wfcrl/wind farm RL/evidence/camera-video-20260919/t1-short-4k/.exposure_sample.exr'
07:53.436  render           | Saved: '/Users/eason/Desktop/wfcrl/wind farm RL/evidence/camera-video-20260919/t1-short-4k/.exposure_sample.exr'
07:59.109  render           | Saved: '/Users/eason/Desktop/wfcrl/wind farm RL/evidence/camera-video-20260919/t1-short-4k/.exposure_sample.exr'
08:04.617  render           | Saved: '/Users/eason/Desktop/wfcrl/wind farm RL/evidence/camera-video-20260919/t1-short-4k/.exposure_sample.exr'
08:10.122  render           | Saved: '/Users/eason/Desktop/wfcrl/wind farm RL/evidence/camera-video-20260919/t1-short-4k/.exposure_sample.exr'
08:15.762  render           | Saved: '/Users/eason/Desktop/wfcrl/wind farm RL/evidence/camera-video-20260919/t1-short-4k/.exposure_sample.exr'
08:21.338  render           | Saved: '/Users/eason/Desktop/wfcrl/wind farm RL/evidence/camera-video-20260919/t1-short-4k/.exposure_sample.exr'
CAMERA_VIDEO_FRAME 10/20 /Users/eason/Desktop/wfcrl/wind farm RL/evidence/camera-video-20260919/t1-short-4k/master_frames/000009.png
08:28.204  render           | Saved: '/Users/eason/Desktop/wfcrl/wind farm RL/evidence/camera-video-20260919/t1-short-4k/.exposure_sample.exr'
08:33.550  render           | Saved: '/Users/eason/Desktop/wfcrl/wind farm RL/evidence/camera-video-20260919/t1-short-4k/.exposure_sample.exr'
08:38.811  render           | Saved: '/Users/eason/Desktop/wfcrl/wind farm RL/evidence/camera-video-20260919/t1-short-4k/.exposure_sample.exr'
08:44.383  render           | Saved: '/Users/eason/Desktop/wfcrl/wind farm RL/evidence/camera-video-20260919/t1-short-4k/.exposure_sample.exr'
08:49.948  render           | Saved: '/Users/eason/Desktop/wfcrl/wind farm RL/evidence/camera-video-20260919/t1-short-4k/.exposure_sample.exr'
08:55.293  render           | Saved: '/Users/eason/Desktop/wfcrl/wind farm RL/evidence/camera-video-20260919/t1-short-4k/.exposure_sample.exr'
09:00.500  render           | Saved: '/Users/eason/Desktop/wfcrl/wind farm RL/evidence/camera-video-20260919/t1-short-4k/.exposure_sample.exr'
09:05.764  render           | Saved: '/Users/eason/Desktop/wfcrl/wind farm RL/evidence/camera-video-20260919/t1-short-4k/.exposure_sample.exr'
CAMERA_VIDEO_FRAME 11/20 /Users/eason/Desktop/wfcrl/wind farm RL/evidence/camera-video-20260919/t1-short-4k/master_frames/000010.png
09:12.685  render           | Saved: '/Users/eason/Desktop/wfcrl/wind farm RL/evidence/camera-video-20260919/t1-short-4k/.exposure_sample.exr'
09:17.951  render           | Saved: '/Users/eason/Desktop/wfcrl/wind farm RL/evidence/camera-video-20260919/t1-short-4k/.exposure_sample.exr'
09:23.543  render           | Saved: '/Users/eason/Desktop/wfcrl/wind farm RL/evidence/camera-video-20260919/t1-short-4k/.exposure_sample.exr'
09:28.861  render           | Saved: '/Users/eason/Desktop/wfcrl/wind farm RL/evidence/camera-video-20260919/t1-short-4k/.exposure_sample.exr'
09:34.055  render           | Saved: '/Users/eason/Desktop/wfcrl/wind farm RL/evidence/camera-video-20260919/t1-short-4k/.exposure_sample.exr'
09:39.399  render           | Saved: '/Users/eason/Desktop/wfcrl/wind farm RL/evidence/camera-video-20260919/t1-short-4k/.exposure_sample.exr'
09:44.789  render           | Saved: '/Users/eason/Desktop/wfcrl/wind farm RL/evidence/camera-video-20260919/t1-short-4k/.exposure_sample.exr'
09:50.290  render           | Saved: '/Users/eason/Desktop/wfcrl/wind farm RL/evidence/camera-video-20260919/t1-short-4k/.exposure_sample.exr'
CAMERA_VIDEO_FRAME 12/20 /Users/eason/Desktop/wfcrl/wind farm RL/evidence/camera-video-20260919/t1-short-4k/master_frames/000011.png
09:57.347  render           | Saved: '/Users/eason/Desktop/wfcrl/wind farm RL/evidence/camera-video-20260919/t1-short-4k/.exposure_sample.exr'
10:02.628  render           | Saved: '/Users/eason/Desktop/wfcrl/wind farm RL/evidence/camera-video-20260919/t1-short-4k/.exposure_sample.exr'
10:07.871  render           | Saved: '/Users/eason/Desktop/wfcrl/wind farm RL/evidence/camera-video-20260919/t1-short-4k/.exposure_sample.exr'
10:13.019  render           | Saved: '/Users/eason/Desktop/wfcrl/wind farm RL/evidence/camera-video-20260919/t1-short-4k/.exposure_sample.exr'
10:18.127  render           | Saved: '/Users/eason/Desktop/wfcrl/wind farm RL/evidence/camera-video-20260919/t1-short-4k/.exposure_sample.exr'
10:23.278  render           | Saved: '/Users/eason/Desktop/wfcrl/wind farm RL/evidence/camera-video-20260919/t1-short-4k/.exposure_sample.exr'
10:28.429  render           | Saved: '/Users/eason/Desktop/wfcrl/wind farm RL/evidence/camera-video-20260919/t1-short-4k/.exposure_sample.exr'
10:33.682  render           | Saved: '/Users/eason/Desktop/wfcrl/wind farm RL/evidence/camera-video-20260919/t1-short-4k/.exposure_sample.exr'
CAMERA_VIDEO_FRAME 13/20 /Users/eason/Desktop/wfcrl/wind farm RL/evidence/camera-video-20260919/t1-short-4k/master_frames/000012.png
10:40.401  render           | Saved: '/Users/eason/Desktop/wfcrl/wind farm RL/evidence/camera-video-20260919/t1-short-4k/.exposure_sample.exr'
10:45.815  render           | Saved: '/Users/eason/Desktop/wfcrl/wind farm RL/evidence/camera-video-20260919/t1-short-4k/.exposure_sample.exr'
10:51.094  render           | Saved: '/Users/eason/Desktop/wfcrl/wind farm RL/evidence/camera-video-20260919/t1-short-4k/.exposure_sample.exr'
10:56.435  render           | Saved: '/Users/eason/Desktop/wfcrl/wind farm RL/evidence/camera-video-20260919/t1-short-4k/.exposure_sample.exr'
11:01.673  render           | Saved: '/Users/eason/Desktop/wfcrl/wind farm RL/evidence/camera-video-20260919/t1-short-4k/.exposure_sample.exr'
11:06.924  render           | Saved: '/Users/eason/Desktop/wfcrl/wind farm RL/evidence/camera-video-20260919/t1-short-4k/.exposure_sample.exr'
11:12.224  render           | Saved: '/Users/eason/Desktop/wfcrl/wind farm RL/evidence/camera-video-20260919/t1-short-4k/.exposure_sample.exr'
11:17.467  render           | Saved: '/Users/eason/Desktop/wfcrl/wind farm RL/evidence/camera-video-20260919/t1-short-4k/.exposure_sample.exr'
CAMERA_VIDEO_FRAME 14/20 /Users/eason/Desktop/wfcrl/wind farm RL/evidence/camera-video-20260919/t1-short-4k/master_frames/000013.png
11:24.115  render           | Saved: '/Users/eason/Desktop/wfcrl/wind farm RL/evidence/camera-video-20260919/t1-short-4k/.exposure_sample.exr'
11:29.292  render           | Saved: '/Users/eason/Desktop/wfcrl/wind farm RL/evidence/camera-video-20260919/t1-short-4k/.exposure_sample.exr'
11:34.485  render           | Saved: '/Users/eason/Desktop/wfcrl/wind farm RL/evidence/camera-video-20260919/t1-short-4k/.exposure_sample.exr'
11:39.654  render           | Saved: '/Users/eason/Desktop/wfcrl/wind farm RL/evidence/camera-video-20260919/t1-short-4k/.exposure_sample.exr'
11:44.795  render           | Saved: '/Users/eason/Desktop/wfcrl/wind farm RL/evidence/camera-video-20260919/t1-short-4k/.exposure_sample.exr'
11:50.183  render           | Saved: '/Users/eason/Desktop/wfcrl/wind farm RL/evidence/camera-video-20260919/t1-short-4k/.exposure_sample.exr'
11:55.775  render           | Saved: '/Users/eason/Desktop/wfcrl/wind farm RL/evidence/camera-video-20260919/t1-short-4k/.exposure_sample.exr'
12:01.214  render           | Saved: '/Users/eason/Desktop/wfcrl/wind farm RL/evidence/camera-video-20260919/t1-short-4k/.exposure_sample.exr'
CAMERA_VIDEO_FRAME 15/20 /Users/eason/Desktop/wfcrl/wind farm RL/evidence/camera-video-20260919/t1-short-4k/master_frames/000014.png
12:08.123  render           | Saved: '/Users/eason/Desktop/wfcrl/wind farm RL/evidence/camera-video-20260919/t1-short-4k/.exposure_sample.exr'
12:13.312  render           | Saved: '/Users/eason/Desktop/wfcrl/wind farm RL/evidence/camera-video-20260919/t1-short-4k/.exposure_sample.exr'
12:18.736  render           | Saved: '/Users/eason/Desktop/wfcrl/wind farm RL/evidence/camera-video-20260919/t1-short-4k/.exposure_sample.exr'
12:24.393  render           | Saved: '/Users/eason/Desktop/wfcrl/wind farm RL/evidence/camera-video-20260919/t1-short-4k/.exposure_sample.exr'
12:30.370  render           | Saved: '/Users/eason/Desktop/wfcrl/wind farm RL/evidence/camera-video-20260919/t1-short-4k/.exposure_sample.exr'
12:36.193  render           | Saved: '/Users/eason/Desktop/wfcrl/wind farm RL/evidence/camera-video-20260919/t1-short-4k/.exposure_sample.exr'
12:41.934  render           | Saved: '/Users/eason/Desktop/wfcrl/wind farm RL/evidence/camera-video-20260919/t1-short-4k/.exposure_sample.exr'
12:47.615  render           | Saved: '/Users/eason/Desktop/wfcrl/wind farm RL/evidence/camera-video-20260919/t1-short-4k/.exposure_sample.exr'
CAMERA_VIDEO_FRAME 16/20 /Users/eason/Desktop/wfcrl/wind farm RL/evidence/camera-video-20260919/t1-short-4k/master_frames/000015.png
12:54.847  render           | Saved: '/Users/eason/Desktop/wfcrl/wind farm RL/evidence/camera-video-20260919/t1-short-4k/.exposure_sample.exr'
13:00.410  render           | Saved: '/Users/eason/Desktop/wfcrl/wind farm RL/evidence/camera-video-20260919/t1-short-4k/.exposure_sample.exr'
13:05.831  render           | Saved: '/Users/eason/Desktop/wfcrl/wind farm RL/evidence/camera-video-20260919/t1-short-4k/.exposure_sample.exr'
13:11.409  render           | Saved: '/Users/eason/Desktop/wfcrl/wind farm RL/evidence/camera-video-20260919/t1-short-4k/.exposure_sample.exr'
13:17.044  render           | Saved: '/Users/eason/Desktop/wfcrl/wind farm RL/evidence/camera-video-20260919/t1-short-4k/.exposure_sample.exr'
13:22.477  render           | Saved: '/Users/eason/Desktop/wfcrl/wind farm RL/evidence/camera-video-20260919/t1-short-4k/.exposure_sample.exr'
13:27.807  render           | Saved: '/Users/eason/Desktop/wfcrl/wind farm RL/evidence/camera-video-20260919/t1-short-4k/.exposure_sample.exr'
13:33.010  render           | Saved: '/Users/eason/Desktop/wfcrl/wind farm RL/evidence/camera-video-20260919/t1-short-4k/.exposure_sample.exr'
CAMERA_VIDEO_FRAME 17/20 /Users/eason/Desktop/wfcrl/wind farm RL/evidence/camera-video-20260919/t1-short-4k/master_frames/000016.png
13:40.078  render           | Saved: '/Users/eason/Desktop/wfcrl/wind farm RL/evidence/camera-video-20260919/t1-short-4k/.exposure_sample.exr'
13:45.729  render           | Saved: '/Users/eason/Desktop/wfcrl/wind farm RL/evidence/camera-video-20260919/t1-short-4k/.exposure_sample.exr'
13:51.672  render           | Saved: '/Users/eason/Desktop/wfcrl/wind farm RL/evidence/camera-video-20260919/t1-short-4k/.exposure_sample.exr'
13:57.643  render           | Saved: '/Users/eason/Desktop/wfcrl/wind farm RL/evidence/camera-video-20260919/t1-short-4k/.exposure_sample.exr'
14:03.261  render           | Saved: '/Users/eason/Desktop/wfcrl/wind farm RL/evidence/camera-video-20260919/t1-short-4k/.exposure_sample.exr'
14:08.857  render           | Saved: '/Users/eason/Desktop/wfcrl/wind farm RL/evidence/camera-video-20260919/t1-short-4k/.exposure_sample.exr'
14:14.216  render           | Saved: '/Users/eason/Desktop/wfcrl/wind farm RL/evidence/camera-video-20260919/t1-short-4k/.exposure_sample.exr'
14:19.565  render           | Saved: '/Users/eason/Desktop/wfcrl/wind farm RL/evidence/camera-video-20260919/t1-short-4k/.exposure_sample.exr'
CAMERA_VIDEO_FRAME 18/20 /Users/eason/Desktop/wfcrl/wind farm RL/evidence/camera-video-20260919/t1-short-4k/master_frames/000017.png
14:26.344  render           | Saved: '/Users/eason/Desktop/wfcrl/wind farm RL/evidence/camera-video-20260919/t1-short-4k/.exposure_sample.exr'
14:31.647  render           | Saved: '/Users/eason/Desktop/wfcrl/wind farm RL/evidence/camera-video-20260919/t1-short-4k/.exposure_sample.exr'
14:36.874  render           | Saved: '/Users/eason/Desktop/wfcrl/wind farm RL/evidence/camera-video-20260919/t1-short-4k/.exposure_sample.exr'
14:42.173  render           | Saved: '/Users/eason/Desktop/wfcrl/wind farm RL/evidence/camera-video-20260919/t1-short-4k/.exposure_sample.exr'
14:47.549  render           | Saved: '/Users/eason/Desktop/wfcrl/wind farm RL/evidence/camera-video-20260919/t1-short-4k/.exposure_sample.exr'
14:53.366  render           | Saved: '/Users/eason/Desktop/wfcrl/wind farm RL/evidence/camera-video-20260919/t1-short-4k/.exposure_sample.exr'
14:58.894  render           | Saved: '/Users/eason/Desktop/wfcrl/wind farm RL/evidence/camera-video-20260919/t1-short-4k/.exposure_sample.exr'
15:04.490  render           | Saved: '/Users/eason/Desktop/wfcrl/wind farm RL/evidence/camera-video-20260919/t1-short-4k/.exposure_sample.exr'
CAMERA_VIDEO_FRAME 19/20 /Users/eason/Desktop/wfcrl/wind farm RL/evidence/camera-video-20260919/t1-short-4k/master_frames/000018.png
15:11.456  render           | Saved: '/Users/eason/Desktop/wfcrl/wind farm RL/evidence/camera-video-20260919/t1-short-4k/.exposure_sample.exr'
15:17.062  render           | Saved: '/Users/eason/Desktop/wfcrl/wind farm RL/evidence/camera-video-20260919/t1-short-4k/.exposure_sample.exr'
15:22.613  render           | Saved: '/Users/eason/Desktop/wfcrl/wind farm RL/evidence/camera-video-20260919/t1-short-4k/.exposure_sample.exr'
15:28.185  render           | Saved: '/Users/eason/Desktop/wfcrl/wind farm RL/evidence/camera-video-20260919/t1-short-4k/.exposure_sample.exr'
15:34.048  render           | Saved: '/Users/eason/Desktop/wfcrl/wind farm RL/evidence/camera-video-20260919/t1-short-4k/.exposure_sample.exr'
15:40.089  render           | Saved: '/Users/eason/Desktop/wfcrl/wind farm RL/evidence/camera-video-20260919/t1-short-4k/.exposure_sample.exr'
15:46.324  render           | Saved: '/Users/eason/Desktop/wfcrl/wind farm RL/evidence/camera-video-20260919/t1-short-4k/.exposure_sample.exr'
15:52.437  render           | Saved: '/Users/eason/Desktop/wfcrl/wind farm RL/evidence/camera-video-20260919/t1-short-4k/.exposure_sample.exr'
CAMERA_VIDEO_FRAME 20/20 /Users/eason/Desktop/wfcrl/wind farm RL/evidence/camera-video-20260919/t1-short-4k/master_frames/000019.png
CAMERA_VIDEO_RENDER {"status": "complete", "expected_frames": 20, "verified_frames": 20, "rendered_this_run": 20, "wall_seconds": 948.2766311659943, "config_sha256": "2ea32e67fffab488b1d58b494cf26f3e340d872505be4135f849e77a2cb20926", "source_status": "REVIEW_ONLY", "output": "/Users/eason/Desktop/wfcrl/wind farm RL/evidence/camera-video-20260919/t1-short-4k"}
Blender 5.2.1 LTS (hash 9e2066aef7ef built 2026-08-25 01:35:57)

Blender quit
Error: Not freed memory blocks: 350, total unfreed memory 0.025940 MB
{
  "directory": "/Users/eason/Desktop/wfcrl/wind farm RL/evidence/camera-video-20260919/t1-short-4k",
  "dataset_id": "7b55c0a4dd58385db040ae4a22552a3848551d2974bfdba0d2106fe2b22bed99",
  "frame_count": 20,
  "status": "REVIEW_ONLY"
}
