Exception in thread Thread-7:
Traceback (most recent call last):
  File "C:\ProgramData\Anaconda3\lib\threading.py", line 980, in _bootstrap_inner
    self.run()
  File "C:\ProgramData\Anaconda3\lib\threading.py", line 917, in run
    self._target(*self._args, **self._kwargs)
  File "C:\ProgramData\Anaconda3\lib\subprocess.py", line 1495, in _readerthread
    buffer.append(fh.read())
UnicodeDecodeError: 'gbk' codec can't decode byte 0xbf in position 2139: illegal multibyte sequence
Unexpected cygpath error, fallback to manual path conversion
  AttributeError: 'NoneType' object has no attribute 'strip'
[train] building fresh PPO model
Using cpu device

[train] --- baseline evaluation (before training) ---
[eval] episode 1: raw return = 639.4746
[eval] episode 2: raw return = 284.0296
[eval] mean raw return over 2 eps = 461.7521

[train] --- training for 100000 timesteps ---
Logging to logs/ppo_wf\PPO_4
---------------------------------
| rollout/           |          |
|    ep_len_mean     | 199      |
|    ep_rew_mean     | 447      |
| time/              |          |
|    fps             | 18       |
|    iterations      | 1        |
|    time_elapsed    | 56       |
|    total_timesteps | 1024     |
---------------------------------
-----------------------------------------
| rollout/                |             |
|    ep_len_mean          | 199         |
|    ep_rew_mean          | 400         |
| time/                   |             |
|    fps                  | 18          |
|    iterations           | 2           |
|    time_elapsed         | 111         |
|    total_timesteps      | 2048        |
| train/                  |             |
|    approx_kl            | 0.014337447 |
|    clip_fraction        | 0.172       |
|    clip_range           | 0.2         |
|    entropy_loss         | -9.93       |
|    explained_variance   | -0.0779     |
|    learning_rate        | 0.0003      |
|    loss                 | 0.132       |
|    n_updates            | 10          |
|    policy_gradient_loss | -0.0238     |
|    std                  | 1           |
|    value_loss           | 0.641       |
-----------------------------------------
-----------------------------------------
| rollout/                |             |
|    ep_len_mean          | 199         |
|    ep_rew_mean          | 446         |
| time/                   |             |
|    fps                  | 18          |
|    iterations           | 3           |
|    time_elapsed         | 164         |
|    total_timesteps      | 3072        |
| train/                  |             |
|    approx_kl            | 0.014382018 |
|    clip_fraction        | 0.173       |
|    clip_range           | 0.2         |
|    entropy_loss         | -9.94       |
|    explained_variance   | 0.614       |
|    learning_rate        | 0.0003      |
|    loss                 | -0.0807     |
|    n_updates            | 20          |
|    policy_gradient_loss | -0.0228     |
|    std                  | 1           |
|    value_loss           | 0.0279      |
-----------------------------------------
-----------------------------------------
| rollout/                |             |
|    ep_len_mean          | 199         |
|    ep_rew_mean          | 464         |
| time/                   |             |
|    fps                  | 18          |
|    iterations           | 4           |
|    time_elapsed         | 219         |
|    total_timesteps      | 4096        |
| train/                  |             |
|    approx_kl            | 0.012344218 |
|    clip_fraction        | 0.121       |
|    clip_range           | 0.2         |
|    entropy_loss         | -9.95       |
|    explained_variance   | 0.786       |
|    learning_rate        | 0.0003      |
|    loss                 | -0.0572     |
|    n_updates            | 30          |
|    policy_gradient_loss | -0.0153     |
|    std                  | 1           |
|    value_loss           | 0.0398      |
-----------------------------------------
-----------------------------------------
| rollout/                |             |
|    ep_len_mean          | 199         |
|    ep_rew_mean          | 489         |
| time/                   |             |
|    fps                  | 18          |
|    iterations           | 5           |
|    time_elapsed         | 277         |
|    total_timesteps      | 5120        |
| train/                  |             |
|    approx_kl            | 0.014081622 |
|    clip_fraction        | 0.162       |
|    clip_range           | 0.2         |
|    entropy_loss         | -9.97       |
|    explained_variance   | 0.948       |
|    learning_rate        | 0.0003      |
|    loss                 | -0.0902     |
|    n_updates            | 40          |
|    policy_gradient_loss | -0.0226     |
|    std                  | 1.01        |
|    value_loss           | 0.0261      |
-----------------------------------------
----------------------------------------
| rollout/                |            |
|    ep_len_mean          | 199        |
|    ep_rew_mean          | 491        |
| time/                   |            |
|    fps                  | 18         |
|    iterations           | 6          |
|    time_elapsed         | 333        |
|    total_timesteps      | 6144       |
| train/                  |            |
|    approx_kl            | 0.01524548 |
|    clip_fraction        | 0.163      |
|    clip_range           | 0.2        |
|    entropy_loss         | -9.99      |
|    explained_variance   | 0.777      |
|    learning_rate        | 0.0003     |
|    loss                 | -0.0805    |
|    n_updates            | 50         |
|    policy_gradient_loss | -0.0205    |
|    std                  | 1.01       |
|    value_loss           | 0.0242     |
----------------------------------------
-----------------------------------------
| rollout/                |             |
|    ep_len_mean          | 199         |
|    ep_rew_mean          | 494         |
| time/                   |             |
|    fps                  | 18          |
|    iterations           | 7           |
|    time_elapsed         | 388         |
|    total_timesteps      | 7168        |
| train/                  |             |
|    approx_kl            | 0.012056924 |
|    clip_fraction        | 0.13        |
|    clip_range           | 0.2         |
|    entropy_loss         | -10         |
|    explained_variance   | 0.991       |
|    learning_rate        | 0.0003      |
|    loss                 | -0.0684     |
|    n_updates            | 60          |
|    policy_gradient_loss | -0.015      |
|    std                  | 1.01        |
|    value_loss           | 0.0153      |
-----------------------------------------
------------------------------------------
| rollout/                |              |
|    ep_len_mean          | 199          |
|    ep_rew_mean          | 480          |
| time/                   |              |
|    fps                  | 18           |
|    iterations           | 8            |
|    time_elapsed         | 445          |
|    total_timesteps      | 8192         |
| train/                  |              |
|    approx_kl            | 0.0155882845 |
|    clip_fraction        | 0.169        |
|    clip_range           | 0.2          |
|    entropy_loss         | -10          |
|    explained_variance   | 0.984        |
|    learning_rate        | 0.0003       |
|    loss                 | -0.0788      |
|    n_updates            | 70           |
|    policy_gradient_loss | -0.0231      |
|    std                  | 1.01         |
|    value_loss           | 0.0198       |
------------------------------------------
-----------------------------------------
| rollout/                |             |
|    ep_len_mean          | 199         |
|    ep_rew_mean          | 479         |
| time/                   |             |
|    fps                  | 18          |
|    iterations           | 9           |
|    time_elapsed         | 499         |
|    total_timesteps      | 9216        |
| train/                  |             |
|    approx_kl            | 0.009477109 |
|    clip_fraction        | 0.0663      |
|    clip_range           | 0.2         |
|    entropy_loss         | -10         |
|    explained_variance   | 0.981       |
|    learning_rate        | 0.0003      |
|    loss                 | -0.0887     |
|    n_updates            | 80          |
|    policy_gradient_loss | -0.0141     |
|    std                  | 1.01        |
|    value_loss           | 0.032       |
-----------------------------------------
-----------------------------------------
| rollout/                |             |
|    ep_len_mean          | 199         |
|    ep_rew_mean          | 476         |
| time/                   |             |
|    fps                  | 18          |
|    iterations           | 10          |
|    time_elapsed         | 558         |
|    total_timesteps      | 10240       |
| train/                  |             |
|    approx_kl            | 0.021439131 |
|    clip_fraction        | 0.19        |
|    clip_range           | 0.2         |
|    entropy_loss         | -10         |
|    explained_variance   | 0.992       |
|    learning_rate        | 0.0003      |
|    loss                 | -0.0849     |
|    n_updates            | 90          |
|    policy_gradient_loss | -0.0276     |
|    std                  | 1.01        |
|    value_loss           | 0.0175      |
-----------------------------------------
-----------------------------------------
| rollout/                |             |
|    ep_len_mean          | 199         |
|    ep_rew_mean          | 472         |
| time/                   |             |
|    fps                  | 18          |
|    iterations           | 11          |
|    time_elapsed         | 613         |
|    total_timesteps      | 11264       |
| train/                  |             |
|    approx_kl            | 0.015096724 |
|    clip_fraction        | 0.138       |
|    clip_range           | 0.2         |
|    entropy_loss         | -9.99       |
|    explained_variance   | 0.984       |
|    learning_rate        | 0.0003      |
|    loss                 | -0.0773     |
|    n_updates            | 100         |
|    policy_gradient_loss | -0.0192     |
|    std                  | 1.01        |
|    value_loss           | 0.0118      |
-----------------------------------------
----------------------------------------
| rollout/                |            |
|    ep_len_mean          | 199        |
|    ep_rew_mean          | 466        |
| time/                   |            |
|    fps                  | 18         |
|    iterations           | 12         |
|    time_elapsed         | 668        |
|    total_timesteps      | 12288      |
| train/                  |            |
|    approx_kl            | 0.01846328 |
|    clip_fraction        | 0.209      |
|    clip_range           | 0.2        |
|    entropy_loss         | -9.98      |
|    explained_variance   | 0.987      |
|    learning_rate        | 0.0003     |
|    loss                 | -0.0838    |
|    n_updates            | 110        |
|    policy_gradient_loss | -0.0269    |
|    std                  | 1.01       |
|    value_loss           | 0.0121     |
----------------------------------------
-----------------------------------------
| rollout/                |             |
|    ep_len_mean          | 199         |
|    ep_rew_mean          | 462         |
| time/                   |             |
|    fps                  | 18          |
|    iterations           | 13          |
|    time_elapsed         | 722         |
|    total_timesteps      | 13312       |
| train/                  |             |
|    approx_kl            | 0.014614398 |
|    clip_fraction        | 0.169       |
|    clip_range           | 0.2         |
|    entropy_loss         | -10         |
|    explained_variance   | 0.938       |
|    learning_rate        | 0.0003      |
|    loss                 | -0.0461     |
|    n_updates            | 120         |
|    policy_gradient_loss | -0.0151     |
|    std                  | 1.01        |
|    value_loss           | 0.0137      |
-----------------------------------------
-----------------------------------------
| rollout/                |             |
|    ep_len_mean          | 199         |
|    ep_rew_mean          | 466         |
| time/                   |             |
|    fps                  | 18          |
|    iterations           | 14          |
|    time_elapsed         | 780         |
|    total_timesteps      | 14336       |
| train/                  |             |
|    approx_kl            | 0.013651416 |
|    clip_fraction        | 0.157       |
|    clip_range           | 0.2         |
|    entropy_loss         | -10         |
|    explained_variance   | 0.968       |
|    learning_rate        | 0.0003      |
|    loss                 | -0.0716     |
|    n_updates            | 130         |
|    policy_gradient_loss | -0.0234     |
|    std                  | 1.01        |
|    value_loss           | 0.00775     |
-----------------------------------------
-----------------------------------------
| rollout/                |             |
|    ep_len_mean          | 199         |
|    ep_rew_mean          | 462         |
| time/                   |             |
|    fps                  | 18          |
|    iterations           | 15          |
|    time_elapsed         | 832         |
|    total_timesteps      | 15360       |
| train/                  |             |
|    approx_kl            | 0.014489114 |
|    clip_fraction        | 0.156       |
|    clip_range           | 0.2         |
|    entropy_loss         | -10         |
|    explained_variance   | 0.987       |
|    learning_rate        | 0.0003      |
|    loss                 | -0.0842     |
|    n_updates            | 140         |
|    policy_gradient_loss | -0.0231     |
|    std                  | 1.02        |
|    value_loss           | 0.00776     |
-----------------------------------------
-----------------------------------------
| rollout/                |             |
|    ep_len_mean          | 199         |
|    ep_rew_mean          | 459         |
| time/                   |             |
|    fps                  | 18          |
|    iterations           | 16          |
|    time_elapsed         | 893         |
|    total_timesteps      | 16384       |
| train/                  |             |
|    approx_kl            | 0.015376385 |
|    clip_fraction        | 0.184       |
|    clip_range           | 0.2         |
|    entropy_loss         | -10.1       |
|    explained_variance   | 0.995       |
|    learning_rate        | 0.0003      |
|    loss                 | -0.0863     |
|    n_updates            | 150         |
|    policy_gradient_loss | -0.0221     |
|    std                  | 1.02        |
|    value_loss           | 0.0061      |
-----------------------------------------
-----------------------------------------
| rollout/                |             |
|    ep_len_mean          | 199         |
|    ep_rew_mean          | 460         |
| time/                   |             |
|    fps                  | 18          |
|    iterations           | 17          |
|    time_elapsed         | 946         |
|    total_timesteps      | 17408       |
| train/                  |             |
|    approx_kl            | 0.011196126 |
|    clip_fraction        | 0.125       |
|    clip_range           | 0.2         |
|    entropy_loss         | -10.1       |
|    explained_variance   | 0.991       |
|    learning_rate        | 0.0003      |
|    loss                 | -0.0972     |
|    n_updates            | 160         |
|    policy_gradient_loss | -0.0196     |
|    std                  | 1.02        |
|    value_loss           | 0.00386     |
-----------------------------------------
-----------------------------------------
| rollout/                |             |
|    ep_len_mean          | 199         |
|    ep_rew_mean          | 461         |
| time/                   |             |
|    fps                  | 18          |
|    iterations           | 18          |
|    time_elapsed         | 1002        |
|    total_timesteps      | 18432       |
| train/                  |             |
|    approx_kl            | 0.013830704 |
|    clip_fraction        | 0.18        |
|    clip_range           | 0.2         |
|    entropy_loss         | -10.1       |
|    explained_variance   | 0.985       |
|    learning_rate        | 0.0003      |
|    loss                 | -0.091      |
|    n_updates            | 170         |
|    policy_gradient_loss | -0.0227     |
|    std                  | 1.02        |
|    value_loss           | 0.00421     |
-----------------------------------------
-----------------------------------------
| rollout/                |             |
|    ep_len_mean          | 199         |
|    ep_rew_mean          | 458         |
| time/                   |             |
|    fps                  | 18          |
|    iterations           | 19          |
|    time_elapsed         | 1058        |
|    total_timesteps      | 19456       |
| train/                  |             |
|    approx_kl            | 0.016628206 |
|    clip_fraction        | 0.194       |
|    clip_range           | 0.2         |
|    entropy_loss         | -10.1       |
|    explained_variance   | 0.986       |
|    learning_rate        | 0.0003      |
|    loss                 | -0.0746     |
|    n_updates            | 180         |
|    policy_gradient_loss | -0.0243     |
|    std                  | 1.02        |
|    value_loss           | 0.00395     |
-----------------------------------------
-----------------------------------------
| rollout/                |             |
|    ep_len_mean          | 199         |
|    ep_rew_mean          | 458         |
| time/                   |             |
|    fps                  | 18          |
|    iterations           | 20          |
|    time_elapsed         | 1113        |
|    total_timesteps      | 20480       |
| train/                  |             |
|    approx_kl            | 0.016385112 |
|    clip_fraction        | 0.19        |
|    clip_range           | 0.2         |
|    entropy_loss         | -10.1       |
|    explained_variance   | 0.992       |
|    learning_rate        | 0.0003      |
|    loss                 | -0.0677     |
|    n_updates            | 190         |
|    policy_gradient_loss | -0.018      |
|    std                  | 1.02        |
|    value_loss           | 0.00341     |
-----------------------------------------
-----------------------------------------
| rollout/                |             |
|    ep_len_mean          | 199         |
|    ep_rew_mean          | 462         |
| time/                   |             |
|    fps                  | 18          |
|    iterations           | 21          |
|    time_elapsed         | 1168        |
|    total_timesteps      | 21504       |
| train/                  |             |
|    approx_kl            | 0.013524495 |
|    clip_fraction        | 0.164       |
|    clip_range           | 0.2         |
|    entropy_loss         | -10.1       |
|    explained_variance   | 0.994       |
|    learning_rate        | 0.0003      |
|    loss                 | -0.0828     |
|    n_updates            | 200         |
|    policy_gradient_loss | -0.0219     |
|    std                  | 1.02        |
|    value_loss           | 0.0043      |
-----------------------------------------
-----------------------------------------
| rollout/                |             |
|    ep_len_mean          | 199         |
|    ep_rew_mean          | 459         |
| time/                   |             |
|    fps                  | 18          |
|    iterations           | 22          |
|    time_elapsed         | 1222        |
|    total_timesteps      | 22528       |
| train/                  |             |
|    approx_kl            | 0.014849158 |
|    clip_fraction        | 0.17        |
|    clip_range           | 0.2         |
|    entropy_loss         | -10.1       |
|    explained_variance   | 0.992       |
|    learning_rate        | 0.0003      |
|    loss                 | -0.0845     |
|    n_updates            | 210         |
|    policy_gradient_loss | -0.0187     |
|    std                  | 1.03        |
|    value_loss           | 0.00357     |
-----------------------------------------
-----------------------------------------
| rollout/                |             |
|    ep_len_mean          | 199         |
|    ep_rew_mean          | 448         |
| time/                   |             |
|    fps                  | 18          |
|    iterations           | 23          |
|    time_elapsed         | 1279        |
|    total_timesteps      | 23552       |
| train/                  |             |
|    approx_kl            | 0.020415753 |
|    clip_fraction        | 0.198       |
|    clip_range           | 0.2         |
|    entropy_loss         | -10.1       |
|    explained_variance   | 0.993       |
|    learning_rate        | 0.0003      |
|    loss                 | -0.0739     |
|    n_updates            | 220         |
|    policy_gradient_loss | -0.0223     |
|    std                  | 1.03        |
|    value_loss           | 0.00182     |
-----------------------------------------
-----------------------------------------
| rollout/                |             |
|    ep_len_mean          | 199         |
|    ep_rew_mean          | 448         |
| time/                   |             |
|    fps                  | 18          |
|    iterations           | 24          |
|    time_elapsed         | 1333        |
|    total_timesteps      | 24576       |
| train/                  |             |
|    approx_kl            | 0.012115436 |
|    clip_fraction        | 0.133       |
|    clip_range           | 0.2         |
|    entropy_loss         | -10.1       |
|    explained_variance   | 0.995       |
|    learning_rate        | 0.0003      |
|    loss                 | -0.0758     |
|    n_updates            | 230         |
|    policy_gradient_loss | -0.0178     |
|    std                  | 1.03        |
|    value_loss           | 0.00141     |
-----------------------------------------
----------------------------------------
| rollout/                |            |
|    ep_len_mean          | 199        |
|    ep_rew_mean          | 446        |
| time/                   |            |
|    fps                  | 18         |
|    iterations           | 25         |
|    time_elapsed         | 1392       |
|    total_timesteps      | 25600      |
| train/                  |            |
|    approx_kl            | 0.02068127 |
|    clip_fraction        | 0.234      |
|    clip_range           | 0.2        |
|    entropy_loss         | -10.2      |
|    explained_variance   | 0.989      |
|    learning_rate        | 0.0003     |
|    loss                 | -0.106     |
|    n_updates            | 240        |
|    policy_gradient_loss | -0.0304    |
|    std                  | 1.04       |
|    value_loss           | 0.00259    |
----------------------------------------
-----------------------------------------
| rollout/                |             |
|    ep_len_mean          | 199         |
|    ep_rew_mean          | 446         |
| time/                   |             |
|    fps                  | 18          |
|    iterations           | 26          |
|    time_elapsed         | 1446        |
|    total_timesteps      | 26624       |
| train/                  |             |
|    approx_kl            | 0.014417993 |
|    clip_fraction        | 0.172       |
|    clip_range           | 0.2         |
|    entropy_loss         | -10.2       |
|    explained_variance   | 0.995       |
|    learning_rate        | 0.0003      |
|    loss                 | -0.0922     |
|    n_updates            | 250         |
|    policy_gradient_loss | -0.0243     |
|    std                  | 1.04        |
|    value_loss           | 0.00169     |
-----------------------------------------
-----------------------------------------
| rollout/                |             |
|    ep_len_mean          | 199         |
|    ep_rew_mean          | 438         |
| time/                   |             |
|    fps                  | 18          |
|    iterations           | 27          |
|    time_elapsed         | 1505        |
|    total_timesteps      | 27648       |
| train/                  |             |
|    approx_kl            | 0.017675633 |
|    clip_fraction        | 0.203       |
|    clip_range           | 0.2         |
|    entropy_loss         | -10.2       |
|    explained_variance   | 0.987       |
|    learning_rate        | 0.0003      |
|    loss                 | -0.0649     |
|    n_updates            | 260         |
|    policy_gradient_loss | -0.021      |
|    std                  | 1.04        |
|    value_loss           | 0.00281     |
-----------------------------------------
-----------------------------------------
| rollout/                |             |
|    ep_len_mean          | 199         |
|    ep_rew_mean          | 443         |
| time/                   |             |
|    fps                  | 18          |
|    iterations           | 28          |
|    time_elapsed         | 1559        |
|    total_timesteps      | 28672       |
| train/                  |             |
|    approx_kl            | 0.014695231 |
|    clip_fraction        | 0.161       |
|    clip_range           | 0.2         |
|    entropy_loss         | -10.2       |
|    explained_variance   | 0.998       |
|    learning_rate        | 0.0003      |
|    loss                 | -0.0591     |
|    n_updates            | 270         |
|    policy_gradient_loss | -0.0217     |
|    std                  | 1.03        |
|    value_loss           | 0.00161     |
-----------------------------------------
----------------------------------------
| rollout/                |            |
|    ep_len_mean          | 199        |
|    ep_rew_mean          | 444        |
| time/                   |            |
|    fps                  | 18         |
|    iterations           | 29         |
|    time_elapsed         | 1616       |
|    total_timesteps      | 29696      |
| train/                  |            |
|    approx_kl            | 0.02151521 |
|    clip_fraction        | 0.219      |
|    clip_range           | 0.2        |
|    entropy_loss         | -10.2      |
|    explained_variance   | 0.995      |
|    learning_rate        | 0.0003     |
|    loss                 | -0.0876    |
|    n_updates            | 280        |
|    policy_gradient_loss | -0.0309    |
|    std                  | 1.04       |
|    value_loss           | 0.00206    |
----------------------------------------
-----------------------------------------
| rollout/                |             |
|    ep_len_mean          | 199         |
|    ep_rew_mean          | 454         |
| time/                   |             |
|    fps                  | 18          |
|    iterations           | 30          |
|    time_elapsed         | 1671        |
|    total_timesteps      | 30720       |
| train/                  |             |
|    approx_kl            | 0.016445538 |
|    clip_fraction        | 0.165       |
|    clip_range           | 0.2         |
|    entropy_loss         | -10.2       |
|    explained_variance   | 0.992       |
|    learning_rate        | 0.0003      |
|    loss                 | -0.0776     |
|    n_updates            | 290         |
|    policy_gradient_loss | -0.0234     |
|    std                  | 1.04        |
|    value_loss           | 0.00166     |
-----------------------------------------
-----------------------------------------
| rollout/                |             |
|    ep_len_mean          | 199         |
|    ep_rew_mean          | 453         |
| time/                   |             |
|    fps                  | 18          |
|    iterations           | 31          |
|    time_elapsed         | 1716        |
|    total_timesteps      | 31744       |
| train/                  |             |
|    approx_kl            | 0.018216101 |
|    clip_fraction        | 0.198       |
|    clip_range           | 0.2         |
|    entropy_loss         | -10.2       |
|    explained_variance   | 0.993       |
|    learning_rate        | 0.0003      |
|    loss                 | -0.0701     |
|    n_updates            | 300         |
|    policy_gradient_loss | -0.0224     |
|    std                  | 1.04        |
|    value_loss           | 0.00161     |
-----------------------------------------
-----------------------------------------
| rollout/                |             |
|    ep_len_mean          | 199         |
|    ep_rew_mean          | 456         |
| time/                   |             |
|    fps                  | 18          |
|    iterations           | 32          |
|    time_elapsed         | 1772        |
|    total_timesteps      | 32768       |
| train/                  |             |
|    approx_kl            | 0.012753667 |
|    clip_fraction        | 0.148       |
|    clip_range           | 0.2         |
|    entropy_loss         | -10.2       |
|    explained_variance   | 0.985       |
|    learning_rate        | 0.0003      |
|    loss                 | -0.0731     |
|    n_updates            | 310         |
|    policy_gradient_loss | -0.0205     |
|    std                  | 1.04        |
|    value_loss           | 0.00119     |
-----------------------------------------
-----------------------------------------
| rollout/                |             |
|    ep_len_mean          | 199         |
|    ep_rew_mean          | 460         |
| time/                   |             |
|    fps                  | 18          |
|    iterations           | 33          |
|    time_elapsed         | 1827        |
|    total_timesteps      | 33792       |
| train/                  |             |
|    approx_kl            | 0.017892998 |
|    clip_fraction        | 0.183       |
|    clip_range           | 0.2         |
|    entropy_loss         | -10.2       |
|    explained_variance   | 0.997       |
|    learning_rate        | 0.0003      |
|    loss                 | -0.0985     |
|    n_updates            | 320         |
|    policy_gradient_loss | -0.0269     |
|    std                  | 1.03        |
|    value_loss           | 0.000853    |
-----------------------------------------
----------------------------------------
| rollout/                |            |
|    ep_len_mean          | 199        |
|    ep_rew_mean          | 456        |
| time/                   |            |
|    fps                  | 18         |
|    iterations           | 34         |
|    time_elapsed         | 1884       |
|    total_timesteps      | 34816      |
| train/                  |            |
|    approx_kl            | 0.01479087 |
|    clip_fraction        | 0.182      |
|    clip_range           | 0.2        |
|    entropy_loss         | -10.1      |
|    explained_variance   | 0.999      |
|    learning_rate        | 0.0003     |
|    loss                 | -0.0685    |
|    n_updates            | 330        |
|    policy_gradient_loss | -0.0239    |
|    std                  | 1.03       |
|    value_loss           | 0.000705   |
----------------------------------------
-----------------------------------------
| rollout/                |             |
|    ep_len_mean          | 199         |
|    ep_rew_mean          | 454         |
| time/                   |             |
|    fps                  | 18          |
|    iterations           | 35          |
|    time_elapsed         | 1937        |
|    total_timesteps      | 35840       |
| train/                  |             |
|    approx_kl            | 0.013738301 |
|    clip_fraction        | 0.171       |
|    clip_range           | 0.2         |
|    entropy_loss         | -10.1       |
|    explained_variance   | 0.998       |
|    learning_rate        | 0.0003      |
|    loss                 | -0.0831     |
|    n_updates            | 340         |
|    policy_gradient_loss | -0.0242     |
|    std                  | 1.03        |
|    value_loss           | 0.000762    |
-----------------------------------------
-----------------------------------------
| rollout/                |             |
|    ep_len_mean          | 199         |
|    ep_rew_mean          | 456         |
| time/                   |             |
|    fps                  | 18          |
|    iterations           | 36          |
|    time_elapsed         | 1996        |
|    total_timesteps      | 36864       |
| train/                  |             |
|    approx_kl            | 0.014819834 |
|    clip_fraction        | 0.189       |
|    clip_range           | 0.2         |
|    entropy_loss         | -10.1       |
|    explained_variance   | 0.992       |
|    learning_rate        | 0.0003      |
|    loss                 | -0.0767     |
|    n_updates            | 350         |
|    policy_gradient_loss | -0.0222     |
|    std                  | 1.03        |
|    value_loss           | 0.00189     |
-----------------------------------------
-----------------------------------------
| rollout/                |             |
|    ep_len_mean          | 199         |
|    ep_rew_mean          | 459         |
| time/                   |             |
|    fps                  | 18          |
|    iterations           | 37          |
|    time_elapsed         | 2026        |
|    total_timesteps      | 37888       |
| train/                  |             |
|    approx_kl            | 0.015918124 |
|    clip_fraction        | 0.175       |
|    clip_range           | 0.2         |
|    entropy_loss         | -10.1       |
|    explained_variance   | 0.994       |
|    learning_rate        | 0.0003      |
|    loss                 | -0.0743     |
|    n_updates            | 360         |
|    policy_gradient_loss | -0.0228     |
|    std                  | 1.03        |
|    value_loss           | 0.00141     |
-----------------------------------------
---------------------------------------
| rollout/                |           |
|    ep_len_mean          | 199       |
|    ep_rew_mean          | 462       |
| time/                   |           |
|    fps                  | 18        |
|    iterations           | 38        |
|    time_elapsed         | 2087      |
|    total_timesteps      | 38912     |
| train/                  |           |
|    approx_kl            | 0.0162552 |
|    clip_fraction        | 0.223     |
|    clip_range           | 0.2       |
|    entropy_loss         | -10.1     |
|    explained_variance   | 0.999     |
|    learning_rate        | 0.0003    |
|    loss                 | -0.0854   |
|    n_updates            | 370       |
|    policy_gradient_loss | -0.0291   |
|    std                  | 1.03      |
|    value_loss           | 0.00054   |
---------------------------------------
----------------------------------------
| rollout/                |            |
|    ep_len_mean          | 199        |
|    ep_rew_mean          | 464        |
| time/                   |            |
|    fps                  | 18         |
|    iterations           | 39         |
|    time_elapsed         | 2144       |
|    total_timesteps      | 39936      |
| train/                  |            |
|    approx_kl            | 0.01969356 |
|    clip_fraction        | 0.173      |
|    clip_range           | 0.2        |
|    entropy_loss         | -10.1      |
|    explained_variance   | 0.978      |
|    learning_rate        | 0.0003     |
|    loss                 | -0.0764    |
|    n_updates            | 380        |
|    policy_gradient_loss | -0.0159    |
|    std                  | 1.02       |
|    value_loss           | 0.00195    |
----------------------------------------
------------------------------------------
| rollout/                |              |
|    ep_len_mean          | 199          |
|    ep_rew_mean          | 462          |
| time/                   |              |
|    fps                  | 18           |
|    iterations           | 40           |
|    time_elapsed         | 2207         |
|    total_timesteps      | 40960        |
| train/                  |              |
|    approx_kl            | 0.0135311745 |
|    clip_fraction        | 0.146        |
|    clip_range           | 0.2          |
|    entropy_loss         | -10.1        |
|    explained_variance   | 0.998        |
|    learning_rate        | 0.0003       |
|    loss                 | -0.0854      |
|    n_updates            | 390          |
|    policy_gradient_loss | -0.0199      |
|    std                  | 1.02         |
|    value_loss           | 0.000658     |
------------------------------------------
-----------------------------------------
| rollout/                |             |
|    ep_len_mean          | 199         |
|    ep_rew_mean          | 466         |
| time/                   |             |
|    fps                  | 18          |
|    iterations           | 41          |
|    time_elapsed         | 2266        |
|    total_timesteps      | 41984       |
| train/                  |             |
|    approx_kl            | 0.012805378 |
|    clip_fraction        | 0.141       |
|    clip_range           | 0.2         |
|    entropy_loss         | -10         |
|    explained_variance   | 0.994       |
|    learning_rate        | 0.0003      |
|    loss                 | -0.0635     |
|    n_updates            | 400         |
|    policy_gradient_loss | -0.0151     |
|    std                  | 1.01        |
|    value_loss           | 0.00122     |
-----------------------------------------
-----------------------------------------
| rollout/                |             |
|    ep_len_mean          | 199         |
|    ep_rew_mean          | 475         |
| time/                   |             |
|    fps                  | 18          |
|    iterations           | 42          |
|    time_elapsed         | 2326        |
|    total_timesteps      | 43008       |
| train/                  |             |
|    approx_kl            | 0.014142234 |
|    clip_fraction        | 0.21        |
|    clip_range           | 0.2         |
|    entropy_loss         | -10         |
|    explained_variance   | 0.985       |
|    learning_rate        | 0.0003      |
|    loss                 | -0.0789     |
|    n_updates            | 410         |
|    policy_gradient_loss | -0.0238     |
|    std                  | 1.02        |
|    value_loss           | 0.000625    |
-----------------------------------------
-----------------------------------------
| rollout/                |             |
|    ep_len_mean          | 199         |
|    ep_rew_mean          | 473         |
| time/                   |             |
|    fps                  | 18          |
|    iterations           | 43          |
|    time_elapsed         | 2384        |
|    total_timesteps      | 44032       |
| train/                  |             |
|    approx_kl            | 0.012580475 |
|    clip_fraction        | 0.125       |
|    clip_range           | 0.2         |
|    entropy_loss         | -10         |
|    explained_variance   | 0.998       |
|    learning_rate        | 0.0003      |
|    loss                 | -0.0771     |
|    n_updates            | 420         |
|    policy_gradient_loss | -0.0189     |
|    std                  | 1.01        |
|    value_loss           | 0.00058     |
-----------------------------------------
-----------------------------------------
| rollout/                |             |
|    ep_len_mean          | 199         |
|    ep_rew_mean          | 473         |
| time/                   |             |
|    fps                  | 18          |
|    iterations           | 44          |
|    time_elapsed         | 2447        |
|    total_timesteps      | 45056       |
| train/                  |             |
|    approx_kl            | 0.015829632 |
|    clip_fraction        | 0.187       |
|    clip_range           | 0.2         |
|    entropy_loss         | -10         |
|    explained_variance   | 0.997       |
|    learning_rate        | 0.0003      |
|    loss                 | -0.0935     |
|    n_updates            | 430         |
|    policy_gradient_loss | -0.0254     |
|    std                  | 1.01        |
|    value_loss           | 0.000437    |
-----------------------------------------
-----------------------------------------
| rollout/                |             |
|    ep_len_mean          | 199         |
|    ep_rew_mean          | 476         |
| time/                   |             |
|    fps                  | 18          |
|    iterations           | 45          |
|    time_elapsed         | 2505        |
|    total_timesteps      | 46080       |
| train/                  |             |
|    approx_kl            | 0.019615563 |
|    clip_fraction        | 0.195       |
|    clip_range           | 0.2         |
|    entropy_loss         | -9.99       |
|    explained_variance   | 0.998       |
|    learning_rate        | 0.0003      |
|    loss                 | -0.0741     |
|    n_updates            | 440         |
|    policy_gradient_loss | -0.0242     |
|    std                  | 1.01        |
|    value_loss           | 0.000509    |
-----------------------------------------
-----------------------------------------
| rollout/                |             |
|    ep_len_mean          | 199         |
|    ep_rew_mean          | 474         |
| time/                   |             |
|    fps                  | 18          |
|    iterations           | 46          |
|    time_elapsed         | 2555        |
|    total_timesteps      | 47104       |
| train/                  |             |
|    approx_kl            | 0.011985657 |
|    clip_fraction        | 0.129       |
|    clip_range           | 0.2         |
|    entropy_loss         | -9.97       |
|    explained_variance   | 0.998       |
|    learning_rate        | 0.0003      |
|    loss                 | -0.0979     |
|    n_updates            | 450         |
|    policy_gradient_loss | -0.0187     |
|    std                  | 1.01        |
|    value_loss           | 0.000471    |
-----------------------------------------
-----------------------------------------
| rollout/                |             |
|    ep_len_mean          | 199         |
|    ep_rew_mean          | 471         |
| time/                   |             |
|    fps                  | 18          |
|    iterations           | 47          |
|    time_elapsed         | 2616        |
|    total_timesteps      | 48128       |
| train/                  |             |
|    approx_kl            | 0.014463654 |
|    clip_fraction        | 0.194       |
|    clip_range           | 0.2         |
|    entropy_loss         | -9.96       |
|    explained_variance   | 0.999       |
|    learning_rate        | 0.0003      |
|    loss                 | -0.0792     |
|    n_updates            | 460         |
|    policy_gradient_loss | -0.0213     |
|    std                  | 1           |
|    value_loss           | 0.000757    |
-----------------------------------------
-----------------------------------------
| rollout/                |             |
|    ep_len_mean          | 199         |
|    ep_rew_mean          | 473         |
| time/                   |             |
|    fps                  | 18          |
|    iterations           | 48          |
|    time_elapsed         | 2678        |
|    total_timesteps      | 49152       |
| train/                  |             |
|    approx_kl            | 0.010516219 |
|    clip_fraction        | 0.126       |
|    clip_range           | 0.2         |
|    entropy_loss         | -9.95       |
|    explained_variance   | 0.998       |
|    learning_rate        | 0.0003      |
|    loss                 | -0.0856     |
|    n_updates            | 470         |
|    policy_gradient_loss | -0.0193     |
|    std                  | 1           |
|    value_loss           | 0.000352    |
-----------------------------------------
-----------------------------------------
| rollout/                |             |
|    ep_len_mean          | 199         |
|    ep_rew_mean          | 465         |
| time/                   |             |
|    fps                  | 18          |
|    iterations           | 49          |
|    time_elapsed         | 2738        |
|    total_timesteps      | 50176       |
| train/                  |             |
|    approx_kl            | 0.012607739 |
|    clip_fraction        | 0.156       |
|    clip_range           | 0.2         |
|    entropy_loss         | -9.93       |
|    explained_variance   | 0.997       |
|    learning_rate        | 0.0003      |
|    loss                 | -0.0704     |
|    n_updates            | 480         |
|    policy_gradient_loss | -0.0217     |
|    std                  | 1           |
|    value_loss           | 0.000585    |
-----------------------------------------
-----------------------------------------
| rollout/                |             |
|    ep_len_mean          | 199         |
|    ep_rew_mean          | 469         |
| time/                   |             |
|    fps                  | 18          |
|    iterations           | 50          |
|    time_elapsed         | 2797        |
|    total_timesteps      | 51200       |
| train/                  |             |
|    approx_kl            | 0.021542951 |
|    clip_fraction        | 0.209       |
|    clip_range           | 0.2         |
|    entropy_loss         | -9.93       |
|    explained_variance   | 0.999       |
|    learning_rate        | 0.0003      |
|    loss                 | -0.075      |
|    n_updates            | 490         |
|    policy_gradient_loss | -0.026      |
|    std                  | 1           |
|    value_loss           | 0.000336    |
-----------------------------------------
-----------------------------------------
| rollout/                |             |
|    ep_len_mean          | 199         |
|    ep_rew_mean          | 468         |
| time/                   |             |
|    fps                  | 18          |
|    iterations           | 51          |
|    time_elapsed         | 2854        |
|    total_timesteps      | 52224       |
| train/                  |             |
|    approx_kl            | 0.021123985 |
|    clip_fraction        | 0.224       |
|    clip_range           | 0.2         |
|    entropy_loss         | -9.93       |
|    explained_variance   | 0.999       |
|    learning_rate        | 0.0003      |
|    loss                 | -0.0857     |
|    n_updates            | 500         |
|    policy_gradient_loss | -0.0251     |
|    std                  | 1           |
|    value_loss           | 0.000515    |
-----------------------------------------
-----------------------------------------
| rollout/                |             |
|    ep_len_mean          | 199         |
|    ep_rew_mean          | 469         |
| time/                   |             |
|    fps                  | 18          |
|    iterations           | 52          |
|    time_elapsed         | 2911        |
|    total_timesteps      | 53248       |
| train/                  |             |
|    approx_kl            | 0.013143962 |
|    clip_fraction        | 0.186       |
|    clip_range           | 0.2         |
|    entropy_loss         | -9.93       |
|    explained_variance   | 0.999       |
|    learning_rate        | 0.0003      |
|    loss                 | -0.0622     |
|    n_updates            | 510         |
|    policy_gradient_loss | -0.0195     |
|    std                  | 0.998       |
|    value_loss           | 0.0003      |
-----------------------------------------
-----------------------------------------
| rollout/                |             |
|    ep_len_mean          | 199         |
|    ep_rew_mean          | 477         |
| time/                   |             |
|    fps                  | 18          |
|    iterations           | 53          |
|    time_elapsed         | 2971        |
|    total_timesteps      | 54272       |
| train/                  |             |
|    approx_kl            | 0.009628162 |
|    clip_fraction        | 0.114       |
|    clip_range           | 0.2         |
|    entropy_loss         | -9.9        |
|    explained_variance   | 0.978       |
|    learning_rate        | 0.0003      |
|    loss                 | -0.0652     |
|    n_updates            | 520         |
|    policy_gradient_loss | -0.0144     |
|    std                  | 0.995       |
|    value_loss           | 0.00156     |
-----------------------------------------
-----------------------------------------
| rollout/                |             |
|    ep_len_mean          | 199         |
|    ep_rew_mean          | 480         |
| time/                   |             |
|    fps                  | 18          |
|    iterations           | 54          |
|    time_elapsed         | 3031        |
|    total_timesteps      | 55296       |
| train/                  |             |
|    approx_kl            | 0.013695179 |
|    clip_fraction        | 0.144       |
|    clip_range           | 0.2         |
|    entropy_loss         | -9.87       |
|    explained_variance   | 0.996       |
|    learning_rate        | 0.0003      |
|    loss                 | -0.0937     |
|    n_updates            | 530         |
|    policy_gradient_loss | -0.0197     |
|    std                  | 0.99        |
|    value_loss           | 0.000606    |
-----------------------------------------
------------------------------------------
| rollout/                |              |
|    ep_len_mean          | 199          |
|    ep_rew_mean          | 480          |
| time/                   |              |
|    fps                  | 18           |
|    iterations           | 55           |
|    time_elapsed         | 3092         |
|    total_timesteps      | 56320        |
| train/                  |              |
|    approx_kl            | 0.0103365015 |
|    clip_fraction        | 0.122        |
|    clip_range           | 0.2          |
|    entropy_loss         | -9.85        |
|    explained_variance   | 0.993        |
|    learning_rate        | 0.0003       |
|    loss                 | -0.0472      |
|    n_updates            | 540          |
|    policy_gradient_loss | -0.00848     |
|    std                  | 0.987        |
|    value_loss           | 0.00117      |
------------------------------------------
-----------------------------------------
| rollout/                |             |
|    ep_len_mean          | 199         |
|    ep_rew_mean          | 477         |
| time/                   |             |
|    fps                  | 18          |
|    iterations           | 56          |
|    time_elapsed         | 3154        |
|    total_timesteps      | 57344       |
| train/                  |             |
|    approx_kl            | 0.017152172 |
|    clip_fraction        | 0.188       |
|    clip_range           | 0.2         |
|    entropy_loss         | -9.83       |
|    explained_variance   | 0.998       |
|    learning_rate        | 0.0003      |
|    loss                 | -0.0771     |
|    n_updates            | 550         |
|    policy_gradient_loss | -0.0205     |
|    std                  | 0.986       |
|    value_loss           | 0.000807    |
-----------------------------------------
-----------------------------------------
| rollout/                |             |
|    ep_len_mean          | 199         |
|    ep_rew_mean          | 481         |
| time/                   |             |
|    fps                  | 18          |
|    iterations           | 57          |
|    time_elapsed         | 3194        |
|    total_timesteps      | 58368       |
| train/                  |             |
|    approx_kl            | 0.014093678 |
|    clip_fraction        | 0.146       |
|    clip_range           | 0.2         |
|    entropy_loss         | -9.84       |
|    explained_variance   | 0.999       |
|    learning_rate        | 0.0003      |
|    loss                 | -0.0778     |
|    n_updates            | 560         |
|    policy_gradient_loss | -0.0167     |
|    std                  | 0.989       |
|    value_loss           | 0.000319    |
-----------------------------------------
-----------------------------------------
| rollout/                |             |
|    ep_len_mean          | 199         |
|    ep_rew_mean          | 484         |
| time/                   |             |
|    fps                  | 18          |
|    iterations           | 58          |
|    time_elapsed         | 3225        |
|    total_timesteps      | 59392       |
| train/                  |             |
|    approx_kl            | 0.020727169 |
|    clip_fraction        | 0.25        |
|    clip_range           | 0.2         |
|    entropy_loss         | -9.84       |
|    explained_variance   | 0.999       |
|    learning_rate        | 0.0003      |
|    loss                 | -0.0827     |
|    n_updates            | 570         |
|    policy_gradient_loss | -0.0287     |
|    std                  | 0.987       |
|    value_loss           | 0.000519    |
-----------------------------------------
-----------------------------------------
| rollout/                |             |
|    ep_len_mean          | 199         |
|    ep_rew_mean          | 492         |
| time/                   |             |
|    fps                  | 18          |
|    iterations           | 59          |
|    time_elapsed         | 3286        |
|    total_timesteps      | 60416       |
| train/                  |             |
|    approx_kl            | 0.013487235 |
|    clip_fraction        | 0.163       |
|    clip_range           | 0.2         |
|    entropy_loss         | -9.83       |
|    explained_variance   | 1           |
|    learning_rate        | 0.0003      |
|    loss                 | -0.0654     |
|    n_updates            | 580         |
|    policy_gradient_loss | -0.0181     |
|    std                  | 0.985       |
|    value_loss           | 0.000224    |
-----------------------------------------
-----------------------------------------
| rollout/                |             |
|    ep_len_mean          | 199         |
|    ep_rew_mean          | 488         |
| time/                   |             |
|    fps                  | 18          |
|    iterations           | 60          |
|    time_elapsed         | 3344        |
|    total_timesteps      | 61440       |
| train/                  |             |
|    approx_kl            | 0.013955721 |
|    clip_fraction        | 0.143       |
|    clip_range           | 0.2         |
|    entropy_loss         | -9.81       |
|    explained_variance   | 0.999       |
|    learning_rate        | 0.0003      |
|    loss                 | -0.0732     |
|    n_updates            | 590         |
|    policy_gradient_loss | -0.0191     |
|    std                  | 0.983       |
|    value_loss           | 0.000536    |
-----------------------------------------
------------------------------------------
| rollout/                |              |
|    ep_len_mean          | 199          |
|    ep_rew_mean          | 485          |
| time/                   |              |
|    fps                  | 18           |
|    iterations           | 61           |
|    time_elapsed         | 3405         |
|    total_timesteps      | 62464        |
| train/                  |              |
|    approx_kl            | 0.0120022595 |
|    clip_fraction        | 0.196        |
|    clip_range           | 0.2          |
|    entropy_loss         | -9.8         |
|    explained_variance   | 0.997        |
|    learning_rate        | 0.0003       |
|    loss                 | -0.0805      |
|    n_updates            | 600          |
|    policy_gradient_loss | -0.02        |
|    std                  | 0.979        |
|    value_loss           | 0.000399     |
------------------------------------------
-----------------------------------------
| rollout/                |             |
|    ep_len_mean          | 199         |
|    ep_rew_mean          | 485         |
| time/                   |             |
|    fps                  | 18          |
|    iterations           | 62          |
|    time_elapsed         | 3464        |
|    total_timesteps      | 63488       |
| train/                  |             |
|    approx_kl            | 0.014209505 |
|    clip_fraction        | 0.158       |
|    clip_range           | 0.2         |
|    entropy_loss         | -9.78       |
|    explained_variance   | 0.997       |
|    learning_rate        | 0.0003      |
|    loss                 | -0.0668     |
|    n_updates            | 610         |
|    policy_gradient_loss | -0.0202     |
|    std                  | 0.979       |
|    value_loss           | 0.000421    |
-----------------------------------------
-----------------------------------------
| rollout/                |             |
|    ep_len_mean          | 199         |
|    ep_rew_mean          | 487         |
| time/                   |             |
|    fps                  | 18          |
|    iterations           | 63          |
|    time_elapsed         | 3525        |
|    total_timesteps      | 64512       |
| train/                  |             |
|    approx_kl            | 0.012539681 |
|    clip_fraction        | 0.129       |
|    clip_range           | 0.2         |
|    entropy_loss         | -9.78       |
|    explained_variance   | 0.989       |
|    learning_rate        | 0.0003      |
|    loss                 | -0.0805     |
|    n_updates            | 620         |
|    policy_gradient_loss | -0.0152     |
|    std                  | 0.98        |
|    value_loss           | 0.00187     |
-----------------------------------------
-----------------------------------------
| rollout/                |             |
|    ep_len_mean          | 199         |
|    ep_rew_mean          | 485         |
| time/                   |             |
|    fps                  | 18          |
|    iterations           | 64          |
|    time_elapsed         | 3584        |
|    total_timesteps      | 65536       |
| train/                  |             |
|    approx_kl            | 0.015357453 |
|    clip_fraction        | 0.182       |
|    clip_range           | 0.2         |
|    entropy_loss         | -9.78       |
|    explained_variance   | 0.995       |
|    learning_rate        | 0.0003      |
|    loss                 | -0.0837     |
|    n_updates            | 630         |
|    policy_gradient_loss | -0.0161     |
|    std                  | 0.977       |
|    value_loss           | 0.000605    |
-----------------------------------------
-----------------------------------------
| rollout/                |             |
|    ep_len_mean          | 199         |
|    ep_rew_mean          | 482         |
| time/                   |             |
|    fps                  | 18          |
|    iterations           | 65          |
|    time_elapsed         | 3643        |
|    total_timesteps      | 66560       |
| train/                  |             |
|    approx_kl            | 0.016759653 |
|    clip_fraction        | 0.198       |
|    clip_range           | 0.2         |
|    entropy_loss         | -9.76       |
|    explained_variance   | 0.998       |
|    learning_rate        | 0.0003      |
|    loss                 | -0.0971     |
|    n_updates            | 640         |
|    policy_gradient_loss | -0.0158     |
|    std                  | 0.976       |
|    value_loss           | 0.00114     |
-----------------------------------------
-----------------------------------------
| rollout/                |             |
|    ep_len_mean          | 199         |
|    ep_rew_mean          | 488         |
| time/                   |             |
|    fps                  | 18          |
|    iterations           | 66          |
|    time_elapsed         | 3702        |
|    total_timesteps      | 67584       |
| train/                  |             |
|    approx_kl            | 0.015033113 |
|    clip_fraction        | 0.153       |
|    clip_range           | 0.2         |
|    entropy_loss         | -9.76       |
|    explained_variance   | 0.998       |
|    learning_rate        | 0.0003      |
|    loss                 | -0.0621     |
|    n_updates            | 650         |
|    policy_gradient_loss | -0.0155     |
|    std                  | 0.978       |
|    value_loss           | 0.000401    |
-----------------------------------------
------------------------------------------
| rollout/                |              |
|    ep_len_mean          | 199          |
|    ep_rew_mean          | 493          |
| time/                   |              |
|    fps                  | 18           |
|    iterations           | 67           |
|    time_elapsed         | 3764         |
|    total_timesteps      | 68608        |
| train/                  |              |
|    approx_kl            | 0.0120977685 |
|    clip_fraction        | 0.144        |
|    clip_range           | 0.2          |
|    entropy_loss         | -9.78        |
|    explained_variance   | 0.998        |
|    learning_rate        | 0.0003       |
|    loss                 | -0.0722      |
|    n_updates            | 660          |
|    policy_gradient_loss | -0.0147      |
|    std                  | 0.982        |
|    value_loss           | 0.000625     |
------------------------------------------
-----------------------------------------
| rollout/                |             |
|    ep_len_mean          | 199         |
|    ep_rew_mean          | 489         |
| time/                   |             |
|    fps                  | 18          |
|    iterations           | 68          |
|    time_elapsed         | 3824        |
|    total_timesteps      | 69632       |
| train/                  |             |
|    approx_kl            | 0.013637673 |
|    clip_fraction        | 0.167       |
|    clip_range           | 0.2         |
|    entropy_loss         | -9.79       |
|    explained_variance   | 0.999       |
|    learning_rate        | 0.0003      |
|    loss                 | -0.0605     |
|    n_updates            | 670         |
|    policy_gradient_loss | -0.0219     |
|    std                  | 0.98        |
|    value_loss           | 0.000245    |
-----------------------------------------
----------------------------------------
| rollout/                |            |
|    ep_len_mean          | 199        |
|    ep_rew_mean          | 485        |
| time/                   |            |
|    fps                  | 18         |
|    iterations           | 69         |
|    time_elapsed         | 3887       |
|    total_timesteps      | 70656      |
| train/                  |            |
|    approx_kl            | 0.01427247 |
|    clip_fraction        | 0.146      |
|    clip_range           | 0.2        |
|    entropy_loss         | -9.78      |
|    explained_variance   | 0.999      |
|    learning_rate        | 0.0003     |
|    loss                 | -0.0529    |
|    n_updates            | 680        |
|    policy_gradient_loss | -0.0184    |
|    std                  | 0.979      |
|    value_loss           | 0.000289   |
----------------------------------------
----------------------------------------
| rollout/                |            |
|    ep_len_mean          | 199        |
|    ep_rew_mean          | 496        |
| time/                   |            |
|    fps                  | 18         |
|    iterations           | 70         |
|    time_elapsed         | 3944       |
|    total_timesteps      | 71680      |
| train/                  |            |
|    approx_kl            | 0.01755952 |
|    clip_fraction        | 0.202      |
|    clip_range           | 0.2        |
|    entropy_loss         | -9.78      |
|    explained_variance   | 0.999      |
|    learning_rate        | 0.0003     |
|    loss                 | -0.0944    |
|    n_updates            | 690        |
|    policy_gradient_loss | -0.0265    |
|    std                  | 0.981      |
|    value_loss           | 0.000369   |
----------------------------------------
-----------------------------------------
| rollout/                |             |
|    ep_len_mean          | 199         |
|    ep_rew_mean          | 496         |
| time/                   |             |
|    fps                  | 18          |
|    iterations           | 71          |
|    time_elapsed         | 4003        |
|    total_timesteps      | 72704       |
| train/                  |             |
|    approx_kl            | 0.013837231 |
|    clip_fraction        | 0.176       |
|    clip_range           | 0.2         |
|    entropy_loss         | -9.78       |
|    explained_variance   | 0.992       |
|    learning_rate        | 0.0003      |
|    loss                 | -0.0689     |
|    n_updates            | 700         |
|    policy_gradient_loss | -0.0152     |
|    std                  | 0.979       |
|    value_loss           | 0.00087     |
-----------------------------------------
-----------------------------------------
| rollout/                |             |
|    ep_len_mean          | 199         |
|    ep_rew_mean          | 496         |
| time/                   |             |
|    fps                  | 18          |
|    iterations           | 72          |
|    time_elapsed         | 4064        |
|    total_timesteps      | 73728       |
| train/                  |             |
|    approx_kl            | 0.011769132 |
|    clip_fraction        | 0.155       |
|    clip_range           | 0.2         |
|    entropy_loss         | -9.76       |
|    explained_variance   | 0.999       |
|    learning_rate        | 0.0003      |
|    loss                 | -0.0707     |
|    n_updates            | 710         |
|    policy_gradient_loss | -0.0175     |
|    std                  | 0.975       |
|    value_loss           | 0.000219    |
-----------------------------------------
-----------------------------------------
| rollout/                |             |
|    ep_len_mean          | 199         |
|    ep_rew_mean          | 495         |
| time/                   |             |
|    fps                  | 18          |
|    iterations           | 73          |
|    time_elapsed         | 4126        |
|    total_timesteps      | 74752       |
| train/                  |             |
|    approx_kl            | 0.014192857 |
|    clip_fraction        | 0.169       |
|    clip_range           | 0.2         |
|    entropy_loss         | -9.75       |
|    explained_variance   | 0.999       |
|    learning_rate        | 0.0003      |
|    loss                 | -0.0826     |
|    n_updates            | 720         |
|    policy_gradient_loss | -0.0205     |
|    std                  | 0.977       |
|    value_loss           | 0.00019     |
-----------------------------------------
-----------------------------------------
| rollout/                |             |
|    ep_len_mean          | 199         |
|    ep_rew_mean          | 496         |
| time/                   |             |
|    fps                  | 18          |
|    iterations           | 74          |
|    time_elapsed         | 4185        |
|    total_timesteps      | 75776       |
| train/                  |             |
|    approx_kl            | 0.018470515 |
|    clip_fraction        | 0.2         |
|    clip_range           | 0.2         |
|    entropy_loss         | -9.76       |
|    explained_variance   | 0.992       |
|    learning_rate        | 0.0003      |
|    loss                 | -0.0608     |
|    n_updates            | 730         |
|    policy_gradient_loss | -0.0181     |
|    std                  | 0.977       |
|    value_loss           | 0.00051     |
-----------------------------------------
-----------------------------------------
| rollout/                |             |
|    ep_len_mean          | 199         |
|    ep_rew_mean          | 489         |
| time/                   |             |
|    fps                  | 18          |
|    iterations           | 75          |
|    time_elapsed         | 4245        |
|    total_timesteps      | 76800       |
| train/                  |             |
|    approx_kl            | 0.016476361 |
|    clip_fraction        | 0.181       |
|    clip_range           | 0.2         |
|    entropy_loss         | -9.76       |
|    explained_variance   | 1           |
|    learning_rate        | 0.0003      |
|    loss                 | -0.0688     |
|    n_updates            | 740         |
|    policy_gradient_loss | -0.0214     |
|    std                  | 0.976       |
|    value_loss           | 0.000164    |
-----------------------------------------
-----------------------------------------
| rollout/                |             |
|    ep_len_mean          | 199         |
|    ep_rew_mean          | 489         |
| time/                   |             |
|    fps                  | 18          |
|    iterations           | 76          |
|    time_elapsed         | 4303        |
|    total_timesteps      | 77824       |
| train/                  |             |
|    approx_kl            | 0.015885733 |
|    clip_fraction        | 0.154       |
|    clip_range           | 0.2         |
|    entropy_loss         | -9.75       |
|    explained_variance   | 0.999       |
|    learning_rate        | 0.0003      |
|    loss                 | -0.104      |
|    n_updates            | 750         |
|    policy_gradient_loss | -0.0135     |
|    std                  | 0.974       |
|    value_loss           | 0.001       |
-----------------------------------------
-----------------------------------------
| rollout/                |             |
|    ep_len_mean          | 199         |
|    ep_rew_mean          | 484         |
| time/                   |             |
|    fps                  | 18          |
|    iterations           | 77          |
|    time_elapsed         | 4363        |
|    total_timesteps      | 78848       |
| train/                  |             |
|    approx_kl            | 0.016979579 |
|    clip_fraction        | 0.16        |
|    clip_range           | 0.2         |
|    entropy_loss         | -9.73       |
|    explained_variance   | 0.999       |
|    learning_rate        | 0.0003      |
|    loss                 | -0.0686     |
|    n_updates            | 760         |
|    policy_gradient_loss | -0.0161     |
|    std                  | 0.972       |
|    value_loss           | 0.000382    |
-----------------------------------------
-----------------------------------------
| rollout/                |             |
|    ep_len_mean          | 199         |
|    ep_rew_mean          | 476         |
| time/                   |             |
|    fps                  | 18          |
|    iterations           | 78          |
|    time_elapsed         | 4422        |
|    total_timesteps      | 79872       |
| train/                  |             |
|    approx_kl            | 0.014591433 |
|    clip_fraction        | 0.179       |
|    clip_range           | 0.2         |
|    entropy_loss         | -9.73       |
|    explained_variance   | 1           |
|    learning_rate        | 0.0003      |
|    loss                 | -0.0766     |
|    n_updates            | 770         |
|    policy_gradient_loss | -0.0237     |
|    std                  | 0.973       |
|    value_loss           | 0.000218    |
-----------------------------------------
-----------------------------------------
| rollout/                |             |
|    ep_len_mean          | 199         |
|    ep_rew_mean          | 478         |
| time/                   |             |
|    fps                  | 18          |
|    iterations           | 79          |
|    time_elapsed         | 4449        |
|    total_timesteps      | 80896       |
| train/                  |             |
|    approx_kl            | 0.015181115 |
|    clip_fraction        | 0.193       |
|    clip_range           | 0.2         |
|    entropy_loss         | -9.73       |
|    explained_variance   | 1           |
|    learning_rate        | 0.0003      |
|    loss                 | -0.0777     |
|    n_updates            | 780         |
|    policy_gradient_loss | -0.0245     |
|    std                  | 0.971       |
|    value_loss           | 0.000221    |
-----------------------------------------
-----------------------------------------
| rollout/                |             |
|    ep_len_mean          | 199         |
|    ep_rew_mean          | 480         |
| time/                   |             |
|    fps                  | 18          |
|    iterations           | 80          |
|    time_elapsed         | 4466        |
|    total_timesteps      | 81920       |
| train/                  |             |
|    approx_kl            | 0.013967559 |
|    clip_fraction        | 0.162       |
|    clip_range           | 0.2         |
|    entropy_loss         | -9.72       |
|    explained_variance   | 0.997       |
|    learning_rate        | 0.0003      |
|    loss                 | -0.0837     |
|    n_updates            | 790         |
|    policy_gradient_loss | -0.015      |
|    std                  | 0.971       |
|    value_loss           | 0.000453    |
-----------------------------------------
-----------------------------------------
| rollout/                |             |
|    ep_len_mean          | 199         |
|    ep_rew_mean          | 482         |
| time/                   |             |
|    fps                  | 18          |
|    iterations           | 81          |
|    time_elapsed         | 4485        |
|    total_timesteps      | 82944       |
| train/                  |             |
|    approx_kl            | 0.017485434 |
|    clip_fraction        | 0.174       |
|    clip_range           | 0.2         |
|    entropy_loss         | -9.71       |
|    explained_variance   | 0.998       |
|    learning_rate        | 0.0003      |
|    loss                 | -0.0701     |
|    n_updates            | 800         |
|    policy_gradient_loss | -0.0169     |
|    std                  | 0.97        |
|    value_loss           | 0.00036     |
-----------------------------------------
----------------------------------------
| rollout/                |            |
|    ep_len_mean          | 199        |
|    ep_rew_mean          | 485        |
| time/                   |            |
|    fps                  | 18         |
|    iterations           | 82         |
|    time_elapsed         | 4503       |
|    total_timesteps      | 83968      |
| train/                  |            |
|    approx_kl            | 0.01534696 |
|    clip_fraction        | 0.224      |
|    clip_range           | 0.2        |
|    entropy_loss         | -9.71      |
|    explained_variance   | 0.998      |
|    learning_rate        | 0.0003     |
|    loss                 | -0.0613    |
|    n_updates            | 810        |
|    policy_gradient_loss | -0.0206    |
|    std                  | 0.969      |
|    value_loss           | 0.000225   |
----------------------------------------
-----------------------------------------
| rollout/                |             |
|    ep_len_mean          | 199         |
|    ep_rew_mean          | 480         |
| time/                   |             |
|    fps                  | 18          |
|    iterations           | 83          |
|    time_elapsed         | 4520        |
|    total_timesteps      | 84992       |
| train/                  |             |
|    approx_kl            | 0.011529233 |
|    clip_fraction        | 0.122       |
|    clip_range           | 0.2         |
|    entropy_loss         | -9.68       |
|    explained_variance   | 0.999       |
|    learning_rate        | 0.0003      |
|    loss                 | -0.0519     |
|    n_updates            | 820         |
|    policy_gradient_loss | -0.014      |
|    std                  | 0.962       |
|    value_loss           | 0.00023     |
-----------------------------------------
----------------------------------------
| rollout/                |            |
|    ep_len_mean          | 199        |
|    ep_rew_mean          | 482        |
| time/                   |            |
|    fps                  | 18         |
|    iterations           | 84         |
|    time_elapsed         | 4536       |
|    total_timesteps      | 86016      |
| train/                  |            |
|    approx_kl            | 0.01164569 |
|    clip_fraction        | 0.144      |
|    clip_range           | 0.2        |
|    entropy_loss         | -9.65      |
|    explained_variance   | 0.999      |
|    learning_rate        | 0.0003     |
|    loss                 | -0.0971    |
|    n_updates            | 830        |
|    policy_gradient_loss | -0.0165    |
|    std                  | 0.963      |
|    value_loss           | 0.00059    |
----------------------------------------
-----------------------------------------
| rollout/                |             |
|    ep_len_mean          | 199         |
|    ep_rew_mean          | 479         |
| time/                   |             |
|    fps                  | 19          |
|    iterations           | 85          |
|    time_elapsed         | 4553        |
|    total_timesteps      | 87040       |
| train/                  |             |
|    approx_kl            | 0.013347106 |
|    clip_fraction        | 0.174       |
|    clip_range           | 0.2         |
|    entropy_loss         | -9.66       |
|    explained_variance   | 0.998       |
|    learning_rate        | 0.0003      |
|    loss                 | -0.0808     |
|    n_updates            | 840         |
|    policy_gradient_loss | -0.0217     |
|    std                  | 0.962       |
|    value_loss           | 0.000245    |
-----------------------------------------
-----------------------------------------
| rollout/                |             |
|    ep_len_mean          | 199         |
|    ep_rew_mean          | 474         |
| time/                   |             |
|    fps                  | 19          |
|    iterations           | 86          |
|    time_elapsed         | 4592        |
|    total_timesteps      | 88064       |
| train/                  |             |
|    approx_kl            | 0.016662624 |
|    clip_fraction        | 0.196       |
|    clip_range           | 0.2         |
|    entropy_loss         | -9.65       |
|    explained_variance   | 0.999       |
|    learning_rate        | 0.0003      |
|    loss                 | -0.0594     |
|    n_updates            | 850         |
|    policy_gradient_loss | -0.0195     |
|    std                  | 0.962       |
|    value_loss           | 0.00021     |
-----------------------------------------
-----------------------------------------
| rollout/                |             |
|    ep_len_mean          | 199         |
|    ep_rew_mean          | 474         |
| time/                   |             |
|    fps                  | 19          |
|    iterations           | 87          |
|    time_elapsed         | 4650        |
|    total_timesteps      | 89088       |
| train/                  |             |
|    approx_kl            | 0.015943289 |
|    clip_fraction        | 0.189       |
|    clip_range           | 0.2         |
|    entropy_loss         | -9.66       |
|    explained_variance   | 1           |
|    learning_rate        | 0.0003      |
|    loss                 | -0.0794     |
|    n_updates            | 860         |
|    policy_gradient_loss | -0.0202     |
|    std                  | 0.963       |
|    value_loss           | 0.000115    |
-----------------------------------------
-----------------------------------------
| rollout/                |             |
|    ep_len_mean          | 199         |
|    ep_rew_mean          | 481         |
| time/                   |             |
|    fps                  | 19          |
|    iterations           | 88          |
|    time_elapsed         | 4705        |
|    total_timesteps      | 90112       |
| train/                  |             |
|    approx_kl            | 0.012510862 |
|    clip_fraction        | 0.202       |
|    clip_range           | 0.2         |
|    entropy_loss         | -9.66       |
|    explained_variance   | 0.999       |
|    learning_rate        | 0.0003      |
|    loss                 | -0.0828     |
|    n_updates            | 870         |
|    policy_gradient_loss | -0.0203     |
|    std                  | 0.962       |
|    value_loss           | 0.000215    |
-----------------------------------------
-----------------------------------------
| rollout/                |             |
|    ep_len_mean          | 199         |
|    ep_rew_mean          | 478         |
| time/                   |             |
|    fps                  | 19          |
|    iterations           | 89          |
|    time_elapsed         | 4761        |
|    total_timesteps      | 91136       |
| train/                  |             |
|    approx_kl            | 0.017427463 |
|    clip_fraction        | 0.188       |
|    clip_range           | 0.2         |
|    entropy_loss         | -9.65       |
|    explained_variance   | 1           |
|    learning_rate        | 0.0003      |
|    loss                 | -0.0823     |
|    n_updates            | 880         |
|    policy_gradient_loss | -0.0241     |
|    std                  | 0.96        |
|    value_loss           | 0.000244    |
-----------------------------------------
---------------------------------------
| rollout/                |           |
|    ep_len_mean          | 199       |
|    ep_rew_mean          | 478       |
| time/                   |           |
|    fps                  | 19        |
|    iterations           | 90        |
|    time_elapsed         | 4813      |
|    total_timesteps      | 92160     |
| train/                  |           |
|    approx_kl            | 0.0158441 |
|    clip_fraction        | 0.205     |
|    clip_range           | 0.2       |
|    entropy_loss         | -9.63     |
|    explained_variance   | 1         |
|    learning_rate        | 0.0003    |
|    loss                 | -0.0934   |
|    n_updates            | 890       |
|    policy_gradient_loss | -0.0254   |
|    std                  | 0.958     |
|    value_loss           | 0.000156  |
---------------------------------------
-----------------------------------------
| rollout/                |             |
|    ep_len_mean          | 199         |
|    ep_rew_mean          | 479         |
| time/                   |             |
|    fps                  | 19          |
|    iterations           | 91          |
|    time_elapsed         | 4872        |
|    total_timesteps      | 93184       |
| train/                  |             |
|    approx_kl            | 0.020238057 |
|    clip_fraction        | 0.199       |
|    clip_range           | 0.2         |
|    entropy_loss         | -9.62       |
|    explained_variance   | 0.999       |
|    learning_rate        | 0.0003      |
|    loss                 | -0.069      |
|    n_updates            | 900         |
|    policy_gradient_loss | -0.0225     |
|    std                  | 0.958       |
|    value_loss           | 0.000133    |
-----------------------------------------
-----------------------------------------
| rollout/                |             |
|    ep_len_mean          | 199         |
|    ep_rew_mean          | 477         |
| time/                   |             |
|    fps                  | 19          |
|    iterations           | 92          |
|    time_elapsed         | 4920        |
|    total_timesteps      | 94208       |
| train/                  |             |
|    approx_kl            | 0.018892448 |
|    clip_fraction        | 0.213       |
|    clip_range           | 0.2         |
|    entropy_loss         | -9.61       |
|    explained_variance   | 1           |
|    learning_rate        | 0.0003      |
|    loss                 | -0.0921     |
|    n_updates            | 910         |
|    policy_gradient_loss | -0.024      |
|    std                  | 0.955       |
|    value_loss           | 0.000145    |
-----------------------------------------
------------------------------------------
| rollout/                |              |
|    ep_len_mean          | 199          |
|    ep_rew_mean          | 484          |
| time/                   |              |
|    fps                  | 19           |
|    iterations           | 93           |
|    time_elapsed         | 4974         |
|    total_timesteps      | 95232        |
| train/                  |              |
|    approx_kl            | 0.0141213555 |
|    clip_fraction        | 0.14         |
|    clip_range           | 0.2          |
|    entropy_loss         | -9.6         |
|    explained_variance   | 0.999        |
|    learning_rate        | 0.0003       |
|    loss                 | -0.065       |
|    n_updates            | 920          |
|    policy_gradient_loss | -0.0179      |
|    std                  | 0.955        |
|    value_loss           | 0.000148     |
------------------------------------------
-----------------------------------------
| rollout/                |             |
|    ep_len_mean          | 199         |
|    ep_rew_mean          | 494         |
| time/                   |             |
|    fps                  | 19          |
|    iterations           | 94          |
|    time_elapsed         | 5028        |
|    total_timesteps      | 96256       |
| train/                  |             |
|    approx_kl            | 0.022222817 |
|    clip_fraction        | 0.232       |
|    clip_range           | 0.2         |
|    entropy_loss         | -9.6        |
|    explained_variance   | 0.999       |
|    learning_rate        | 0.0003      |
|    loss                 | -0.0783     |
|    n_updates            | 930         |
|    policy_gradient_loss | -0.0273     |
|    std                  | 0.955       |
|    value_loss           | 0.00011     |
-----------------------------------------
-----------------------------------------
| rollout/                |             |
|    ep_len_mean          | 199         |
|    ep_rew_mean          | 496         |
| time/                   |             |
|    fps                  | 19          |
|    iterations           | 95          |
|    time_elapsed         | 5083        |
|    total_timesteps      | 97280       |
| train/                  |             |
|    approx_kl            | 0.015552167 |
|    clip_fraction        | 0.194       |
|    clip_range           | 0.2         |
|    entropy_loss         | -9.59       |
|    explained_variance   | 1           |
|    learning_rate        | 0.0003      |
|    loss                 | -0.0779     |
|    n_updates            | 940         |
|    policy_gradient_loss | -0.024      |
|    std                  | 0.952       |
|    value_loss           | 5.93e-05    |
-----------------------------------------
-----------------------------------------
| rollout/                |             |
|    ep_len_mean          | 199         |
|    ep_rew_mean          | 497         |
| time/                   |             |
|    fps                  | 19          |
|    iterations           | 96          |
|    time_elapsed         | 5137        |
|    total_timesteps      | 98304       |
| train/                  |             |
|    approx_kl            | 0.023836736 |
|    clip_fraction        | 0.214       |
|    clip_range           | 0.2         |
|    entropy_loss         | -9.57       |
|    explained_variance   | 1           |
|    learning_rate        | 0.0003      |
|    loss                 | -0.0438     |
|    n_updates            | 950         |
|    policy_gradient_loss | -0.0163     |
|    std                  | 0.95        |
|    value_loss           | 0.00024     |
-----------------------------------------
-----------------------------------------
| rollout/                |             |
|    ep_len_mean          | 199         |
|    ep_rew_mean          | 496         |
| time/                   |             |
|    fps                  | 19          |
|    iterations           | 97          |
|    time_elapsed         | 5195        |
|    total_timesteps      | 99328       |
| train/                  |             |
|    approx_kl            | 0.016665492 |
|    clip_fraction        | 0.197       |
|    clip_range           | 0.2         |
|    entropy_loss         | -9.54       |
|    explained_variance   | 0.999       |
|    learning_rate        | 0.0003      |
|    loss                 | -0.0772     |
|    n_updates            | 960         |
|    policy_gradient_loss | -0.0257     |
|    std                  | 0.945       |
|    value_loss           | 0.000263    |
-----------------------------------------
-----------------------------------------
| rollout/                |             |
|    ep_len_mean          | 199         |
|    ep_rew_mean          | 501         |
| time/                   |             |
|    fps                  | 19          |
|    iterations           | 98          |
|    time_elapsed         | 5252        |
|    total_timesteps      | 100352      |
| train/                  |             |
|    approx_kl            | 0.012078259 |
|    clip_fraction        | 0.123       |
|    clip_range           | 0.2         |
|    entropy_loss         | -9.52       |
|    explained_variance   | 0.993       |
|    learning_rate        | 0.0003      |
|    loss                 | -0.0737     |
|    n_updates            | 970         |
|    policy_gradient_loss | -0.00654    |
|    std                  | 0.945       |
|    value_loss           | 0.000673    |
-----------------------------------------
 100% ------------------------ 100,352/100,000  [ 1:27:13 < 0:00:00 , 18 it/s ]
[train] saved model to checkpoints\ppo_ablaincourt.zip and stats to checkpoints\vecnormalize.pkl

[train] --- final evaluation (after training) ---
[eval] episode 1: raw return = 301.9886
[eval] episode 2: raw return = 555.4457
[eval] episode 3: raw return = 498.5846
[eval] mean raw return over 3 eps = 452.0063
