[train] building fresh PPO model
Using cpu device
Wrapping the env in a DummyVecEnv.

[train] --- baseline evaluation (before training) ---
[eval] episode 1: return = 267.6455
[eval] episode 2: return = 257.9160
[eval] mean return over 2 eps = 262.7808

[train] --- training for 100000 timesteps ---
Logging to logs/ppo_wf\PPO_2
---------------------------------
| rollout/           |          |
|    ep_len_mean     | 199      |
|    ep_rew_mean     | 556      |
| time/              |          |
|    fps             | 66       |
|    iterations      | 1        |
|    time_elapsed    | 15       |
|    total_timesteps | 1024     |
---------------------------------
------------------------------------------
| rollout/                |              |
|    ep_len_mean          | 199          |
|    ep_rew_mean          | 547          |
| time/                   |              |
|    fps                  | 66           |
|    iterations           | 2            |
|    time_elapsed         | 30           |
|    total_timesteps      | 2048         |
| train/                  |              |
|    approx_kl            | 0.0032750277 |
|    clip_fraction        | 0.0532       |
|    clip_range           | 0.2          |
|    entropy_loss         | -9.94        |
|    explained_variance   | -0.00752     |
|    learning_rate        | 0.0003       |
|    loss                 | 584          |
|    n_updates            | 10           |
|    policy_gradient_loss | -0.00274     |
|    std                  | 1            |
|    value_loss           | 1.42e+03     |
------------------------------------------
-----------------------------------------
| rollout/                |             |
|    ep_len_mean          | 199         |
|    ep_rew_mean          | 491         |
| time/                   |             |
|    fps                  | 66          |
|    iterations           | 3           |
|    time_elapsed         | 46          |
|    total_timesteps      | 3072        |
| train/                  |             |
|    approx_kl            | 0.007405193 |
|    clip_fraction        | 0.101       |
|    clip_range           | 0.2         |
|    entropy_loss         | -9.94       |
|    explained_variance   | 0.0019      |
|    learning_rate        | 0.0003      |
|    loss                 | 710         |
|    n_updates            | 20          |
|    policy_gradient_loss | -0.0132     |
|    std                  | 1           |
|    value_loss           | 1.47e+03    |
-----------------------------------------
-----------------------------------------
| rollout/                |             |
|    ep_len_mean          | 199         |
|    ep_rew_mean          | 493         |
| time/                   |             |
|    fps                  | 66          |
|    iterations           | 4           |
|    time_elapsed         | 61          |
|    total_timesteps      | 4096        |
| train/                  |             |
|    approx_kl            | 0.008638058 |
|    clip_fraction        | 0.12        |
|    clip_range           | 0.2         |
|    entropy_loss         | -9.95       |
|    explained_variance   | -1.55e-05   |
|    learning_rate        | 0.0003      |
|    loss                 | 395         |
|    n_updates            | 30          |
|    policy_gradient_loss | -0.0107     |
|    std                  | 1           |
|    value_loss           | 855         |
-----------------------------------------
-----------------------------------------
| rollout/                |             |
|    ep_len_mean          | 199         |
|    ep_rew_mean          | 495         |
| time/                   |             |
|    fps                  | 66          |
|    iterations           | 5           |
|    time_elapsed         | 77          |
|    total_timesteps      | 5120        |
| train/                  |             |
|    approx_kl            | 0.005330424 |
|    clip_fraction        | 0.0645      |
|    clip_range           | 0.2         |
|    entropy_loss         | -9.94       |
|    explained_variance   | 8.45e-05    |
|    learning_rate        | 0.0003      |
|    loss                 | 513         |
|    n_updates            | 40          |
|    policy_gradient_loss | -0.00896    |
|    std                  | 1           |
|    value_loss           | 1.17e+03    |
-----------------------------------------
------------------------------------------
| rollout/                |              |
|    ep_len_mean          | 199          |
|    ep_rew_mean          | 480          |
| time/                   |              |
|    fps                  | 66           |
|    iterations           | 6            |
|    time_elapsed         | 92           |
|    total_timesteps      | 6144         |
| train/                  |              |
|    approx_kl            | 0.0072009694 |
|    clip_fraction        | 0.103        |
|    clip_range           | 0.2          |
|    entropy_loss         | -9.93        |
|    explained_variance   | -1.19e-07    |
|    learning_rate        | 0.0003       |
|    loss                 | 625          |
|    n_updates            | 50           |
|    policy_gradient_loss | -0.0125      |
|    std                  | 1            |
|    value_loss           | 1.35e+03     |
------------------------------------------
-----------------------------------------
| rollout/                |             |
|    ep_len_mean          | 199         |
|    ep_rew_mean          | 465         |
| time/                   |             |
|    fps                  | 66          |
|    iterations           | 7           |
|    time_elapsed         | 108         |
|    total_timesteps      | 7168        |
| train/                  |             |
|    approx_kl            | 0.008158913 |
|    clip_fraction        | 0.101       |
|    clip_range           | 0.2         |
|    entropy_loss         | -9.93       |
|    explained_variance   | -4.37e-05   |
|    learning_rate        | 0.0003      |
|    loss                 | 355         |
|    n_updates            | 60          |
|    policy_gradient_loss | -0.0107     |
|    std                  | 1           |
|    value_loss           | 690         |
-----------------------------------------
-----------------------------------------
| rollout/                |             |
|    ep_len_mean          | 199         |
|    ep_rew_mean          | 468         |
| time/                   |             |
|    fps                  | 66          |
|    iterations           | 8           |
|    time_elapsed         | 123         |
|    total_timesteps      | 8192        |
| train/                  |             |
|    approx_kl            | 0.008874324 |
|    clip_fraction        | 0.0988      |
|    clip_range           | 0.2         |
|    entropy_loss         | -9.93       |
|    explained_variance   | 1.85e-06    |
|    learning_rate        | 0.0003      |
|    loss                 | 467         |
|    n_updates            | 70          |
|    policy_gradient_loss | -0.0112     |
|    std                  | 1           |
|    value_loss           | 858         |
-----------------------------------------
------------------------------------------
| rollout/                |              |
|    ep_len_mean          | 199          |
|    ep_rew_mean          | 476          |
| time/                   |              |
|    fps                  | 66           |
|    iterations           | 9            |
|    time_elapsed         | 139          |
|    total_timesteps      | 9216         |
| train/                  |              |
|    approx_kl            | 0.0066754613 |
|    clip_fraction        | 0.0665       |
|    clip_range           | 0.2          |
|    entropy_loss         | -9.93        |
|    explained_variance   | 0            |
|    learning_rate        | 0.0003       |
|    loss                 | 536          |
|    n_updates            | 80           |
|    policy_gradient_loss | -0.00604     |
|    std                  | 0.999        |
|    value_loss           | 1.15e+03     |
------------------------------------------
-----------------------------------------
| rollout/                |             |
|    ep_len_mean          | 199         |
|    ep_rew_mean          | 474         |
| time/                   |             |
|    fps                  | 66          |
|    iterations           | 10          |
|    time_elapsed         | 154         |
|    total_timesteps      | 10240       |
| train/                  |             |
|    approx_kl            | 0.010242731 |
|    clip_fraction        | 0.111       |
|    clip_range           | 0.2         |
|    entropy_loss         | -9.92       |
|    explained_variance   | 4.53e-06    |
|    learning_rate        | 0.0003      |
|    loss                 | 655         |
|    n_updates            | 90          |
|    policy_gradient_loss | -0.00824    |
|    std                  | 0.998       |
|    value_loss           | 1.35e+03    |
-----------------------------------------
------------------------------------------
| rollout/                |              |
|    ep_len_mean          | 199          |
|    ep_rew_mean          | 470          |
| time/                   |              |
|    fps                  | 66           |
|    iterations           | 11           |
|    time_elapsed         | 169          |
|    total_timesteps      | 11264        |
| train/                  |              |
|    approx_kl            | 0.0076239957 |
|    clip_fraction        | 0.101        |
|    clip_range           | 0.2          |
|    entropy_loss         | -9.91        |
|    explained_variance   | 2.38e-07     |
|    learning_rate        | 0.0003       |
|    loss                 | 449          |
|    n_updates            | 100          |
|    policy_gradient_loss | -0.0084      |
|    std                  | 0.995        |
|    value_loss           | 955          |
------------------------------------------
------------------------------------------
| rollout/                |              |
|    ep_len_mean          | 199          |
|    ep_rew_mean          | 468          |
| time/                   |              |
|    fps                  | 66           |
|    iterations           | 12           |
|    time_elapsed         | 185          |
|    total_timesteps      | 12288        |
| train/                  |              |
|    approx_kl            | 0.0055867927 |
|    clip_fraction        | 0.0496       |
|    clip_range           | 0.2          |
|    entropy_loss         | -9.89        |
|    explained_variance   | 5.96e-07     |
|    learning_rate        | 0.0003       |
|    loss                 | 365          |
|    n_updates            | 110          |
|    policy_gradient_loss | -0.0049      |
|    std                  | 0.994        |
|    value_loss           | 808          |
------------------------------------------
-----------------------------------------
| rollout/                |             |
|    ep_len_mean          | 199         |
|    ep_rew_mean          | 469         |
| time/                   |             |
|    fps                  | 66          |
|    iterations           | 13          |
|    time_elapsed         | 200         |
|    total_timesteps      | 13312       |
| train/                  |             |
|    approx_kl            | 0.014393705 |
|    clip_fraction        | 0.152       |
|    clip_range           | 0.2         |
|    entropy_loss         | -9.88       |
|    explained_variance   | -1.79e-06   |
|    learning_rate        | 0.0003      |
|    loss                 | 296         |
|    n_updates            | 120         |
|    policy_gradient_loss | -0.0112     |
|    std                  | 0.99        |
|    value_loss           | 632         |
-----------------------------------------
-----------------------------------------
| rollout/                |             |
|    ep_len_mean          | 199         |
|    ep_rew_mean          | 473         |
| time/                   |             |
|    fps                  | 66          |
|    iterations           | 14          |
|    time_elapsed         | 216         |
|    total_timesteps      | 14336       |
| train/                  |             |
|    approx_kl            | 0.008314796 |
|    clip_fraction        | 0.0967      |
|    clip_range           | 0.2         |
|    entropy_loss         | -9.86       |
|    explained_variance   | 5.98e-05    |
|    learning_rate        | 0.0003      |
|    loss                 | 440         |
|    n_updates            | 130         |
|    policy_gradient_loss | -0.00545    |
|    std                  | 0.99        |
|    value_loss           | 941         |
-----------------------------------------
-----------------------------------------
| rollout/                |             |
|    ep_len_mean          | 199         |
|    ep_rew_mean          | 472         |
| time/                   |             |
|    fps                  | 66          |
|    iterations           | 15          |
|    time_elapsed         | 231         |
|    total_timesteps      | 15360       |
| train/                  |             |
|    approx_kl            | 0.010554635 |
|    clip_fraction        | 0.101       |
|    clip_range           | 0.2         |
|    entropy_loss         | -9.87       |
|    explained_variance   | 3.06e-05    |
|    learning_rate        | 0.0003      |
|    loss                 | 547         |
|    n_updates            | 140         |
|    policy_gradient_loss | -0.00925    |
|    std                  | 0.993       |
|    value_loss           | 1.17e+03    |
-----------------------------------------
-----------------------------------------
| rollout/                |             |
|    ep_len_mean          | 199         |
|    ep_rew_mean          | 469         |
| time/                   |             |
|    fps                  | 66          |
|    iterations           | 16          |
|    time_elapsed         | 247         |
|    total_timesteps      | 16384       |
| train/                  |             |
|    approx_kl            | 0.009249912 |
|    clip_fraction        | 0.132       |
|    clip_range           | 0.2         |
|    entropy_loss         | -9.88       |
|    explained_variance   | 1.79e-07    |
|    learning_rate        | 0.0003      |
|    loss                 | 342         |
|    n_updates            | 150         |
|    policy_gradient_loss | -0.00757    |
|    std                  | 0.992       |
|    value_loss           | 771         |
-----------------------------------------
-----------------------------------------
| rollout/                |             |
|    ep_len_mean          | 199         |
|    ep_rew_mean          | 465         |
| time/                   |             |
|    fps                  | 57          |
|    iterations           | 17          |
|    time_elapsed         | 301         |
|    total_timesteps      | 17408       |
| train/                  |             |
|    approx_kl            | 0.007740909 |
|    clip_fraction        | 0.119       |
|    clip_range           | 0.2         |
|    entropy_loss         | -9.88       |
|    explained_variance   | 1.55e-06    |
|    learning_rate        | 0.0003      |
|    loss                 | 349         |
|    n_updates            | 160         |
|    policy_gradient_loss | -0.00881    |
|    std                  | 0.994       |
|    value_loss           | 718         |
-----------------------------------------
-----------------------------------------
| rollout/                |             |
|    ep_len_mean          | 199         |
|    ep_rew_mean          | 468         |
| time/                   |             |
|    fps                  | 52          |
|    iterations           | 18          |
|    time_elapsed         | 352         |
|    total_timesteps      | 18432       |
| train/                  |             |
|    approx_kl            | 0.010273959 |
|    clip_fraction        | 0.128       |
|    clip_range           | 0.2         |
|    entropy_loss         | -9.88       |
|    explained_variance   | 0           |
|    learning_rate        | 0.0003      |
|    loss                 | 251         |
|    n_updates            | 170         |
|    policy_gradient_loss | -0.00742    |
|    std                  | 0.993       |
|    value_loss           | 518         |
-----------------------------------------
-----------------------------------------
| rollout/                |             |
|    ep_len_mean          | 199         |
|    ep_rew_mean          | 465         |
| time/                   |             |
|    fps                  | 48          |
|    iterations           | 19          |
|    time_elapsed         | 403         |
|    total_timesteps      | 19456       |
| train/                  |             |
|    approx_kl            | 0.006012236 |
|    clip_fraction        | 0.0757      |
|    clip_range           | 0.2         |
|    entropy_loss         | -9.87       |
|    explained_variance   | 3.76e-06    |
|    learning_rate        | 0.0003      |
|    loss                 | 408         |
|    n_updates            | 180         |
|    policy_gradient_loss | -0.00486    |
|    std                  | 0.989       |
|    value_loss           | 916         |
-----------------------------------------
-----------------------------------------
| rollout/                |             |
|    ep_len_mean          | 199         |
|    ep_rew_mean          | 465         |
| time/                   |             |
|    fps                  | 44          |
|    iterations           | 20          |
|    time_elapsed         | 459         |
|    total_timesteps      | 20480       |
| train/                  |             |
|    approx_kl            | 0.010361967 |
|    clip_fraction        | 0.125       |
|    clip_range           | 0.2         |
|    entropy_loss         | -9.85       |
|    explained_variance   | 1.79e-07    |
|    learning_rate        | 0.0003      |
|    loss                 | 282         |
|    n_updates            | 190         |
|    policy_gradient_loss | -0.00896    |
|    std                  | 0.988       |
|    value_loss           | 606         |
-----------------------------------------
----------------------------------------
| rollout/                |            |
|    ep_len_mean          | 199        |
|    ep_rew_mean          | 461        |
| time/                   |            |
|    fps                  | 42         |
|    iterations           | 21         |
|    time_elapsed         | 509        |
|    total_timesteps      | 21504      |
| train/                  |            |
|    approx_kl            | 0.00914321 |
|    clip_fraction        | 0.0885     |
|    clip_range           | 0.2        |
|    entropy_loss         | -9.85      |
|    explained_variance   | 1.19e-07   |
|    learning_rate        | 0.0003     |
|    loss                 | 288        |
|    n_updates            | 200        |
|    policy_gradient_loss | -0.00304   |
|    std                  | 0.988      |
|    value_loss           | 637        |
----------------------------------------
------------------------------------------
| rollout/                |              |
|    ep_len_mean          | 199          |
|    ep_rew_mean          | 459          |
| time/                   |              |
|    fps                  | 39           |
|    iterations           | 22           |
|    time_elapsed         | 565          |
|    total_timesteps      | 22528        |
| train/                  |              |
|    approx_kl            | 0.0046110926 |
|    clip_fraction        | 0.0642       |
|    clip_range           | 0.2          |
|    entropy_loss         | -9.86        |
|    explained_variance   | 2.38e-07     |
|    learning_rate        | 0.0003       |
|    loss                 | 460          |
|    n_updates            | 210          |
|    policy_gradient_loss | -0.00627     |
|    std                  | 0.99         |
|    value_loss           | 892          |
------------------------------------------
------------------------------------------
| rollout/                |              |
|    ep_len_mean          | 199          |
|    ep_rew_mean          | 464          |
| time/                   |              |
|    fps                  | 38           |
|    iterations           | 23           |
|    time_elapsed         | 615          |
|    total_timesteps      | 23552        |
| train/                  |              |
|    approx_kl            | 0.0075942148 |
|    clip_fraction        | 0.0808       |
|    clip_range           | 0.2          |
|    entropy_loss         | -9.86        |
|    explained_variance   | 1.19e-07     |
|    learning_rate        | 0.0003       |
|    loss                 | 258          |
|    n_updates            | 220          |
|    policy_gradient_loss | -0.00765     |
|    std                  | 0.99         |
|    value_loss           | 570          |
------------------------------------------
------------------------------------------
| rollout/                |              |
|    ep_len_mean          | 199          |
|    ep_rew_mean          | 463          |
| time/                   |              |
|    fps                  | 36           |
|    iterations           | 24           |
|    time_elapsed         | 668          |
|    total_timesteps      | 24576        |
| train/                  |              |
|    approx_kl            | 0.0055686724 |
|    clip_fraction        | 0.0851       |
|    clip_range           | 0.2          |
|    entropy_loss         | -9.87        |
|    explained_variance   | 5.96e-08     |
|    learning_rate        | 0.0003       |
|    loss                 | 322          |
|    n_updates            | 230          |
|    policy_gradient_loss | -0.00632     |
|    std                  | 0.991        |
|    value_loss           | 709          |
------------------------------------------
-----------------------------------------
| rollout/                |             |
|    ep_len_mean          | 199         |
|    ep_rew_mean          | 459         |
| time/                   |             |
|    fps                  | 35          |
|    iterations           | 25          |
|    time_elapsed         | 722         |
|    total_timesteps      | 25600       |
| train/                  |             |
|    approx_kl            | 0.007053594 |
|    clip_fraction        | 0.0959      |
|    clip_range           | 0.2         |
|    entropy_loss         | -9.87       |
|    explained_variance   | 3.04e-06    |
|    learning_rate        | 0.0003      |
|    loss                 | 310         |
|    n_updates            | 240         |
|    policy_gradient_loss | -0.00847    |
|    std                  | 0.991       |
|    value_loss           | 741         |
-----------------------------------------
------------------------------------------
| rollout/                |              |
|    ep_len_mean          | 199          |
|    ep_rew_mean          | 457          |
| time/                   |              |
|    fps                  | 34           |
|    iterations           | 26           |
|    time_elapsed         | 777          |
|    total_timesteps      | 26624        |
| train/                  |              |
|    approx_kl            | 0.0067293285 |
|    clip_fraction        | 0.0896       |
|    clip_range           | 0.2          |
|    entropy_loss         | -9.88        |
|    explained_variance   | 0            |
|    learning_rate        | 0.0003       |
|    loss                 | 153          |
|    n_updates            | 250          |
|    policy_gradient_loss | -0.00405     |
|    std                  | 0.996        |
|    value_loss           | 330          |
------------------------------------------
----------------------------------------
| rollout/                |            |
|    ep_len_mean          | 199        |
|    ep_rew_mean          | 457        |
| time/                   |            |
|    fps                  | 33         |
|    iterations           | 27         |
|    time_elapsed         | 831        |
|    total_timesteps      | 27648      |
| train/                  |            |
|    approx_kl            | 0.00976887 |
|    clip_fraction        | 0.131      |
|    clip_range           | 0.2        |
|    entropy_loss         | -9.92      |
|    explained_variance   | 2.98e-06   |
|    learning_rate        | 0.0003     |
|    loss                 | 91.7       |
|    n_updates            | 260        |
|    policy_gradient_loss | -0.00664   |
|    std                  | 1          |
|    value_loss           | 253        |
----------------------------------------
------------------------------------------
| rollout/                |              |
|    ep_len_mean          | 199          |
|    ep_rew_mean          | 452          |
| time/                   |              |
|    fps                  | 32           |
|    iterations           | 28           |
|    time_elapsed         | 884          |
|    total_timesteps      | 28672        |
| train/                  |              |
|    approx_kl            | 0.0065580434 |
|    clip_fraction        | 0.0844       |
|    clip_range           | 0.2          |
|    entropy_loss         | -9.93        |
|    explained_variance   | 0            |
|    learning_rate        | 0.0003       |
|    loss                 | 296          |
|    n_updates            | 270          |
|    policy_gradient_loss | -0.00772     |
|    std                  | 1            |
|    value_loss           | 615          |
------------------------------------------
-----------------------------------------
| rollout/                |             |
|    ep_len_mean          | 199         |
|    ep_rew_mean          | 451         |
| time/                   |             |
|    fps                  | 31          |
|    iterations           | 29          |
|    time_elapsed         | 944         |
|    total_timesteps      | 29696       |
| train/                  |             |
|    approx_kl            | 0.009628894 |
|    clip_fraction        | 0.112       |
|    clip_range           | 0.2         |
|    entropy_loss         | -9.95       |
|    explained_variance   | -1.19e-07   |
|    learning_rate        | 0.0003      |
|    loss                 | 119         |
|    n_updates            | 280         |
|    policy_gradient_loss | -0.00707    |
|    std                  | 1           |
|    value_loss           | 287         |
-----------------------------------------
------------------------------------------
| rollout/                |              |
|    ep_len_mean          | 199          |
|    ep_rew_mean          | 449          |
| time/                   |              |
|    fps                  | 30           |
|    iterations           | 30           |
|    time_elapsed         | 998          |
|    total_timesteps      | 30720        |
| train/                  |              |
|    approx_kl            | 0.0049108746 |
|    clip_fraction        | 0.0676       |
|    clip_range           | 0.2          |
|    entropy_loss         | -9.95        |
|    explained_variance   | 0            |
|    learning_rate        | 0.0003       |
|    loss                 | 215          |
|    n_updates            | 290          |
|    policy_gradient_loss | -0.00497     |
|    std                  | 1            |
|    value_loss           | 479          |
------------------------------------------
-----------------------------------------
| rollout/                |             |
|    ep_len_mean          | 199         |
|    ep_rew_mean          | 451         |
| time/                   |             |
|    fps                  | 30          |
|    iterations           | 31          |
|    time_elapsed         | 1053        |
|    total_timesteps      | 31744       |
| train/                  |             |
|    approx_kl            | 0.011333387 |
|    clip_fraction        | 0.128       |
|    clip_range           | 0.2         |
|    entropy_loss         | -9.93       |
|    explained_variance   | -4.77e-07   |
|    learning_rate        | 0.0003      |
|    loss                 | 183         |
|    n_updates            | 300         |
|    policy_gradient_loss | -0.00616    |
|    std                  | 1           |
|    value_loss           | 399         |
-----------------------------------------
------------------------------------------
| rollout/                |              |
|    ep_len_mean          | 199          |
|    ep_rew_mean          | 448          |
| time/                   |              |
|    fps                  | 29           |
|    iterations           | 32           |
|    time_elapsed         | 1109         |
|    total_timesteps      | 32768        |
| train/                  |              |
|    approx_kl            | 0.0056450535 |
|    clip_fraction        | 0.0926       |
|    clip_range           | 0.2          |
|    entropy_loss         | -9.94        |
|    explained_variance   | -1.19e-07    |
|    learning_rate        | 0.0003       |
|    loss                 | 197          |
|    n_updates            | 310          |
|    policy_gradient_loss | -0.00544     |
|    std                  | 1            |
|    value_loss           | 420          |
------------------------------------------
-----------------------------------------
| rollout/                |             |
|    ep_len_mean          | 199         |
|    ep_rew_mean          | 444         |
| time/                   |             |
|    fps                  | 28          |
|    iterations           | 33          |
|    time_elapsed         | 1167        |
|    total_timesteps      | 33792       |
| train/                  |             |
|    approx_kl            | 0.011729096 |
|    clip_fraction        | 0.131       |
|    clip_range           | 0.2         |
|    entropy_loss         | -9.96       |
|    explained_variance   | 5.36e-07    |
|    learning_rate        | 0.0003      |
|    loss                 | 95.5        |
|    n_updates            | 320         |
|    policy_gradient_loss | -0.00945    |
|    std                  | 1           |
|    value_loss           | 246         |
-----------------------------------------
------------------------------------------
| rollout/                |              |
|    ep_len_mean          | 199          |
|    ep_rew_mean          | 439          |
| time/                   |              |
|    fps                  | 28           |
|    iterations           | 34           |
|    time_elapsed         | 1224         |
|    total_timesteps      | 34816        |
| train/                  |              |
|    approx_kl            | 0.0065880027 |
|    clip_fraction        | 0.0727       |
|    clip_range           | 0.2          |
|    entropy_loss         | -9.98        |
|    explained_variance   | 1.04e-05     |
|    learning_rate        | 0.0003       |
|    loss                 | 133          |
|    n_updates            | 330          |
|    policy_gradient_loss | -0.00759     |
|    std                  | 1.01         |
|    value_loss           | 336          |
------------------------------------------
-----------------------------------------
| rollout/                |             |
|    ep_len_mean          | 199         |
|    ep_rew_mean          | 438         |
| time/                   |             |
|    fps                  | 27          |
|    iterations           | 35          |
|    time_elapsed         | 1285        |
|    total_timesteps      | 35840       |
| train/                  |             |
|    approx_kl            | 0.012327958 |
|    clip_fraction        | 0.138       |
|    clip_range           | 0.2         |
|    entropy_loss         | -10         |
|    explained_variance   | -1.19e-07   |
|    learning_rate        | 0.0003      |
|    loss                 | 74.3        |
|    n_updates            | 340         |
|    policy_gradient_loss | -0.00772    |
|    std                  | 1.02        |
|    value_loss           | 167         |
-----------------------------------------
------------------------------------------
| rollout/                |              |
|    ep_len_mean          | 199          |
|    ep_rew_mean          | 440          |
| time/                   |              |
|    fps                  | 27           |
|    iterations           | 36           |
|    time_elapsed         | 1328         |
|    total_timesteps      | 36864        |
| train/                  |              |
|    approx_kl            | 0.0069100284 |
|    clip_fraction        | 0.0715       |
|    clip_range           | 0.2          |
|    entropy_loss         | -10          |
|    explained_variance   | 0            |
|    learning_rate        | 0.0003       |
|    loss                 | 141          |
|    n_updates            | 350          |
|    policy_gradient_loss | -0.00485     |
|    std                  | 1.01         |
|    value_loss           | 337          |
------------------------------------------
-----------------------------------------
| rollout/                |             |
|    ep_len_mean          | 199         |
|    ep_rew_mean          | 440         |
| time/                   |             |
|    fps                  | 27          |
|    iterations           | 37          |
|    time_elapsed         | 1376        |
|    total_timesteps      | 37888       |
| train/                  |             |
|    approx_kl            | 0.011095351 |
|    clip_fraction        | 0.149       |
|    clip_range           | 0.2         |
|    entropy_loss         | -10         |
|    explained_variance   | 2.44e-06    |
|    learning_rate        | 0.0003      |
|    loss                 | 127         |
|    n_updates            | 360         |
|    policy_gradient_loss | -0.00877    |
|    std                  | 1.02        |
|    value_loss           | 293         |
-----------------------------------------
-----------------------------------------
| rollout/                |             |
|    ep_len_mean          | 199         |
|    ep_rew_mean          | 440         |
| time/                   |             |
|    fps                  | 27          |
|    iterations           | 38          |
|    time_elapsed         | 1437        |
|    total_timesteps      | 38912       |
| train/                  |             |
|    approx_kl            | 0.009292208 |
|    clip_fraction        | 0.0847      |
|    clip_range           | 0.2         |
|    entropy_loss         | -10.1       |
|    explained_variance   | 5.96e-08    |
|    learning_rate        | 0.0003      |
|    loss                 | 112         |
|    n_updates            | 370         |
|    policy_gradient_loss | -0.00788    |
|    std                  | 1.02        |
|    value_loss           | 274         |
-----------------------------------------
-----------------------------------------
| rollout/                |             |
|    ep_len_mean          | 199         |
|    ep_rew_mean          | 441         |
| time/                   |             |
|    fps                  | 26          |
|    iterations           | 39          |
|    time_elapsed         | 1498        |
|    total_timesteps      | 39936       |
| train/                  |             |
|    approx_kl            | 0.008337814 |
|    clip_fraction        | 0.0915      |
|    clip_range           | 0.2         |
|    entropy_loss         | -10.1       |
|    explained_variance   | 0           |
|    learning_rate        | 0.0003      |
|    loss                 | 132         |
|    n_updates            | 380         |
|    policy_gradient_loss | -0.00946    |
|    std                  | 1.03        |
|    value_loss           | 334         |
-----------------------------------------
-----------------------------------------
| rollout/                |             |
|    ep_len_mean          | 199         |
|    ep_rew_mean          | 440         |
| time/                   |             |
|    fps                  | 26          |
|    iterations           | 40          |
|    time_elapsed         | 1557        |
|    total_timesteps      | 40960       |
| train/                  |             |
|    approx_kl            | 0.008629067 |
|    clip_fraction        | 0.0665      |
|    clip_range           | 0.2         |
|    entropy_loss         | -10.1       |
|    explained_variance   | 1.79e-07    |
|    learning_rate        | 0.0003      |
|    loss                 | 153         |
|    n_updates            | 390         |
|    policy_gradient_loss | -0.00386    |
|    std                  | 1.03        |
|    value_loss           | 369         |
-----------------------------------------
-----------------------------------------
| rollout/                |             |
|    ep_len_mean          | 199         |
|    ep_rew_mean          | 441         |
| time/                   |             |
|    fps                  | 25          |
|    iterations           | 41          |
|    time_elapsed         | 1614        |
|    total_timesteps      | 41984       |
| train/                  |             |
|    approx_kl            | 0.009802697 |
|    clip_fraction        | 0.134       |
|    clip_range           | 0.2         |
|    entropy_loss         | -10.1       |
|    explained_variance   | 1.61e-06    |
|    learning_rate        | 0.0003      |
|    loss                 | 52.9        |
|    n_updates            | 400         |
|    policy_gradient_loss | -0.00594    |
|    std                  | 1.03        |
|    value_loss           | 147         |
-----------------------------------------
-----------------------------------------
| rollout/                |             |
|    ep_len_mean          | 199         |
|    ep_rew_mean          | 437         |
| time/                   |             |
|    fps                  | 25          |
|    iterations           | 42          |
|    time_elapsed         | 1671        |
|    total_timesteps      | 43008       |
| train/                  |             |
|    approx_kl            | 0.008340523 |
|    clip_fraction        | 0.103       |
|    clip_range           | 0.2         |
|    entropy_loss         | -10.2       |
|    explained_variance   | 4.29e-06    |
|    learning_rate        | 0.0003      |
|    loss                 | 138         |
|    n_updates            | 410         |
|    policy_gradient_loss | -0.0053     |
|    std                  | 1.03        |
|    value_loss           | 285         |
-----------------------------------------
-----------------------------------------
| rollout/                |             |
|    ep_len_mean          | 199         |
|    ep_rew_mean          | 431         |
| time/                   |             |
|    fps                  | 25          |
|    iterations           | 43          |
|    time_elapsed         | 1724        |
|    total_timesteps      | 44032       |
| train/                  |             |
|    approx_kl            | 0.013133068 |
|    clip_fraction        | 0.162       |
|    clip_range           | 0.2         |
|    entropy_loss         | -10.2       |
|    explained_variance   | 5.96e-07    |
|    learning_rate        | 0.0003      |
|    loss                 | 53.8        |
|    n_updates            | 420         |
|    policy_gradient_loss | -0.00235    |
|    std                  | 1.04        |
|    value_loss           | 117         |
-----------------------------------------
----------------------------------------
| rollout/                |            |
|    ep_len_mean          | 199        |
|    ep_rew_mean          | 432        |
| time/                   |            |
|    fps                  | 25         |
|    iterations           | 44         |
|    time_elapsed         | 1781       |
|    total_timesteps      | 45056      |
| train/                  |            |
|    approx_kl            | 0.01270508 |
|    clip_fraction        | 0.207      |
|    clip_range           | 0.2        |
|    entropy_loss         | -10.2      |
|    explained_variance   | 2.38e-07   |
|    learning_rate        | 0.0003     |
|    loss                 | 82         |
|    n_updates            | 430        |
|    policy_gradient_loss | -0.00441   |
|    std                  | 1.04       |
|    value_loss           | 193        |
----------------------------------------
------------------------------------------
| rollout/                |              |
|    ep_len_mean          | 199          |
|    ep_rew_mean          | 435          |
| time/                   |              |
|    fps                  | 25           |
|    iterations           | 45           |
|    time_elapsed         | 1830         |
|    total_timesteps      | 46080        |
| train/                  |              |
|    approx_kl            | 0.0059811445 |
|    clip_fraction        | 0.0705       |
|    clip_range           | 0.2          |
|    entropy_loss         | -10.2        |
|    explained_variance   | 2.38e-07     |
|    learning_rate        | 0.0003       |
|    loss                 | 73.7         |
|    n_updates            | 440          |
|    policy_gradient_loss | -0.00485     |
|    std                  | 1.04         |
|    value_loss           | 181          |
------------------------------------------
-----------------------------------------
| rollout/                |             |
|    ep_len_mean          | 199         |
|    ep_rew_mean          | 442         |
| time/                   |             |
|    fps                  | 24          |
|    iterations           | 46          |
|    time_elapsed         | 1886        |
|    total_timesteps      | 47104       |
| train/                  |             |
|    approx_kl            | 0.007744209 |
|    clip_fraction        | 0.127       |
|    clip_range           | 0.2         |
|    entropy_loss         | -10.2       |
|    explained_variance   | 5.96e-08    |
|    learning_rate        | 0.0003      |
|    loss                 | 80.7        |
|    n_updates            | 450         |
|    policy_gradient_loss | -0.00564    |
|    std                  | 1.03        |
|    value_loss           | 197         |
-----------------------------------------
-----------------------------------------
| rollout/                |             |
|    ep_len_mean          | 199         |
|    ep_rew_mean          | 444         |
| time/                   |             |
|    fps                  | 24          |
|    iterations           | 47          |
|    time_elapsed         | 1942        |
|    total_timesteps      | 48128       |
| train/                  |             |
|    approx_kl            | 0.007049741 |
|    clip_fraction        | 0.0838      |
|    clip_range           | 0.2         |
|    entropy_loss         | -10.2       |
|    explained_variance   | 5.96e-08    |
|    learning_rate        | 0.0003      |
|    loss                 | 103         |
|    n_updates            | 460         |
|    policy_gradient_loss | -0.00555    |
|    std                  | 1.04        |
|    value_loss           | 247         |
-----------------------------------------
-----------------------------------------
| rollout/                |             |
|    ep_len_mean          | 199         |
|    ep_rew_mean          | 439         |
| time/                   |             |
|    fps                  | 24          |
|    iterations           | 48          |
|    time_elapsed         | 2001        |
|    total_timesteps      | 49152       |
| train/                  |             |
|    approx_kl            | 0.008846089 |
|    clip_fraction        | 0.0963      |
|    clip_range           | 0.2         |
|    entropy_loss         | -10.2       |
|    explained_variance   | 1.25e-06    |
|    learning_rate        | 0.0003      |
|    loss                 | 71.6        |
|    n_updates            | 470         |
|    policy_gradient_loss | -0.00831    |
|    std                  | 1.04        |
|    value_loss           | 183         |
-----------------------------------------
-----------------------------------------
| rollout/                |             |
|    ep_len_mean          | 199         |
|    ep_rew_mean          | 442         |
| time/                   |             |
|    fps                  | 24          |
|    iterations           | 49          |
|    time_elapsed         | 2059        |
|    total_timesteps      | 50176       |
| train/                  |             |
|    approx_kl            | 0.022535212 |
|    clip_fraction        | 0.196       |
|    clip_range           | 0.2         |
|    entropy_loss         | -10.2       |
|    explained_variance   | 0           |
|    learning_rate        | 0.0003      |
|    loss                 | 23          |
|    n_updates            | 480         |
|    policy_gradient_loss | -0.00541    |
|    std                  | 1.04        |
|    value_loss           | 59.3        |
-----------------------------------------
-----------------------------------------
| rollout/                |             |
|    ep_len_mean          | 199         |
|    ep_rew_mean          | 444         |
| time/                   |             |
|    fps                  | 24          |
|    iterations           | 50          |
|    time_elapsed         | 2113        |
|    total_timesteps      | 51200       |
| train/                  |             |
|    approx_kl            | 0.006033208 |
|    clip_fraction        | 0.131       |
|    clip_range           | 0.2         |
|    entropy_loss         | -10.2       |
|    explained_variance   | 4.17e-07    |
|    learning_rate        | 0.0003      |
|    loss                 | 79.5        |
|    n_updates            | 490         |
|    policy_gradient_loss | 0.00272     |
|    std                  | 1.04        |
|    value_loss           | 197         |
-----------------------------------------
-----------------------------------------
| rollout/                |             |
|    ep_len_mean          | 199         |
|    ep_rew_mean          | 445         |
| time/                   |             |
|    fps                  | 23          |
|    iterations           | 51          |
|    time_elapsed         | 2176        |
|    total_timesteps      | 52224       |
| train/                  |             |
|    approx_kl            | 0.010112147 |
|    clip_fraction        | 0.117       |
|    clip_range           | 0.2         |
|    entropy_loss         | -10.2       |
|    explained_variance   | 0           |
|    learning_rate        | 0.0003      |
|    loss                 | 51.8        |
|    n_updates            | 500         |
|    policy_gradient_loss | -0.00761    |
|    std                  | 1.04        |
|    value_loss           | 112         |
-----------------------------------------
-----------------------------------------
| rollout/                |             |
|    ep_len_mean          | 199         |
|    ep_rew_mean          | 449         |
| time/                   |             |
|    fps                  | 23          |
|    iterations           | 52          |
|    time_elapsed         | 2239        |
|    total_timesteps      | 53248       |
| train/                  |             |
|    approx_kl            | 0.009276828 |
|    clip_fraction        | 0.119       |
|    clip_range           | 0.2         |
|    entropy_loss         | -10.2       |
|    explained_variance   | 0           |
|    learning_rate        | 0.0003      |
|    loss                 | 77.3        |
|    n_updates            | 510         |
|    policy_gradient_loss | -0.0123     |
|    std                  | 1.05        |
|    value_loss           | 183         |
-----------------------------------------
------------------------------------------
| rollout/                |              |
|    ep_len_mean          | 199          |
|    ep_rew_mean          | 453          |
| time/                   |              |
|    fps                  | 23           |
|    iterations           | 53           |
|    time_elapsed         | 2295         |
|    total_timesteps      | 54272        |
| train/                  |              |
|    approx_kl            | 0.0075749196 |
|    clip_fraction        | 0.0967       |
|    clip_range           | 0.2          |
|    entropy_loss         | -10.3        |
|    explained_variance   | 8.94e-07     |
|    learning_rate        | 0.0003       |
|    loss                 | 58.5         |
|    n_updates            | 520          |
|    policy_gradient_loss | -0.0119      |
|    std                  | 1.05         |
|    value_loss           | 166          |
------------------------------------------
-----------------------------------------
| rollout/                |             |
|    ep_len_mean          | 199         |
|    ep_rew_mean          | 458         |
| time/                   |             |
|    fps                  | 23          |
|    iterations           | 54          |
|    time_elapsed         | 2357        |
|    total_timesteps      | 55296       |
| train/                  |             |
|    approx_kl            | 0.008299612 |
|    clip_fraction        | 0.0752      |
|    clip_range           | 0.2         |
|    entropy_loss         | -10.3       |
|    explained_variance   | 5.96e-08    |
|    learning_rate        | 0.0003      |
|    loss                 | 87.5        |
|    n_updates            | 530         |
|    policy_gradient_loss | -0.00785    |
|    std                  | 1.05        |
|    value_loss           | 221         |
-----------------------------------------
-----------------------------------------
| rollout/                |             |
|    ep_len_mean          | 199         |
|    ep_rew_mean          | 461         |
| time/                   |             |
|    fps                  | 23          |
|    iterations           | 55          |
|    time_elapsed         | 2413        |
|    total_timesteps      | 56320       |
| train/                  |             |
|    approx_kl            | 0.006949198 |
|    clip_fraction        | 0.0848      |
|    clip_range           | 0.2         |
|    entropy_loss         | -10.3       |
|    explained_variance   | 0           |
|    learning_rate        | 0.0003      |
|    loss                 | 77.4        |
|    n_updates            | 540         |
|    policy_gradient_loss | -0.00701    |
|    std                  | 1.05        |
|    value_loss           | 182         |
-----------------------------------------
-----------------------------------------
| rollout/                |             |
|    ep_len_mean          | 199         |
|    ep_rew_mean          | 469         |
| time/                   |             |
|    fps                  | 23          |
|    iterations           | 56          |
|    time_elapsed         | 2472        |
|    total_timesteps      | 57344       |
| train/                  |             |
|    approx_kl            | 0.008036842 |
|    clip_fraction        | 0.101       |
|    clip_range           | 0.2         |
|    entropy_loss         | -10.3       |
|    explained_variance   | 1.19e-07    |
|    learning_rate        | 0.0003      |
|    loss                 | 71.1        |
|    n_updates            | 550         |
|    policy_gradient_loss | -0.0119     |
|    std                  | 1.05        |
|    value_loss           | 176         |
-----------------------------------------
-----------------------------------------
| rollout/                |             |
|    ep_len_mean          | 199         |
|    ep_rew_mean          | 466         |
| time/                   |             |
|    fps                  | 23          |
|    iterations           | 57          |
|    time_elapsed         | 2531        |
|    total_timesteps      | 58368       |
| train/                  |             |
|    approx_kl            | 0.008627314 |
|    clip_fraction        | 0.116       |
|    clip_range           | 0.2         |
|    entropy_loss         | -10.3       |
|    explained_variance   | -3.58e-07   |
|    learning_rate        | 0.0003      |
|    loss                 | 58.5        |
|    n_updates            | 560         |
|    policy_gradient_loss | -0.00584    |
|    std                  | 1.05        |
|    value_loss           | 143         |
-----------------------------------------
-----------------------------------------
| rollout/                |             |
|    ep_len_mean          | 199         |
|    ep_rew_mean          | 462         |
| time/                   |             |
|    fps                  | 22          |
|    iterations           | 58          |
|    time_elapsed         | 2590        |
|    total_timesteps      | 59392       |
| train/                  |             |
|    approx_kl            | 0.011712916 |
|    clip_fraction        | 0.126       |
|    clip_range           | 0.2         |
|    entropy_loss         | -10.3       |
|    explained_variance   | 0           |
|    learning_rate        | 0.0003      |
|    loss                 | 32.7        |
|    n_updates            | 570         |
|    policy_gradient_loss | -0.00699    |
|    std                  | 1.05        |
|    value_loss           | 70.9        |
-----------------------------------------
------------------------------------------
| rollout/                |              |
|    ep_len_mean          | 199          |
|    ep_rew_mean          | 461          |
| time/                   |              |
|    fps                  | 22           |
|    iterations           | 59           |
|    time_elapsed         | 2646         |
|    total_timesteps      | 60416        |
| train/                  |              |
|    approx_kl            | 0.0055879094 |
|    clip_fraction        | 0.094        |
|    clip_range           | 0.2          |
|    entropy_loss         | -10.3        |
|    explained_variance   | 0            |
|    learning_rate        | 0.0003       |
|    loss                 | 48           |
|    n_updates            | 580          |
|    policy_gradient_loss | -0.00462     |
|    std                  | 1.06         |
|    value_loss           | 112          |
------------------------------------------
----------------------------------------
| rollout/                |            |
|    ep_len_mean          | 199        |
|    ep_rew_mean          | 466        |
| time/                   |            |
|    fps                  | 22         |
|    iterations           | 60         |
|    time_elapsed         | 2704       |
|    total_timesteps      | 61440      |
| train/                  |            |
|    approx_kl            | 0.01099296 |
|    clip_fraction        | 0.103      |
|    clip_range           | 0.2        |
|    entropy_loss         | -10.3      |
|    explained_variance   | 3.04e-06   |
|    learning_rate        | 0.0003     |
|    loss                 | 22.7       |
|    n_updates            | 590        |
|    policy_gradient_loss | -0.00261   |
|    std                  | 1.06       |
|    value_loss           | 61.8       |
----------------------------------------
-----------------------------------------
| rollout/                |             |
|    ep_len_mean          | 199         |
|    ep_rew_mean          | 466         |
| time/                   |             |
|    fps                  | 22          |
|    iterations           | 61          |
|    time_elapsed         | 2763        |
|    total_timesteps      | 62464       |
| train/                  |             |
|    approx_kl            | 0.006975813 |
|    clip_fraction        | 0.117       |
|    clip_range           | 0.2         |
|    entropy_loss         | -10.4       |
|    explained_variance   | 5.36e-07    |
|    learning_rate        | 0.0003      |
|    loss                 | 49.3        |
|    n_updates            | 600         |
|    policy_gradient_loss | -0.00571    |
|    std                  | 1.06        |
|    value_loss           | 109         |
-----------------------------------------
----------------------------------------
| rollout/                |            |
|    ep_len_mean          | 199        |
|    ep_rew_mean          | 463        |
| time/                   |            |
|    fps                  | 22         |
|    iterations           | 62         |
|    time_elapsed         | 2821       |
|    total_timesteps      | 63488      |
| train/                  |            |
|    approx_kl            | 0.04189454 |
|    clip_fraction        | 0.204      |
|    clip_range           | 0.2        |
|    entropy_loss         | -10.3      |
|    explained_variance   | 5.96e-07   |
|    learning_rate        | 0.0003     |
|    loss                 | 42.3       |
|    n_updates            | 610        |
|    policy_gradient_loss | -0.00267   |
|    std                  | 1.06       |
|    value_loss           | 81.2       |
----------------------------------------
-----------------------------------------
| rollout/                |             |
|    ep_len_mean          | 199         |
|    ep_rew_mean          | 460         |
| time/                   |             |
|    fps                  | 22          |
|    iterations           | 63          |
|    time_elapsed         | 2873        |
|    total_timesteps      | 64512       |
| train/                  |             |
|    approx_kl            | 0.011429393 |
|    clip_fraction        | 0.262       |
|    clip_range           | 0.2         |
|    entropy_loss         | -10.3       |
|    explained_variance   | -3.58e-06   |
|    learning_rate        | 0.0003      |
|    loss                 | 22.3        |
|    n_updates            | 620         |
|    policy_gradient_loss | 0.00366     |
|    std                  | 1.06        |
|    value_loss           | 47.2        |
-----------------------------------------
-----------------------------------------
| rollout/                |             |
|    ep_len_mean          | 199         |
|    ep_rew_mean          | 461         |
| time/                   |             |
|    fps                  | 22          |
|    iterations           | 64          |
|    time_elapsed         | 2929        |
|    total_timesteps      | 65536       |
| train/                  |             |
|    approx_kl            | 0.019513827 |
|    clip_fraction        | 0.135       |
|    clip_range           | 0.2         |
|    entropy_loss         | -10.3       |
|    explained_variance   | -0.0118     |
|    learning_rate        | 0.0003      |
|    loss                 | 18.3        |
|    n_updates            | 630         |
|    policy_gradient_loss | -0.00629    |
|    std                  | 1.05        |
|    value_loss           | 41.3        |
-----------------------------------------
------------------------------------------
| rollout/                |              |
|    ep_len_mean          | 199          |
|    ep_rew_mean          | 456          |
| time/                   |              |
|    fps                  | 22           |
|    iterations           | 65           |
|    time_elapsed         | 2990         |
|    total_timesteps      | 66560        |
| train/                  |              |
|    approx_kl            | 0.0045578154 |
|    clip_fraction        | 0.0432       |
|    clip_range           | 0.2          |
|    entropy_loss         | -10.3        |
|    explained_variance   | 0.000156     |
|    learning_rate        | 0.0003       |
|    loss                 | 38.4         |
|    n_updates            | 640          |
|    policy_gradient_loss | -0.00335     |
|    std                  | 1.05         |
|    value_loss           | 81.4         |
------------------------------------------
-----------------------------------------
| rollout/                |             |
|    ep_len_mean          | 199         |
|    ep_rew_mean          | 453         |
| time/                   |             |
|    fps                  | 22          |
|    iterations           | 66          |
|    time_elapsed         | 3045        |
|    total_timesteps      | 67584       |
| train/                  |             |
|    approx_kl            | 0.011256223 |
|    clip_fraction        | 0.147       |
|    clip_range           | 0.2         |
|    entropy_loss         | -10.3       |
|    explained_variance   | -0.00668    |
|    learning_rate        | 0.0003      |
|    loss                 | 41.8        |
|    n_updates            | 650         |
|    policy_gradient_loss | -0.00792    |
|    std                  | 1.05        |
|    value_loss           | 79.6        |
-----------------------------------------
-----------------------------------------
| rollout/                |             |
|    ep_len_mean          | 199         |
|    ep_rew_mean          | 455         |
| time/                   |             |
|    fps                  | 22          |
|    iterations           | 67          |
|    time_elapsed         | 3105        |
|    total_timesteps      | 68608       |
| train/                  |             |
|    approx_kl            | 0.007927031 |
|    clip_fraction        | 0.121       |
|    clip_range           | 0.2         |
|    entropy_loss         | -10.3       |
|    explained_variance   | 2.21e-06    |
|    learning_rate        | 0.0003      |
|    loss                 | 32.2        |
|    n_updates            | 660         |
|    policy_gradient_loss | -0.00199    |
|    std                  | 1.05        |
|    value_loss           | 68          |
-----------------------------------------
------------------------------------------
| rollout/                |              |
|    ep_len_mean          | 199          |
|    ep_rew_mean          | 458          |
| time/                   |              |
|    fps                  | 22           |
|    iterations           | 68           |
|    time_elapsed         | 3159         |
|    total_timesteps      | 69632        |
| train/                  |              |
|    approx_kl            | 0.0061118277 |
|    clip_fraction        | 0.0465       |
|    clip_range           | 0.2          |
|    entropy_loss         | -10.3        |
|    explained_variance   | 0.0519       |
|    learning_rate        | 0.0003       |
|    loss                 | 20.9         |
|    n_updates            | 670          |
|    policy_gradient_loss | -0.007       |
|    std                  | 1.05         |
|    value_loss           | 45.4         |
------------------------------------------
-----------------------------------------
| rollout/                |             |
|    ep_len_mean          | 199         |
|    ep_rew_mean          | 462         |
| time/                   |             |
|    fps                  | 21          |
|    iterations           | 69          |
|    time_elapsed         | 3218        |
|    total_timesteps      | 70656       |
| train/                  |             |
|    approx_kl            | 0.010161509 |
|    clip_fraction        | 0.056       |
|    clip_range           | 0.2         |
|    entropy_loss         | -10.3       |
|    explained_variance   | 0.000509    |
|    learning_rate        | 0.0003      |
|    loss                 | 17.9        |
|    n_updates            | 680         |
|    policy_gradient_loss | -0.00761    |
|    std                  | 1.05        |
|    value_loss           | 51.7        |
-----------------------------------------
-----------------------------------------
| rollout/                |             |
|    ep_len_mean          | 199         |
|    ep_rew_mean          | 458         |
| time/                   |             |
|    fps                  | 21          |
|    iterations           | 70          |
|    time_elapsed         | 3273        |
|    total_timesteps      | 71680       |
| train/                  |             |
|    approx_kl            | 0.005997374 |
|    clip_fraction        | 0.0675      |
|    clip_range           | 0.2         |
|    entropy_loss         | -10.3       |
|    explained_variance   | 0.000229    |
|    learning_rate        | 0.0003      |
|    loss                 | 31.4        |
|    n_updates            | 690         |
|    policy_gradient_loss | -0.00486    |
|    std                  | 1.05        |
|    value_loss           | 68.1        |
-----------------------------------------
-----------------------------------------
| rollout/                |             |
|    ep_len_mean          | 199         |
|    ep_rew_mean          | 457         |
| time/                   |             |
|    fps                  | 21          |
|    iterations           | 71          |
|    time_elapsed         | 3335        |
|    total_timesteps      | 72704       |
| train/                  |             |
|    approx_kl            | 0.009655578 |
|    clip_fraction        | 0.113       |
|    clip_range           | 0.2         |
|    entropy_loss         | -10.3       |
|    explained_variance   | 0.000155    |
|    learning_rate        | 0.0003      |
|    loss                 | 25.5        |
|    n_updates            | 700         |
|    policy_gradient_loss | -0.00138    |
|    std                  | 1.05        |
|    value_loss           | 50.2        |
-----------------------------------------
-----------------------------------------
| rollout/                |             |
|    ep_len_mean          | 199         |
|    ep_rew_mean          | 451         |
| time/                   |             |
|    fps                  | 21          |
|    iterations           | 72          |
|    time_elapsed         | 3391        |
|    total_timesteps      | 73728       |
| train/                  |             |
|    approx_kl            | 0.006706277 |
|    clip_fraction        | 0.0728      |
|    clip_range           | 0.2         |
|    entropy_loss         | -10.3       |
|    explained_variance   | 0.000304    |
|    learning_rate        | 0.0003      |
|    loss                 | 47.9        |
|    n_updates            | 710         |
|    policy_gradient_loss | -0.00524    |
|    std                  | 1.05        |
|    value_loss           | 99.1        |
-----------------------------------------
-----------------------------------------
| rollout/                |             |
|    ep_len_mean          | 199         |
|    ep_rew_mean          | 446         |
| time/                   |             |
|    fps                  | 21          |
|    iterations           | 73          |
|    time_elapsed         | 3449        |
|    total_timesteps      | 74752       |
| train/                  |             |
|    approx_kl            | 0.008844973 |
|    clip_fraction        | 0.0739      |
|    clip_range           | 0.2         |
|    entropy_loss         | -10.3       |
|    explained_variance   | 5.96e-08    |
|    learning_rate        | 0.0003      |
|    loss                 | 13.7        |
|    n_updates            | 720         |
|    policy_gradient_loss | -0.00582    |
|    std                  | 1.05        |
|    value_loss           | 33          |
-----------------------------------------
-----------------------------------------
| rollout/                |             |
|    ep_len_mean          | 199         |
|    ep_rew_mean          | 445         |
| time/                   |             |
|    fps                  | 21          |
|    iterations           | 74          |
|    time_elapsed         | 3502        |
|    total_timesteps      | 75776       |
| train/                  |             |
|    approx_kl            | 0.008266313 |
|    clip_fraction        | 0.102       |
|    clip_range           | 0.2         |
|    entropy_loss         | -10.3       |
|    explained_variance   | -2.38e-07   |
|    learning_rate        | 0.0003      |
|    loss                 | 32.5        |
|    n_updates            | 730         |
|    policy_gradient_loss | -0.00348    |
|    std                  | 1.05        |
|    value_loss           | 62.8        |
-----------------------------------------
-----------------------------------------
| rollout/                |             |
|    ep_len_mean          | 199         |
|    ep_rew_mean          | 441         |
| time/                   |             |
|    fps                  | 21          |
|    iterations           | 75          |
|    time_elapsed         | 3554        |
|    total_timesteps      | 76800       |
| train/                  |             |
|    approx_kl            | 0.006763201 |
|    clip_fraction        | 0.0721      |
|    clip_range           | 0.2         |
|    entropy_loss         | -10.3       |
|    explained_variance   | 0           |
|    learning_rate        | 0.0003      |
|    loss                 | 42.4        |
|    n_updates            | 740         |
|    policy_gradient_loss | -0.00294    |
|    std                  | 1.05        |
|    value_loss           | 88.9        |
-----------------------------------------
-----------------------------------------
| rollout/                |             |
|    ep_len_mean          | 199         |
|    ep_rew_mean          | 440         |
| time/                   |             |
|    fps                  | 21          |
|    iterations           | 76          |
|    time_elapsed         | 3610        |
|    total_timesteps      | 77824       |
| train/                  |             |
|    approx_kl            | 0.007821346 |
|    clip_fraction        | 0.0852      |
|    clip_range           | 0.2         |
|    entropy_loss         | -10.3       |
|    explained_variance   | -1.19e-07   |
|    learning_rate        | 0.0003      |
|    loss                 | 35.2        |
|    n_updates            | 750         |
|    policy_gradient_loss | -0.00499    |
|    std                  | 1.05        |
|    value_loss           | 74.4        |
-----------------------------------------
-----------------------------------------
| rollout/                |             |
|    ep_len_mean          | 199         |
|    ep_rew_mean          | 439         |
| time/                   |             |
|    fps                  | 21          |
|    iterations           | 77          |
|    time_elapsed         | 3666        |
|    total_timesteps      | 78848       |
| train/                  |             |
|    approx_kl            | 0.008958101 |
|    clip_fraction        | 0.0604      |
|    clip_range           | 0.2         |
|    entropy_loss         | -10.3       |
|    explained_variance   | -1.19e-07   |
|    learning_rate        | 0.0003      |
|    loss                 | 69.2        |
|    n_updates            | 760         |
|    policy_gradient_loss | -0.00647    |
|    std                  | 1.05        |
|    value_loss           | 136         |
-----------------------------------------
-----------------------------------------
| rollout/                |             |
|    ep_len_mean          | 199         |
|    ep_rew_mean          | 441         |
| time/                   |             |
|    fps                  | 21          |
|    iterations           | 78          |
|    time_elapsed         | 3724        |
|    total_timesteps      | 79872       |
| train/                  |             |
|    approx_kl            | 0.012189975 |
|    clip_fraction        | 0.132       |
|    clip_range           | 0.2         |
|    entropy_loss         | -10.3       |
|    explained_variance   | 0           |
|    learning_rate        | 0.0003      |
|    loss                 | 43.1        |
|    n_updates            | 770         |
|    policy_gradient_loss | -0.00472    |
|    std                  | 1.05        |
|    value_loss           | 83.1        |
-----------------------------------------
------------------------------------------
| rollout/                |              |
|    ep_len_mean          | 199          |
|    ep_rew_mean          | 438          |
| time/                   |              |
|    fps                  | 21           |
|    iterations           | 79           |
|    time_elapsed         | 3777         |
|    total_timesteps      | 80896        |
| train/                  |              |
|    approx_kl            | 0.0076313047 |
|    clip_fraction        | 0.127        |
|    clip_range           | 0.2          |
|    entropy_loss         | -10.3        |
|    explained_variance   | 1.19e-07     |
|    learning_rate        | 0.0003       |
|    loss                 | 22.6         |
|    n_updates            | 780          |
|    policy_gradient_loss | -0.00469     |
|    std                  | 1.05         |
|    value_loss           | 52.3         |
------------------------------------------
-----------------------------------------
| rollout/                |             |
|    ep_len_mean          | 199         |
|    ep_rew_mean          | 437         |
| time/                   |             |
|    fps                  | 21          |
|    iterations           | 80          |
|    time_elapsed         | 3827        |
|    total_timesteps      | 81920       |
| train/                  |             |
|    approx_kl            | 0.006800318 |
|    clip_fraction        | 0.03        |
|    clip_range           | 0.2         |
|    entropy_loss         | -10.3       |
|    explained_variance   | 5.96e-08    |
|    learning_rate        | 0.0003      |
|    loss                 | 54.1        |
|    n_updates            | 790         |
|    policy_gradient_loss | -0.00459    |
|    std                  | 1.05        |
|    value_loss           | 110         |
-----------------------------------------
-----------------------------------------
| rollout/                |             |
|    ep_len_mean          | 199         |
|    ep_rew_mean          | 436         |
| time/                   |             |
|    fps                  | 21          |
|    iterations           | 81          |
|    time_elapsed         | 3874        |
|    total_timesteps      | 82944       |
| train/                  |             |
|    approx_kl            | 0.007746282 |
|    clip_fraction        | 0.117       |
|    clip_range           | 0.2         |
|    entropy_loss         | -10.3       |
|    explained_variance   | 0           |
|    learning_rate        | 0.0003      |
|    loss                 | 53.9        |
|    n_updates            | 800         |
|    policy_gradient_loss | -0.00935    |
|    std                  | 1.05        |
|    value_loss           | 88          |
-----------------------------------------
------------------------------------------
| rollout/                |              |
|    ep_len_mean          | 199          |
|    ep_rew_mean          | 442          |
| time/                   |              |
|    fps                  | 21           |
|    iterations           | 82           |
|    time_elapsed         | 3921         |
|    total_timesteps      | 83968        |
| train/                  |              |
|    approx_kl            | 0.0092962785 |
|    clip_fraction        | 0.102        |
|    clip_range           | 0.2          |
|    entropy_loss         | -10.3        |
|    explained_variance   | 5.1e-05      |
|    learning_rate        | 0.0003       |
|    loss                 | 42.9         |
|    n_updates            | 810          |
|    policy_gradient_loss | -0.0053      |
|    std                  | 1.05         |
|    value_loss           | 90.2         |
------------------------------------------
-----------------------------------------
| rollout/                |             |
|    ep_len_mean          | 199         |
|    ep_rew_mean          | 446         |
| time/                   |             |
|    fps                  | 21          |
|    iterations           | 83          |
|    time_elapsed         | 3968        |
|    total_timesteps      | 84992       |
| train/                  |             |
|    approx_kl            | 0.004664107 |
|    clip_fraction        | 0.0138      |
|    clip_range           | 0.2         |
|    entropy_loss         | -10.3       |
|    explained_variance   | 0.0501      |
|    learning_rate        | 0.0003      |
|    loss                 | 12.6        |
|    n_updates            | 820         |
|    policy_gradient_loss | -0.00366    |
|    std                  | 1.05        |
|    value_loss           | 26          |
-----------------------------------------
-----------------------------------------
| rollout/                |             |
|    ep_len_mean          | 199         |
|    ep_rew_mean          | 448         |
| time/                   |             |
|    fps                  | 21          |
|    iterations           | 84          |
|    time_elapsed         | 4016        |
|    total_timesteps      | 86016       |
| train/                  |             |
|    approx_kl            | 0.001387543 |
|    clip_fraction        | 0.00244     |
|    clip_range           | 0.2         |
|    entropy_loss         | -10.3       |
|    explained_variance   | 0.0958      |
|    learning_rate        | 0.0003      |
|    loss                 | 52.4        |
|    n_updates            | 830         |
|    policy_gradient_loss | -0.00206    |
|    std                  | 1.05        |
|    value_loss           | 111         |
-----------------------------------------
----------------------------------------
| rollout/                |            |
|    ep_len_mean          | 199        |
|    ep_rew_mean          | 450        |
| time/                   |            |
|    fps                  | 21         |
|    iterations           | 85         |
|    time_elapsed         | 4068       |
|    total_timesteps      | 87040      |
| train/                  |            |
|    approx_kl            | 0.00906427 |
|    clip_fraction        | 0.0751     |
|    clip_range           | 0.2        |
|    entropy_loss         | -10.3      |
|    explained_variance   | 0.00118    |
|    learning_rate        | 0.0003     |
|    loss                 | 19.5       |
|    n_updates            | 840        |
|    policy_gradient_loss | -0.00156   |
|    std                  | 1.06       |
|    value_loss           | 36.8       |
----------------------------------------
-----------------------------------------
| rollout/                |             |
|    ep_len_mean          | 199         |
|    ep_rew_mean          | 451         |
| time/                   |             |
|    fps                  | 21          |
|    iterations           | 86          |
|    time_elapsed         | 4116        |
|    total_timesteps      | 88064       |
| train/                  |             |
|    approx_kl            | 0.010517096 |
|    clip_fraction        | 0.165       |
|    clip_range           | 0.2         |
|    entropy_loss         | -10.3       |
|    explained_variance   | 0           |
|    learning_rate        | 0.0003      |
|    loss                 | 41.3        |
|    n_updates            | 850         |
|    policy_gradient_loss | -0.00875    |
|    std                  | 1.05        |
|    value_loss           | 84.4        |
-----------------------------------------
-----------------------------------------
| rollout/                |             |
|    ep_len_mean          | 199         |
|    ep_rew_mean          | 452         |
| time/                   |             |
|    fps                  | 21          |
|    iterations           | 87          |
|    time_elapsed         | 4167        |
|    total_timesteps      | 89088       |
| train/                  |             |
|    approx_kl            | 0.008028491 |
|    clip_fraction        | 0.0625      |
|    clip_range           | 0.2         |
|    entropy_loss         | -10.3       |
|    explained_variance   | 2.38e-07    |
|    learning_rate        | 0.0003      |
|    loss                 | 27.7        |
|    n_updates            | 860         |
|    policy_gradient_loss | -0.00673    |
|    std                  | 1.05        |
|    value_loss           | 63.4        |
-----------------------------------------
-----------------------------------------
| rollout/                |             |
|    ep_len_mean          | 199         |
|    ep_rew_mean          | 451         |
| time/                   |             |
|    fps                  | 21          |
|    iterations           | 88          |
|    time_elapsed         | 4216        |
|    total_timesteps      | 90112       |
| train/                  |             |
|    approx_kl            | 0.007304946 |
|    clip_fraction        | 0.0813      |
|    clip_range           | 0.2         |
|    entropy_loss         | -10.3       |
|    explained_variance   | 2.38e-07    |
|    learning_rate        | 0.0003      |
|    loss                 | 49          |
|    n_updates            | 870         |
|    policy_gradient_loss | -0.00462    |
|    std                  | 1.05        |
|    value_loss           | 95.6        |
-----------------------------------------
------------------------------------------
| rollout/                |              |
|    ep_len_mean          | 199          |
|    ep_rew_mean          | 450          |
| time/                   |              |
|    fps                  | 21           |
|    iterations           | 89           |
|    time_elapsed         | 4266         |
|    total_timesteps      | 91136        |
| train/                  |              |
|    approx_kl            | 0.0083118975 |
|    clip_fraction        | 0.126        |
|    clip_range           | 0.2          |
|    entropy_loss         | -10.3        |
|    explained_variance   | 0            |
|    learning_rate        | 0.0003       |
|    loss                 | 28.7         |
|    n_updates            | 880          |
|    policy_gradient_loss | -0.00242     |
|    std                  | 1.05         |
|    value_loss           | 65.6         |
------------------------------------------
-----------------------------------------
| rollout/                |             |
|    ep_len_mean          | 199         |
|    ep_rew_mean          | 454         |
| time/                   |             |
|    fps                  | 21          |
|    iterations           | 90          |
|    time_elapsed         | 4319        |
|    total_timesteps      | 92160       |
| train/                  |             |
|    approx_kl            | 0.008545267 |
|    clip_fraction        | 0.0387      |
|    clip_range           | 0.2         |
|    entropy_loss         | -10.3       |
|    explained_variance   | 0.000262    |
|    learning_rate        | 0.0003      |
|    loss                 | 30.5        |
|    n_updates            | 890         |
|    policy_gradient_loss | -0.00261    |
|    std                  | 1.05        |
|    value_loss           | 73.6        |
-----------------------------------------
-----------------------------------------
| rollout/                |             |
|    ep_len_mean          | 199         |
|    ep_rew_mean          | 459         |
| time/                   |             |
|    fps                  | 21          |
|    iterations           | 91          |
|    time_elapsed         | 4367        |
|    total_timesteps      | 93184       |
| train/                  |             |
|    approx_kl            | 0.006869794 |
|    clip_fraction        | 0.0557      |
|    clip_range           | 0.2         |
|    entropy_loss         | -10.3       |
|    explained_variance   | 0.000738    |
|    learning_rate        | 0.0003      |
|    loss                 | 28.2        |
|    n_updates            | 900         |
|    policy_gradient_loss | -0.00509    |
|    std                  | 1.05        |
|    value_loss           | 73.2        |
-----------------------------------------
-----------------------------------------
| rollout/                |             |
|    ep_len_mean          | 199         |
|    ep_rew_mean          | 460         |
| time/                   |             |
|    fps                  | 21          |
|    iterations           | 92          |
|    time_elapsed         | 4421        |
|    total_timesteps      | 94208       |
| train/                  |             |
|    approx_kl            | 0.011247855 |
|    clip_fraction        | 0.0983      |
|    clip_range           | 0.2         |
|    entropy_loss         | -10.3       |
|    explained_variance   | 0           |
|    learning_rate        | 0.0003      |
|    loss                 | 4.59        |
|    n_updates            | 910         |
|    policy_gradient_loss | -0.00554    |
|    std                  | 1.05        |
|    value_loss           | 11.2        |
-----------------------------------------
-----------------------------------------
| rollout/                |             |
|    ep_len_mean          | 199         |
|    ep_rew_mean          | 460         |
| time/                   |             |
|    fps                  | 21          |
|    iterations           | 93          |
|    time_elapsed         | 4470        |
|    total_timesteps      | 95232       |
| train/                  |             |
|    approx_kl            | 0.013236359 |
|    clip_fraction        | 0.133       |
|    clip_range           | 0.2         |
|    entropy_loss         | -10.3       |
|    explained_variance   | 0           |
|    learning_rate        | 0.0003      |
|    loss                 | 47.2        |
|    n_updates            | 920         |
|    policy_gradient_loss | -0.00626    |
|    std                  | 1.05        |
|    value_loss           | 106         |
-----------------------------------------
-----------------------------------------
| rollout/                |             |
|    ep_len_mean          | 199         |
|    ep_rew_mean          | 460         |
| time/                   |             |
|    fps                  | 21          |
|    iterations           | 94          |
|    time_elapsed         | 4523        |
|    total_timesteps      | 96256       |
| train/                  |             |
|    approx_kl            | 0.010404025 |
|    clip_fraction        | 0.123       |
|    clip_range           | 0.2         |
|    entropy_loss         | -10.3       |
|    explained_variance   | 1.19e-07    |
|    learning_rate        | 0.0003      |
|    loss                 | 44.7        |
|    n_updates            | 930         |
|    policy_gradient_loss | -0.00856    |
|    std                  | 1.05        |
|    value_loss           | 85.2        |
-----------------------------------------
-----------------------------------------
| rollout/                |             |
|    ep_len_mean          | 199         |
|    ep_rew_mean          | 462         |
| time/                   |             |
|    fps                  | 21          |
|    iterations           | 95          |
|    time_elapsed         | 4573        |
|    total_timesteps      | 97280       |
| train/                  |             |
|    approx_kl            | 0.011526164 |
|    clip_fraction        | 0.138       |
|    clip_range           | 0.2         |
|    entropy_loss         | -10.3       |
|    explained_variance   | -1.19e-06   |
|    learning_rate        | 0.0003      |
|    loss                 | 27          |
|    n_updates            | 940         |
|    policy_gradient_loss | -0.00419    |
|    std                  | 1.06        |
|    value_loss           | 52.9        |
-----------------------------------------
------------------------------------------
| rollout/                |              |
|    ep_len_mean          | 199          |
|    ep_rew_mean          | 460          |
| time/                   |              |
|    fps                  | 21           |
|    iterations           | 96           |
|    time_elapsed         | 4622         |
|    total_timesteps      | 98304        |
| train/                  |              |
|    approx_kl            | 0.0067378976 |
|    clip_fraction        | 0.0978       |
|    clip_range           | 0.2          |
|    entropy_loss         | -10.3        |
|    explained_variance   | 0            |
|    learning_rate        | 0.0003       |
|    loss                 | 32           |
|    n_updates            | 950          |
|    policy_gradient_loss | -0.0037      |
|    std                  | 1.06         |
|    value_loss           | 64.9         |
------------------------------------------
-----------------------------------------
| rollout/                |             |
|    ep_len_mean          | 199         |
|    ep_rew_mean          | 452         |
| time/                   |             |
|    fps                  | 21          |
|    iterations           | 97          |
|    time_elapsed         | 4672        |
|    total_timesteps      | 99328       |
| train/                  |             |
|    approx_kl            | 0.007633568 |
|    clip_fraction        | 0.0996      |
|    clip_range           | 0.2         |
|    entropy_loss         | -10.3       |
|    explained_variance   | 2.38e-07    |
|    learning_rate        | 0.0003      |
|    loss                 | 22.6        |
|    n_updates            | 960         |
|    policy_gradient_loss | -0.00631    |
|    std                  | 1.06        |
|    value_loss           | 47.4        |
-----------------------------------------
------------------------------------------
| rollout/                |              |
|    ep_len_mean          | 199          |
|    ep_rew_mean          | 456          |
| time/                   |              |
|    fps                  | 21           |
|    iterations           | 98           |
|    time_elapsed         | 4719         |
|    total_timesteps      | 100352       |
| train/                  |              |
|    approx_kl            | 0.0049908943 |
|    clip_fraction        | 0.0349       |
|    clip_range           | 0.2          |
|    entropy_loss         | -10.3        |
|    explained_variance   | 0.00028      |
|    learning_rate        | 0.0003       |
|    loss                 | 45.3         |
|    n_updates            | 970          |
|    policy_gradient_loss | -0.000775    |
|    std                  | 1.06         |
|    value_loss           | 229          |
------------------------------------------
 100% ------------------------ 100,352/100,000  [ 1:18:22 < 0:00:00 , 22 it/s ]
[train] saved final model to checkpoints\ppo_ablaincourt.zip

[train] --- final evaluation (after training) ---
[eval] episode 1: return = 437.9020
[eval] episode 2: return = 349.4091
[eval] episode 3: return = 253.4941
[eval] mean return over 3 eps = 346.9351
