
Predictions were generated on 31-Aug-2026 at 17:03:37 using OpenFAST, compiled as a 64-bit application using single precision at commit v3.5.3-dirty
 linked with  NWTC Subroutine Library; ElastoDyn; InflowWind; AeroDyn; ServoDyn

Description from the FAST input file: FAST          Certification - Test #26: NREL 5.0 MW Baseline Wind Turbine (Onshore)

Time	YawPzn	YawVzn	RotSpeed	GenSpeed	Azimuth	BlPitch1	RootMyc1	RootMyc2	RootMyc3	RootMxc1	RootMxc2	RootMxc3	OoPDefl1	OoPDefl2	OoPDefl3	IPDefl1	IPDefl2	IPDefl3	TipDxc1	TipDyc1	BlPitchC1	BlPitchC2	BlPitchC3	GenPwr	GenTq
(s)	(deg)	(deg/s)	(rpm)	(rpm)	(deg)	(deg)	(kN-m)	(kN-m)	(kN-m)	(kN-m)	(kN-m)	(kN-m)	(m)	(m)	(m)	(m)	(m)	(m)	(m)	(m)	(deg)	(deg)	(deg)	(kW)	(kN-m)
    0.0000	 0.000E+00	 0.000E+00	 9.000E+00	 8.730E+02	 0.000E+00	 0.000E+00	 6.194E+01	 7.651E+01	 1.354E+02	 6.583E+00	 8.279E+02	-8.350E+02	 1.197E-16	 2.474E-16	-1.417E-16	 3.897E-32	-7.227E-16	 4.026E-16	 1.197E-16	 3.897E-32	 0.000E+00	 0.000E+00	 0.000E+00	 1.682E+03	 1.949E+01
    0.2500	-2.598E-03	-1.230E-02	 8.847E+00	 8.529E+02	 1.334E+01	 0.000E+00	 1.880E+03	 1.798E+03	 2.037E+03	 1.301E+03	 3.856E+03	-2.726E+03	 7.603E-01	 8.147E-01	 7.956E-01	-2.716E-01	-6.386E-01	 2.346E-01	 7.603E-01	-2.716E-01	 0.000E+00	 0.000E+00	 0.000E+00	 1.595E+03	 1.892E+01
    0.5000	-3.683E-03	 5.079E-03	 8.816E+00	 8.663E+02	 2.664E+01	 0.000E+00	 3.441E+03	 3.853E+03	 3.940E+03	 1.987E+03	 4.220E+03	-5.515E+03	 1.939E+00	 2.392E+00	 2.063E+00	-4.016E-01	-8.171E-01	 6.738E-01	 1.939E+00	-4.016E-01	 0.000E+00	 0.000E+00	 0.000E+00	 1.626E+03	 1.899E+01
    0.7500	 8.673E-04	 2.339E-02	 8.665E+00	 8.320E+02	 3.975E+01	 0.000E+00	 4.235E+03	 5.234E+03	 4.354E+03	 3.215E+03	 9.367E+02	-2.253E+03	 2.506E+00	 2.742E+00	 2.422E+00	-6.410E-01	-3.039E-01	 6.311E-02	 2.506E+00	-6.410E-01	 0.000E+00	 0.000E+00	 0.000E+00	 1.497E+03	 1.820E+01
    1.0000	 3.695E-03	-8.214E-03	 8.720E+00	 8.589E+02	 5.283E+01	 0.000E+00	 4.257E+03	 3.733E+03	 3.895E+03	 3.137E+03	-7.743E+02	-8.733E+02	 2.581E+00	 2.349E+00	 2.346E+00	-5.951E-01	-1.646E-03	-1.618E-01	 2.581E+00	-5.951E-01	 0.000E+00	 0.000E+00	 0.000E+00	 1.517E+03	 1.787E+01
    1.2500	-2.383E-03	-2.127E-02	 8.577E+00	 8.249E+02	 6.583E+01	 0.000E+00	 3.863E+03	 3.292E+03	 3.909E+03	 3.450E+03	 1.311E+03	-3.600E+03	 2.359E+00	 1.787E+00	 2.158E+00	-6.055E-01	-3.554E-01	 3.644E-01	 2.359E+00	-6.055E-01	 0.000E+00	 0.000E+00	 0.000E+00	 1.421E+03	 1.743E+01
    1.5000	-2.794E-03	 1.872E-02	 8.600E+00	 8.420E+02	 7.871E+01	 0.000E+00	 3.516E+03	 3.037E+03	 3.579E+03	 4.513E+03	 6.929E+02	-3.234E+03	 2.170E+00	 1.742E+00	 2.053E+00	-7.813E-01	-2.983E-01	 3.261E-01	 2.170E+00	-7.813E-01	 0.000E+00	 0.000E+00	 0.000E+00	 1.397E+03	 1.679E+01
    1.7500	 3.234E-03	 2.074E-02	 8.495E+00	 8.221E+02	 9.157E+01	 0.000E+00	 3.634E+03	 3.494E+03	 3.491E+03	 4.013E+03	-3.308E+03	 3.201E+01	 2.144E+00	 1.762E+00	 2.030E+00	-6.663E-01	 3.993E-01	-1.989E-01	 2.144E+00	-6.663E-01	 0.000E+00	 0.000E+00	 0.000E+00	 1.345E+03	 1.654E+01
    2.0000	 2.760E-03	-2.174E-02	 8.466E+00	 8.218E+02	 1.043E+02	 0.000E+00	 3.645E+03	 3.202E+03	 3.609E+03	 3.790E+03	-2.639E+03	 9.026E+02	 2.157E+00	 1.787E+00	 2.142E+00	-6.549E-01	 2.302E-01	-3.546E-01	 2.157E+00	-6.549E-01	 0.000E+00	 0.000E+00	 0.000E+00	 1.278E+03	 1.574E+01
    2.2500	-2.533E-03	-1.047E-02	 8.428E+00	 8.212E+02	 1.170E+02	 0.000E+00	 3.543E+03	 3.412E+03	 3.918E+03	 3.322E+03	-1.007E+03	-1.572E+03	 2.081E+00	 1.838E+00	 2.219E+00	-5.578E-01	-6.619E-02	 1.402E-01	 2.081E+00	-5.578E-01	 0.000E+00	 0.000E+00	 0.000E+00	 1.262E+03	 1.555E+01
    2.5000	-2.339E-03	 9.395E-03	 8.351E+00	 8.053E+02	 1.295E+02	 0.000E+00	 3.394E+03	 3.550E+03	 3.621E+03	 3.682E+03	-2.483E+03	 5.317E+02	 2.004E+00	 1.957E+00	 2.180E+00	-6.550E-01	 1.487E-01	-2.074E-01	 2.004E+00	-6.550E-01	 0.000E+00	 0.000E+00	 0.000E+00	 1.180E+03	 1.482E+01
    2.7500	 6.280E-04	 1.026E-02	 8.359E+00	 8.172E+02	 1.421E+02	 0.000E+00	 3.516E+03	 3.650E+03	 3.543E+03	 2.495E+03	-4.978E+03	 3.521E+03	 1.993E+00	 1.936E+00	 2.151E+00	-4.605E-01	 5.981E-01	-6.930E-01	 1.993E+00	-4.605E-01	 0.000E+00	 0.000E+00	 0.000E+00	 1.175E+03	 1.454E+01
    3.0000	 8.258E-04	-7.159E-03	 8.264E+00	 7.958E+02	 1.546E+02	 0.000E+00	 3.408E+03	 3.356E+03	 3.704E+03	 1.521E+03	-2.985E+03	 2.711E+03	 1.928E+00	 1.891E+00	 2.217E+00	-3.184E-01	 2.444E-01	-5.295E-01	 1.928E+00	-3.184E-01	 0.000E+00	 0.000E+00	 0.000E+00	 1.104E+03	 1.403E+01
    3.2500	-5.222E-04	-1.422E-03	 8.281E+00	 8.087E+02	 1.670E+02	 0.000E+00	 3.225E+03	 3.499E+03	 3.780E+03	 1.296E+03	-1.286E+03	 1.348E+03	 1.809E+00	 1.954E+00	 2.222E+00	-3.075E-01	-6.088E-02	-2.591E-01	 1.809E+00	-3.075E-01	 0.000E+00	 0.000E+00	 0.000E+00	 1.089E+03	 1.362E+01
    3.5000	-1.253E-03	-6.532E-03	 8.201E+00	 7.919E+02	 1.793E+02	 0.000E+00	 3.227E+03	 3.689E+03	 3.532E+03	 6.090E+02	-3.386E+03	 3.635E+03	 1.777E+00	 2.045E+00	 2.152E+00	-2.131E-01	 3.260E-01	-6.284E-01	 1.777E+00	-2.131E-01	 0.000E+00	 0.000E+00	 0.000E+00	 1.043E+03	 1.332E+01
    3.7500	-1.743E-03	 8.403E-03	 8.198E+00	 7.972E+02	 1.916E+02	 0.000E+00	 3.315E+03	 3.603E+03	 3.478E+03	-4.549E+02	-3.601E+03	 5.565E+03	 1.798E+00	 2.011E+00	 2.139E+00	-7.389E-02	 3.800E-01	-9.717E-01	 1.798E+00	-7.389E-02	 0.000E+00	 0.000E+00	 0.000E+00	 1.010E+03	 1.281E+01
    4.0000	 2.168E-03	 1.437E-02	 8.155E+00	 7.911E+02	 2.039E+02	 0.000E+00	 3.284E+03	 3.464E+03	 3.698E+03	-1.544E+03	-9.152E+02	 3.174E+03	 1.764E+00	 2.011E+00	 2.168E+00	 1.001E-01	-5.677E-02	-5.302E-01	 1.764E+00	 1.001E-01	 0.000E+00	 0.000E+00	 0.000E+00	 9.888E+02	 1.264E+01
    4.2500	 2.343E-03	-1.294E-02	 8.122E+00	 7.862E+02	 2.161E+02	 0.000E+00	 3.156E+03	 3.585E+03	 3.592E+03	-1.437E+03	 2.454E+02	 2.610E+03	 1.722E+00	 2.091E+00	 2.111E+00	 4.000E-02	-2.540E-01	-4.342E-01	 1.722E+00	 4.000E-02	 0.000E+00	 0.000E+00	 0.000E+00	 9.441E+02	 1.215E+01
    4.5000	-1.885E-03	-1.445E-02	 8.113E+00	 7.899E+02	 2.283E+02	 0.000E+00	 3.317E+03	 3.734E+03	 3.375E+03	-2.234E+03	-1.586E+03	 4.620E+03	 1.769E+00	 2.131E+00	 2.028E+00	 1.609E-01	 1.132E-01	-7.827E-01	 1.769E+00	 1.609E-01	 0.000E+00	 0.000E+00	 0.000E+00	 9.365E+02	 1.199E+01
    4.7500	-2.272E-03	 1.316E-02	 8.060E+00	 7.784E+02	 2.404E+02	 0.000E+00	 3.413E+03	 3.541E+03	 3.390E+03	-3.026E+03	-3.829E+02	 4.572E+03	 1.830E+00	 2.085E+00	 2.009E+00	 2.700E-01	-6.470E-02	-7.988E-01	 1.830E+00	 2.700E-01	 0.000E+00	 0.000E+00	 0.000E+00	 8.929E+02	 1.160E+01
    5.0000	 2.457E-03	 1.479E-02	 8.068E+00	 7.862E+02	 2.525E+02	 0.000E+00	 3.377E+03	 3.482E+03	 3.525E+03	-3.211E+03	 2.493E+03	 1.710E+03	 1.828E+00	 2.098E+00	 1.986E+00	 2.914E-01	-5.400E-01	-3.077E-01	 1.828E+00	 2.914E-01	 0.000E+00	 0.000E+00	 0.000E+00	 8.852E+02	 1.139E+01
    5.2500	 1.573E-03	-2.047E-02	 8.016E+00	 7.746E+02	 2.646E+02	 0.000E+00	 3.338E+03	 3.659E+03	 3.323E+03	-2.961E+03	 2.319E+03	 1.542E+03	 1.835E+00	 2.172E+00	 1.886E+00	 2.404E-01	-4.827E-01	-2.927E-01	 1.835E+00	 2.404E-01	 0.000E+00	 0.000E+00	 0.000E+00	 8.533E+02	 1.114E+01
    5.5000	-3.212E-03	-7.905E-03	 8.021E+00	 7.803E+02	 2.766E+02	 0.000E+00	 3.485E+03	 3.673E+03	 3.131E+03	-3.127E+03	 1.152E+03	 3.112E+03	 1.895E+00	 2.168E+00	 1.805E+00	 2.618E-01	-2.470E-01	-6.022E-01	 1.895E+00	 2.618E-01	 0.000E+00	 0.000E+00	 0.000E+00	 8.381E+02	 1.087E+01
    5.7500	-1.425E-03	 1.646E-02	 7.983E+00	 7.733E+02	 2.886E+02	 0.000E+00	 3.537E+03	 3.484E+03	 3.273E+03	-3.425E+03	 2.867E+03	 1.295E+03	 1.944E+00	 2.107E+00	 1.803E+00	 3.260E-01	-5.121E-01	-3.109E-01	 1.944E+00	 3.260E-01	 0.000E+00	 0.000E+00	 0.000E+00	 8.202E+02	 1.073E+01
    6.0000	 1.794E-03	 5.506E-03	 7.973E+00	 7.735E+02	 3.005E+02	 0.000E+00	 3.441E+03	 3.476E+03	 3.302E+03	-2.629E+03	 4.920E+03	-1.134E+03	 1.937E+00	 2.119E+00	 1.775E+00	 1.927E-01	-8.677E-01	 8.126E-02	 1.937E+00	 1.927E-01	 0.000E+00	 0.000E+00	 0.000E+00	 7.971E+02	 1.042E+01
    6.2500	 1.108E-03	-8.787E-03	 7.958E+00	 7.729E+02	 3.125E+02	 0.000E+00	 3.485E+03	 3.649E+03	 3.116E+03	-2.082E+03	 3.424E+03	-6.179E+02	 1.965E+00	 2.157E+00	 1.695E+00	 1.212E-01	-5.854E-01	-3.031E-02	 1.965E+00	 1.212E-01	 0.000E+00	 0.000E+00	 0.000E+00	 7.896E+02	 1.033E+01
    6.5000	-7.692E-04	-3.035E-03	 7.932E+00	 7.679E+02	 3.244E+02	 0.000E+00	 3.570E+03	 3.541E+03	 3.072E+03	-1.796E+03	 2.653E+03	 1.917E+02	 2.028E+00	 2.098E+00	 1.684E+00	 8.665E-02	-4.400E-01	-2.151E-01	 2.028E+00	 8.665E-02	 0.000E+00	 0.000E+00	 0.000E+00	 7.644E+02	 1.007E+01
    6.7500	-2.936E-04	 4.416E-03	 7.932E+00	 7.714E+02	 3.363E+02	 0.000E+00	 3.559E+03	 3.372E+03	 3.312E+03	-1.367E+03	 4.403E+03	-2.226E+03	 2.043E+00	 2.027E+00	 1.748E+00	 4.423E-02	-7.411E-01	 1.810E-01	 2.043E+00	 4.423E-02	 0.000E+00	 0.000E+00	 0.000E+00	 7.597E+02	 9.962E+00
    7.0000	 4.922E-04	 2.179E-03	 7.901E+00	 7.644E+02	 3.482E+02	 0.000E+00	 3.475E+03	 3.423E+03	 3.318E+03	-2.272E+02	 4.756E+03	-3.636E+03	 2.033E+00	 2.032E+00	 1.757E+00	-1.259E-01	-8.169E-01	 4.063E-01	 2.033E+00	-1.259E-01	 0.000E+00	 0.000E+00	 0.000E+00	 7.385E+02	 9.772E+00
    7.2500	 1.262E-03	 2.996E-03	 7.906E+00	 7.686E+02	 4.672E-02	 0.000E+00	 3.541E+03	 3.497E+03	 3.189E+03	 5.568E+02	 2.532E+03	-2.173E+03	 2.075E+00	 2.009E+00	 1.734E+00	-2.344E-01	-4.357E-01	 1.278E-01	 2.075E+00	-2.344E-01	 0.000E+00	 0.000E+00	 0.000E+00	 7.315E+02	 9.627E+00
    7.5000	 6.091E-04	-9.688E-03	 7.879E+00	 7.630E+02	 1.189E+01	 0.000E+00	 3.606E+03	 3.325E+03	 3.287E+03	 8.432E+02	 2.054E+03	-2.135E+03	 2.120E+00	 1.905E+00	 1.789E+00	-2.511E-01	-3.584E-01	 1.021E-01	 2.120E+00	-2.511E-01	 0.000E+00	 0.000E+00	 0.000E+00	 7.178E+02	 9.516E+00
    7.7500	-2.130E-03	-6.595E-03	 7.878E+00	 7.648E+02	 2.370E+01	 0.000E+00	 3.532E+03	 3.181E+03	 3.478E+03	 1.668E+03	 3.412E+03	-4.114E+03	 2.105E+00	 1.844E+00	 1.854E+00	-3.669E-01	-6.254E-01	 4.384E-01	 2.105E+00	-3.669E-01	 0.000E+00	 0.000E+00	 0.000E+00	 7.064E+02	 9.343E+00
    8.0000	-1.173E-03	 1.279E-02	 7.862E+00	 7.627E+02	 3.551E+01	 0.000E+00	 3.486E+03	 3.288E+03	 3.427E+03	 2.591E+03	 2.189E+03	-4.070E+03	 2.093E+00	 1.842E+00	 1.858E+00	-4.958E-01	-4.372E-01	 4.375E-01	 2.093E+00	-4.958E-01	 0.000E+00	 0.000E+00	 0.000E+00	 6.996E+02	 9.279E+00
    8.2500	 1.951E-03	 6.669E-03	 7.852E+00	 7.612E+02	 4.729E+01	 0.000E+00	 3.548E+03	 3.271E+03	 3.321E+03	 3.071E+03	-8.869E+01	-2.042E+03	 2.121E+00	 1.784E+00	 1.866E+00	-5.615E-01	-6.517E-02	 7.860E-02	 2.121E+00	-5.615E-01	 0.000E+00	 0.000E+00	 0.000E+00	 6.856E+02	 9.111E+00
    8.5000	 7.791E-04	-1.428E-02	 7.848E+00	 7.622E+02	 5.907E+01	 0.000E+00	 3.579E+03	 3.093E+03	 3.476E+03	 3.105E+03	 1.764E+01	-2.388E+03	 2.131E+00	 1.693E+00	 1.932E+00	-5.436E-01	-1.065E-01	 1.500E-01	 2.131E+00	-5.436E-01	 0.000E+00	 0.000E+00	 0.000E+00	 6.824E+02	 9.056E+00
    8.7500	-2.319E-03	-3.816E-03	 7.830E+00	 7.585E+02	 7.083E+01	 0.000E+00	 3.466E+03	 3.072E+03	 3.570E+03	 3.666E+03	 6.941E+02	-3.503E+03	 2.089E+00	 1.685E+00	 1.974E+00	-6.277E-01	-2.645E-01	 3.647E-01	 2.089E+00	-6.277E-01	 0.000E+00	 0.000E+00	 0.000E+00	 6.690E+02	 8.923E+00
    9.0000	-8.405E-05	 1.743E-02	 7.832E+00	 7.609E+02	 8.257E+01	 0.000E+00	 3.437E+03	 3.245E+03	 3.453E+03	 4.077E+03	-1.243E+03	-2.041E+03	 2.059E+00	 1.725E+00	 1.966E+00	-6.902E-01	 4.197E-02	 1.340E-01	 2.059E+00	-6.902E-01	 0.000E+00	 0.000E+00	 0.000E+00	 6.656E+02	 8.849E+00
    9.2500	 2.846E-03	 7.723E-04	 7.814E+00	 7.570E+02	 9.431E+01	 0.000E+00	 3.493E+03	 3.222E+03	 3.414E+03	 3.788E+03	-2.882E+03	-1.335E+02	 2.059E+00	 1.707E+00	 1.990E+00	-6.378E-01	 3.059E-01	-1.789E-01	 2.059E+00	-6.378E-01	 0.000E+00	 0.000E+00	 0.000E+00	 6.556E+02	 8.760E+00
    9.5000	 6.116E-04	-1.351E-02	 7.816E+00	 7.589E+02	 1.060E+02	 0.000E+00	 3.443E+03	 3.116E+03	 3.572E+03	 3.460E+03	-1.974E+03	-6.427E+02	 2.024E+00	 1.681E+00	 2.054E+00	-5.841E-01	 1.200E-01	-6.315E-02	 2.024E+00	-5.841E-01	 0.000E+00	 0.000E+00	 0.000E+00	 6.501E+02	 8.666E+00
    9.7500	-1.483E-03	-8.692E-04	 7.803E+00	 7.566E+02	 1.177E+02	 0.000E+00	 3.326E+03	 3.240E+03	 3.585E+03	 3.474E+03	-1.865E+03	-8.948E+02	 1.952E+00	 1.742E+00	 2.072E+00	-5.922E-01	 7.478E-02	 1.924E-02	 1.952E+00	-5.922E-01	 0.000E+00	 0.000E+00	 0.000E+00	 6.444E+02	 8.616E+00
   10.0000	-2.247E-04	 7.808E-03	 7.800E+00	 7.566E+02	 1.294E+02	 0.000E+00	 3.306E+03	 3.395E+03	 3.439E+03	 3.227E+03	-3.661E+03	 1.285E+03	 1.911E+00	 1.805E+00	 2.051E+00	-5.679E-01	 3.711E-01	-3.338E-01	 1.911E+00	-5.679E-01	 0.000E+00	 0.000E+00	 0.000E+00	 6.368E+02	 8.513E+00
   10.2500	 8.953E-04	-2.441E-04	 7.795E+00	 7.564E+02	 1.411E+02	 0.000E+00	 3.329E+03	 3.343E+03	 3.477E+03	 2.277E+03	-4.057E+03	 2.491E+03	 1.884E+00	 1.798E+00	 2.079E+00	-4.197E-01	 4.381E-01	-5.172E-01	 1.884E+00	-4.197E-01	 0.000E+00	 0.000E+00	 0.000E+00	 6.341E+02	 8.480E+00
   10.5000	 7.044E-05	-4.421E-03	 7.787E+00	 7.549E+02	 1.528E+02	 0.000E+00	 3.220E+03	 3.285E+03	 3.603E+03	 1.664E+03	-2.534E+03	 1.687E+03	 1.811E+00	 1.811E+00	 2.125E+00	-3.362E-01	 1.629E-01	-3.488E-01	 1.811E+00	-3.362E-01	 0.000E+00	 0.000E+00	 0.000E+00	 6.262E+02	 8.392E+00
   10.7500	-7.252E-04	-1.964E-03	 7.786E+00	 7.559E+02	 1.645E+02	 0.000E+00	 3.130E+03	 3.435E+03	 3.542E+03	 1.331E+03	-2.662E+03	 2.065E+03	 1.740E+00	 1.885E+00	 2.107E+00	-3.032E-01	 1.848E-01	-3.839E-01	 1.740E+00	-3.032E-01	 0.000E+00	 0.000E+00	 0.000E+00	 6.244E+02	 8.356E+00
   11.0000	-9.579E-04	 9.106E-04	 7.776E+00	 7.536E+02	 1.762E+02	 0.000E+00	 3.156E+03	 3.508E+03	 3.415E+03	 5.575E+02	-3.793E+03	 4.001E+03	 1.725E+00	 1.922E+00	 2.076E+00	-2.001E-01	 3.957E-01	-7.048E-01	 1.725E+00	-2.001E-01	 0.000E+00	 0.000E+00	 0.000E+00	 6.177E+02	 8.291E+00
   11.2500	 2.164E-04	 8.088E-03	 7.777E+00	 7.550E+02	 1.878E+02	 0.000E+00	 3.178E+03	 3.415E+03	 3.484E+03	-5.148E+02	-2.834E+03	 4.119E+03	 1.712E+00	 1.913E+00	 2.091E+00	-4.335E-02	 2.464E-01	-7.133E-01	 1.712E+00	-4.335E-02	 0.000E+00	 0.000E+00	 0.000E+00	 6.151E+02	 8.242E+00
   11.5000	 1.821E-03	 1.575E-03	 7.768E+00	 7.531E+02	 1.995E+02	 0.000E+00	 3.109E+03	 3.409E+03	 3.554E+03	-1.079E+03	-1.135E+03	 2.936E+03	 1.671E+00	 1.952E+00	 2.091E+00	 2.703E-02	-3.496E-02	-4.916E-01	 1.671E+00	 2.703E-02	 0.000E+00	 0.000E+00	 0.000E+00	 6.106E+02	 8.202E+00
   11.7500	 5.156E-04	-9.938E-03	 7.767E+00	 7.537E+02	 2.112E+02	 0.000E+00	 3.108E+03	 3.538E+03	 3.426E+03	-1.410E+03	-1.355E+03	 3.551E+03	 1.666E+00	 2.015E+00	 2.037E+00	 5.355E-02	 2.527E-02	-5.933E-01	 1.666E+00	 5.355E-02	 0.000E+00	 0.000E+00	 0.000E+00	 6.067E+02	 8.144E+00
   12.0000	-1.266E-03	-7.707E-04	 7.762E+00	 7.529E+02	 2.228E+02	 0.000E+00	 3.222E+03	 3.541E+03	 3.335E+03	-2.227E+03	-1.664E+03	 4.594E+03	 1.711E+00	 2.024E+00	 1.995E+00	 1.692E-01	 1.144E-01	-7.800E-01	 1.711E+00	 1.692E-01	 0.000E+00	 0.000E+00	 0.000E+00	 6.043E+02	 8.120E+00
   12.2500	 4.280E-04	 1.130E-02	 7.758E+00	 7.524E+02	 2.344E+02	 0.000E+00	 3.266E+03	 3.433E+03	 3.403E+03	-2.894E+03	 1.218E+02	 3.551E+03	 1.739E+00	 2.017E+00	 1.983E+00	 2.619E-01	-1.688E-01	-6.081E-01	 1.739E+00	 2.619E-01	 0.000E+00	 0.000E+00	 0.000E+00	 5.996E+02	 8.062E+00
   12.5000	 2.007E-03	-2.351E-03	 7.757E+00	 7.527E+02	 2.461E+02	 0.000E+00	 3.240E+03	 3.481E+03	 3.392E+03	-2.998E+03	 1.485E+03	 2.224E+03	 1.744E+00	 2.061E+00	 1.935E+00	 2.641E-01	-3.806E-01	-3.837E-01	 1.744E+00	 2.641E-01	 0.000E+00	 0.000E+00	 0.000E+00	 5.984E+02	 8.042E+00
   12.7500	-4.923E-04	-1.305E-02	 7.752E+00	 7.516E+02	 2.577E+02	 0.000E+00	 3.292E+03	 3.581E+03	 3.222E+03	-3.052E+03	 1.037E+03	 2.768E+03	 1.777E+00	 2.103E+00	 1.856E+00	 2.600E-01	-2.719E-01	-4.971E-01	 1.777E+00	 2.600E-01	 0.000E+00	 0.000E+00	 0.000E+00	 5.941E+02	 7.997E+00
   13.0000	-2.006E-03	 3.277E-03	 7.752E+00	 7.523E+02	 2.693E+02	 0.000E+00	 3.397E+03	 3.519E+03	 3.178E+03	-3.424E+03	 1.349E+03	 2.804E+03	 1.831E+00	 2.087E+00	 1.810E+00	 3.190E-01	-2.922E-01	-5.295E-01	 1.831E+00	 3.190E-01	 0.000E+00	 0.000E+00	 0.000E+00	 5.930E+02	 7.973E+00
   13.2500	 2.096E-04	 9.914E-03	 7.746E+00	 7.510E+02	 2.810E+02	 0.000E+00	 3.398E+03	 3.433E+03	 3.247E+03	-3.417E+03	 3.151E+03	 9.911E+02	 1.859E+00	 2.072E+00	 1.788E+00	 3.195E-01	-5.831E-01	-2.382E-01	 1.859E+00	 3.195E-01	 0.000E+00	 0.000E+00	 0.000E+00	 5.897E+02	 7.943E+00
   13.5000	 1.191E-03	-2.837E-03	 7.747E+00	 7.517E+02	 2.926E+02	 0.000E+00	 3.377E+03	 3.508E+03	 3.174E+03	-2.894E+03	 3.671E+03	-3.021E+01	 1.873E+00	 2.103E+00	 1.730E+00	 2.352E-01	-6.567E-01	-8.491E-02	 1.873E+00	 2.352E-01	 0.000E+00	 0.000E+00	 0.000E+00	 5.879E+02	 7.912E+00
   13.7500	-2.639E-04	-5.561E-03	 7.742E+00	 7.509E+02	 3.042E+02	 0.000E+00	 3.441E+03	 3.554E+03	 3.050E+03	-2.567E+03	 2.850E+03	 4.219E+02	 1.917E+00	 2.108E+00	 1.671E+00	 1.909E-01	-4.920E-01	-1.945E-01	 1.917E+00	 1.909E-01	 0.000E+00	 0.000E+00	 0.000E+00	 5.860E+02	 7.895E+00
   14.0000	-5.458E-04	 3.269E-03	 7.741E+00	 7.509E+02	 3.158E+02	 0.000E+00	 3.491E+03	 3.442E+03	 3.108E+03	-2.367E+03	 3.381E+03	-2.671E+02	 1.961E+00	 2.059E+00	 1.675E+00	 1.739E-01	-5.702E-01	-1.091E-01	 1.961E+00	 1.739E-01	 0.000E+00	 0.000E+00	 0.000E+00	 5.835E+02	 7.860E+00
   14.2500	 5.866E-04	 3.996E-03	 7.739E+00	 7.507E+02	 3.274E+02	 0.000E+00	 3.459E+03	 3.388E+03	 3.212E+03	-1.730E+03	 4.524E+03	-2.092E+03	 1.973E+00	 2.034E+00	 1.697E+00	 8.799E-02	-7.666E-01	 1.823E-01	 1.973E+00	 8.799E-02	 0.000E+00	 0.000E+00	 0.000E+00	 5.823E+02	 7.847E+00
   14.5000	 1.083E-03	 2.160E-04	 7.736E+00	 7.502E+02	 3.390E+02	 0.000E+00	 3.451E+03	 3.452E+03	 3.161E+03	-8.115E+02	 3.932E+03	-2.382E+03	 1.992E+00	 2.035E+00	 1.685E+00	-4.674E-02	-6.658E-01	 2.071E-01	 1.992E+00	-4.674E-02	 0.000E+00	 0.000E+00	 0.000E+00	 5.797E+02	 7.816E+00
   14.7500	 8.289E-04	-2.521E-03	 7.736E+00	 7.506E+02	 3.506E+02	 0.000E+00	 3.513E+03	 3.424E+03	 3.143E+03	-2.586E+02	 2.837E+03	-1.868E+03	 2.037E+00	 1.989E+00	 1.693E+00	-1.148E-01	-4.751E-01	 9.061E-02	 2.037E+00	-1.148E-01	 0.000E+00	 0.000E+00	 0.000E+00	 5.790E+02	 7.803E+00
   15.0000	-2.396E-04	-5.224E-03	 7.732E+00	 7.498E+02	 2.232E+00	 0.000E+00	 3.523E+03	 3.285E+03	 3.276E+03	 2.543E+02	 3.268E+03	-2.801E+03	 2.061E+00	 1.916E+00	 1.748E+00	-1.734E-01	-5.607E-01	 2.318E-01	 2.061E+00	-1.734E-01	 0.000E+00	 0.000E+00	 0.000E+00	 5.767E+02	 7.780E+00
   15.2500	-9.253E-04	 1.269E-03	 7.733E+00	 7.503E+02	 1.383E+01	 0.000E+00	 3.476E+03	 3.257E+03	 3.358E+03	 1.155E+03	 3.469E+03	-3.903E+03	 2.058E+00	 1.883E+00	 1.786E+00	-2.992E-01	-6.169E-01	 4.135E-01	 2.058E+00	-2.992E-01	 0.000E+00	 0.000E+00	 0.000E+00	 5.758E+02	 7.764E+00
   15.5000	 2.785E-04	 6.270E-03	 7.730E+00	 7.497E+02	 2.543E+01	 0.000E+00	 3.484E+03	 3.294E+03	 3.303E+03	 1.993E+03	 1.996E+03	-3.282E+03	 2.075E+00	 1.853E+00	 1.794E+00	-4.171E-01	-3.802E-01	 2.979E-01	 2.075E+00	-4.171E-01	 0.000E+00	 0.000E+00	 0.000E+00	 5.744E+02	 7.750E+00
   15.7500	 8.705E-04	-3.203E-03	 7.730E+00	 7.499E+02	 3.702E+01	 0.000E+00	 3.533E+03	 3.204E+03	 3.325E+03	 2.397E+03	 9.614E+02	-2.631E+03	 2.102E+00	 1.778E+00	 1.829E+00	-4.620E-01	-2.202E-01	 1.789E-01	 2.102E+00	-4.620E-01	 0.000E+00	 0.000E+00	 0.000E+00	 5.732E+02	 7.732E+00
   16.0000	-8.621E-04	-7.404E-03	 7.728E+00	 7.496E+02	 4.862E+01	 0.000E+00	 3.510E+03	 3.090E+03	 3.447E+03	 2.806E+03	 1.239E+03	-3.345E+03	 2.098E+00	 1.716E+00	 1.884E+00	-5.085E-01	-2.969E-01	 3.097E-01	 2.098E+00	-5.085E-01	 0.000E+00	 0.000E+00	 0.000E+00	 5.724E+02	 7.724E+00
   16.2500	-1.205E-03	 5.877E-03	 7.727E+00	 7.495E+02	 6.021E+01	 0.000E+00	 3.451E+03	 3.126E+03	 3.458E+03	 3.466E+03	 6.634E+02	-3.405E+03	 2.076E+00	 1.706E+00	 1.908E+00	-6.047E-01	-2.303E-01	 3.342E-01	 2.076E+00	-6.047E-01	 0.000E+00	 0.000E+00	 0.000E+00	 5.709E+02	 7.706E+00
   16.5000	 1.118E-03	 8.616E-03	 7.726E+00	 7.495E+02	 7.180E+01	 0.000E+00	 3.465E+03	 3.176E+03	 3.395E+03	 3.788E+03	-1.038E+03	-2.048E+03	 2.071E+00	 1.696E+00	 1.921E+00	-6.477E-01	 3.851E-02	 1.130E-01	 2.071E+00	-6.477E-01	 0.000E+00	 0.000E+00	 0.000E+00	 5.704E+02	 7.698E+00
   16.7500	 1.569E-03	-5.313E-03	 7.724E+00	 7.491E+02	 8.338E+01	 0.000E+00	 3.483E+03	 3.107E+03	 3.445E+03	 3.687E+03	-1.594E+03	-1.376E+03	 2.066E+00	 1.661E+00	 1.963E+00	-6.221E-01	 1.080E-01	 1.429E-02	 2.066E+00	-6.221E-01	 0.000E+00	 0.000E+00	 0.000E+00	 5.689E+02	 7.682E+00
   17.0000	-2.771E-04	-5.850E-03	 7.724E+00	 7.494E+02	 9.497E+01	 0.000E+00	 3.419E+03	 3.098E+03	 3.530E+03	 3.696E+03	-1.305E+03	-1.683E+03	 2.028E+00	 1.664E+00	 2.007E+00	-6.200E-01	 2.662E-02	 9.565E-02	 2.028E+00	-6.200E-01	 0.000E+00	 0.000E+00	 0.000E+00	 5.684E+02	 7.673E+00
   17.2500	-3.678E-04	 4.658E-03	 7.722E+00	 7.489E+02	 1.066E+02	 0.000E+00	 3.356E+03	 3.223E+03	 3.486E+03	 3.793E+03	-2.193E+03	-8.931E+02	 1.981E+00	 1.714E+00	 2.016E+00	-6.405E-01	 1.535E-01	-1.148E-02	 1.981E+00	-6.405E-01	 0.000E+00	 0.000E+00	 0.000E+00	 5.672E+02	 7.662E+00
   17.5000	 9.238E-04	 3.079E-03	 7.722E+00	 7.491E+02	 1.181E+02	 0.000E+00	 3.358E+03	 3.281E+03	 3.438E+03	 3.429E+03	-3.407E+03	 6.921E+02	 1.953E+00	 1.741E+00	 2.026E+00	-5.875E-01	 3.468E-01	-2.608E-01	 1.953E+00	-5.875E-01	 0.000E+00	 0.000E+00	 0.000E+00	 5.665E+02	 7.650E+00
   17.7500	 6.418E-04	-4.536E-03	 7.721E+00	 7.489E+02	 1.297E+02	 0.000E+00	 3.327E+03	 3.241E+03	 3.510E+03	 2.782E+03	-3.176E+03	 1.095E+03	 1.911E+00	 1.743E+00	 2.066E+00	-4.885E-01	 2.919E-01	-3.021E-01	 1.911E+00	-4.885E-01	 0.000E+00	 0.000E+00	 0.000E+00	 5.659E+02	 7.644E+00
   18.0000	-5.123E-04	-3.257E-03	 7.721E+00	 7.489E+02	 1.413E+02	 0.000E+00	 3.232E+03	 3.288E+03	 3.551E+03	 2.397E+03	-2.724E+03	 1.041E+03	 1.842E+00	 1.783E+00	 2.090E+00	-4.396E-01	 1.993E-01	-2.605E-01	 1.842E+00	-4.396E-01	 0.000E+00	 0.000E+00	 0.000E+00	 5.652E+02	 7.634E+00
   18.2500	-7.603E-04	 8.947E-04	 7.720E+00	 7.489E+02	 1.529E+02	 0.000E+00	 3.183E+03	 3.402E+03	 3.478E+03	 1.969E+03	-3.435E+03	 2.165E+03	 1.790E+00	 1.840E+00	 2.079E+00	-3.888E-01	 3.196E-01	-4.277E-01	 1.790E+00	-3.888E-01	 0.000E+00	 0.000E+00	 0.000E+00	 5.648E+02	 7.630E+00
   18.5000	-2.861E-04	 2.696E-03	 7.719E+00	 7.487E+02	 1.645E+02	 0.000E+00	 3.185E+03	 3.409E+03	 3.453E+03	 1.115E+03	-3.733E+03	 3.330E+03	 1.759E+00	 1.860E+00	 2.079E+00	-2.675E-01	 3.776E-01	-6.095E-01	 1.759E+00	-2.675E-01	 0.000E+00	 0.000E+00	 0.000E+00	 5.640E+02	 7.620E+00
   18.7500	 4.477E-04	 2.544E-03	 7.719E+00	 7.488E+02	 1.760E+02	 0.000E+00	 3.144E+03	 3.371E+03	 3.519E+03	 2.586E+02	-2.718E+03	 3.161E+03	 1.714E+00	 1.875E+00	 2.098E+00	-1.458E-01	 2.088E-01	-5.595E-01	 1.714E+00	-1.458E-01	 0.000E+00	 0.000E+00	 0.000E+00	 5.638E+02	 7.616E+00
   19.0000	 5.740E-04	-1.961E-03	 7.718E+00	 7.486E+02	 1.876E+02	 0.000E+00	 3.085E+03	 3.430E+03	 3.508E+03	-2.473E+02	-2.117E+03	 3.069E+03	 1.670E+00	 1.925E+00	 2.086E+00	-8.720E-02	 1.154E-01	-5.249E-01	 1.670E+00	-8.720E-02	 0.000E+00	 0.000E+00	 0.000E+00	 5.630E+02	 7.609E+00
   19.2500	-2.092E-04	-2.668E-03	 7.718E+00	 7.487E+02	 1.992E+02	 0.000E+00	 3.108E+03	 3.500E+03	 3.418E+03	-8.621E+02	-2.400E+03	 3.967E+03	 1.667E+00	 1.966E+00	 2.051E+00	-1.145E-02	 1.865E-01	-6.717E-01	 1.667E+00	-1.145E-02	 0.000E+00	 0.000E+00	 0.000E+00	 5.627E+02	 7.603E+00
   19.5000	-2.716E-05	 4.486E-03	 7.716E+00	 7.485E+02	 2.108E+02	 0.000E+00	 3.169E+03	 3.464E+03	 3.407E+03	-1.732E+03	-1.815E+03	 4.247E+03	 1.686E+00	 1.974E+00	 2.033E+00	 1.107E-01	 1.115E-01	-7.186E-01	 1.686E+00	 1.107E-01	 0.000E+00	 0.000E+00	 0.000E+00	 5.621E+02	 7.597E+00
   19.7500	 1.320E-03	 3.753E-03	 7.716E+00	 7.485E+02	 2.223E+02	 0.000E+00	 3.177E+03	 3.437E+03	 3.440E+03	-2.319E+03	-3.903E+02	 3.417E+03	 1.692E+00	 1.996E+00	 2.015E+00	 1.871E-01	-1.122E-01	-5.740E-01	 1.692E+00	 1.871E-01	 0.000E+00	 0.000E+00	 0.000E+00	 5.616E+02	 7.589E+00
   20.0000	 9.734E-04	-6.375E-03	 7.716E+00	 7.484E+02	 2.339E+02	 0.000E+00	 3.188E+03	 3.505E+03	 3.372E+03	-2.574E+03	 1.375E+02	 3.135E+03	 1.706E+00	 2.041E+00	 1.964E+00	 2.087E-01	-1.767E-01	-5.296E-01	 1.706E+00	 2.087E-01	 0.000E+00	 0.000E+00	 0.000E+00	 5.613E+02	 7.586E+00
   20.2500	-7.904E-04	-4.721E-03	 7.716E+00	 7.484E+02	 2.455E+02	 0.000E+00	 3.267E+03	 3.532E+03	 3.272E+03	-2.960E+03	 1.782E+02	 3.488E+03	 1.746E+00	 2.063E+00	 1.908E+00	 2.569E-01	-1.508E-01	-6.055E-01	 1.746E+00	 2.569E-01	 0.000E+00	 0.000E+00	 0.000E+00	 5.608E+02	 7.580E+00
   20.5000	-6.185E-04	 5.282E-03	 7.715E+00	 7.484E+02	 2.571E+02	 0.000E+00	 3.331E+03	 3.473E+03	 3.269E+03	-3.382E+03	 1.224E+03	 2.857E+03	 1.787E+00	 2.059E+00	 1.870E+00	 3.184E-01	-3.017E-01	-5.146E-01	 1.787E+00	 3.184E-01	 0.000E+00	 0.000E+00	 0.000E+00	 5.606E+02	 7.577E+00
   20.7500	 6.388E-04	 2.219E-03	 7.715E+00	 7.483E+02	 2.686E+02	 0.000E+00	 3.332E+03	 3.469E+03	 3.262E+03	-3.374E+03	 2.463E+03	 1.615E+03	 1.809E+00	 2.075E+00	 1.826E+00	 3.115E-01	-4.925E-01	-3.181E-01	 1.809E+00	 3.115E-01	 0.000E+00	 0.000E+00	 0.000E+00	 5.602E+02	 7.572E+00
   21.0000	 1.021E-04	-5.194E-03	 7.715E+00	 7.484E+02	 2.802E+02	 0.000E+00	 3.356E+03	 3.530E+03	 3.161E+03	-3.140E+03	 2.581E+03	 1.261E+03	 1.837E+00	 2.102E+00	 1.759E+00	 2.708E-01	-4.878E-01	-2.804E-01	 1.837E+00	 2.708E-01	 0.000E+00	 0.000E+00	 0.000E+00	 5.601E+02	 7.571E+00
   21.2500	-8.619E-04	-6.883E-04	 7.714E+00	 7.483E+02	 2.918E+02	 0.000E+00	 3.421E+03	 3.512E+03	 3.099E+03	-3.058E+03	 2.641E+03	 1.117E+03	 1.882E+00	 2.094E+00	 1.711E+00	 2.627E-01	-4.732E-01	-2.855E-01	 1.882E+00	 2.627E-01	 0.000E+00	 0.000E+00	 0.000E+00	 5.598E+02	 7.568E+00
   21.5000	-1.573E-04	 4.986E-03	 7.714E+00	 7.483E+02	 3.034E+02	 0.000E+00	 3.443E+03	 3.442E+03	 3.139E+03	-2.849E+03	 3.587E+03	-3.533E+01	 1.915E+00	 2.070E+00	 1.697E+00	 2.394E-01	-6.207E-01	-1.150E-01	 1.915E+00	 2.394E-01	 0.000E+00	 0.000E+00	 0.000E+00	 5.596E+02	 7.564E+00
   21.7500	 8.218E-04	 1.866E-03	 7.714E+00	 7.482E+02	 3.149E+02	 0.000E+00	 3.429E+03	 3.450E+03	 3.144E+03	-2.235E+03	 4.105E+03	-1.171E+03	 1.934E+00	 2.067E+00	 1.680E+00	 1.510E-01	-7.015E-01	 5.478E-02	 1.934E+00	 1.510E-01	 0.000E+00	 0.000E+00	 0.000E+00	 5.593E+02	 7.561E+00
   22.0000	 7.822E-04	-1.473E-03	 7.713E+00	 7.482E+02	 3.265E+02	 0.000E+00	 3.455E+03	 3.476E+03	 3.097E+03	-1.580E+03	 3.591E+03	-1.309E+03	 1.967E+00	 2.058E+00	 1.661E+00	 5.854E-02	-6.043E-01	 4.896E-02	 1.967E+00	 5.854E-02	 0.000E+00	 0.000E+00	 0.000E+00	 5.590E+02	 7.557E+00
   22.2500	 3.753E-04	-1.575E-03	 7.713E+00	 7.482E+02	 3.381E+02	 0.000E+00	 3.495E+03	 3.412E+03	 3.135E+03	-1.110E+03	 3.443E+03	-1.636E+03	 2.005E+00	 2.013E+00	 1.677E+00	 2.668E-03	-5.750E-01	 7.617E-02	 2.005E+00	 2.668E-03	 0.000E+00	 0.000E+00	 0.000E+00	 5.588E+02	 7.555E+00
   22.5000	 6.076E-05	-6.772E-04	 7.713E+00	 7.481E+02	 3.496E+02	 0.000E+00	 3.487E+03	 3.338E+03	 3.235E+03	-4.591E+02	 3.883E+03	-2.722E+03	 2.023E+00	 1.969E+00	 1.716E+00	-8.118E-02	-6.583E-01	 2.414E-01	 2.023E+00	-8.118E-02	 0.000E+00	 0.000E+00	 0.000E+00	 5.584E+02	 7.550E+00
   22.7500	 1.797E-04	 1.570E-03	 7.713E+00	 7.482E+02	 1.205E+00	 0.000E+00	 3.471E+03	 3.340E+03	 3.260E+03	 4.356E+02	 3.497E+03	-3.233E+03	 2.037E+00	 1.942E+00	 1.737E+00	-2.070E-01	-6.036E-01	 3.124E-01	 2.037E+00	-2.070E-01	 0.000E+00	 0.000E+00	 0.000E+00	 5.583E+02	 7.549E+00
   23.0000	 5.234E-04	 1.173E-04	 7.713E+00	 7.481E+02	 1.277E+01	 0.000E+00	 3.499E+03	 3.318E+03	 3.253E+03	 1.155E+03	 2.463E+03	-2.917E+03	 2.065E+00	 1.894E+00	 1.756E+00	-3.032E-01	-4.370E-01	 2.416E-01	 2.065E+00	-3.032E-01	 0.000E+00	 0.000E+00	 0.000E+00	 5.581E+02	 7.546E+00
   23.2500	-7.240E-05	-4.456E-03	 7.713E+00	 7.482E+02	 2.434E+01	 0.000E+00	 3.519E+03	 3.220E+03	 3.324E+03	 1.668E+03	 2.125E+03	-3.093E+03	 2.086E+00	 1.826E+00	 1.798E+00	-3.633E-01	-3.970E-01	 2.624E-01	 2.086E+00	-3.633E-01	 0.000E+00	 0.000E+00	 0.000E+00	 5.580E+02	 7.545E+00
   23.5000	-9.929E-04	-1.162E-03	 7.713E+00	 7.481E+02	 3.591E+01	 0.000E+00	 3.491E+03	 3.162E+03	 3.399E+03	 2.326E+03	 2.007E+03	-3.634E+03	 2.085E+00	 1.777E+00	 1.840E+00	-4.505E-01	-4.027E-01	 3.563E-01	 2.085E+00	-4.505E-01	 0.000E+00	 0.000E+00	 0.000E+00	 5.579E+02	 7.544E+00
   23.7500	-3.205E-04	 5.560E-03	 7.712E+00	 7.481E+02	 4.748E+01	 0.000E+00	 3.474E+03	 3.174E+03	 3.390E+03	 3.016E+03	 9.810E+02	-3.297E+03	 2.083E+00	 1.747E+00	 1.862E+00	-5.475E-01	-2.519E-01	 3.027E-01	 2.083E+00	-5.475E-01	 0.000E+00	 0.000E+00	 0.000E+00	 5.578E+02	 7.543E+00
   24.0000	 8.143E-04	 1.634E-03	 7.712E+00	 7.481E+02	 5.905E+01	 0.000E+00	 3.494E+03	 3.142E+03	 3.389E+03	 3.363E+03	-1.451E+02	-2.520E+03	 2.089E+00	 1.703E+00	 1.890E+00	-5.893E-01	-8.248E-02	 1.760E-01	 2.089E+00	-5.893E-01	 0.000E+00	 0.000E+00	 0.000E+00	 5.577E+02	 7.542E+00
   24.2500	 3.226E-04	-4.219E-03	 7.712E+00	 7.481E+02	 7.062E+01	 0.000E+00	 3.484E+03	 3.080E+03	 3.453E+03	 3.526E+03	-4.283E+02	-2.397E+03	 2.080E+00	 1.665E+00	 1.933E+00	-6.029E-01	-6.313E-02	 1.702E-01	 2.080E+00	-6.029E-01	 0.000E+00	 0.000E+00	 0.000E+00	 5.576E+02	 7.540E+00
   24.5000	-2.955E-04	 6.659E-04	 7.712E+00	 7.480E+02	 8.218E+01	 0.000E+00	 3.434E+03	 3.106E+03	 3.484E+03	 3.791E+03	-8.309E+02	-2.263E+03	 2.051E+00	 1.667E+00	 1.964E+00	-6.396E-01	-2.532E-02	 1.698E-01	 2.051E+00	-6.396E-01	 0.000E+00	 0.000E+00	 0.000E+00	 5.575E+02	 7.538E+00
   24.7500	 5.687E-04	 4.622E-03	 7.711E+00	 7.480E+02	 9.375E+01	 0.000E+00	 3.410E+03	 3.179E+03	 3.450E+03	 3.910E+03	-1.946E+03	-1.265E+03	 2.023E+00	 1.688E+00	 1.981E+00	-6.579E-01	 1.404E-01	 2.089E-02	 2.023E+00	-6.579E-01	 0.000E+00	 0.000E+00	 0.000E+00	 5.572E+02	 7.536E+00
   25.0000	 1.133E-03	-9.955E-04	 7.711E+00	 7.480E+02	 1.053E+02	 0.000E+00	 3.405E+03	 3.189E+03	 3.460E+03	 3.640E+03	-2.638E+03	-3.038E+02	 1.999E+00	 1.695E+00	 2.009E+00	-6.141E-01	 2.372E-01	-1.206E-01	 1.999E+00	-6.141E-01	 0.000E+00	 0.000E+00	 0.000E+00	 5.571E+02	 7.534E+00
   25.2500	 2.939E-04	-4.293E-03	 7.711E+00	 7.480E+02	 1.169E+02	 0.000E+00	 3.354E+03	 3.195E+03	 3.514E+03	 3.295E+03	-2.572E+03	-2.517E+01	 1.955E+00	 1.712E+00	 2.044E+00	-5.618E-01	 2.031E-01	-1.390E-01	 1.955E+00	-5.618E-01	 0.000E+00	 0.000E+00	 0.000E+00	 5.569E+02	 7.532E+00
   25.5000	-3.940E-04	-7.055E-04	 7.711E+00	 7.480E+02	 1.285E+02	 0.000E+00	 3.285E+03	 3.276E+03	 3.509E+03	 3.047E+03	-2.880E+03	 5.321E+02	 1.898E+00	 1.756E+00	 2.060E+00	-5.322E-01	 2.385E-01	-2.042E-01	 1.898E+00	-5.322E-01	 0.000E+00	 0.000E+00	 0.000E+00	 5.569E+02	 7.531E+00
   25.7500	-2.183E-04	 1.335E-03	 7.711E+00	 7.480E+02	 1.400E+02	 0.000E+00	 3.253E+03	 3.344E+03	 3.470E+03	 2.565E+03	-3.556E+03	 1.689E+03	 1.853E+00	 1.795E+00	 2.065E+00	-4.676E-01	 3.468E-01	-3.770E-01	 1.853E+00	-4.676E-01	 0.000E+00	 0.000E+00	 0.000E+00	 5.568E+02	 7.530E+00
   26.0000	 8.727E-06	 3.162E-04	 7.711E+00	 7.480E+02	 1.516E+02	 0.000E+00	 3.224E+03	 3.342E+03	 3.491E+03	 1.801E+03	-3.482E+03	 2.380E+03	 1.808E+00	 1.814E+00	 2.083E+00	-3.573E-01	 3.308E-01	-4.712E-01	 1.808E+00	-3.573E-01	 0.000E+00	 0.000E+00	 0.000E+00	 5.568E+02	 7.530E+00
   26.2500	-3.120E-05	-5.624E-04	 7.711E+00	 7.480E+02	 1.632E+02	 0.000E+00	 3.159E+03	 3.359E+03	 3.523E+03	 1.140E+03	-2.939E+03	 2.497E+03	 1.751E+00	 1.846E+00	 2.097E+00	-2.673E-01	 2.364E-01	-4.655E-01	 1.751E+00	-2.673E-01	 0.000E+00	 0.000E+00	 0.000E+00	 5.568E+02	 7.530E+00
   26.5000	-2.340E-04	-7.798E-04	 7.711E+00	 7.480E+02	 1.747E+02	 0.000E+00	 3.112E+03	 3.426E+03	 3.488E+03	 5.849E+02	-2.921E+03	 3.034E+03	 1.705E+00	 1.892E+00	 2.087E+00	-1.993E-01	 2.406E-01	-5.371E-01	 1.705E+00	-1.993E-01	 0.000E+00	 0.000E+00	 0.000E+00	 5.568E+02	 7.530E+00
   26.7500	-2.031E-04	 1.512E-03	 7.711E+00	 7.480E+02	 1.863E+02	 0.000E+00	 3.120E+03	 3.453E+03	 3.447E+03	-1.826E+02	-2.917E+03	 3.797E+03	 1.686E+00	 1.921E+00	 2.072E+00	-9.618E-02	 2.560E-01	-6.550E-01	 1.686E+00	-9.618E-02	 0.000E+00	 0.000E+00	 0.000E+00	 5.567E+02	 7.529E+00
   27.0000	 5.215E-04	 3.628E-03	 7.711E+00	 7.479E+02	 1.979E+02	 0.000E+00	 3.129E+03	 3.432E+03	 3.461E+03	-1.017E+03	-2.120E+03	 3.835E+03	 1.675E+00	 1.940E+00	 2.065E+00	 1.932E-02	 1.366E-01	-6.515E-01	 1.675E+00	 1.932E-02	 0.000E+00	 0.000E+00	 0.000E+00	 5.566E+02	 7.528E+00
   27.2500	 1.056E-03	-2.646E-04	 7.711E+00	 7.479E+02	 2.094E+02	 0.000E+00	 3.123E+03	 3.452E+03	 3.456E+03	-1.589E+03	-1.256E+03	 3.543E+03	 1.668E+00	 1.975E+00	 2.044E+00	 9.001E-02	 7.748E-03	-5.938E-01	 1.668E+00	 9.001E-02	 0.000E+00	 0.000E+00	 0.000E+00	 5.565E+02	 7.527E+00
   27.5000	 4.008E-04	-3.923E-03	 7.710E+00	 7.479E+02	 2.210E+02	 0.000E+00	 3.155E+03	 3.499E+03	 3.390E+03	-2.058E+03	-9.633E+02	 3.719E+03	 1.682E+00	 2.012E+00	 2.003E+00	 1.443E-01	-1.607E-02	-6.248E-01	 1.682E+00	 1.443E-01	 0.000E+00	 0.000E+00	 0.000E+00	 5.564E+02	 7.525E+00
   27.7500	-1.857E-04	 1.688E-04	 7.710E+00	 7.479E+02	 2.326E+02	 0.000E+00	 3.225E+03	 3.493E+03	 3.343E+03	-2.645E+03	-4.364E+02	 3.780E+03	 1.716E+00	 2.028E+00	 1.964E+00	 2.228E-01	-7.688E-02	-6.433E-01	 1.716E+00	 2.228E-01	 0.000E+00	 0.000E+00	 0.000E+00	 5.563E+02	 7.524E+00
   28.0000	 3.425E-04	 2.697E-03	 7.710E+00	 7.479E+02	 2.441E+02	 0.000E+00	 3.265E+03	 3.469E+03	 3.336E+03	-3.089E+03	 6.805E+02	 3.106E+03	 1.745E+00	 2.042E+00	 1.928E+00	 2.819E-01	-2.420E-01	-5.379E-01	 1.745E+00	 2.819E-01	 0.000E+00	 0.000E+00	 0.000E+00	 5.562E+02	 7.523E+00
   28.2500	 4.664E-04	-2.278E-03	 7.711E+00	 7.479E+02	 2.557E+02	 0.000E+00	 3.284E+03	 3.496E+03	 3.288E+03	-3.205E+03	 1.465E+03	 2.440E+03	 1.769E+00	 2.069E+00	 1.875E+00	 2.893E-01	-3.503E-01	-4.372E-01	 1.769E+00	 2.893E-01	 0.000E+00	 0.000E+00	 0.000E+00	 5.562E+02	 7.523E+00
   28.5000	-4.623E-04	-3.603E-03	 7.711E+00	 7.480E+02	 2.672E+02	 0.000E+00	 3.333E+03	 3.523E+03	 3.203E+03	-3.259E+03	 1.735E+03	 2.221E+03	 1.804E+00	 2.088E+00	 1.815E+00	 2.913E-01	-3.679E-01	-4.207E-01	 1.804E+00	 2.913E-01	 0.000E+00	 0.000E+00	 0.000E+00	 5.563E+02	 7.523E+00
   28.7500	-7.251E-04	 1.810E-03	 7.711E+00	 7.479E+02	 2.788E+02	 0.000E+00	 3.386E+03	 3.491E+03	 3.169E+03	-3.338E+03	 2.365E+03	 1.670E+03	 1.844E+00	 2.085E+00	 1.769E+00	 3.046E-01	-4.503E-01	-3.508E-01	 1.844E+00	 3.046E-01	 0.000E+00	 0.000E+00	 0.000E+00	 5.563E+02	 7.523E+00
   29.0000	 5.037E-05	 3.097E-03	 7.711E+00	 7.479E+02	 2.904E+02	 0.000E+00	 3.401E+03	 3.468E+03	 3.163E+03	-3.157E+03	 3.250E+03	 6.055E+02	 1.873E+00	 2.082E+00	 1.732E+00	 2.796E-01	-5.832E-01	-1.924E-01	 1.873E+00	 2.796E-01	 0.000E+00	 0.000E+00	 0.000E+00	 5.563E+02	 7.523E+00
   29.2500	 4.124E-04	-2.232E-04	 7.711E+00	 7.479E+02	 3.019E+02	 0.000E+00	 3.412E+03	 3.489E+03	 3.120E+03	-2.707E+03	 3.518E+03	-1.134E+02	 1.900E+00	 2.087E+00	 1.692E+00	 2.130E-01	-6.129E-01	-9.563E-02	 1.900E+00	 2.130E-01	 0.000E+00	 0.000E+00	 0.000E+00	 5.562E+02	 7.523E+00
   29.5000	 2.191E-04	-6.137E-04	 7.710E+00	 7.479E+02	 3.135E+02	 0.000E+00	 3.448E+03	 3.482E+03	 3.087E+03	-2.282E+03	 3.449E+03	-4.698E+02	 1.937E+00	 2.075E+00	 1.666E+00	 1.557E-01	-5.862E-01	-6.456E-02	 1.937E+00	 1.557E-01	 0.000E+00	 0.000E+00	 0.000E+00	 5.562E+02	 7.523E+00
   29.7500	 2.702E-04	 8.973E-04	 7.710E+00	 7.479E+02	 3.251E+02	 0.000E+00	 3.471E+03	 3.428E+03	 3.127E+03	-1.845E+03	 3.776E+03	-1.234E+03	 1.970E+00	 2.043E+00	 1.671E+00	 1.020E-01	-6.352E-01	 3.784E-02	 1.970E+00	 1.020E-01	 0.000E+00	 0.000E+00	 0.000E+00	 5.561E+02	 7.522E+00
   30.0000	 5.285E-04	 9.163E-04	 7.710E+00	 7.479E+02	 3.366E+02	 0.000E+00	 3.466E+03	 3.399E+03	 3.176E+03	-1.162E+03	 4.019E+03	-2.159E+03	 1.991E+00	 2.017E+00	 1.687E+00	 9.273E-03	-6.776E-01	 1.719E-01	 1.991E+00	 9.273E-03	 0.000E+00	 0.000E+00	 0.000E+00	 5.560E+02	 7.520E+00
   30.2500	 6.572E-04	-2.207E-05	 7.710E+00	 7.479E+02	 3.482E+02	 0.000E+00	 3.474E+03	 3.395E+03	 3.187E+03	-3.731E+02	 3.581E+03	-2.510E+03	 2.016E+00	 1.990E+00	 1.699E+00	-1.002E-01	-6.056E-01	 2.086E-01	 2.016E+00	-1.002E-01	 0.000E+00	 0.000E+00	 0.000E+00	 5.559E+02	 7.520E+00
   30.5000	 4.247E-04	-1.974E-03	 7.710E+00	 7.479E+02	 3.598E+02	 0.000E+00	 3.500E+03	 3.346E+03	 3.220E+03	 2.750E+02	 3.085E+03	-2.662E+03	 2.046E+00	 1.941E+00	 1.725E+00	-1.836E-01	-5.276E-01	 2.134E-01	 2.046E+00	-1.836E-01	 0.000E+00	 0.000E+00	 0.000E+00	 5.559E+02	 7.519E+00
   30.7500	-2.155E-04	-2.503E-03	 7.710E+00	 7.479E+02	 1.134E+01	 0.000E+00	 3.503E+03	 3.272E+03	 3.294E+03	 9.147E+02	 2.963E+03	-3.180E+03	 2.064E+00	 1.886E+00	 1.764E+00	-2.644E-01	-5.216E-01	 2.882E-01	 2.064E+00	-2.644E-01	 0.000E+00	 0.000E+00	 0.000E+00	 5.559E+02	 7.519E+00
   31.0000	-4.767E-04	 7.762E-04	 7.710E+00	 7.479E+02	 2.290E+01	 0.000E+00	 3.487E+03	 3.238E+03	 3.339E+03	 1.690E+03	 2.527E+03	-3.520E+03	 2.072E+00	 1.841E+00	 1.797E+00	-3.701E-01	-4.669E-01	 3.394E-01	 2.072E+00	-3.701E-01	 0.000E+00	 0.000E+00	 0.000E+00	 5.559E+02	 7.519E+00
   31.2500	-5.055E-06	 2.051E-03	 7.710E+00	 7.479E+02	 3.447E+01	 0.000E+00	 3.493E+03	 3.214E+03	 3.345E+03	 2.375E+03	 1.579E+03	-3.256E+03	 2.084E+00	 1.795E+00	 1.823E+00	-4.627E-01	-3.247E-01	 2.903E-01	 2.084E+00	-4.627E-01	 0.000E+00	 0.000E+00	 0.000E+00	 5.560E+02	 7.520E+00
   31.5000	 1.203E-04	-1.300E-03	 7.710E+00	 7.479E+02	 4.604E+01	 0.000E+00	 3.505E+03	 3.151E+03	 3.380E+03	 2.822E+03	 8.807E+02	-3.005E+03	 2.093E+00	 1.738E+00	 1.859E+00	-5.167E-01	-2.285E-01	 2.490E-01	 2.093E+00	-5.167E-01	 0.000E+00	 0.000E+00	 0.000E+00	 5.560E+02	 7.520E+00
   31.7500	-3.345E-04	-1.169E-03	 7.710E+00	 7.479E+02	 5.760E+01	 0.000E+00	 3.486E+03	 3.104E+03	 3.433E+03	 3.231E+03	 4.847E+02	-3.018E+03	 2.087E+00	 1.697E+00	 1.897E+00	-5.677E-01	-1.893E-01	 2.616E-01	 2.087E+00	-5.677E-01	 0.000E+00	 0.000E+00	 0.000E+00	 5.560E+02	 7.521E+00
   32.0000	-7.547E-05	 3.144E-03	 7.710E+00	 7.479E+02	 6.917E+01	 0.000E+00	 3.458E+03	 3.118E+03	 3.443E+03	 3.647E+03	-2.986E+02	-2.652E+03	 2.071E+00	 1.682E+00	 1.925E+00	-6.253E-01	-8.391E-02	 2.141E-01	 2.071E+00	-6.253E-01	 0.000E+00	 0.000E+00	 0.000E+00	 5.560E+02	 7.520E+00
   32.2500	 7.812E-04	 2.445E-03	 7.710E+00	 7.479E+02	 8.073E+01	 0.000E+00	 3.451E+03	 3.134E+03	 3.437E+03	 3.825E+03	-1.278E+03	-1.850E+03	 2.057E+00	 1.674E+00	 1.950E+00	-6.471E-01	 5.752E-02	 9.408E-02	 2.057E+00	-6.471E-01	 0.000E+00	 0.000E+00	 0.000E+00	 5.559E+02	 7.519E+00
   32.5000	 8.180E-04	-1.924E-03	 7.710E+00	 7.479E+02	 9.230E+01	 0.000E+00	 3.436E+03	 3.130E+03	 3.467E+03	 3.752E+03	-1.775E+03	-1.279E+03	 2.035E+00	 1.670E+00	 1.984E+00	-6.305E-01	 1.159E-01	 1.854E-02	 2.035E+00	-6.305E-01	 0.000E+00	 0.000E+00	 0.000E+00	 5.559E+02	 7.519E+00
   32.7500	 2.327E-04	-1.761E-03	 7.710E+00	 7.479E+02	 1.039E+02	 0.000E+00	 3.388E+03	 3.164E+03	 3.496E+03	 3.660E+03	-2.089E+03	-8.742E+02	 1.997E+00	 1.688E+00	 2.014E+00	-6.162E-01	 1.432E-01	-2.362E-02	 1.997E+00	-6.162E-01	 0.000E+00	 0.000E+00	 0.000E+00	 5.558E+02	 7.518E+00
