ACCEPT_STAGE running 0.51
ACCEPT_PROGRESS running 15 CONNECTED RUNNING 0
ACCEPT_PROGRESS running 30 CONNECTED RUNNING 0
ACCEPT_PROGRESS running 45 CONNECTED RUNNING 2
ACCEPT_STAGE pausing 54.55
ACCEPT_STAGE paused_stale 56.0
ACCEPT_PROGRESS paused_stale 60 CONNECTED PAUSED 12
ACCEPT_PROGRESS paused_stale 75 CONNECTED PAUSED 12
ACCEPT_STAGE single_step 88.05
ACCEPT_STAGE step_stable 88.47
ACCEPT_STAGE resumed 89.99
ACCEPT_PROGRESS resumed 90 CONNECTED RUNNING 14
ACCEPT_STAGE disconnected 91.51
ACCEPT_STAGE reconnecting 93.52
ACCEPT_STAGE stopping 93.93
ACCEPT_STAGE export 96.29
ACCEPT_STAGE export_failure 96.42
ACCEPT_STAGE formal_connect 96.73
ACCEPT_STAGE formal_running 96.86
ACCEPT_PROGRESS formal_running 105 CONNECTED RUNNING -1
ACCEPT_PROGRESS formal_running 120 CONNECTED RUNNING -1
ACCEPT_PROGRESS formal_running 135 CONNECTED RUNNING -1
ACCEPT_PROGRESS formal_running 150 CONNECTED RUNNING -1
ACCEPT_PROGRESS formal_running 165 CONNECTED RUNNING -1
ACCEPT_PROGRESS formal_running 180 CONNECTED RUNNING -1
ACCEPT_PROGRESS formal_running 196 CONNECTED RUNNING -1
ACCEPT_PROGRESS formal_running 211 CONNECTED RUNNING -1
2026-09-09 09:39:32.255 Blender[14626:10744103] TSM AdjustCapsLockLEDForKeyTransitionHandling - _ISSetPhysicalKeyboardCapsLockLED Inhibit
2026-09-09 09:39:44.838 Blender[14626:10744103] error messaging the mach port for IMKCFRunLoopWakeUpReliable
ACCEPT_PROGRESS formal_running 226 CONNECTED RUNNING -1
ACCEPT_PROGRESS formal_running 241 CONNECTED RUNNING -1
ACCEPT_PROGRESS formal_running 256 CONNECTED RUNNING -1
ACCEPT_PROGRESS formal_running 271 CONNECTED RUNNING -1
ACCEPT_PROGRESS formal_running 286 CONNECTED RUNNING -1
ACCEPT_PROGRESS formal_running 301 CONNECTED RUNNING -1
ACCEPT_PROGRESS formal_running 316 CONNECTED RUNNING -1
ACCEPT_PROGRESS formal_running 331 CONNECTED RUNNING -1
ACCEPT_PROGRESS formal_running 346 CONNECTED RUNNING -1
ACCEPT_STAGE formal_stale 352.62
ACCEPT_PROGRESS formal_stale 361 CONNECTED STOPPED -1
ACCEPT_PROGRESS formal_stale 376 CONNECTED STOPPED -1
ACCEPT_STAGE formal_export 384.82
ACCEPT_STAGE complete 384.82
FRONTEND_ACCEPTANCE True
06:25.356  blend            | Saved session recovery to "/var/folders/9w/yltr8zcx3gxb3rs6lr0kxwth0000gn/T/quit.blend"

Blender quit
Error: Not freed memory blocks: 525, total unfreed memory 0.038147 MB
