00:17.341  render           | Saved: '/Users/eason/Desktop/wfcrl/wind farm RL/results/camera-video/t1-single-4k-20fps-20260919/.exposure_sample.exr'
00:18.122  render           | Saved: '/Users/eason/Desktop/wfcrl/wind farm RL/results/camera-video/t1-single-4k-20fps-20260919/.exposure_sample.exr'
CAMERA_VIDEO_FRAME 1/1200 /Users/eason/Desktop/wfcrl/wind farm RL/results/camera-video/t1-single-4k-20fps-20260919/master_frames/000000.png
00:20.100  render           | Saved: '/Users/eason/Desktop/wfcrl/wind farm RL/results/camera-video/t1-single-4k-20fps-20260919/.exposure_sample.exr'
00:20.864  render           | Saved: '/Users/eason/Desktop/wfcrl/wind farm RL/results/camera-video/t1-single-4k-20fps-20260919/.exposure_sample.exr'
CAMERA_VIDEO_FRAME 2/1200 /Users/eason/Desktop/wfcrl/wind farm RL/results/camera-video/t1-single-4k-20fps-20260919/master_frames/000001.png
00:22.815  render           | Saved: '/Users/eason/Desktop/wfcrl/wind farm RL/results/camera-video/t1-single-4k-20fps-20260919/.exposure_sample.exr'
00:23.549  render           | Saved: '/Users/eason/Desktop/wfcrl/wind farm RL/results/camera-video/t1-single-4k-20fps-20260919/.exposure_sample.exr'
CAMERA_VIDEO_FRAME 3/1200 /Users/eason/Desktop/wfcrl/wind farm RL/results/camera-video/t1-single-4k-20fps-20260919/master_frames/000002.png
00:25.485  render           | Saved: '/Users/eason/Desktop/wfcrl/wind farm RL/results/camera-video/t1-single-4k-20fps-20260919/.exposure_sample.exr'
00:26.215  render           | Saved: '/Users/eason/Desktop/wfcrl/wind farm RL/results/camera-video/t1-single-4k-20fps-20260919/.exposure_sample.exr'
CAMERA_VIDEO_FRAME 4/1200 /Users/eason/Desktop/wfcrl/wind farm RL/results/camera-video/t1-single-4k-20fps-20260919/master_frames/000003.png
00:28.156  render           | Saved: '/Users/eason/Desktop/wfcrl/wind farm RL/results/camera-video/t1-single-4k-20fps-20260919/.exposure_sample.exr'
00:28.889  render           | Saved: '/Users/eason/Desktop/wfcrl/wind farm RL/results/camera-video/t1-single-4k-20fps-20260919/.exposure_sample.exr'
CAMERA_VIDEO_FRAME 5/1200 /Users/eason/Desktop/wfcrl/wind farm RL/results/camera-video/t1-single-4k-20fps-20260919/master_frames/000004.png
00:30.835  render           | Saved: '/Users/eason/Desktop/wfcrl/wind farm RL/results/camera-video/t1-single-4k-20fps-20260919/.exposure_sample.exr'
00:31.570  render           | Saved: '/Users/eason/Desktop/wfcrl/wind farm RL/results/camera-video/t1-single-4k-20fps-20260919/.exposure_sample.exr'
CAMERA_VIDEO_FRAME 6/1200 /Users/eason/Desktop/wfcrl/wind farm RL/results/camera-video/t1-single-4k-20fps-20260919/master_frames/000005.png
00:33.529  render           | Saved: '/Users/eason/Desktop/wfcrl/wind farm RL/results/camera-video/t1-single-4k-20fps-20260919/.exposure_sample.exr'
00:34.270  render           | Saved: '/Users/eason/Desktop/wfcrl/wind farm RL/results/camera-video/t1-single-4k-20fps-20260919/.exposure_sample.exr'
CAMERA_VIDEO_FRAME 7/1200 /Users/eason/Desktop/wfcrl/wind farm RL/results/camera-video/t1-single-4k-20fps-20260919/master_frames/000006.png
00:36.221  render           | Saved: '/Users/eason/Desktop/wfcrl/wind farm RL/results/camera-video/t1-single-4k-20fps-20260919/.exposure_sample.exr'
00:36.956  render           | Saved: '/Users/eason/Desktop/wfcrl/wind farm RL/results/camera-video/t1-single-4k-20fps-20260919/.exposure_sample.exr'
CAMERA_VIDEO_FRAME 8/1200 /Users/eason/Desktop/wfcrl/wind farm RL/results/camera-video/t1-single-4k-20fps-20260919/master_frames/000007.png
00:38.912  render           | Saved: '/Users/eason/Desktop/wfcrl/wind farm RL/results/camera-video/t1-single-4k-20fps-20260919/.exposure_sample.exr'
00:39.649  render           | Saved: '/Users/eason/Desktop/wfcrl/wind farm RL/results/camera-video/t1-single-4k-20fps-20260919/.exposure_sample.exr'
CAMERA_VIDEO_FRAME 9/1200 /Users/eason/Desktop/wfcrl/wind farm RL/results/camera-video/t1-single-4k-20fps-20260919/master_frames/000008.png
00:41.609  render           | Saved: '/Users/eason/Desktop/wfcrl/wind farm RL/results/camera-video/t1-single-4k-20fps-20260919/.exposure_sample.exr'
00:42.351  render           | Saved: '/Users/eason/Desktop/wfcrl/wind farm RL/results/camera-video/t1-single-4k-20fps-20260919/.exposure_sample.exr'
CAMERA_VIDEO_FRAME 10/1200 /Users/eason/Desktop/wfcrl/wind farm RL/results/camera-video/t1-single-4k-20fps-20260919/master_frames/000009.png
00:44.289  render           | Saved: '/Users/eason/Desktop/wfcrl/wind farm RL/results/camera-video/t1-single-4k-20fps-20260919/.exposure_sample.exr'
00:45.028  render           | Saved: '/Users/eason/Desktop/wfcrl/wind farm RL/results/camera-video/t1-single-4k-20fps-20260919/.exposure_sample.exr'
CAMERA_VIDEO_FRAME 11/1200 /Users/eason/Desktop/wfcrl/wind farm RL/results/camera-video/t1-single-4k-20fps-20260919/master_frames/000010.png
00:46.952  render           | Saved: '/Users/eason/Desktop/wfcrl/wind farm RL/results/camera-video/t1-single-4k-20fps-20260919/.exposure_sample.exr'
00:47.685  render           | Saved: '/Users/eason/Desktop/wfcrl/wind farm RL/results/camera-video/t1-single-4k-20fps-20260919/.exposure_sample.exr'
CAMERA_VIDEO_FRAME 12/1200 /Users/eason/Desktop/wfcrl/wind farm RL/results/camera-video/t1-single-4k-20fps-20260919/master_frames/000011.png
00:49.598  render           | Saved: '/Users/eason/Desktop/wfcrl/wind farm RL/results/camera-video/t1-single-4k-20fps-20260919/.exposure_sample.exr'
00:50.373  render           | Saved: '/Users/eason/Desktop/wfcrl/wind farm RL/results/camera-video/t1-single-4k-20fps-20260919/.exposure_sample.exr'
CAMERA_VIDEO_FRAME 13/1200 /Users/eason/Desktop/wfcrl/wind farm RL/results/camera-video/t1-single-4k-20fps-20260919/master_frames/000012.png
00:52.408  render           | Saved: '/Users/eason/Desktop/wfcrl/wind farm RL/results/camera-video/t1-single-4k-20fps-20260919/.exposure_sample.exr'
00:53.197  render           | Saved: '/Users/eason/Desktop/wfcrl/wind farm RL/results/camera-video/t1-single-4k-20fps-20260919/.exposure_sample.exr'
CAMERA_VIDEO_FRAME 14/1200 /Users/eason/Desktop/wfcrl/wind farm RL/results/camera-video/t1-single-4k-20fps-20260919/master_frames/000013.png
00:55.192  render           | Saved: '/Users/eason/Desktop/wfcrl/wind farm RL/results/camera-video/t1-single-4k-20fps-20260919/.exposure_sample.exr'
00:55.997  render           | Saved: '/Users/eason/Desktop/wfcrl/wind farm RL/results/camera-video/t1-single-4k-20fps-20260919/.exposure_sample.exr'
CAMERA_VIDEO_FRAME 15/1200 /Users/eason/Desktop/wfcrl/wind farm RL/results/camera-video/t1-single-4k-20fps-20260919/master_frames/000014.png
00:57.993  render           | Saved: '/Users/eason/Desktop/wfcrl/wind farm RL/results/camera-video/t1-single-4k-20fps-20260919/.exposure_sample.exr'
00:58.786  render           | Saved: '/Users/eason/Desktop/wfcrl/wind farm RL/results/camera-video/t1-single-4k-20fps-20260919/.exposure_sample.exr'
CAMERA_VIDEO_FRAME 16/1200 /Users/eason/Desktop/wfcrl/wind farm RL/results/camera-video/t1-single-4k-20fps-20260919/master_frames/000015.png
01:00.765  render           | Saved: '/Users/eason/Desktop/wfcrl/wind farm RL/results/camera-video/t1-single-4k-20fps-20260919/.exposure_sample.exr'
01:01.574  render           | Saved: '/Users/eason/Desktop/wfcrl/wind farm RL/results/camera-video/t1-single-4k-20fps-20260919/.exposure_sample.exr'
CAMERA_VIDEO_FRAME 17/1200 /Users/eason/Desktop/wfcrl/wind farm RL/results/camera-video/t1-single-4k-20fps-20260919/master_frames/000016.png
01:03.590  render           | Saved: '/Users/eason/Desktop/wfcrl/wind farm RL/results/camera-video/t1-single-4k-20fps-20260919/.exposure_sample.exr'
01:04.397  render           | Saved: '/Users/eason/Desktop/wfcrl/wind farm RL/results/camera-video/t1-single-4k-20fps-20260919/.exposure_sample.exr'
CAMERA_VIDEO_FRAME 18/1200 /Users/eason/Desktop/wfcrl/wind farm RL/results/camera-video/t1-single-4k-20fps-20260919/master_frames/000017.png
01:06.373  render           | Saved: '/Users/eason/Desktop/wfcrl/wind farm RL/results/camera-video/t1-single-4k-20fps-20260919/.exposure_sample.exr'
01:07.163  render           | Saved: '/Users/eason/Desktop/wfcrl/wind farm RL/results/camera-video/t1-single-4k-20fps-20260919/.exposure_sample.exr'
CAMERA_VIDEO_FRAME 19/1200 /Users/eason/Desktop/wfcrl/wind farm RL/results/camera-video/t1-single-4k-20fps-20260919/master_frames/000018.png
01:09.148  render           | Saved: '/Users/eason/Desktop/wfcrl/wind farm RL/results/camera-video/t1-single-4k-20fps-20260919/.exposure_sample.exr'
01:09.936  render           | Saved: '/Users/eason/Desktop/wfcrl/wind farm RL/results/camera-video/t1-single-4k-20fps-20260919/.exposure_sample.exr'
CAMERA_VIDEO_FRAME 20/1200 /Users/eason/Desktop/wfcrl/wind farm RL/results/camera-video/t1-single-4k-20fps-20260919/master_frames/000019.png
01:11.952  render           | Saved: '/Users/eason/Desktop/wfcrl/wind farm RL/results/camera-video/t1-single-4k-20fps-20260919/.exposure_sample.exr'
01:12.719  render           | Saved: '/Users/eason/Desktop/wfcrl/wind farm RL/results/camera-video/t1-single-4k-20fps-20260919/.exposure_sample.exr'
Traceback (most recent call last):
  File "/Users/eason/Desktop/wfcrl/wind farm RL/scripts/camera_video.py", line 144, in <module>
    main()
    ~~~~^^
  File "/Users/eason/Desktop/wfcrl/wind farm RL/scripts/camera_video.py", line 108, in main
    result = build(args)
  File "/Users/eason/Desktop/wfcrl/wind farm RL/scripts/camera_video.py", line 84, in build
    subprocess.run(command, cwd=ROOT, check=True)
    ~~~~~~~~~~~~~~^^^^^^^^^^^^^^^^^^^^^^^^^^^^^^^
  File "/opt/anaconda3/lib/python3.13/subprocess.py", line 577, in run
    raise CalledProcessError(retcode, process.args,
                             output=stdout, stderr=stderr)
subprocess.CalledProcessError: Command '['/Applications/Blender.app/Contents/MacOS/Blender', '--background', '--factory-startup', '--python-exit-code', '1', '--python', '/Users/eason/Desktop/wfcrl/wind farm RL/scripts/blender/render_camera_video.py', '--', '--package', '/Users/eason/Desktop/wfcrl/wind farm RL/blender_frontend/wfrl_blender/assets/mappo', '--output', '/Users/eason/Desktop/wfcrl/wind farm RL/results/camera-video/t1-single-4k-20fps-20260919', '--turbine', 'T1', '--fps', '20', '--width', '3840', '--height', '2160', '--samples', '16', '--exposure-samples', '2', '--device', 'cpu', '--engine', 'eevee', '--scene-scope', 'single', '--exr-codec', 'ZIP', '--exposure-s', '0.001']' died with <Signals.SIGTERM: 15>.
Traceback (most recent call last):
  File "/Users/eason/Desktop/wfcrl/wind farm RL/evidence/single-camera-20260919/full_job.py", line 30, in <module>
    if __name__=='__main__':main()
                            ~~~~^^
  File "/Users/eason/Desktop/wfcrl/wind farm RL/evidence/single-camera-20260919/full_job.py", line 19, in main
    subprocess.run(command,cwd=ROOT,check=True)
    ~~~~~~~~~~~~~~^^^^^^^^^^^^^^^^^^^^^^^^^^^^^
  File "/opt/anaconda3/lib/python3.13/subprocess.py", line 577, in run
    raise CalledProcessError(retcode, process.args,
                             output=stdout, stderr=stderr)
subprocess.CalledProcessError: Command '['/tmp/wfrl-tip-preview-venv/bin/python', '/Users/eason/Desktop/wfcrl/wind farm RL/scripts/camera_video.py', 'build', '--output', '/Users/eason/Desktop/wfcrl/wind farm RL/results/camera-video/t1-single-4k-20fps-20260919', '--resolution', '4k', '--fps', '20', '--engine', 'eevee', '--scene-scope', 'single', '--samples', '16', '--exposure-samples', '2', '--exr-codec', 'ZIP']' returned non-zero exit status 1.
