00:07.457  render           | Saved: '/Users/eason/Desktop/wfcrl/wind farm RL/evidence/single-camera-20260919/t1-short-4k/.exposure_sample.exr'
00:08.278  render           | Saved: '/Users/eason/Desktop/wfcrl/wind farm RL/evidence/single-camera-20260919/t1-short-4k/.exposure_sample.exr'
CAMERA_VIDEO_FRAME 1/20 /Users/eason/Desktop/wfcrl/wind farm RL/evidence/single-camera-20260919/t1-short-4k/master_frames/000000.png
00:10.290  render           | Saved: '/Users/eason/Desktop/wfcrl/wind farm RL/evidence/single-camera-20260919/t1-short-4k/.exposure_sample.exr'
00:11.045  render           | Saved: '/Users/eason/Desktop/wfcrl/wind farm RL/evidence/single-camera-20260919/t1-short-4k/.exposure_sample.exr'
CAMERA_VIDEO_FRAME 2/20 /Users/eason/Desktop/wfcrl/wind farm RL/evidence/single-camera-20260919/t1-short-4k/master_frames/000001.png
00:12.970  render           | Saved: '/Users/eason/Desktop/wfcrl/wind farm RL/evidence/single-camera-20260919/t1-short-4k/.exposure_sample.exr'
00:13.708  render           | Saved: '/Users/eason/Desktop/wfcrl/wind farm RL/evidence/single-camera-20260919/t1-short-4k/.exposure_sample.exr'
CAMERA_VIDEO_FRAME 3/20 /Users/eason/Desktop/wfcrl/wind farm RL/evidence/single-camera-20260919/t1-short-4k/master_frames/000002.png
00:15.619  render           | Saved: '/Users/eason/Desktop/wfcrl/wind farm RL/evidence/single-camera-20260919/t1-short-4k/.exposure_sample.exr'
00:16.352  render           | Saved: '/Users/eason/Desktop/wfcrl/wind farm RL/evidence/single-camera-20260919/t1-short-4k/.exposure_sample.exr'
CAMERA_VIDEO_FRAME 4/20 /Users/eason/Desktop/wfcrl/wind farm RL/evidence/single-camera-20260919/t1-short-4k/master_frames/000003.png
00:18.260  render           | Saved: '/Users/eason/Desktop/wfcrl/wind farm RL/evidence/single-camera-20260919/t1-short-4k/.exposure_sample.exr'
00:19.003  render           | Saved: '/Users/eason/Desktop/wfcrl/wind farm RL/evidence/single-camera-20260919/t1-short-4k/.exposure_sample.exr'
CAMERA_VIDEO_FRAME 5/20 /Users/eason/Desktop/wfcrl/wind farm RL/evidence/single-camera-20260919/t1-short-4k/master_frames/000004.png
00:20.926  render           | Saved: '/Users/eason/Desktop/wfcrl/wind farm RL/evidence/single-camera-20260919/t1-short-4k/.exposure_sample.exr'
00:21.663  render           | Saved: '/Users/eason/Desktop/wfcrl/wind farm RL/evidence/single-camera-20260919/t1-short-4k/.exposure_sample.exr'
CAMERA_VIDEO_FRAME 6/20 /Users/eason/Desktop/wfcrl/wind farm RL/evidence/single-camera-20260919/t1-short-4k/master_frames/000005.png
00:23.576  render           | Saved: '/Users/eason/Desktop/wfcrl/wind farm RL/evidence/single-camera-20260919/t1-short-4k/.exposure_sample.exr'
00:24.304  render           | Saved: '/Users/eason/Desktop/wfcrl/wind farm RL/evidence/single-camera-20260919/t1-short-4k/.exposure_sample.exr'
CAMERA_VIDEO_FRAME 7/20 /Users/eason/Desktop/wfcrl/wind farm RL/evidence/single-camera-20260919/t1-short-4k/master_frames/000006.png
00:26.217  render           | Saved: '/Users/eason/Desktop/wfcrl/wind farm RL/evidence/single-camera-20260919/t1-short-4k/.exposure_sample.exr'
00:26.948  render           | Saved: '/Users/eason/Desktop/wfcrl/wind farm RL/evidence/single-camera-20260919/t1-short-4k/.exposure_sample.exr'
CAMERA_VIDEO_FRAME 8/20 /Users/eason/Desktop/wfcrl/wind farm RL/evidence/single-camera-20260919/t1-short-4k/master_frames/000007.png
00:28.858  render           | Saved: '/Users/eason/Desktop/wfcrl/wind farm RL/evidence/single-camera-20260919/t1-short-4k/.exposure_sample.exr'
00:29.587  render           | Saved: '/Users/eason/Desktop/wfcrl/wind farm RL/evidence/single-camera-20260919/t1-short-4k/.exposure_sample.exr'
CAMERA_VIDEO_FRAME 9/20 /Users/eason/Desktop/wfcrl/wind farm RL/evidence/single-camera-20260919/t1-short-4k/master_frames/000008.png
00:31.517  render           | Saved: '/Users/eason/Desktop/wfcrl/wind farm RL/evidence/single-camera-20260919/t1-short-4k/.exposure_sample.exr'
00:32.250  render           | Saved: '/Users/eason/Desktop/wfcrl/wind farm RL/evidence/single-camera-20260919/t1-short-4k/.exposure_sample.exr'
CAMERA_VIDEO_FRAME 10/20 /Users/eason/Desktop/wfcrl/wind farm RL/evidence/single-camera-20260919/t1-short-4k/master_frames/000009.png
00:34.193  render           | Saved: '/Users/eason/Desktop/wfcrl/wind farm RL/evidence/single-camera-20260919/t1-short-4k/.exposure_sample.exr'
00:34.932  render           | Saved: '/Users/eason/Desktop/wfcrl/wind farm RL/evidence/single-camera-20260919/t1-short-4k/.exposure_sample.exr'
CAMERA_VIDEO_FRAME 11/20 /Users/eason/Desktop/wfcrl/wind farm RL/evidence/single-camera-20260919/t1-short-4k/master_frames/000010.png
00:36.908  render           | Saved: '/Users/eason/Desktop/wfcrl/wind farm RL/evidence/single-camera-20260919/t1-short-4k/.exposure_sample.exr'
00:37.642  render           | Saved: '/Users/eason/Desktop/wfcrl/wind farm RL/evidence/single-camera-20260919/t1-short-4k/.exposure_sample.exr'
CAMERA_VIDEO_FRAME 12/20 /Users/eason/Desktop/wfcrl/wind farm RL/evidence/single-camera-20260919/t1-short-4k/master_frames/000011.png
00:39.609  render           | Saved: '/Users/eason/Desktop/wfcrl/wind farm RL/evidence/single-camera-20260919/t1-short-4k/.exposure_sample.exr'
00:40.345  render           | Saved: '/Users/eason/Desktop/wfcrl/wind farm RL/evidence/single-camera-20260919/t1-short-4k/.exposure_sample.exr'
CAMERA_VIDEO_FRAME 13/20 /Users/eason/Desktop/wfcrl/wind farm RL/evidence/single-camera-20260919/t1-short-4k/master_frames/000012.png
00:42.316  render           | Saved: '/Users/eason/Desktop/wfcrl/wind farm RL/evidence/single-camera-20260919/t1-short-4k/.exposure_sample.exr'
00:43.052  render           | Saved: '/Users/eason/Desktop/wfcrl/wind farm RL/evidence/single-camera-20260919/t1-short-4k/.exposure_sample.exr'
CAMERA_VIDEO_FRAME 14/20 /Users/eason/Desktop/wfcrl/wind farm RL/evidence/single-camera-20260919/t1-short-4k/master_frames/000013.png
00:45.012  render           | Saved: '/Users/eason/Desktop/wfcrl/wind farm RL/evidence/single-camera-20260919/t1-short-4k/.exposure_sample.exr'
00:45.747  render           | Saved: '/Users/eason/Desktop/wfcrl/wind farm RL/evidence/single-camera-20260919/t1-short-4k/.exposure_sample.exr'
CAMERA_VIDEO_FRAME 15/20 /Users/eason/Desktop/wfcrl/wind farm RL/evidence/single-camera-20260919/t1-short-4k/master_frames/000014.png
00:47.705  render           | Saved: '/Users/eason/Desktop/wfcrl/wind farm RL/evidence/single-camera-20260919/t1-short-4k/.exposure_sample.exr'
00:48.444  render           | Saved: '/Users/eason/Desktop/wfcrl/wind farm RL/evidence/single-camera-20260919/t1-short-4k/.exposure_sample.exr'
CAMERA_VIDEO_FRAME 16/20 /Users/eason/Desktop/wfcrl/wind farm RL/evidence/single-camera-20260919/t1-short-4k/master_frames/000015.png
00:50.412  render           | Saved: '/Users/eason/Desktop/wfcrl/wind farm RL/evidence/single-camera-20260919/t1-short-4k/.exposure_sample.exr'
00:51.158  render           | Saved: '/Users/eason/Desktop/wfcrl/wind farm RL/evidence/single-camera-20260919/t1-short-4k/.exposure_sample.exr'
CAMERA_VIDEO_FRAME 17/20 /Users/eason/Desktop/wfcrl/wind farm RL/evidence/single-camera-20260919/t1-short-4k/master_frames/000016.png
00:53.123  render           | Saved: '/Users/eason/Desktop/wfcrl/wind farm RL/evidence/single-camera-20260919/t1-short-4k/.exposure_sample.exr'
00:53.863  render           | Saved: '/Users/eason/Desktop/wfcrl/wind farm RL/evidence/single-camera-20260919/t1-short-4k/.exposure_sample.exr'
CAMERA_VIDEO_FRAME 18/20 /Users/eason/Desktop/wfcrl/wind farm RL/evidence/single-camera-20260919/t1-short-4k/master_frames/000017.png
00:55.827  render           | Saved: '/Users/eason/Desktop/wfcrl/wind farm RL/evidence/single-camera-20260919/t1-short-4k/.exposure_sample.exr'
00:56.561  render           | Saved: '/Users/eason/Desktop/wfcrl/wind farm RL/evidence/single-camera-20260919/t1-short-4k/.exposure_sample.exr'
CAMERA_VIDEO_FRAME 19/20 /Users/eason/Desktop/wfcrl/wind farm RL/evidence/single-camera-20260919/t1-short-4k/master_frames/000018.png
00:58.536  render           | Saved: '/Users/eason/Desktop/wfcrl/wind farm RL/evidence/single-camera-20260919/t1-short-4k/.exposure_sample.exr'
00:59.270  render           | Saved: '/Users/eason/Desktop/wfcrl/wind farm RL/evidence/single-camera-20260919/t1-short-4k/.exposure_sample.exr'
CAMERA_VIDEO_FRAME 20/20 /Users/eason/Desktop/wfcrl/wind farm RL/evidence/single-camera-20260919/t1-short-4k/master_frames/000019.png
CAMERA_VIDEO_RENDER {"status": "complete", "expected_frames": 20, "verified_frames": 20, "rendered_this_run": 20, "wall_seconds": 54.18401012499817, "preparation_seconds": 5.631537624867633, "config_sha256": "ef879bb21966cf02fd315cd65bee313fd8073df535806b99e6a09bd66d9b28f0", "source_status": "REVIEW_ONLY", "output": "/Users/eason/Desktop/wfcrl/wind farm RL/evidence/single-camera-20260919/t1-short-4k"}
Blender 5.2.1 LTS (hash 9e2066aef7ef built 2026-08-25 01:35:57)

Blender quit
Error: Not freed memory blocks: 350, total unfreed memory 0.025940 MB
{
  "directory": "/Users/eason/Desktop/wfcrl/wind farm RL/evidence/single-camera-20260919/t1-short-4k",
  "dataset_id": "0749d9bae79bedcab60f30bf70d4e4e4bb6e07b6a3b738a035917aeee92a9d96",
  "frame_count": 20,
  "status": "REVIEW_ONLY"
}
