{
  "status": "passed",
  "package": {
    "valid": true,
    "dataset_id": "0749d9bae79bedcab60f30bf70d4e4e4bb6e07b6a3b738a035917aeee92a9d96",
    "frame_count": 20,
    "fps": 20,
    "width": 3840,
    "height": 2160,
    "status": "REVIEW_ONLY"
  },
  "scope": "one local 4K TCP client, actual single-turbine camera video",
  "mediamtx_sha256": "1dd97c44ed783cfc6d7fb28a8db327cbe5f37808d4e09dd4c78c4c6bc668fa11",
  "mediamtx_version": "1.21.0",
  "stream_source_sha256": "c7dd8c7e085279ac5506ecf2a53066993da9d087d2432c7a96dfcd62cc5f3cab",
  "batches": [
    {
      "decoded_frames": 40,
      "width": 3840,
      "height": 2160,
      "cycles": [
        2,
        3
      ],
      "session_id": "509ba708-3674-429c-9c94-3e4b51569627",
      "every_label_matches_csv": true
    },
    {
      "decoded_frames": 40,
      "width": 3840,
      "height": 2160,
      "cycles": [
        5,
        6
      ],
      "session_id": "509ba708-3674-429c-9c94-3e4b51569627",
      "every_label_matches_csv": true
    }
  ],
  "matched_decoded_frames": 80,
  "reconnection": true,
  "cycle_boundary": true,
  "errors": [],
  "session_logs": [
    "/Users/eason/Desktop/wfcrl/wind farm RL/evidence/single-camera-20260919/t1-short-4k/stream/509ba708-3674-429c-9c94-3e4b51569627.jsonl"
  ]
}
