{
  "status": "failed",
  "package": {
    "valid": true,
    "dataset_id": "0f1648750b7a20f7c473ee67ca2b8aeae77dafe4493d8f38838066cace26e852",
    "frame_count": 100,
    "fps": 20,
    "duration_s": 5.0,
    "source_repeat_count": 5,
    "width": 3840,
    "height": 2160,
    "exact_encoded_repetition": true,
    "status": "REVIEW_ONLY"
  },
  "scope": "30-minute local 4K soak using five-second repeated camera sample; separate from final 300-second-file acceptance",
  "mediamtx_sha256": "1dd97c44ed783cfc6d7fb28a8db327cbe5f37808d4e09dd4c78c4c6bc668fa11",
  "mediamtx_version": "1.21.0",
  "stream_source_sha256": "c7dd8c7e085279ac5506ecf2a53066993da9d087d2432c7a96dfcd62cc5f3cab",
  "errors": [
    "Traceback (most recent call last):\n  File \"/Users/eason/Desktop/wfcrl/wind farm RL/evidence/single-camera-20260919/soak_rtsp.py\", line 73, in main\n    assert all(b['media_timestamp'] - a['media_timestamp'] == 4500 for a, b in zip(records, records[1:]))\n           ~~~^^^^^^^^^^^^^^^^^^^^^^^^^^^^^^^^^^^^^^^^^^^^^^^^^^^^^^^^^^^^^^^^^^^^^^^^^^^^^^^^^^^^^^^^^^^\nAssertionError\n"
  ],
  "session_logs": [
    "/Users/eason/Desktop/wfcrl/wind farm RL/evidence/single-camera-20260919/loop-short-check/stream/fca77b3e-2d5b-4882-80f1-156df3349b0e.jsonl"
  ],
  "elapsed_seconds": 1817.1105604169425
}
Traceback (most recent call last):
  File "/Users/eason/Desktop/wfcrl/wind farm RL/evidence/single-camera-20260919/soak_rtsp.py", line 108, in <module>
    main()
    ~~~~^^
  File "/Users/eason/Desktop/wfcrl/wind farm RL/evidence/single-camera-20260919/soak_rtsp.py", line 73, in main
    assert all(b['media_timestamp'] - a['media_timestamp'] == 4500 for a, b in zip(records, records[1:]))
           ~~~^^^^^^^^^^^^^^^^^^^^^^^^^^^^^^^^^^^^^^^^^^^^^^^^^^^^^^^^^^^^^^^^^^^^^^^^^^^^^^^^^^^^^^^^^^^
AssertionError
